HEAP DUMP BEGIN (1968 objects, 376904 bytes) Tue Jun  7 10:32:48 2016
ROOT 0 (kind=<thread>, id=200000, trace=300000)
ROOT 500007b1 (kind=<thread>, id=200003, trace=300000)
ROOT 500007b1 (kind=<thread block>, thread=200003)
ROOT 500007b1 (kind=<JNI local ref>, thread=200000, frame=0)
ROOT 500007b2 (kind=<thread>, id=200004, trace=300000)
ROOT 500007b2 (kind=<thread block>, thread=200004)
ROOT 500007b3 (kind=<thread>, id=200005, trace=300000)
ROOT 500007b3 (kind=<thread block>, thread=200005)
ROOT 500007b4 (kind=<Java stack>, thread=200000, frame=1)
ROOT 500007b5 (kind=<Java stack>, thread=200000, frame=1)
ROOT 500007b4 (kind=<Java stack>, thread=200000, frame=2)
ROOT 500007b3 (kind=<Java stack>, thread=200000, frame=3)
ROOT 500007b6 (kind=<Java stack>, thread=200000, frame=3)
ROOT 500007b7 (kind=<thread>, id=200006, trace=300000)
ROOT 500007b7 (kind=<thread block>, thread=200006)
ROOT 500007b8 (kind=<Java stack>, thread=200000, frame=1)
ROOT 500007b7 (kind=<Java stack>, thread=200000, frame=2)
ROOT 500007b8 (kind=<Java stack>, thread=200000, frame=2)
ROOT 500007b9 (kind=<thread>, id=200007, trace=300000)
ROOT 500007b9 (kind=<thread block>, thread=200007)
ROOT 500007ad (kind=<Java stack>, thread=200000, frame=1)
ROOT 500007a9 (kind=<Java stack>, thread=200000, frame=2)
ROOT 500007ba (kind=<Java stack>, thread=200000, frame=3)
ROOT 500002e9 (kind=<Java stack>, thread=200000, frame=5)
ROOT 500007bb (kind=<Java stack>, thread=200000, frame=5)
ROOT 500002ea (kind=<Java stack>, thread=200000, frame=5)
ROOT 500001bc (kind=<Java stack>, thread=200000, frame=6)
ROOT 500001bc (kind=<Java stack>, thread=200000, frame=6)
ROOT 500002e9 (kind=<Java stack>, thread=200000, frame=6)
ROOT 500007bc (kind=<JNI global ref>, id=1, trace=300000)
ROOT 5000016f (kind=<JNI global ref>, id=2, trace=300000)
ROOT 50000001 (kind=<JNI global ref>, id=3, trace=300000)
ROOT 50000173 (kind=<JNI global ref>, id=4, trace=300000)
ROOT 50000002 (kind=<JNI global ref>, id=5, trace=300000)
ROOT 50000003 (kind=<JNI global ref>, id=6, trace=300000)
ROOT 5000000f (kind=<JNI global ref>, id=7, trace=300000)
ROOT 50000004 (kind=<JNI global ref>, id=8, trace=300000)
ROOT 50000005 (kind=<JNI global ref>, id=9, trace=300000)
ROOT 500000c2 (kind=<JNI global ref>, id=a, trace=300000)
ROOT 50000006 (kind=<JNI global ref>, id=b, trace=300000)
ROOT 50000007 (kind=<JNI global ref>, id=c, trace=300000)
ROOT 50000008 (kind=<JNI global ref>, id=d, trace=300000)
ROOT 50000009 (kind=<JNI global ref>, id=e, trace=300000)
ROOT 5000000a (kind=<JNI global ref>, id=f, trace=300000)
ROOT 5000000b (kind=<JNI global ref>, id=10, trace=300000)
ROOT 5000000c (kind=<JNI global ref>, id=11, trace=300000)
ROOT 5000000d (kind=<JNI global ref>, id=12, trace=300000)
ROOT 5000000e (kind=<JNI global ref>, id=13, trace=300000)
ROOT 50000010 (kind=<JNI global ref>, id=14, trace=300000)
ROOT 50000011 (kind=<JNI global ref>, id=15, trace=300000)
ROOT 50000012 (kind=<JNI global ref>, id=16, trace=300000)
ROOT 50000013 (kind=<JNI global ref>, id=17, trace=300000)
ROOT 50000014 (kind=<JNI global ref>, id=18, trace=300000)
ROOT 50000015 (kind=<JNI global ref>, id=19, trace=300000)
ROOT 50000153 (kind=<JNI global ref>, id=1a, trace=300000)
ROOT 50000016 (kind=<JNI global ref>, id=1b, trace=300000)
ROOT 50000017 (kind=<JNI global ref>, id=1c, trace=300000)
ROOT 5000002a (kind=<JNI global ref>, id=1d, trace=300000)
ROOT 50000018 (kind=<JNI global ref>, id=1e, trace=300000)
ROOT 50000019 (kind=<JNI global ref>, id=1f, trace=300000)
ROOT 5000001c (kind=<JNI global ref>, id=20, trace=300000)
ROOT 5000001a (kind=<JNI global ref>, id=21, trace=300000)
ROOT 5000001b (kind=<JNI global ref>, id=22, trace=300000)
ROOT 5000001d (kind=<JNI global ref>, id=23, trace=300000)
ROOT 5000001e (kind=<JNI global ref>, id=24, trace=300000)
ROOT 5000001f (kind=<JNI global ref>, id=25, trace=300000)
ROOT 50000020 (kind=<JNI global ref>, id=26, trace=300000)
ROOT 50000021 (kind=<JNI global ref>, id=27, trace=300000)
ROOT 50000022 (kind=<JNI global ref>, id=28, trace=300000)
ROOT 50000023 (kind=<JNI global ref>, id=29, trace=300000)
ROOT 50000024 (kind=<JNI global ref>, id=2a, trace=300000)
ROOT 50000025 (kind=<JNI global ref>, id=2b, trace=300000)
ROOT 50000026 (kind=<JNI global ref>, id=2c, trace=300000)
ROOT 50000027 (kind=<JNI global ref>, id=2d, trace=300000)
ROOT 500000ce (kind=<JNI global ref>, id=2e, trace=300000)
ROOT 50000028 (kind=<JNI global ref>, id=2f, trace=300000)
ROOT 50000029 (kind=<JNI global ref>, id=30, trace=300000)
ROOT 5000002b (kind=<JNI global ref>, id=31, trace=300000)
ROOT 5000002c (kind=<JNI global ref>, id=32, trace=300000)
ROOT 5000002d (kind=<JNI global ref>, id=33, trace=300000)
ROOT 5000002e (kind=<JNI global ref>, id=34, trace=300000)
ROOT 5000002f (kind=<JNI global ref>, id=35, trace=300000)
ROOT 50000059 (kind=<JNI global ref>, id=36, trace=300000)
ROOT 50000030 (kind=<JNI global ref>, id=37, trace=300000)
ROOT 50000031 (kind=<JNI global ref>, id=38, trace=300000)
ROOT 50000033 (kind=<JNI global ref>, id=39, trace=300000)
ROOT 50000032 (kind=<JNI global ref>, id=3a, trace=300000)
ROOT 50000034 (kind=<JNI global ref>, id=3b, trace=300000)
ROOT 50000035 (kind=<JNI global ref>, id=3c, trace=300000)
ROOT 50000036 (kind=<JNI global ref>, id=3d, trace=300000)
ROOT 50000114 (kind=<JNI global ref>, id=3e, trace=300000)
ROOT 50000037 (kind=<JNI global ref>, id=3f, trace=300000)
ROOT 5000003b (kind=<JNI global ref>, id=40, trace=300000)
ROOT 50000038 (kind=<JNI global ref>, id=41, trace=300000)
ROOT 50000039 (kind=<JNI global ref>, id=42, trace=300000)
ROOT 5000003a (kind=<JNI global ref>, id=43, trace=300000)
ROOT 5000003c (kind=<JNI global ref>, id=44, trace=300000)
ROOT 5000003d (kind=<JNI global ref>, id=45, trace=300000)
ROOT 5000003e (kind=<JNI global ref>, id=46, trace=300000)
ROOT 5000003f (kind=<JNI global ref>, id=47, trace=300000)
ROOT 50000040 (kind=<JNI global ref>, id=48, trace=300000)
ROOT 50000041 (kind=<JNI global ref>, id=49, trace=300000)
ROOT 50000042 (kind=<JNI global ref>, id=4a, trace=300000)
ROOT 50000043 (kind=<JNI global ref>, id=4b, trace=300000)
ROOT 50000044 (kind=<JNI global ref>, id=4c, trace=300000)
ROOT 50000045 (kind=<JNI global ref>, id=4d, trace=300000)
ROOT 50000046 (kind=<JNI global ref>, id=4e, trace=300000)
ROOT 50000152 (kind=<JNI global ref>, id=4f, trace=300000)
ROOT 50000047 (kind=<JNI global ref>, id=50, trace=300000)
ROOT 50000048 (kind=<JNI global ref>, id=51, trace=300000)
ROOT 50000049 (kind=<JNI global ref>, id=52, trace=300000)
ROOT 5000004a (kind=<JNI global ref>, id=53, trace=300000)
ROOT 5000004b (kind=<JNI global ref>, id=54, trace=300000)
ROOT 5000004c (kind=<JNI global ref>, id=55, trace=300000)
ROOT 5000004d (kind=<JNI global ref>, id=56, trace=300000)
ROOT 50000163 (kind=<JNI global ref>, id=57, trace=300000)
ROOT 5000004e (kind=<JNI global ref>, id=58, trace=300000)
ROOT 5000004f (kind=<JNI global ref>, id=59, trace=300000)
ROOT 50000050 (kind=<JNI global ref>, id=5a, trace=300000)
ROOT 50000051 (kind=<JNI global ref>, id=5b, trace=300000)
ROOT 50000052 (kind=<JNI global ref>, id=5c, trace=300000)
ROOT 50000053 (kind=<JNI global ref>, id=5d, trace=300000)
ROOT 50000054 (kind=<JNI global ref>, id=5e, trace=300000)
ROOT 50000055 (kind=<JNI global ref>, id=5f, trace=300000)
ROOT 50000056 (kind=<JNI global ref>, id=60, trace=300000)
ROOT 50000057 (kind=<JNI global ref>, id=61, trace=300000)
ROOT 50000058 (kind=<JNI global ref>, id=62, trace=300000)
ROOT 500000b9 (kind=<JNI global ref>, id=63, trace=300000)
ROOT 5000005a (kind=<JNI global ref>, id=64, trace=300000)
ROOT 5000005b (kind=<JNI global ref>, id=65, trace=300000)
ROOT 5000005c (kind=<JNI global ref>, id=66, trace=300000)
ROOT 5000005d (kind=<JNI global ref>, id=67, trace=300000)
ROOT 5000005e (kind=<JNI global ref>, id=68, trace=300000)
ROOT 5000005f (kind=<JNI global ref>, id=69, trace=300000)
ROOT 50000060 (kind=<JNI global ref>, id=6a, trace=300000)
ROOT 50000061 (kind=<JNI global ref>, id=6b, trace=300000)
ROOT 50000062 (kind=<JNI global ref>, id=6c, trace=300000)
ROOT 50000063 (kind=<JNI global ref>, id=6d, trace=300000)
ROOT 50000064 (kind=<JNI global ref>, id=6e, trace=300000)
ROOT 50000065 (kind=<JNI global ref>, id=6f, trace=300000)
ROOT 500000ba (kind=<JNI global ref>, id=70, trace=300000)
ROOT 50000066 (kind=<JNI global ref>, id=71, trace=300000)
ROOT 50000067 (kind=<JNI global ref>, id=72, trace=300000)
ROOT 50000068 (kind=<JNI global ref>, id=73, trace=300000)
ROOT 50000069 (kind=<JNI global ref>, id=74, trace=300000)
ROOT 5000006a (kind=<JNI global ref>, id=75, trace=300000)
ROOT 50000077 (kind=<JNI global ref>, id=76, trace=300000)
ROOT 5000006b (kind=<JNI global ref>, id=77, trace=300000)
ROOT 5000006c (kind=<JNI global ref>, id=78, trace=300000)
ROOT 5000006d (kind=<JNI global ref>, id=79, trace=300000)
ROOT 5000006e (kind=<JNI global ref>, id=7a, trace=300000)
ROOT 5000006f (kind=<JNI global ref>, id=7b, trace=300000)
ROOT 50000070 (kind=<JNI global ref>, id=7c, trace=300000)
ROOT 50000071 (kind=<JNI global ref>, id=7d, trace=300000)
ROOT 50000072 (kind=<JNI global ref>, id=7e, trace=300000)
ROOT 50000073 (kind=<JNI global ref>, id=7f, trace=300000)
ROOT 50000074 (kind=<JNI global ref>, id=80, trace=300000)
ROOT 50000075 (kind=<JNI global ref>, id=81, trace=300000)
ROOT 50000076 (kind=<JNI global ref>, id=82, trace=300000)
ROOT 50000078 (kind=<JNI global ref>, id=83, trace=300000)
ROOT 5000007a (kind=<JNI global ref>, id=84, trace=300000)
ROOT 50000079 (kind=<JNI global ref>, id=85, trace=300000)
ROOT 50000083 (kind=<JNI global ref>, id=86, trace=300000)
ROOT 5000007b (kind=<JNI global ref>, id=87, trace=300000)
ROOT 5000007c (kind=<JNI global ref>, id=88, trace=300000)
ROOT 5000007d (kind=<JNI global ref>, id=89, trace=300000)
ROOT 5000007e (kind=<JNI global ref>, id=8a, trace=300000)
ROOT 5000007f (kind=<JNI global ref>, id=8b, trace=300000)
ROOT 50000080 (kind=<JNI global ref>, id=8c, trace=300000)
ROOT 50000081 (kind=<JNI global ref>, id=8d, trace=300000)
ROOT 5000011f (kind=<JNI global ref>, id=8e, trace=300000)
ROOT 50000082 (kind=<JNI global ref>, id=8f, trace=300000)
ROOT 50000084 (kind=<JNI global ref>, id=90, trace=300000)
ROOT 50000085 (kind=<JNI global ref>, id=91, trace=300000)
ROOT 50000086 (kind=<JNI global ref>, id=92, trace=300000)
ROOT 50000087 (kind=<JNI global ref>, id=93, trace=300000)
ROOT 50000088 (kind=<JNI global ref>, id=94, trace=300000)
ROOT 50000089 (kind=<JNI global ref>, id=95, trace=300000)
ROOT 5000008a (kind=<JNI global ref>, id=96, trace=300000)
ROOT 5000008b (kind=<JNI global ref>, id=97, trace=300000)
ROOT 5000008c (kind=<JNI global ref>, id=98, trace=300000)
ROOT 5000008d (kind=<JNI global ref>, id=99, trace=300000)
ROOT 5000008e (kind=<JNI global ref>, id=9a, trace=300000)
ROOT 5000008f (kind=<JNI global ref>, id=9b, trace=300000)
ROOT 50000090 (kind=<JNI global ref>, id=9c, trace=300000)
ROOT 50000091 (kind=<JNI global ref>, id=9d, trace=300000)
ROOT 50000092 (kind=<JNI global ref>, id=9e, trace=300000)
ROOT 50000093 (kind=<JNI global ref>, id=9f, trace=300000)
ROOT 50000094 (kind=<JNI global ref>, id=a0, trace=300000)
ROOT 50000095 (kind=<JNI global ref>, id=a1, trace=300000)
ROOT 50000096 (kind=<JNI global ref>, id=a2, trace=300000)
ROOT 50000097 (kind=<JNI global ref>, id=a3, trace=300000)
ROOT 50000098 (kind=<JNI global ref>, id=a4, trace=300000)
ROOT 50000099 (kind=<JNI global ref>, id=a5, trace=300000)
ROOT 5000009a (kind=<JNI global ref>, id=a6, trace=300000)
ROOT 5000009b (kind=<JNI global ref>, id=a7, trace=300000)
ROOT 5000009c (kind=<JNI global ref>, id=a8, trace=300000)
ROOT 5000009d (kind=<JNI global ref>, id=a9, trace=300000)
ROOT 5000009e (kind=<JNI global ref>, id=aa, trace=300000)
ROOT 5000013a (kind=<JNI global ref>, id=ab, trace=300000)
ROOT 5000009f (kind=<JNI global ref>, id=ac, trace=300000)
ROOT 500000a0 (kind=<JNI global ref>, id=ad, trace=300000)
ROOT 500000a1 (kind=<JNI global ref>, id=ae, trace=300000)
ROOT 500000a2 (kind=<JNI global ref>, id=af, trace=300000)
ROOT 500000a3 (kind=<JNI global ref>, id=b0, trace=300000)
ROOT 500000a4 (kind=<JNI global ref>, id=b1, trace=300000)
ROOT 500000a5 (kind=<JNI global ref>, id=b2, trace=300000)
ROOT 500000d4 (kind=<JNI global ref>, id=b3, trace=300000)
ROOT 500000a6 (kind=<JNI global ref>, id=b4, trace=300000)
ROOT 500000a7 (kind=<JNI global ref>, id=b5, trace=300000)
ROOT 500000a8 (kind=<JNI global ref>, id=b6, trace=300000)
ROOT 500000a9 (kind=<JNI global ref>, id=b7, trace=300000)
ROOT 500000aa (kind=<JNI global ref>, id=b8, trace=300000)
ROOT 500000ab (kind=<JNI global ref>, id=b9, trace=300000)
ROOT 500000ac (kind=<JNI global ref>, id=ba, trace=300000)
ROOT 500000ad (kind=<JNI global ref>, id=bb, trace=300000)
ROOT 500000ae (kind=<JNI global ref>, id=bc, trace=300000)
ROOT 500000af (kind=<JNI global ref>, id=bd, trace=300000)
ROOT 500000b0 (kind=<JNI global ref>, id=be, trace=300000)
ROOT 500000b1 (kind=<JNI global ref>, id=bf, trace=300000)
ROOT 500000b2 (kind=<JNI global ref>, id=c0, trace=300000)
ROOT 500000b3 (kind=<JNI global ref>, id=c1, trace=300000)
ROOT 500000b4 (kind=<JNI global ref>, id=c2, trace=300000)
ROOT 500000b5 (kind=<JNI global ref>, id=c3, trace=300000)
ROOT 500000b6 (kind=<JNI global ref>, id=c4, trace=300000)
ROOT 500000b7 (kind=<JNI global ref>, id=c5, trace=300000)
ROOT 500000b8 (kind=<JNI global ref>, id=c6, trace=300000)
ROOT 500000bb (kind=<JNI global ref>, id=c7, trace=300000)
ROOT 500000bc (kind=<JNI global ref>, id=c8, trace=300000)
ROOT 500000bd (kind=<JNI global ref>, id=c9, trace=300000)
ROOT 500000be (kind=<JNI global ref>, id=ca, trace=300000)
ROOT 500000bf (kind=<JNI global ref>, id=cb, trace=300000)
ROOT 500000c0 (kind=<JNI global ref>, id=cc, trace=300000)
ROOT 500000e6 (kind=<JNI global ref>, id=cd, trace=300000)
ROOT 500000c1 (kind=<JNI global ref>, id=ce, trace=300000)
ROOT 500000e7 (kind=<JNI global ref>, id=cf, trace=300000)
ROOT 500000c3 (kind=<JNI global ref>, id=d0, trace=300000)
ROOT 500000c4 (kind=<JNI global ref>, id=d1, trace=300000)
ROOT 500000c5 (kind=<JNI global ref>, id=d2, trace=300000)
ROOT 500000c6 (kind=<JNI global ref>, id=d3, trace=300000)
ROOT 500000c7 (kind=<JNI global ref>, id=d4, trace=300000)
ROOT 5000015c (kind=<JNI global ref>, id=d5, trace=300000)
ROOT 500000c8 (kind=<JNI global ref>, id=d6, trace=300000)
ROOT 50000111 (kind=<JNI global ref>, id=d7, trace=300000)
ROOT 500000c9 (kind=<JNI global ref>, id=d8, trace=300000)
ROOT 500000ca (kind=<JNI global ref>, id=d9, trace=300000)
ROOT 500000cd (kind=<JNI global ref>, id=da, trace=300000)
ROOT 500000cb (kind=<JNI global ref>, id=db, trace=300000)
ROOT 500000cc (kind=<JNI global ref>, id=dc, trace=300000)
ROOT 500000cf (kind=<JNI global ref>, id=dd, trace=300000)
ROOT 500000d0 (kind=<JNI global ref>, id=de, trace=300000)
ROOT 500000d1 (kind=<JNI global ref>, id=df, trace=300000)
ROOT 500000d2 (kind=<JNI global ref>, id=e0, trace=300000)
ROOT 500000d3 (kind=<JNI global ref>, id=e1, trace=300000)
ROOT 500000d5 (kind=<JNI global ref>, id=e2, trace=300000)
ROOT 500000d6 (kind=<JNI global ref>, id=e3, trace=300000)
ROOT 500000d7 (kind=<JNI global ref>, id=e4, trace=300000)
ROOT 500000d8 (kind=<JNI global ref>, id=e5, trace=300000)
ROOT 500000d9 (kind=<JNI global ref>, id=e6, trace=300000)
ROOT 500000da (kind=<JNI global ref>, id=e7, trace=300000)
ROOT 500000db (kind=<JNI global ref>, id=e8, trace=300000)
ROOT 5000014c (kind=<JNI global ref>, id=e9, trace=300000)
ROOT 500000dc (kind=<JNI global ref>, id=ea, trace=300000)
ROOT 500000dd (kind=<JNI global ref>, id=eb, trace=300000)
ROOT 500000de (kind=<JNI global ref>, id=ec, trace=300000)
ROOT 500000df (kind=<JNI global ref>, id=ed, trace=300000)
ROOT 500000e0 (kind=<JNI global ref>, id=ee, trace=300000)
ROOT 500000e1 (kind=<JNI global ref>, id=ef, trace=300000)
ROOT 500000e2 (kind=<JNI global ref>, id=f0, trace=300000)
ROOT 500000e3 (kind=<JNI global ref>, id=f1, trace=300000)
ROOT 500000e4 (kind=<JNI global ref>, id=f2, trace=300000)
ROOT 500000e5 (kind=<JNI global ref>, id=f3, trace=300000)
ROOT 500000e8 (kind=<JNI global ref>, id=f4, trace=300000)
ROOT 500000e9 (kind=<JNI global ref>, id=f5, trace=300000)
ROOT 500000ea (kind=<JNI global ref>, id=f6, trace=300000)
ROOT 500000eb (kind=<JNI global ref>, id=f7, trace=300000)
ROOT 500000ec (kind=<JNI global ref>, id=f8, trace=300000)
ROOT 500000ed (kind=<JNI global ref>, id=f9, trace=300000)
ROOT 500000ee (kind=<JNI global ref>, id=fa, trace=300000)
ROOT 500000ef (kind=<JNI global ref>, id=fb, trace=300000)
ROOT 500000f0 (kind=<JNI global ref>, id=fc, trace=300000)
ROOT 500000f3 (kind=<JNI global ref>, id=fd, trace=300000)
ROOT 500000f1 (kind=<JNI global ref>, id=fe, trace=300000)
ROOT 500000f2 (kind=<JNI global ref>, id=ff, trace=300000)
ROOT 500000f4 (kind=<JNI global ref>, id=100, trace=300000)
ROOT 500000f5 (kind=<JNI global ref>, id=101, trace=300000)
ROOT 500000f6 (kind=<JNI global ref>, id=102, trace=300000)
ROOT 500000f7 (kind=<JNI global ref>, id=103, trace=300000)
ROOT 500000f8 (kind=<JNI global ref>, id=104, trace=300000)
ROOT 500000f9 (kind=<JNI global ref>, id=105, trace=300000)
ROOT 500000fa (kind=<JNI global ref>, id=106, trace=300000)
ROOT 500000fb (kind=<JNI global ref>, id=107, trace=300000)
ROOT 500000fc (kind=<JNI global ref>, id=108, trace=300000)
ROOT 500000fd (kind=<JNI global ref>, id=109, trace=300000)
ROOT 500000fe (kind=<JNI global ref>, id=10a, trace=300000)
ROOT 500000ff (kind=<JNI global ref>, id=10b, trace=300000)
ROOT 50000100 (kind=<JNI global ref>, id=10c, trace=300000)
ROOT 50000101 (kind=<JNI global ref>, id=10d, trace=300000)
ROOT 50000102 (kind=<JNI global ref>, id=10e, trace=300000)
ROOT 50000103 (kind=<JNI global ref>, id=10f, trace=300000)
ROOT 50000104 (kind=<JNI global ref>, id=110, trace=300000)
ROOT 50000105 (kind=<JNI global ref>, id=111, trace=300000)
ROOT 50000106 (kind=<JNI global ref>, id=112, trace=300000)
ROOT 50000107 (kind=<JNI global ref>, id=113, trace=300000)
ROOT 50000108 (kind=<JNI global ref>, id=114, trace=300000)
ROOT 50000109 (kind=<JNI global ref>, id=115, trace=300000)
ROOT 5000010a (kind=<JNI global ref>, id=116, trace=300000)
ROOT 5000010b (kind=<JNI global ref>, id=117, trace=300000)
ROOT 5000010c (kind=<JNI global ref>, id=118, trace=300000)
ROOT 5000010d (kind=<JNI global ref>, id=119, trace=300000)
ROOT 5000010e (kind=<JNI global ref>, id=11a, trace=300000)
ROOT 5000010f (kind=<JNI global ref>, id=11b, trace=300000)
ROOT 50000110 (kind=<JNI global ref>, id=11c, trace=300000)
ROOT 50000112 (kind=<JNI global ref>, id=11d, trace=300000)
ROOT 50000113 (kind=<JNI global ref>, id=11e, trace=300000)
ROOT 50000115 (kind=<JNI global ref>, id=11f, trace=300000)
ROOT 50000116 (kind=<JNI global ref>, id=120, trace=300000)
ROOT 50000117 (kind=<JNI global ref>, id=121, trace=300000)
ROOT 5000011c (kind=<JNI global ref>, id=122, trace=300000)
ROOT 50000118 (kind=<JNI global ref>, id=123, trace=300000)
ROOT 50000119 (kind=<JNI global ref>, id=124, trace=300000)
ROOT 5000011a (kind=<JNI global ref>, id=125, trace=300000)
ROOT 5000011b (kind=<JNI global ref>, id=126, trace=300000)
ROOT 5000015f (kind=<JNI global ref>, id=127, trace=300000)
ROOT 5000011d (kind=<JNI global ref>, id=128, trace=300000)
ROOT 5000011e (kind=<JNI global ref>, id=129, trace=300000)
ROOT 50000120 (kind=<JNI global ref>, id=12a, trace=300000)
ROOT 50000121 (kind=<JNI global ref>, id=12b, trace=300000)
ROOT 50000122 (kind=<JNI global ref>, id=12c, trace=300000)
ROOT 50000123 (kind=<JNI global ref>, id=12d, trace=300000)
ROOT 50000125 (kind=<JNI global ref>, id=12e, trace=300000)
ROOT 50000124 (kind=<JNI global ref>, id=12f, trace=300000)
ROOT 50000126 (kind=<JNI global ref>, id=130, trace=300000)
ROOT 50000127 (kind=<JNI global ref>, id=131, trace=300000)
ROOT 5000012a (kind=<JNI global ref>, id=132, trace=300000)
ROOT 50000128 (kind=<JNI global ref>, id=133, trace=300000)
ROOT 50000129 (kind=<JNI global ref>, id=134, trace=300000)
ROOT 5000012b (kind=<JNI global ref>, id=135, trace=300000)
ROOT 5000012c (kind=<JNI global ref>, id=136, trace=300000)
ROOT 5000012d (kind=<JNI global ref>, id=137, trace=300000)
ROOT 5000012e (kind=<JNI global ref>, id=138, trace=300000)
ROOT 5000012f (kind=<JNI global ref>, id=139, trace=300000)
ROOT 50000130 (kind=<JNI global ref>, id=13a, trace=300000)
ROOT 50000131 (kind=<JNI global ref>, id=13b, trace=300000)
ROOT 50000132 (kind=<JNI global ref>, id=13c, trace=300000)
ROOT 50000133 (kind=<JNI global ref>, id=13d, trace=300000)
ROOT 50000134 (kind=<JNI global ref>, id=13e, trace=300000)
ROOT 50000135 (kind=<JNI global ref>, id=13f, trace=300000)
ROOT 50000136 (kind=<JNI global ref>, id=140, trace=300000)
ROOT 5000013e (kind=<JNI global ref>, id=141, trace=300000)
ROOT 50000137 (kind=<JNI global ref>, id=142, trace=300000)
ROOT 50000138 (kind=<JNI global ref>, id=143, trace=300000)
ROOT 50000139 (kind=<JNI global ref>, id=144, trace=300000)
ROOT 50000169 (kind=<JNI global ref>, id=145, trace=300000)
ROOT 5000013b (kind=<JNI global ref>, id=146, trace=300000)
ROOT 5000013c (kind=<JNI global ref>, id=147, trace=300000)
ROOT 5000013d (kind=<JNI global ref>, id=148, trace=300000)
ROOT 5000013f (kind=<JNI global ref>, id=149, trace=300000)
ROOT 50000141 (kind=<JNI global ref>, id=14a, trace=300000)
ROOT 50000140 (kind=<JNI global ref>, id=14b, trace=300000)
ROOT 50000145 (kind=<JNI global ref>, id=14c, trace=300000)
ROOT 50000142 (kind=<JNI global ref>, id=14d, trace=300000)
ROOT 50000143 (kind=<JNI global ref>, id=14e, trace=300000)
ROOT 50000144 (kind=<JNI global ref>, id=14f, trace=300000)
ROOT 50000146 (kind=<JNI global ref>, id=150, trace=300000)
ROOT 50000147 (kind=<JNI global ref>, id=151, trace=300000)
ROOT 50000148 (kind=<JNI global ref>, id=152, trace=300000)
ROOT 50000149 (kind=<JNI global ref>, id=153, trace=300000)
ROOT 5000014a (kind=<JNI global ref>, id=154, trace=300000)
ROOT 5000014b (kind=<JNI global ref>, id=155, trace=300000)
ROOT 5000014d (kind=<JNI global ref>, id=156, trace=300000)
ROOT 5000014e (kind=<JNI global ref>, id=157, trace=300000)
ROOT 50000151 (kind=<JNI global ref>, id=158, trace=300000)
ROOT 5000014f (kind=<JNI global ref>, id=159, trace=300000)
ROOT 50000150 (kind=<JNI global ref>, id=15a, trace=300000)
ROOT 50000154 (kind=<JNI global ref>, id=15b, trace=300000)
ROOT 50000155 (kind=<JNI global ref>, id=15c, trace=300000)
ROOT 50000156 (kind=<JNI global ref>, id=15d, trace=300000)
ROOT 50000158 (kind=<JNI global ref>, id=15e, trace=300000)
ROOT 50000157 (kind=<JNI global ref>, id=15f, trace=300000)
ROOT 50000166 (kind=<JNI global ref>, id=160, trace=300000)
ROOT 50000159 (kind=<JNI global ref>, id=161, trace=300000)
ROOT 5000015a (kind=<JNI global ref>, id=162, trace=300000)
ROOT 5000015b (kind=<JNI global ref>, id=163, trace=300000)
ROOT 5000015d (kind=<JNI global ref>, id=164, trace=300000)
ROOT 5000015e (kind=<JNI global ref>, id=165, trace=300000)
ROOT 50000164 (kind=<JNI global ref>, id=166, trace=300000)
ROOT 50000160 (kind=<JNI global ref>, id=167, trace=300000)
ROOT 50000161 (kind=<JNI global ref>, id=168, trace=300000)
ROOT 50000162 (kind=<JNI global ref>, id=169, trace=300000)
ROOT 50000167 (kind=<JNI global ref>, id=16a, trace=300000)
ROOT 50000165 (kind=<JNI global ref>, id=16b, trace=300000)
ROOT 50000168 (kind=<JNI global ref>, id=16c, trace=300000)
ROOT 5000016a (kind=<JNI global ref>, id=16d, trace=300000)
ROOT 5000016b (kind=<JNI global ref>, id=16e, trace=300000)
ROOT 5000016c (kind=<JNI global ref>, id=16f, trace=300000)
ROOT 5000016d (kind=<JNI global ref>, id=170, trace=300000)
ROOT 5000016e (kind=<JNI global ref>, id=171, trace=300000)
ROOT 5000016f (kind=<JNI global ref>, id=172, trace=300000)
ROOT 50000170 (kind=<JNI global ref>, id=173, trace=300000)
ROOT 50000171 (kind=<JNI global ref>, id=174, trace=300000)
ROOT 50000172 (kind=<JNI global ref>, id=175, trace=300000)
ROOT 50000174 (kind=<JNI global ref>, id=176, trace=300000)
ROOT 50000175 (kind=<JNI global ref>, id=177, trace=300000)
ROOT 50000176 (kind=<JNI global ref>, id=178, trace=300000)
ROOT 50000177 (kind=<JNI global ref>, id=179, trace=300000)
ROOT 50000178 (kind=<JNI global ref>, id=17a, trace=300000)
ROOT 50000179 (kind=<JNI global ref>, id=17b, trace=300000)
ROOT 5000017a (kind=<JNI global ref>, id=17c, trace=300000)
ROOT 5000017b (kind=<JNI global ref>, id=17d, trace=300000)
ROOT 50000186 (kind=<JNI global ref>, id=17e, trace=300004)
ROOT 50000189 (kind=<JNI global ref>, id=17f, trace=300007)
ROOT 50000192 (kind=<JNI global ref>, id=180, trace=300015)
ROOT 50000193 (kind=<JNI global ref>, id=181, trace=300015)
ROOT 50000195 (kind=<JNI global ref>, id=182, trace=300017)
ROOT 50000197 (kind=<JNI global ref>, id=183, trace=300019)
ROOT 5000019b (kind=<JNI global ref>, id=184, trace=300022)
ROOT 5000019c (kind=<JNI global ref>, id=185, trace=300022)
ROOT 5000019d (kind=<JNI global ref>, id=186, trace=300023)
ROOT 5000019e (kind=<JNI global ref>, id=187, trace=300024)
ROOT 500001a3 (kind=<JNI global ref>, id=188, trace=300028)
ROOT 500001a5 (kind=<JNI global ref>, id=189, trace=300030)
ROOT 500001a9 (kind=<JNI global ref>, id=18a, trace=300034)
ROOT 500001ab (kind=<JNI global ref>, id=18b, trace=300036)
ROOT 500001ad (kind=<JNI global ref>, id=18c, trace=300038)
ROOT 500001b6 (kind=<JNI global ref>, id=18d, trace=300000)
ROOT 500001b8 (kind=<JNI global ref>, id=18e, trace=300044)
ROOT 500001c4 (kind=<JNI global ref>, id=18f, trace=300053)
ROOT 500001c8 (kind=<JNI global ref>, id=190, trace=300057)
ROOT 500001ce (kind=<JNI global ref>, id=191, trace=300062)
ROOT 500001d0 (kind=<JNI global ref>, id=192, trace=300064)
ROOT 500001d1 (kind=<JNI global ref>, id=193, trace=300064)
ROOT 500001d2 (kind=<JNI global ref>, id=194, trace=300065)
ROOT 500001d3 (kind=<JNI global ref>, id=195, trace=300065)
ROOT 500001d4 (kind=<JNI global ref>, id=196, trace=300066)
ROOT 500001d5 (kind=<JNI global ref>, id=197, trace=300066)
ROOT 500002b5 (kind=<JNI global ref>, id=198, trace=300098)
ROOT 500002eb (kind=<JNI global ref>, id=199, trace=300133)
ROOT 500002ec (kind=<JNI global ref>, id=19a, trace=300134)
ROOT 500002ed (kind=<JNI global ref>, id=19b, trace=300135)
ROOT 500002f2 (kind=<JNI global ref>, id=19c, trace=300140)
ROOT 500002f3 (kind=<JNI global ref>, id=19d, trace=300141)
ROOT 500002f6 (kind=<JNI global ref>, id=19e, trace=300144)
ROOT 500002f8 (kind=<JNI global ref>, id=19f, trace=300146)
ROOT 500002fa (kind=<JNI global ref>, id=1a0, trace=300148)
ROOT 500002fc (kind=<JNI global ref>, id=1a1, trace=300150)
ROOT 500002fd (kind=<JNI global ref>, id=1a2, trace=300150)
ROOT 50000305 (kind=<JNI global ref>, id=1a3, trace=300156)
ROOT 50000307 (kind=<JNI global ref>, id=1a4, trace=300157)
ROOT 50000308 (kind=<JNI global ref>, id=1a5, trace=300158)
ROOT 50000580 (kind=<JNI global ref>, id=1a6, trace=300237)
ROOT 50000582 (kind=<JNI global ref>, id=1a7, trace=300239)
ROOT 50000584 (kind=<JNI global ref>, id=1a8, trace=300241)
ROOT 50000586 (kind=<JNI global ref>, id=1a9, trace=300243)
ROOT 50000588 (kind=<JNI global ref>, id=1aa, trace=300245)
ROOT 500005d2 (kind=<JNI global ref>, id=1ab, trace=300247)
ROOT 500005d4 (kind=<JNI global ref>, id=1ac, trace=300249)
ROOT 500005db (kind=<JNI global ref>, id=1ad, trace=300252)
ROOT 500005dc (kind=<JNI global ref>, id=1ae, trace=300252)
ROOT 500005de (kind=<JNI global ref>, id=1af, trace=300254)
ROOT 50000668 (kind=<JNI global ref>, id=1b0, trace=300256)
ROOT 5000066a (kind=<JNI global ref>, id=1b1, trace=300258)
ROOT 5000066b (kind=<JNI global ref>, id=1b2, trace=300259)
ROOT 5000067b (kind=<JNI global ref>, id=1b3, trace=300273)
ROOT 5000067d (kind=<JNI global ref>, id=1b4, trace=300275)
ROOT 50000687 (kind=<JNI global ref>, id=1b5, trace=300281)
ROOT 5000068c (kind=<JNI global ref>, id=1b6, trace=300286)
ROOT 5000068e (kind=<JNI global ref>, id=1b7, trace=300288)
ROOT 5000068f (kind=<JNI global ref>, id=1b8, trace=300288)
ROOT 50000691 (kind=<JNI global ref>, id=1b9, trace=300290)
ROOT 50000692 (kind=<JNI global ref>, id=1ba, trace=300290)
ROOT 50000693 (kind=<JNI global ref>, id=1bb, trace=300290)
ROOT 50000694 (kind=<JNI global ref>, id=1bc, trace=300290)
ROOT 5000069c (kind=<JNI global ref>, id=1bd, trace=300298)
ROOT 500006b0 (kind=<JNI global ref>, id=1be, trace=300308)
ROOT 500006b1 (kind=<JNI global ref>, id=1bf, trace=300308)
ROOT 500006bb (kind=<JNI global ref>, id=1c0, trace=300316)
ROOT 500006c8 (kind=<JNI global ref>, id=1c1, trace=300308)
ROOT 50000713 (kind=<JNI global ref>, id=1c2, trace=300334)
ROOT 50000715 (kind=<JNI global ref>, id=1c3, trace=300336)
ROOT 5000073b (kind=<JNI global ref>, id=1c4, trace=300345)
ROOT 50000765 (kind=<JNI global ref>, id=1c5, trace=300367)
ROOT 50000766 (kind=<JNI global ref>, id=1c6, trace=300367)
ROOT 5000076c (kind=<JNI global ref>, id=1c7, trace=300373)
ROOT 50000770 (kind=<JNI global ref>, id=1c8, trace=300376)
ROOT 50000773 (kind=<JNI global ref>, id=1c9, trace=300379)
ROOT 50000775 (kind=<JNI global ref>, id=1ca, trace=300380)
ROOT 50000781 (kind=<JNI global ref>, id=1cb, trace=300386)
ROOT 50000792 (kind=<JNI global ref>, id=1cc, trace=300398)
ROOT 50000795 (kind=<JNI global ref>, id=1cd, trace=300400)
ROOT 50000797 (kind=<JNI global ref>, id=1ce, trace=300401)
ROOT 50000798 (kind=<JNI global ref>, id=1cf, trace=300401)
ROOT 50000799 (kind=<JNI global ref>, id=1d0, trace=300401)
ROOT 500007a9 (kind=<JNI global ref>, id=1d1, trace=300412)
ROOT 500007ab (kind=<JNI global ref>, id=1d2, trace=300414)
ROOT 500007ae (kind=<JNI global ref>, id=1d3, trace=300000)
ROOT 500007af (kind=<JNI global ref>, id=1d4, trace=300000)
ROOT 500007b0 (kind=<JNI global ref>, id=1d5, trace=300000)
ROOT 500007bd (kind=<unknown>)
ROOT 500007be (kind=<unknown>)
ROOT 500007bf (kind=<unknown>)
ROOT 500007c0 (kind=<unknown>)
ROOT 500007c1 (kind=<unknown>)
ROOT 500007c2 (kind=<unknown>)
ROOT 500007c3 (kind=<unknown>)
ROOT 500007c4 (kind=<unknown>)
ROOT 500007c5 (kind=<unknown>)
ROOT 500007c6 (kind=<unknown>)
ROOT 500007c7 (kind=<unknown>)
ROOT 500007c8 (kind=<unknown>)
ROOT 500007c9 (kind=<unknown>)
ROOT 500007ca (kind=<unknown>)
ROOT 500007cb (kind=<unknown>)
ROOT 500007cc (kind=<unknown>)
ROOT 500007cd (kind=<unknown>)
ROOT 500007ce (kind=<unknown>)
ROOT 500007cf (kind=<unknown>)
ROOT 500007d0 (kind=<unknown>)
ROOT 500007d1 (kind=<unknown>)
ROOT 500007d2 (kind=<unknown>)
ROOT 500007d3 (kind=<unknown>)
ROOT 500007d4 (kind=<unknown>)
ROOT 500007d5 (kind=<unknown>)
ROOT 500007d6 (kind=<unknown>)
ROOT 500007d7 (kind=<unknown>)
ROOT 500007d8 (kind=<unknown>)
ROOT 500007d9 (kind=<unknown>)
ROOT 500007da (kind=<unknown>)
ROOT 500007db (kind=<unknown>)
ROOT 500007dc (kind=<unknown>)
ROOT 500007dd (kind=<unknown>)
ROOT 500007de (kind=<unknown>)
ROOT 500007df (kind=<unknown>)
ROOT 500007e0 (kind=<unknown>)
ROOT 500007e1 (kind=<unknown>)
ROOT 500007e2 (kind=<unknown>)
ROOT 500007e3 (kind=<unknown>)
ROOT 500007e4 (kind=<unknown>)
ROOT 500007e5 (kind=<unknown>)
ROOT 500007e6 (kind=<unknown>)
ROOT 500007e7 (kind=<unknown>)
ROOT 500007e8 (kind=<unknown>)
ROOT 500007e9 (kind=<unknown>)
ROOT 500007ea (kind=<unknown>)
ROOT 500007eb (kind=<unknown>)
ROOT 500007ec (kind=<unknown>)
ROOT 500007ed (kind=<unknown>)
ROOT 500007ee (kind=<unknown>)
ROOT 500007ef (kind=<unknown>)
ROOT 500007f0 (kind=<unknown>)
ROOT 500007f1 (kind=<unknown>)
ROOT 500007f2 (kind=<unknown>)
ROOT 500007f3 (kind=<unknown>)
ROOT 500007f4 (kind=<unknown>)
ROOT 500007f5 (kind=<unknown>)
ROOT 500007f6 (kind=<unknown>)
ROOT 500007f7 (kind=<unknown>)
ROOT 500007f8 (kind=<unknown>)
ROOT 500007f9 (kind=<unknown>)
ROOT 500007fa (kind=<unknown>)
ROOT 500007fb (kind=<unknown>)
ROOT 500007fc (kind=<unknown>)
ROOT 500007fd (kind=<unknown>)
ROOT 500007fe (kind=<unknown>)
ROOT 500007ff (kind=<unknown>)
ROOT 50000800 (kind=<unknown>)
ROOT 50000801 (kind=<unknown>)
ROOT 50000802 (kind=<unknown>)
ROOT 50000803 (kind=<unknown>)
ROOT 50000804 (kind=<unknown>)
ROOT 50000805 (kind=<unknown>)
ROOT 50000806 (kind=<unknown>)
ROOT 50000807 (kind=<unknown>)
ROOT 50000808 (kind=<unknown>)
ROOT 50000809 (kind=<unknown>)
ROOT 5000080a (kind=<unknown>)
ROOT 5000080b (kind=<unknown>)
ROOT 5000080c (kind=<unknown>)
ROOT 5000080d (kind=<unknown>)
ROOT 5000080e (kind=<unknown>)
ROOT 5000080f (kind=<unknown>)
ROOT 50000810 (kind=<unknown>)
ROOT 50000811 (kind=<unknown>)
ROOT 50000812 (kind=<unknown>)
ROOT 50000813 (kind=<unknown>)
ROOT 50000814 (kind=<unknown>)
ROOT 50000815 (kind=<unknown>)
ROOT 50000816 (kind=<unknown>)
ROOT 50000817 (kind=<unknown>)
ROOT 50000818 (kind=<unknown>)
ROOT 50000819 (kind=<unknown>)
ROOT 5000081a (kind=<unknown>)
ROOT 5000081b (kind=<unknown>)
ROOT 5000081c (kind=<unknown>)
ROOT 5000081d (kind=<unknown>)
ROOT 5000081e (kind=<unknown>)
ROOT 5000081f (kind=<unknown>)
ROOT 50000820 (kind=<unknown>)
ROOT 50000821 (kind=<unknown>)
ROOT 50000822 (kind=<unknown>)
ROOT 50000823 (kind=<unknown>)
ROOT 50000824 (kind=<unknown>)
ROOT 50000825 (kind=<unknown>)
ROOT 50000826 (kind=<unknown>)
ROOT 50000827 (kind=<unknown>)
ROOT 50000828 (kind=<unknown>)
ROOT 50000829 (kind=<unknown>)
ROOT 5000082a (kind=<unknown>)
ROOT 5000082b (kind=<unknown>)
ROOT 5000082c (kind=<unknown>)
ROOT 5000082d (kind=<unknown>)
ROOT 5000082e (kind=<unknown>)
ROOT 5000082f (kind=<unknown>)
ROOT 50000830 (kind=<unknown>)
ROOT 50000831 (kind=<unknown>)
ROOT 50000832 (kind=<unknown>)
ROOT 50000833 (kind=<unknown>)
ROOT 50000834 (kind=<unknown>)
ROOT 50000835 (kind=<unknown>)
ROOT 50000836 (kind=<unknown>)
ROOT 50000837 (kind=<unknown>)
ROOT 50000838 (kind=<unknown>)
ROOT 50000839 (kind=<unknown>)
ROOT 5000083a (kind=<unknown>)
ROOT 5000083b (kind=<unknown>)
ROOT 5000083c (kind=<unknown>)
ROOT 5000083d (kind=<unknown>)
ROOT 5000083e (kind=<unknown>)
ROOT 5000083f (kind=<unknown>)
ROOT 50000840 (kind=<unknown>)
ROOT 50000841 (kind=<unknown>)
ROOT 50000842 (kind=<unknown>)
ROOT 50000843 (kind=<unknown>)
ROOT 50000844 (kind=<unknown>)
ROOT 50000845 (kind=<unknown>)
ROOT 50000846 (kind=<unknown>)
ROOT 50000847 (kind=<unknown>)
ROOT 50000848 (kind=<unknown>)
ROOT 50000849 (kind=<unknown>)
ROOT 5000084a (kind=<unknown>)
ROOT 5000084b (kind=<unknown>)
ROOT 5000084c (kind=<unknown>)
ROOT 5000084d (kind=<unknown>)
ROOT 5000084e (kind=<unknown>)
ROOT 5000084f (kind=<unknown>)
ROOT 50000850 (kind=<unknown>)
ROOT 50000851 (kind=<unknown>)
ROOT 50000852 (kind=<unknown>)
ROOT 50000853 (kind=<unknown>)
ROOT 50000854 (kind=<unknown>)
ROOT 50000855 (kind=<unknown>)
ROOT 50000856 (kind=<unknown>)
ROOT 50000857 (kind=<unknown>)
ROOT 50000858 (kind=<unknown>)
ROOT 50000859 (kind=<unknown>)
ROOT 5000085a (kind=<unknown>)
ROOT 5000085b (kind=<unknown>)
ROOT 5000085c (kind=<unknown>)
ROOT 5000085d (kind=<unknown>)
ROOT 5000085e (kind=<unknown>)
ROOT 5000085f (kind=<unknown>)
ROOT 50000860 (kind=<unknown>)
ROOT 50000861 (kind=<unknown>)
ROOT 50000862 (kind=<unknown>)
ROOT 50000863 (kind=<unknown>)
ROOT 50000864 (kind=<unknown>)
ROOT 50000865 (kind=<unknown>)
ROOT 50000866 (kind=<unknown>)
ROOT 50000867 (kind=<unknown>)
ROOT 50000868 (kind=<unknown>)
ROOT 50000869 (kind=<unknown>)
ROOT 5000086a (kind=<unknown>)
ROOT 5000086b (kind=<unknown>)
ROOT 5000086c (kind=<unknown>)
ROOT 5000086d (kind=<unknown>)
ROOT 5000086e (kind=<unknown>)
ROOT 5000086f (kind=<unknown>)
ROOT 50000870 (kind=<unknown>)
ROOT 50000871 (kind=<unknown>)
ROOT 50000872 (kind=<unknown>)
ROOT 50000873 (kind=<unknown>)
ROOT 50000874 (kind=<unknown>)
ROOT 50000875 (kind=<unknown>)
ROOT 50000876 (kind=<unknown>)
ROOT 500007ab (kind=<system class>, name=java.lang.Shutdown$Lock)
ROOT 500007a9 (kind=<system class>, name=java.lang.Shutdown)
ROOT 50000799 (kind=<system class>, name=java.text.MessageFormat$Field)
ROOT 50000798 (kind=<system class>, name=java.text.Format$Field)
ROOT 50000797 (kind=<system class>, name=java.text.AttributedCharacterIterator$Attribute)
ROOT 50000795 (kind=<system class>, name=java.util.Date)
ROOT 50000792 (kind=<system class>, name=java.text.FieldPosition)
ROOT 50000781 (kind=<system class>, name=java.lang.StringBuilder[])
ROOT 50000123 (kind=<system class>, name=java.lang.StringBuilder)
ROOT 500007ae (kind=<system class>, name=java.lang.AbstractStringBuilder[])
ROOT 50000125 (kind=<system class>, name=java.lang.AbstractStringBuilder)
ROOT 500007af (kind=<system class>, name=java.lang.Appendable[])
ROOT 50000126 (kind=<system class>, name=java.lang.Appendable)
ROOT 50000775 (kind=<system class>, name=java.util.Locale$1)
ROOT 50000773 (kind=<system class>, name=java.util.Locale$Category[])
ROOT 50000770 (kind=<system class>, name=java.util.Locale$Category)
ROOT 50000770 (kind=<system class>, name=java.util.Locale$Category)
ROOT 5000076c (kind=<system class>, name=java.text.Format[])
ROOT 50000765 (kind=<system class>, name=java.text.Format)
ROOT 50000766 (kind=<system class>, name=java.text.MessageFormat)
ROOT 50000765 (kind=<system class>, name=java.text.Format)
ROOT 5000073b (kind=<system class>, name=java.lang.Object[][])
ROOT 5000010a (kind=<system class>, name=java.lang.Object[])
ROOT 500007b0 (kind=<system class>, name=java.lang.Cloneable[])
ROOT 5000016a (kind=<system class>, name=java.lang.Cloneable)
ROOT 50000715 (kind=<system class>, name=java.net.URLClassLoader$2)
ROOT 50000713 (kind=<system class>, name=java.util.ResourceBundle$Control$1)
ROOT 500006c8 (kind=<system class>, name=sun.launcher.resources.launcher_fr)
ROOT 500006bb (kind=<system class>, name=java.util.ResourceBundle$BundleReference)
ROOT 500006b1 (kind=<system class>, name=sun.launcher.resources.launcher)
ROOT 500006b0 (kind=<system class>, name=java.util.ListResourceBundle)
ROOT 5000069c (kind=<system class>, name=java.util.LinkedList$Node)
ROOT 50000694 (kind=<system class>, name=java.util.LinkedList)
ROOT 50000693 (kind=<system class>, name=java.util.AbstractSequentialList)
ROOT 50000692 (kind=<system class>, name=java.util.Deque)
ROOT 50000691 (kind=<system class>, name=java.util.Queue)
ROOT 5000068f (kind=<system class>, name=java.util.ResourceBundle$LoaderReference)
ROOT 5000068e (kind=<system class>, name=java.util.ResourceBundle$CacheKeyReference)
ROOT 5000068c (kind=<system class>, name=java.util.ResourceBundle$CacheKey)
ROOT 50000687 (kind=<system class>, name=java.util.ResourceBundle$Control$CandidateListCache)
ROOT 5000067d (kind=<system class>, name=java.util.Arrays$ArrayList)
ROOT 5000067b (kind=<system class>, name=java.util.ResourceBundle$Control)
ROOT 5000066b (kind=<system class>, name=java.util.ResourceBundle$RBClassLoader$1)
ROOT 5000066a (kind=<system class>, name=java.util.ResourceBundle$RBClassLoader)
ROOT 50000668 (kind=<system class>, name=java.net.URLClassLoader$3$1)
ROOT 500005de (kind=<system class>, name=java.security.PrivilegedActionException)
ROOT 500005dc (kind=<system class>, name=java.io.FileNotFoundException)
ROOT 500005db (kind=<system class>, name=java.io.IOException)
ROOT 500005d4 (kind=<system class>, name=sun.misc.FileURLMapper)
ROOT 500005d2 (kind=<system class>, name=sun.misc.URLClassPath$JarLoader$1)
ROOT 50000588 (kind=<system class>, name=sun.misc.CompoundEnumeration)
ROOT 50000586 (kind=<system class>, name=java.net.URLClassLoader$3)
ROOT 50000584 (kind=<system class>, name=sun.misc.URLClassPath$1)
ROOT 50000582 (kind=<system class>, name=java.lang.ClassLoader$2)
ROOT 50000580 (kind=<system class>, name=sun.misc.URLClassPath$2)
ROOT 50000308 (kind=<system class>, name=sun.misc.Launcher$BootClassPathHolder$1)
ROOT 50000307 (kind=<system class>, name=sun.misc.Launcher$BootClassPathHolder)
ROOT 50000305 (kind=<system class>, name=java.util.Enumeration[])
ROOT 5000008e (kind=<system class>, name=java.util.Enumeration)
ROOT 500002fd (kind=<system class>, name=java.util.LinkedHashMap$LinkedEntryIterator)
ROOT 500002fc (kind=<system class>, name=java.util.LinkedHashMap$LinkedHashIterator)
ROOT 500002fa (kind=<system class>, name=java.util.LinkedHashMap$LinkedEntrySet)
ROOT 500002f8 (kind=<system class>, name=java.util.ServiceLoader$1)
ROOT 500002f6 (kind=<system class>, name=java.util.ServiceLoader$LazyIterator)
ROOT 500002f3 (kind=<system class>, name=java.util.ServiceLoader)
ROOT 500002f2 (kind=<system class>, name=java.util.spi.ResourceBundleControlProvider)
ROOT 500002ed (kind=<system class>, name=java.util.ResourceBundle$1)
ROOT 500002ec (kind=<system class>, name=java.util.ResourceBundle)
ROOT 500002eb (kind=<system class>, name=sun.launcher.LauncherHelper$ResourceBundleHolder)
ROOT 500002b5 (kind=<system class>, name=sun.misc.URLClassPath$FileLoader)
ROOT 500001d5 (kind=<system class>, name=java.util.zip.ZipFile$1)
ROOT 500001d4 (kind=<system class>, name=sun.misc.JavaUtilZipFileAccess)
ROOT 500001d3 (kind=<system class>, name=java.util.zip.ZipFile)
ROOT 500001d2 (kind=<system class>, name=java.util.zip.ZipConstants)
ROOT 500001d1 (kind=<system class>, name=sun.misc.URLClassPath$JarLoader)
ROOT 500001d0 (kind=<system class>, name=sun.misc.URLClassPath$Loader)
ROOT 500001ce (kind=<system class>, name=sun.misc.URLClassPath$3)
ROOT 500001c8 (kind=<system class>, name=sun.net.util.URLUtil)
ROOT 500001c4 (kind=<system class>, name=java.net.URLClassLoader$1)
ROOT 500001b8 (kind=<system class>, name=sun.launcher.LauncherHelper[])
ROOT 500001b6 (kind=<system class>, name=sun.launcher.LauncherHelper)
ROOT 500001b6 (kind=<system class>, name=sun.launcher.LauncherHelper)
ROOT 500001ad (kind=<system class>, name=java.lang.invoke.MethodHandleStatics$1)
ROOT 500001ab (kind=<system class>, name=java.lang.invoke.MethodHandleStatics)
ROOT 500001a9 (kind=<system class>, name=java.lang.invoke.MemberName$Factory)
ROOT 500001a5 (kind=<system class>, name=java.lang.ClassValue$Version)
ROOT 500001a3 (kind=<system class>, name=java.lang.ClassValue$Identity)
ROOT 5000019e (kind=<system class>, name=java.lang.ClassValue$Entry[])
ROOT 5000019d (kind=<system class>, name=java.lang.ClassValue$Entry)
ROOT 5000019d (kind=<system class>, name=java.lang.ClassValue$Entry)
ROOT 5000019c (kind=<system class>, name=java.lang.invoke.MethodHandleImpl$4)
ROOT 5000019b (kind=<system class>, name=java.lang.ClassValue)
ROOT 50000197 (kind=<system class>, name=java.lang.invoke.MethodHandle[])
ROOT 50000131 (kind=<system class>, name=java.lang.invoke.MethodHandle)
ROOT 50000195 (kind=<system class>, name=java.lang.invoke.MethodHandleImpl$3)
ROOT 50000193 (kind=<system class>, name=java.lang.invoke.MethodHandleImpl$2)
ROOT 50000192 (kind=<system class>, name=java.util.function.Function)
ROOT 50000189 (kind=<system class>, name=java.lang.invoke.MethodHandleImpl$1)
ROOT 50000186 (kind=<system class>, name=java.lang.invoke.MethodHandleImpl)
ROOT 50000001 (kind=<system class>, name=java.lang.SystemClassLoaderAction)
ROOT 50000002 (kind=<system class>, name=sun.misc.Launcher$AppClassLoader$1)
ROOT 50000003 (kind=<system class>, name=sun.net.www.protocol.jar.Handler)
ROOT 50000004 (kind=<system class>, name=sun.misc.URLClassPath)
ROOT 50000005 (kind=<system class>, name=java.util.HashSet)
ROOT 50000006 (kind=<system class>, name=java.security.Principal[])
ROOT 50000007 (kind=<system class>, name=java.security.Principal)
ROOT 50000007 (kind=<system class>, name=java.security.Principal)
ROOT 50000008 (kind=<system class>, name=java.security.ProtectionDomain$Key)
ROOT 50000009 (kind=<system class>, name=java.security.ProtectionDomain$3)
ROOT 5000000a (kind=<system class>, name=sun.misc.JavaSecurityProtectionDomainAccess)
ROOT 5000000b (kind=<system class>, name=java.security.ProtectionDomain$1)
ROOT 5000000c (kind=<system class>, name=sun.misc.JavaSecurityAccess)
ROOT 5000000d (kind=<system class>, name=java.net.URL[])
ROOT 5000011b (kind=<system class>, name=java.net.URL)
ROOT 5000000e (kind=<system class>, name=sun.net.www.protocol.file.Handler)
ROOT 5000000f (kind=<system class>, name=java.net.URLStreamHandler)
ROOT 50000010 (kind=<system class>, name=java.net.Parts)
ROOT 50000011 (kind=<system class>, name=java.lang.CharacterDataLatin1)
ROOT 50000012 (kind=<system class>, name=java.lang.CharacterData)
ROOT 50000013 (kind=<system class>, name=sun.util.locale.LocaleUtils)
ROOT 50000014 (kind=<system class>, name=java.util.Locale$LocaleKey)
ROOT 50000015 (kind=<system class>, name=sun.util.locale.LocaleObjectCache$CacheEntry)
ROOT 50000016 (kind=<system class>, name=sun.util.locale.BaseLocale$Key)
ROOT 50000017 (kind=<system class>, name=sun.util.locale.BaseLocale$Cache)
ROOT 50000018 (kind=<system class>, name=sun.util.locale.BaseLocale)
ROOT 50000019 (kind=<system class>, name=java.util.concurrent.ConcurrentHashMap$EntrySetView)
ROOT 5000001a (kind=<system class>, name=java.util.concurrent.ConcurrentHashMap$ValuesView)
ROOT 5000001b (kind=<system class>, name=java.util.concurrent.ConcurrentHashMap$KeySetView)
ROOT 5000001c (kind=<system class>, name=java.util.concurrent.ConcurrentHashMap$CollectionView)
ROOT 5000001d (kind=<system class>, name=java.util.concurrent.ConcurrentHashMap$CounterCell[])
ROOT 5000001e (kind=<system class>, name=java.util.concurrent.ConcurrentHashMap$CounterCell)
ROOT 5000001e (kind=<system class>, name=java.util.concurrent.ConcurrentHashMap$CounterCell)
ROOT 5000001f (kind=<system class>, name=java.util.concurrent.ConcurrentHashMap$Node[])
ROOT 50000020 (kind=<system class>, name=java.util.concurrent.ConcurrentHashMap$Node)
ROOT 50000020 (kind=<system class>, name=java.util.concurrent.ConcurrentHashMap$Node)
ROOT 50000021 (kind=<system class>, name=java.util.concurrent.ConcurrentHashMap$Segment[])
ROOT 50000024 (kind=<system class>, name=java.util.concurrent.ConcurrentHashMap$Segment)
ROOT 50000022 (kind=<system class>, name=java.util.concurrent.locks.ReentrantLock[])
ROOT 50000025 (kind=<system class>, name=java.util.concurrent.locks.ReentrantLock)
ROOT 50000023 (kind=<system class>, name=java.util.concurrent.locks.Lock[])
ROOT 50000026 (kind=<system class>, name=java.util.concurrent.locks.Lock)
ROOT 50000024 (kind=<system class>, name=java.util.concurrent.ConcurrentHashMap$Segment)
ROOT 50000025 (kind=<system class>, name=java.util.concurrent.locks.ReentrantLock)
ROOT 50000026 (kind=<system class>, name=java.util.concurrent.locks.Lock)
ROOT 50000027 (kind=<system class>, name=java.util.concurrent.ConcurrentHashMap)
ROOT 50000028 (kind=<system class>, name=java.util.concurrent.ConcurrentMap)
ROOT 50000029 (kind=<system class>, name=java.util.Locale$Cache)
ROOT 5000002a (kind=<system class>, name=sun.util.locale.LocaleObjectCache)
ROOT 5000002b (kind=<system class>, name=java.util.Locale)
ROOT 5000002c (kind=<system class>, name=java.util.BitSet)
ROOT 5000002d (kind=<system class>, name=sun.net.www.ParseUtil)
ROOT 5000002e (kind=<system class>, name=java.io.FileInputStream$1)
ROOT 5000002f (kind=<system class>, name=java.util.HashMap$TreeNode)
ROOT 50000030 (kind=<system class>, name=java.lang.reflect.Array)
ROOT 50000031 (kind=<system class>, name=java.nio.charset.CoderResult$2)
ROOT 50000032 (kind=<system class>, name=java.nio.charset.CoderResult$1)
ROOT 50000033 (kind=<system class>, name=java.nio.charset.CoderResult$Cache)
ROOT 50000034 (kind=<system class>, name=java.nio.charset.CoderResult)
ROOT 50000035 (kind=<system class>, name=java.nio.HeapCharBuffer)
ROOT 50000036 (kind=<system class>, name=java.nio.CharBuffer)
ROOT 50000037 (kind=<system class>, name=sun.nio.cs.StreamDecoder)
ROOT 50000038 (kind=<system class>, name=java.io.FileReader)
ROOT 50000039 (kind=<system class>, name=java.io.InputStreamReader)
ROOT 5000003a (kind=<system class>, name=java.io.BufferedReader)
ROOT 5000003b (kind=<system class>, name=java.io.Reader)
ROOT 5000003c (kind=<system class>, name=java.lang.Readable)
ROOT 5000003d (kind=<system class>, name=sun.misc.MetaIndex)
ROOT 5000003e (kind=<system class>, name=sun.misc.Launcher$ExtClassLoader$1)
ROOT 5000003f (kind=<system class>, name=java.io.File[])
ROOT 5000011d (kind=<system class>, name=java.io.File)
ROOT 50000040 (kind=<system class>, name=java.util.StringTokenizer)
ROOT 50000041 (kind=<system class>, name=java.net.URLClassLoader$7)
ROOT 50000042 (kind=<system class>, name=sun.misc.JavaNetAccess)
ROOT 50000043 (kind=<system class>, name=java.util.WeakHashMap$KeySet)
ROOT 50000044 (kind=<system class>, name=java.util.Collections$SetFromMap)
ROOT 50000045 (kind=<system class>, name=java.util.WeakHashMap$Entry[])
ROOT 50000046 (kind=<system class>, name=java.util.WeakHashMap$Entry)
ROOT 50000046 (kind=<system class>, name=java.util.WeakHashMap$Entry)
ROOT 50000047 (kind=<system class>, name=java.lang.ClassLoader$ParallelLoaders)
ROOT 50000048 (kind=<system class>, name=sun.security.util.Debug)
ROOT 50000049 (kind=<system class>, name=sun.misc.Launcher$Factory)
ROOT 5000004a (kind=<system class>, name=java.net.URLStreamHandlerFactory)
ROOT 5000004b (kind=<system class>, name=java.lang.Compiler$1)
ROOT 5000004c (kind=<system class>, name=java.lang.Compiler)
ROOT 5000004d (kind=<system class>, name=java.lang.IllegalArgumentException)
ROOT 5000004e (kind=<system class>, name=java.lang.System$2)
ROOT 5000004f (kind=<system class>, name=sun.misc.JavaLangAccess)
ROOT 50000050 (kind=<system class>, name=sun.misc.OSEnvironment)
ROOT 50000051 (kind=<system class>, name=java.lang.Integer[])
ROOT 5000010c (kind=<system class>, name=java.lang.Integer)
ROOT 50000052 (kind=<system class>, name=java.lang.Number[])
ROOT 50000111 (kind=<system class>, name=java.lang.Number)
ROOT 50000053 (kind=<system class>, name=java.lang.Integer$IntegerCache)
ROOT 50000054 (kind=<system class>, name=sun.misc.NativeSignalHandler)
ROOT 50000055 (kind=<system class>, name=sun.misc.Signal)
ROOT 50000056 (kind=<system class>, name=java.lang.Terminator$1)
ROOT 50000057 (kind=<system class>, name=sun.misc.SignalHandler)
ROOT 50000058 (kind=<system class>, name=java.lang.Terminator)
ROOT 50000059 (kind=<system class>, name=java.util.LinkedHashMap$Entry)
ROOT 5000005a (kind=<system class>, name=java.io.ExpiringCache$Entry)
ROOT 5000005b (kind=<system class>, name=java.io.File$PathStatus[])
ROOT 50000062 (kind=<system class>, name=java.io.File$PathStatus)
ROOT 5000005c (kind=<system class>, name=java.lang.Enum[])
ROOT 50000063 (kind=<system class>, name=java.lang.Enum)
ROOT 5000005d (kind=<system class>, name=java.lang.ClassLoader$3)
ROOT 5000005e (kind=<system class>, name=java.lang.StringCoding$StringEncoder)
ROOT 5000005f (kind=<system class>, name=java.lang.ClassLoader$NativeLibrary)
ROOT 50000060 (kind=<system class>, name=java.nio.file.Path)
ROOT 50000061 (kind=<system class>, name=java.nio.file.Watchable)
ROOT 50000062 (kind=<system class>, name=java.io.File$PathStatus)
ROOT 50000063 (kind=<system class>, name=java.lang.Enum)
ROOT 50000064 (kind=<system class>, name=java.io.ExpiringCache$1)
ROOT 50000065 (kind=<system class>, name=java.util.LinkedHashMap)
ROOT 50000066 (kind=<system class>, name=java.io.ExpiringCache)
ROOT 50000067 (kind=<system class>, name=java.io.UnixFileSystem)
ROOT 50000068 (kind=<system class>, name=java.io.FileSystem)
ROOT 50000069 (kind=<system class>, name=java.io.DefaultFileSystem)
ROOT 5000006a (kind=<system class>, name=java.io.BufferedWriter)
ROOT 5000006b (kind=<system class>, name=java.nio.Bits$1)
ROOT 5000006c (kind=<system class>, name=sun.misc.JavaNioAccess)
ROOT 5000006d (kind=<system class>, name=java.nio.ByteOrder)
ROOT 5000006e (kind=<system class>, name=java.nio.Bits)
ROOT 5000006f (kind=<system class>, name=java.nio.HeapByteBuffer)
ROOT 50000070 (kind=<system class>, name=java.nio.ByteBuffer)
ROOT 50000071 (kind=<system class>, name=sun.nio.cs.UTF_8$Encoder)
ROOT 50000072 (kind=<system class>, name=java.nio.charset.CharsetEncoder)
ROOT 50000073 (kind=<system class>, name=sun.nio.cs.ArrayEncoder)
ROOT 50000074 (kind=<system class>, name=sun.security.action.GetPropertyAction)
ROOT 50000075 (kind=<system class>, name=sun.nio.cs.StreamEncoder)
ROOT 50000076 (kind=<system class>, name=java.io.OutputStreamWriter)
ROOT 50000077 (kind=<system class>, name=java.io.Writer)
ROOT 50000078 (kind=<system class>, name=java.io.BufferedOutputStream)
ROOT 50000079 (kind=<system class>, name=java.io.PrintStream)
ROOT 5000007a (kind=<system class>, name=java.io.FilterOutputStream)
ROOT 5000007b (kind=<system class>, name=sun.reflect.misc.ReflectUtil)
ROOT 5000007c (kind=<system class>, name=java.util.concurrent.atomic.AtomicReferenceFieldUpdater$AtomicReferenceFieldUpdaterImpl$1)
ROOT 5000007d (kind=<system class>, name=java.security.PrivilegedExceptionAction)
ROOT 5000007e (kind=<system class>, name=java.util.concurrent.atomic.AtomicReferenceFieldUpdater$AtomicReferenceFieldUpdaterImpl)
ROOT 5000007f (kind=<system class>, name=java.util.concurrent.atomic.AtomicReferenceFieldUpdater)
ROOT 50000080 (kind=<system class>, name=java.io.BufferedInputStream)
ROOT 50000081 (kind=<system class>, name=java.io.FilterInputStream)
ROOT 50000082 (kind=<system class>, name=java.io.FileOutputStream)
ROOT 50000083 (kind=<system class>, name=java.io.OutputStream)
ROOT 50000084 (kind=<system class>, name=java.io.Flushable)
ROOT 50000085 (kind=<system class>, name=sun.misc.SharedSecrets)
ROOT 50000086 (kind=<system class>, name=java.io.FileDescriptor$1)
ROOT 50000087 (kind=<system class>, name=sun.misc.JavaIOFileDescriptorAccess)
ROOT 50000088 (kind=<system class>, name=java.io.FileDescriptor)
ROOT 50000089 (kind=<system class>, name=java.io.FileInputStream)
ROOT 5000008a (kind=<system class>, name=sun.misc.Version)
ROOT 5000008b (kind=<system class>, name=java.lang.Runtime)
ROOT 5000008c (kind=<system class>, name=java.util.Hashtable$Enumerator)
ROOT 5000008d (kind=<system class>, name=java.util.Iterator)
ROOT 5000008e (kind=<system class>, name=java.util.Enumeration)
ROOT 5000008f (kind=<system class>, name=java.util.Objects)
ROOT 50000090 (kind=<system class>, name=java.util.Collections$SynchronizedSet)
ROOT 50000091 (kind=<system class>, name=java.util.Collections$SynchronizedCollection)
ROOT 50000092 (kind=<system class>, name=java.util.Hashtable$EntrySet)
ROOT 50000093 (kind=<system class>, name=java.nio.charset.CodingErrorAction)
ROOT 50000094 (kind=<system class>, name=sun.nio.cs.UTF_8$Decoder)
ROOT 50000095 (kind=<system class>, name=java.nio.charset.CharsetDecoder)
ROOT 50000096 (kind=<system class>, name=sun.nio.cs.ArrayDecoder)
ROOT 50000097 (kind=<system class>, name=java.lang.StringCoding$StringDecoder)
ROOT 50000098 (kind=<system class>, name=java.lang.ThreadLocal$ThreadLocalMap$Entry[])
ROOT 5000009b (kind=<system class>, name=java.lang.ThreadLocal$ThreadLocalMap$Entry)
ROOT 50000099 (kind=<system class>, name=java.lang.ref.WeakReference[])
ROOT 50000152 (kind=<system class>, name=java.lang.ref.WeakReference)
ROOT 5000009a (kind=<system class>, name=java.lang.ref.Reference[])
ROOT 50000154 (kind=<system class>, name=java.lang.ref.Reference)
ROOT 5000009b (kind=<system class>, name=java.lang.ThreadLocal$ThreadLocalMap$Entry)
ROOT 5000009c (kind=<system class>, name=java.lang.ThreadLocal$ThreadLocalMap)
ROOT 5000009d (kind=<system class>, name=java.lang.StringCoding)
ROOT 5000009e (kind=<system class>, name=sun.reflect.DelegatingConstructorAccessorImpl)
ROOT 5000009f (kind=<system class>, name=sun.reflect.NativeConstructorAccessorImpl)
ROOT 500000a0 (kind=<system class>, name=sun.reflect.ReflectionFactory$1)
ROOT 500000a1 (kind=<system class>, name=java.lang.Class$1)
ROOT 500000a2 (kind=<system class>, name=java.lang.reflect.Constructor[])
ROOT 5000013f (kind=<system class>, name=java.lang.reflect.Constructor)
ROOT 500000a3 (kind=<system class>, name=java.lang.reflect.Executable[])
ROOT 50000141 (kind=<system class>, name=java.lang.reflect.Executable)
ROOT 500000a4 (kind=<system class>, name=sun.nio.cs.UTF_8)
ROOT 500000a5 (kind=<system class>, name=sun.nio.cs.Unicode)
ROOT 500000a6 (kind=<system class>, name=sun.nio.cs.HistoricallyNamedCharset)
ROOT 500000a7 (kind=<system class>, name=java.util.Arrays)
ROOT 500000a8 (kind=<system class>, name=java.lang.reflect.ReflectAccess)
ROOT 500000a9 (kind=<system class>, name=sun.reflect.LangReflectAccess)
ROOT 500000aa (kind=<system class>, name=java.lang.reflect.Modifier)
ROOT 500000ab (kind=<system class>, name=java.lang.ClassValue$ClassValueMap)
ROOT 500000ac (kind=<system class>, name=java.util.WeakHashMap)
ROOT 500000ad (kind=<system class>, name=sun.reflect.annotation.AnnotationType)
ROOT 500000ae (kind=<system class>, name=java.lang.Class$AnnotationData)
ROOT 500000af (kind=<system class>, name=sun.reflect.generics.repository.ClassRepository)
ROOT 500000b0 (kind=<system class>, name=sun.reflect.generics.repository.GenericDeclRepository)
ROOT 500000b1 (kind=<system class>, name=sun.reflect.generics.repository.AbstractRepository)
ROOT 500000b2 (kind=<system class>, name=java.lang.reflect.Field[])
ROOT 50000143 (kind=<system class>, name=java.lang.reflect.Field)
ROOT 500000b3 (kind=<system class>, name=java.lang.reflect.Member[])
ROOT 50000144 (kind=<system class>, name=java.lang.reflect.Member)
ROOT 500000b4 (kind=<system class>, name=java.lang.reflect.AccessibleObject[])
ROOT 50000145 (kind=<system class>, name=java.lang.reflect.AccessibleObject)
ROOT 500000b5 (kind=<system class>, name=java.lang.Class$Atomic)
ROOT 500000b6 (kind=<system class>, name=java.lang.Class$ReflectionData)
ROOT 500000b7 (kind=<system class>, name=java.lang.Class$3)
ROOT 500000b8 (kind=<system class>, name=java.util.HashMap$Node[])
ROOT 500000b9 (kind=<system class>, name=java.util.HashMap$Node)
ROOT 500000b9 (kind=<system class>, name=java.util.HashMap$Node)
ROOT 500000ba (kind=<system class>, name=java.util.HashMap)
ROOT 500000bb (kind=<system class>, name=sun.reflect.Reflection)
ROOT 500000bc (kind=<system class>, name=java.util.Collections$UnmodifiableRandomAccessList)
ROOT 500000bd (kind=<system class>, name=java.util.Collections$UnmodifiableList)
ROOT 500000be (kind=<system class>, name=java.util.Collections$UnmodifiableCollection)
ROOT 500000bf (kind=<system class>, name=java.util.Collections$EmptyMap)
ROOT 500000c0 (kind=<system class>, name=java.util.Collections$EmptyList)
ROOT 500000c1 (kind=<system class>, name=java.util.Collections$EmptySet)
ROOT 500000c2 (kind=<system class>, name=java.util.AbstractSet)
ROOT 500000c3 (kind=<system class>, name=java.util.Set)
ROOT 500000c4 (kind=<system class>, name=java.util.Collections)
ROOT 500000c5 (kind=<system class>, name=java.util.ArrayList)
ROOT 500000c6 (kind=<system class>, name=java.lang.NoSuchMethodError)
ROOT 500000c7 (kind=<system class>, name=java.lang.IncompatibleClassChangeError)
ROOT 500000c8 (kind=<system class>, name=java.util.concurrent.atomic.AtomicInteger)
ROOT 500000c9 (kind=<system class>, name=java.lang.ThreadLocal)
ROOT 500000ca (kind=<system class>, name=sun.nio.cs.StandardCharsets$Cache)
ROOT 500000cb (kind=<system class>, name=sun.nio.cs.StandardCharsets$Classes)
ROOT 500000cc (kind=<system class>, name=sun.nio.cs.StandardCharsets$Aliases)
ROOT 500000cd (kind=<system class>, name=sun.util.PreHashedMap)
ROOT 500000ce (kind=<system class>, name=java.util.AbstractMap)
ROOT 500000cf (kind=<system class>, name=java.lang.String[])
ROOT 5000016f (kind=<system class>, name=java.lang.String)
ROOT 500000d0 (kind=<system class>, name=java.lang.CharSequence[])
ROOT 50000170 (kind=<system class>, name=java.lang.CharSequence)
ROOT 500000d1 (kind=<system class>, name=sun.nio.cs.StandardCharsets)
ROOT 500000d2 (kind=<system class>, name=sun.nio.cs.FastCharsetProvider)
ROOT 500000d3 (kind=<system class>, name=java.nio.charset.spi.CharsetProvider)
ROOT 500000d4 (kind=<system class>, name=java.nio.charset.Charset)
ROOT 500000d5 (kind=<system class>, name=java.lang.Math)
ROOT 500000d6 (kind=<system class>, name=java.util.Hashtable$Entry[])
ROOT 500000d8 (kind=<system class>, name=java.util.Hashtable$Entry)
ROOT 500000d7 (kind=<system class>, name=java.util.Map$Entry[])
ROOT 500000d9 (kind=<system class>, name=java.util.Map$Entry)
ROOT 500000d8 (kind=<system class>, name=java.util.Hashtable$Entry)
ROOT 500000d9 (kind=<system class>, name=java.util.Map$Entry)
ROOT 500000da (kind=<system class>, name=sun.misc.VM)
ROOT 500000db (kind=<system class>, name=java.lang.ref.Finalizer$FinalizerThread)
ROOT 500000dc (kind=<system class>, name=java.lang.ref.ReferenceQueue$Lock)
ROOT 500000dd (kind=<system class>, name=java.lang.ref.ReferenceQueue$Null)
ROOT 500000de (kind=<system class>, name=java.lang.ref.ReferenceQueue)
ROOT 500000df (kind=<system class>, name=java.lang.Thread[])
ROOT 5000014c (kind=<system class>, name=java.lang.Thread)
ROOT 500000e0 (kind=<system class>, name=java.lang.Runnable[])
ROOT 5000014d (kind=<system class>, name=java.lang.Runnable)
ROOT 500000e1 (kind=<system class>, name=java.lang.ref.Reference$ReferenceHandler)
ROOT 500000e2 (kind=<system class>, name=java.lang.ref.Reference$Lock)
ROOT 500000e3 (kind=<system class>, name=sun.reflect.ReflectionFactory)
ROOT 500000e4 (kind=<system class>, name=java.util.Stack)
ROOT 500000e5 (kind=<system class>, name=java.util.Vector)
ROOT 500000e6 (kind=<system class>, name=java.util.AbstractList)
ROOT 500000e7 (kind=<system class>, name=java.util.AbstractCollection)
ROOT 500000e8 (kind=<system class>, name=java.util.RandomAccess)
ROOT 500000e9 (kind=<system class>, name=java.util.List)
ROOT 500000ea (kind=<system class>, name=java.util.Collection)
ROOT 500000eb (kind=<system class>, name=java.lang.Iterable)
ROOT 500000ec (kind=<system class>, name=java.security.cert.Certificate[])
ROOT 500000ed (kind=<system class>, name=java.security.cert.Certificate)
ROOT 500000ed (kind=<system class>, name=java.security.cert.Certificate)
ROOT 500000ee (kind=<system class>, name=sun.reflect.ReflectionFactory$GetReflectionFactoryAction)
ROOT 500000ef (kind=<system class>, name=java.security.PrivilegedAction)
ROOT 500000f0 (kind=<system class>, name=java.lang.reflect.ReflectPermission)
ROOT 500000f1 (kind=<system class>, name=java.security.AccessController)
ROOT 500000f2 (kind=<system class>, name=java.lang.RuntimePermission)
ROOT 500000f3 (kind=<system class>, name=java.security.BasicPermission)
ROOT 500000f4 (kind=<system class>, name=java.security.Permission)
ROOT 500000f5 (kind=<system class>, name=java.security.Guard)
ROOT 500000f6 (kind=<system class>, name=java.lang.StackTraceElement[])
ROOT 50000115 (kind=<system class>, name=java.lang.StackTraceElement)
ROOT 500000f7 (kind=<system class>, name=java.lang.ThreadGroup[])
ROOT 5000014a (kind=<system class>, name=java.lang.ThreadGroup)
ROOT 500000f8 (kind=<system class>, name=java.lang.Thread$UncaughtExceptionHandler[])
ROOT 5000014b (kind=<system class>, name=java.lang.Thread$UncaughtExceptionHandler)
ROOT 500000f9 (kind=<system class>, name=com.sun.demo.jvmti.hprof.Tracker)
ROOT 500000fa (kind=<system class>, name=java.lang.String$CaseInsensitiveComparator)
ROOT 500000fb (kind=<system class>, name=java.util.Comparator)
ROOT 500000fc (kind=<system class>, name=java.io.ObjectStreamField[])
ROOT 500000fe (kind=<system class>, name=java.io.ObjectStreamField)
ROOT 500000fd (kind=<system class>, name=java.lang.Comparable[])
ROOT 50000171 (kind=<system class>, name=java.lang.Comparable)
ROOT 500000fe (kind=<system class>, name=java.io.ObjectStreamField)
ROOT 500000ff (kind=<system class>, name=java.lang.OutOfMemoryError[])
ROOT 50000157 (kind=<system class>, name=java.lang.OutOfMemoryError)
ROOT 50000100 (kind=<system class>, name=java.lang.VirtualMachineError[])
ROOT 50000158 (kind=<system class>, name=java.lang.VirtualMachineError)
ROOT 50000101 (kind=<system class>, name=java.lang.Error[])
ROOT 50000166 (kind=<system class>, name=java.lang.Error)
ROOT 50000102 (kind=<system class>, name=java.lang.Throwable[])
ROOT 50000167 (kind=<system class>, name=java.lang.Throwable)
ROOT 50000103 (kind=<system class>, name=java.lang.ArithmeticException)
ROOT 50000104 (kind=<system class>, name=java.lang.NullPointerException)
ROOT 50000105 (kind=<system class>, name=java.lang.Class[])
ROOT 5000016b (kind=<system class>, name=java.lang.Class)
ROOT 50000106 (kind=<system class>, name=java.io.Serializable[])
ROOT 50000172 (kind=<system class>, name=java.io.Serializable)
ROOT 50000107 (kind=<system class>, name=java.lang.reflect.GenericDeclaration[])
ROOT 5000016d (kind=<system class>, name=java.lang.reflect.GenericDeclaration)
ROOT 50000108 (kind=<system class>, name=java.lang.reflect.AnnotatedElement[])
ROOT 5000016e (kind=<system class>, name=java.lang.reflect.AnnotatedElement)
ROOT 50000109 (kind=<system class>, name=java.lang.reflect.Type[])
ROOT 5000016c (kind=<system class>, name=java.lang.reflect.Type)
ROOT 5000010a (kind=<system class>, name=java.lang.Object[])
ROOT 50000173 (kind=<system class>, name=java.lang.Object)
ROOT 5000010b (kind=<system class>, name=java.lang.Long)
ROOT 5000010c (kind=<system class>, name=java.lang.Integer)
ROOT 5000010d (kind=<system class>, name=java.lang.Short)
ROOT 5000010e (kind=<system class>, name=java.lang.Byte)
ROOT 5000010f (kind=<system class>, name=java.lang.Double)
ROOT 50000110 (kind=<system class>, name=java.lang.Float)
ROOT 50000111 (kind=<system class>, name=java.lang.Number)
ROOT 50000112 (kind=<system class>, name=java.lang.Character)
ROOT 50000113 (kind=<system class>, name=java.lang.Boolean)
ROOT 50000114 (kind=<system class>, name=java.nio.Buffer)
ROOT 50000115 (kind=<system class>, name=java.lang.StackTraceElement)
ROOT 50000116 (kind=<system class>, name=java.security.CodeSource)
ROOT 50000117 (kind=<system class>, name=sun.misc.Launcher$ExtClassLoader)
ROOT 50000118 (kind=<system class>, name=sun.misc.Launcher$AppClassLoader)
ROOT 50000119 (kind=<system class>, name=sun.misc.Launcher)
ROOT 5000011a (kind=<system class>, name=java.util.jar.Manifest)
ROOT 5000011b (kind=<system class>, name=java.net.URL)
ROOT 5000011c (kind=<system class>, name=java.net.URLClassLoader)
ROOT 5000011d (kind=<system class>, name=java.io.File)
ROOT 5000011e (kind=<system class>, name=java.io.ByteArrayInputStream)
ROOT 5000011f (kind=<system class>, name=java.io.InputStream)
ROOT 50000120 (kind=<system class>, name=java.io.Closeable)
ROOT 50000121 (kind=<system class>, name=java.lang.AutoCloseable)
ROOT 50000122 (kind=<system class>, name=sun.misc.Unsafe)
ROOT 50000123 (kind=<system class>, name=java.lang.StringBuilder)
ROOT 50000124 (kind=<system class>, name=java.lang.StringBuffer)
ROOT 50000125 (kind=<system class>, name=java.lang.AbstractStringBuilder)
ROOT 50000126 (kind=<system class>, name=java.lang.Appendable)
ROOT 50000127 (kind=<system class>, name=java.lang.invoke.VolatileCallSite)
ROOT 50000128 (kind=<system class>, name=java.lang.invoke.MutableCallSite)
ROOT 50000129 (kind=<system class>, name=java.lang.invoke.ConstantCallSite)
ROOT 5000012a (kind=<system class>, name=java.lang.invoke.CallSite)
ROOT 5000012b (kind=<system class>, name=java.lang.BootstrapMethodError)
ROOT 5000012c (kind=<system class>, name=java.lang.invoke.MethodType)
ROOT 5000012d (kind=<system class>, name=java.lang.invoke.LambdaForm)
ROOT 5000012e (kind=<system class>, name=java.lang.invoke.MethodHandleNatives)
ROOT 5000012f (kind=<system class>, name=java.lang.invoke.MemberName)
ROOT 50000130 (kind=<system class>, name=java.lang.invoke.DirectMethodHandle)
ROOT 50000131 (kind=<system class>, name=java.lang.invoke.MethodHandle)
ROOT 50000132 (kind=<system class>, name=sun.reflect.CallerSensitive)
ROOT 50000133 (kind=<system class>, name=java.lang.annotation.Annotation)
ROOT 50000134 (kind=<system class>, name=sun.reflect.UnsafeStaticFieldAccessorImpl)
ROOT 50000135 (kind=<system class>, name=sun.reflect.UnsafeFieldAccessorImpl)
ROOT 50000136 (kind=<system class>, name=sun.reflect.FieldAccessorImpl)
ROOT 50000137 (kind=<system class>, name=sun.reflect.FieldAccessor)
ROOT 50000138 (kind=<system class>, name=sun.reflect.ConstantPool)
ROOT 50000139 (kind=<system class>, name=sun.reflect.DelegatingClassLoader)
ROOT 5000013a (kind=<system class>, name=sun.reflect.ConstructorAccessorImpl)
ROOT 5000013b (kind=<system class>, name=sun.reflect.ConstructorAccessor)
ROOT 5000013c (kind=<system class>, name=sun.reflect.MethodAccessorImpl)
ROOT 5000013d (kind=<system class>, name=sun.reflect.MethodAccessor)
ROOT 5000013e (kind=<system class>, name=sun.reflect.MagicAccessorImpl)
ROOT 5000013f (kind=<system class>, name=java.lang.reflect.Constructor)
ROOT 50000140 (kind=<system class>, name=java.lang.reflect.Method)
ROOT 50000141 (kind=<system class>, name=java.lang.reflect.Executable)
ROOT 50000142 (kind=<system class>, name=java.lang.reflect.Parameter)
ROOT 50000143 (kind=<system class>, name=java.lang.reflect.Field)
ROOT 50000144 (kind=<system class>, name=java.lang.reflect.Member)
ROOT 50000145 (kind=<system class>, name=java.lang.reflect.AccessibleObject)
ROOT 50000146 (kind=<system class>, name=java.util.Properties)
ROOT 50000147 (kind=<system class>, name=java.util.Hashtable)
ROOT 50000148 (kind=<system class>, name=java.util.Dictionary)
ROOT 50000149 (kind=<system class>, name=java.util.Map)
ROOT 5000014a (kind=<system class>, name=java.lang.ThreadGroup)
ROOT 5000014b (kind=<system class>, name=java.lang.Thread$UncaughtExceptionHandler)
ROOT 5000014c (kind=<system class>, name=java.lang.Thread)
ROOT 5000014d (kind=<system class>, name=java.lang.Runnable)
ROOT 5000014e (kind=<system class>, name=java.lang.ref.Finalizer)
ROOT 5000014f (kind=<system class>, name=sun.misc.Cleaner)
ROOT 50000150 (kind=<system class>, name=java.lang.ref.PhantomReference)
ROOT 50000151 (kind=<system class>, name=java.lang.ref.FinalReference)
ROOT 50000152 (kind=<system class>, name=java.lang.ref.WeakReference)
ROOT 50000153 (kind=<system class>, name=java.lang.ref.SoftReference)
ROOT 50000154 (kind=<system class>, name=java.lang.ref.Reference)
ROOT 50000155 (kind=<system class>, name=java.lang.IllegalMonitorStateException)
ROOT 50000156 (kind=<system class>, name=java.lang.StackOverflowError)
ROOT 50000157 (kind=<system class>, name=java.lang.OutOfMemoryError)
ROOT 50000158 (kind=<system class>, name=java.lang.VirtualMachineError)
ROOT 50000159 (kind=<system class>, name=java.lang.ArrayStoreException)
ROOT 5000015a (kind=<system class>, name=java.lang.ClassCastException)
ROOT 5000015b (kind=<system class>, name=java.lang.NoClassDefFoundError)
ROOT 5000015c (kind=<system class>, name=java.lang.LinkageError)
ROOT 5000015d (kind=<system class>, name=java.lang.ClassNotFoundException)
ROOT 5000015e (kind=<system class>, name=java.lang.ReflectiveOperationException)
ROOT 5000015f (kind=<system class>, name=java.security.SecureClassLoader)
ROOT 50000160 (kind=<system class>, name=java.security.AccessControlContext)
ROOT 50000161 (kind=<system class>, name=java.security.ProtectionDomain)
ROOT 50000162 (kind=<system class>, name=java.lang.SecurityManager)
ROOT 50000163 (kind=<system class>, name=java.lang.RuntimeException)
ROOT 50000164 (kind=<system class>, name=java.lang.Exception)
ROOT 50000165 (kind=<system class>, name=java.lang.ThreadDeath)
ROOT 50000166 (kind=<system class>, name=java.lang.Error)
ROOT 50000167 (kind=<system class>, name=java.lang.Throwable)
ROOT 50000168 (kind=<system class>, name=java.lang.System)
ROOT 50000169 (kind=<system class>, name=java.lang.ClassLoader)
ROOT 5000016a (kind=<system class>, name=java.lang.Cloneable)
ROOT 5000016b (kind=<system class>, name=java.lang.Class)
ROOT 5000016c (kind=<system class>, name=java.lang.reflect.Type)
ROOT 5000016d (kind=<system class>, name=java.lang.reflect.GenericDeclaration)
ROOT 5000016e (kind=<system class>, name=java.lang.reflect.AnnotatedElement)
ROOT 5000016f (kind=<system class>, name=java.lang.String)
ROOT 50000170 (kind=<system class>, name=java.lang.CharSequence)
ROOT 50000171 (kind=<system class>, name=java.lang.Comparable)
ROOT 50000172 (kind=<system class>, name=java.io.Serializable)
ROOT 50000173 (kind=<system class>, name=java.lang.Object)
ROOT 50000174 (kind=<system class>, name=long[])
ROOT 50000877 (kind=<system class>, name=java.lang.Class)
ROOT 50000175 (kind=<system class>, name=int[])
ROOT 50000878 (kind=<system class>, name=java.lang.Class)
ROOT 50000176 (kind=<system class>, name=short[])
ROOT 50000879 (kind=<system class>, name=java.lang.Class)
ROOT 50000177 (kind=<system class>, name=byte[])
ROOT 5000087a (kind=<system class>, name=java.lang.Class)
ROOT 50000178 (kind=<system class>, name=double[])
ROOT 5000087b (kind=<system class>, name=java.lang.Class)
ROOT 50000179 (kind=<system class>, name=float[])
ROOT 5000087c (kind=<system class>, name=java.lang.Class)
ROOT 5000017a (kind=<system class>, name=char[])
ROOT 5000087d (kind=<system class>, name=java.lang.Class)
ROOT 5000017b (kind=<system class>, name=boolean[])
ROOT 5000087e (kind=<system class>, name=java.lang.Class)
ROOT 500007b8 (kind=<busy monitor>)
ROOT 500007b5 (kind=<busy monitor>)
ROOT 50000878 (kind=<unknown>)
ROOT 5000087c (kind=<unknown>)
ROOT 5000087b (kind=<unknown>)
ROOT 5000087a (kind=<unknown>)
ROOT 5000087e (kind=<unknown>)
ROOT 5000087d (kind=<unknown>)
ROOT 50000877 (kind=<unknown>)
ROOT 50000879 (kind=<unknown>)
ROOT 5000087f (kind=<unknown>)
ROOT 5000087e (kind=<unknown>)
ROOT 5000087d (kind=<unknown>)
ROOT 5000087c (kind=<unknown>)
ROOT 5000087b (kind=<unknown>)
ROOT 5000087a (kind=<unknown>)
ROOT 50000879 (kind=<unknown>)
ROOT 50000878 (kind=<unknown>)
ROOT 50000877 (kind=<unknown>)
ROOT 5000087f (kind=<unknown>)
ROOT 50000880 (kind=<unknown>)
ROOT 50000881 (kind=<unknown>)
ROOT 50000882 (kind=<unknown>)
ROOT 50000883 (kind=<unknown>)
ROOT 50000884 (kind=<unknown>)
ROOT 50000885 (kind=<unknown>)
ROOT 50000886 (kind=<unknown>)
ROOT 50000887 (kind=<unknown>)
ROOT 50000888 (kind=<unknown>)
ROOT 50000889 (kind=<unknown>)
ROOT 5000088a (kind=<unknown>)
ROOT 5000088b (kind=<unknown>)
ROOT 5000088c (kind=<unknown>)
ROOT 5000088d (kind=<unknown>)
ROOT 5000088e (kind=<unknown>)
ROOT 5000088f (kind=<unknown>)
ROOT 500000f9 (kind=<unknown>)
ROOT 50000890 (kind=<unknown>)
ROOT 500000f9 (kind=<unknown>)
ROOT 50000891 (kind=<unknown>)
ROOT 50000891 (kind=<unknown>)
ROOT 500000f9 (kind=<unknown>)
ROOT 500000f9 (kind=<unknown>)
ROOT 5000014c (kind=<unknown>)
ROOT 500000f9 (kind=<unknown>)
ROOT 50000890 (kind=<unknown>)
ROOT 500000f9 (kind=<unknown>)
ROOT 50000890 (kind=<unknown>)
ROOT 50000168 (kind=<unknown>)
ROOT 500000f9 (kind=<unknown>)
ROOT 50000890 (kind=<unknown>)
OBJ 5000017c (sz=376, trace=300001, class=java.lang.Thread@5000014c)
OBJ 5000017d (sz=376, trace=300000, class=java.lang.Thread@5000014c)
OBJ 5000017e (sz=16, trace=300002, class=java.lang.Object@50000173)
ARR 5000017f (sz=56, trace=300003, nelems=0, elem type=char[])
OBJ 50000180 (sz=376, trace=300001, class=java.lang.Thread@5000014c)
OBJ 50000181 (sz=16, trace=300002, class=java.lang.Object@50000173)
ARR 50000182 (sz=56, trace=300003, nelems=0, elem type=char[])
OBJ 50000183 (sz=376, trace=300001, class=java.lang.Thread@5000014c)
OBJ 50000184 (sz=16, trace=300002, class=java.lang.Object@50000173)
ARR 50000185 (sz=56, trace=300003, nelems=0, elem type=char[])
ARR 50000187 (sz=24, trace=300005, nelems=0, elem type=java.lang.Object[]@5000010a)
OBJ 50000188 (sz=16, trace=300006, class=java.lang.Integer@5000010c)
OBJ 5000018a (sz=16, trace=300008, class=java.lang.invoke.MethodHandleImpl$1@50000189)
OBJ 5000018b (sz=24, trace=300009, class=java.lang.StringBuilder@50000123)
ARR 5000018c (sz=48, trace=300010, nelems=0, elem type=char[])
ARR 5000018d (sz=88, trace=300011, nelems=0, elem type=char[])
ARR 5000018e (sz=160, trace=300011, nelems=0, elem type=char[])
OBJ 5000018f (sz=24, trace=300012, class=java.lang.String@5000016f)
ARR 50000190 (sz=104, trace=300013, nelems=0, elem type=char[])
OBJ 50000191 (sz=16, trace=300014, class=java.lang.Integer@5000010c)
OBJ 50000194 (sz=16, trace=300016, class=java.lang.invoke.MethodHandleImpl$2@50000193)
OBJ 50000196 (sz=16, trace=300018, class=java.lang.invoke.MethodHandleImpl$3@50000195)
ARR 50000198 (sz=24, trace=300019, nelems=0, elem type=java.lang.invoke.MethodHandle[]@50000197)
ARR 50000199 (sz=16, trace=300020, nelems=0, elem type=java.lang.Object[]@5000010a)
ARR 5000019a (sz=1040, trace=300021, nelems=0, elem type=java.lang.invoke.MethodHandle[]@50000197)
ARR 5000019f (sz=24, trace=300024, nelems=0, elem type=java.lang.ClassValue$Entry[]@5000019e)
OBJ 500001a0 (sz=16, trace=300025, class=java.util.concurrent.atomic.AtomicInteger@500000c8)
OBJ 500001a1 (sz=16, trace=300026, class=java.lang.Object@50000173)
OBJ 500001a2 (sz=24, trace=300027, class=java.lang.invoke.MethodHandleImpl$4@5000019c)
	identity	500001a4
	version		500001a6
OBJ 500001a4 (sz=16, trace=300029, class=java.lang.ClassValue$Identity@500001a3)
OBJ 500001a6 (sz=24, trace=300031, class=java.lang.ClassValue$Version@500001a5)
	classValue	500001a2
	promise		500001a8
OBJ 500001a7 (sz=32, trace=300032, class=java.lang.ClassValue$Entry@5000019d)
	queue		500010a2
OBJ 500001a8 (sz=32, trace=300033, class=java.lang.ClassValue$Entry@5000019d)
	referent	500001a6
	queue		500010a2
	value		500001a8
OBJ 500001aa (sz=16, trace=300035, class=java.lang.invoke.MemberName$Factory@500001a9)
ARR 500001ac (sz=48, trace=300037, nelems=0, elem type=java.lang.Object[]@5000010a)
OBJ 500001ae (sz=16, trace=300039, class=java.lang.invoke.MethodHandleStatics$1@500001ad)
OBJ 500001af (sz=56, trace=300040, class=java.lang.Class$ReflectionData@500000b6)
OBJ 500001b0 (sz=40, trace=300041, class=java.lang.ref.SoftReference@50000153)
OBJ 500001b1 (sz=72, trace=300042, class=java.lang.reflect.Field@50000143)
OBJ 500001b2 (sz=376, trace=300001, class=java.lang.Thread@5000014c)
OBJ 500001b3 (sz=16, trace=300002, class=java.lang.Object@50000173)
ARR 500001b4 (sz=48, trace=300003, nelems=0, elem type=char[])
OBJ 500001b5 (sz=376, trace=300000, class=java.lang.Thread@5000014c)
OBJ 500001b7 (sz=24, trace=300043, class=sun.launcher.LauncherHelper@500001b6)
	name		50001353
ARR 500001b9 (sz=24, trace=300044, nelems=1, elem type=sun.launcher.LauncherHelper[]@500001b8)
	[0]		500001b7
OBJ 500001ba (sz=24, trace=300045, class=java.lang.StringBuilder@50000123)
	value		500001bb
ARR 500001bb (sz=32, trace=300046, nelems=16, elem type=char[])
OBJ 500001bc (sz=24, trace=300047, class=java.lang.String@5000016f)
	value		500001bd
ARR 500001bd (sz=18, trace=300048, nelems=9, elem type=char[])
OBJ 500001be (sz=16, trace=300049, class=java.lang.Object@50000173)
ARR 500001bf (sz=80, trace=300050, nelems=14, elem type=java.util.concurrent.ConcurrentHashMap$Node[]@5000001f)
	[0]		500006ad
	[10]		500006da
	[13]		500001c0
OBJ 500001c0 (sz=32, trace=300051, class=java.util.concurrent.ConcurrentHashMap$Node@50000020)
	key		500001bc
	val		500001be
OBJ 500001c1 (sz=16, trace=300052, class=java.lang.Object@50000173)
ARR 500001c2 (sz=80, trace=300050, nelems=14, elem type=java.util.concurrent.ConcurrentHashMap$Node[]@5000001f)
	[0]		500006af
	[10]		500006dc
	[13]		500001c3
OBJ 500001c3 (sz=32, trace=300051, class=java.util.concurrent.ConcurrentHashMap$Node@50000020)
	key		500001bc
	val		500001c1
OBJ 500001c5 (sz=24, trace=300054, class=java.net.URLClassLoader$1@500001c4)
ARR 500001c6 (sz=48, trace=300055, nelems=0, elem type=char[])
OBJ 500001c7 (sz=24, trace=300056, class=java.lang.String@5000016f)
OBJ 500001c9 (sz=24, trace=300058, class=java.lang.StringBuilder@50000123)
ARR 500001ca (sz=48, trace=300059, nelems=0, elem type=char[])
ARR 500001cb (sz=176, trace=300011, nelems=0, elem type=char[])
OBJ 500001cc (sz=24, trace=300060, class=java.lang.String@5000016f)
	value		500001cd
ARR 500001cd (sz=160, trace=300061, nelems=80, elem type=char[])
OBJ 500001cf (sz=24, trace=300063, class=sun.misc.URLClassPath$3@500001ce)
OBJ 500001d6 (sz=16, trace=300067, class=java.util.zip.ZipFile$1@500001d5)
OBJ 500001d7 (sz=24, trace=300068, class=java.lang.StringBuilder@50000123)
ARR 500001d8 (sz=48, trace=300069, nelems=0, elem type=char[])
ARR 500001d9 (sz=32, trace=300070, nelems=3, elem type=java.io.ObjectStreamField[]@500000fc)
	[0]		500001da
	[1]		500001df
	[2]		500001e4
OBJ 500001da (sz=40, trace=300071, class=java.io.ObjectStreamField@500000fe)
	name		50000a1a
	signature	500001dd
	type		5000017a
OBJ 500001db (sz=24, trace=300072, class=java.lang.StringBuilder@50000123)
ARR 500001dc (sz=48, trace=300073, nelems=0, elem type=char[])
OBJ 500001dd (sz=24, trace=300074, class=java.lang.String@5000016f)
	value		500001de
ARR 500001de (sz=4, trace=300075, nelems=2, elem type=char[])
OBJ 500001df (sz=40, trace=300076, class=java.io.ObjectStreamField@500000fe)
	name		50000ba4
	signature	50000a1f
	type		50000878
OBJ 500001e0 (sz=24, trace=300072, class=java.lang.StringBuilder@50000123)
ARR 500001e1 (sz=48, trace=300073, nelems=0, elem type=char[])
OBJ 500001e2 (sz=24, trace=300074, class=java.lang.String@5000016f)
ARR 500001e3 (sz=24, trace=300075, nelems=0, elem type=char[])
OBJ 500001e4 (sz=40, trace=300077, class=java.io.ObjectStreamField@500000fe)
	name		50000ba5
	signature	500001e7
	type		5000087e
OBJ 500001e5 (sz=24, trace=300072, class=java.lang.StringBuilder@50000123)
ARR 500001e6 (sz=48, trace=300073, nelems=0, elem type=char[])
OBJ 500001e7 (sz=24, trace=300074, class=java.lang.String@5000016f)
	value		500001e8
ARR 500001e8 (sz=2, trace=300075, nelems=1, elem type=char[])
OBJ 500001e9 (sz=24, trace=300078, class=java.lang.StringBuffer@50000124)
ARR 500001ea (sz=176, trace=300079, nelems=0, elem type=char[])
ARR 500001eb (sz=176, trace=300080, nelems=0, elem type=char[])
OBJ 500001ec (sz=24, trace=300081, class=java.lang.String@5000016f)
ARR 500001ed (sz=176, trace=300011, nelems=0, elem type=char[])
ARR 500001ee (sz=336, trace=300011, nelems=0, elem type=char[])
OBJ 500001ef (sz=24, trace=300082, class=java.lang.String@5000016f)
	value		500001f0
ARR 500001f0 (sz=160, trace=300083, nelems=80, elem type=char[])
OBJ 500001f1 (sz=64, trace=300084, class=java.net.URL@5000011b)
	protocol	50000c0e
	host		5000089c
	file		500001ef
	authority	5000089c
	path		500001ef
	handler		50000bcd
OBJ 500001f2 (sz=24, trace=300085, class=java.net.Parts@50000010)
OBJ 500001f3 (sz=48, trace=300086, class=sun.misc.URLClassPath$JarLoader@500001d1)
	base		500001f1
	csu		50000bd3
	metaIndex	50000c35
	handler		50000bcd
	lmap		50000bce
OBJ 500001f4 (sz=32, trace=300087, class=java.io.File@5000011d)
ARR 500001f5 (sz=240, trace=300088, nelems=0, elem type=byte[])
ARR 500001f6 (sz=96, trace=300089, nelems=0, elem type=byte[])
OBJ 500001f7 (sz=24, trace=300090, class=java.lang.String@5000016f)
ARR 500001f8 (sz=48, trace=300091, nelems=0, elem type=char[])
ARR 500001f9 (sz=56, trace=300092, nelems=8, elem type=java.lang.Object[]@5000010a)
	[0]		500001f3
	[1]		5000020e
	[2]		50000227
	[3]		50000240
	[4]		50000259
	[5]		50000272
	[6]		5000028b
	[7]		500002a4
ARR 500001fa (sz=80, trace=300093, nelems=13, elem type=java.util.HashMap$Node[]@500000b8)
	[0]		50000214
	[2]		50000291
	[4]		500001fb
	[7]		50000278
	[9]		5000022d
	[12]		500002aa
OBJ 500001fb (sz=32, trace=300094, class=java.util.HashMap$Node@500000b9)
	key		500001cc
	value		500001f3
OBJ 500001fc (sz=24, trace=300058, class=java.lang.StringBuilder@50000123)
ARR 500001fd (sz=48, trace=300059, nelems=0, elem type=char[])
ARR 500001fe (sz=176, trace=300011, nelems=0, elem type=char[])
OBJ 500001ff (sz=24, trace=300060, class=java.lang.String@5000016f)
	value		50000200
ARR 50000200 (sz=156, trace=300061, nelems=78, elem type=char[])
OBJ 50000201 (sz=24, trace=300063, class=sun.misc.URLClassPath$3@500001ce)
OBJ 50000202 (sz=24, trace=300068, class=java.lang.StringBuilder@50000123)
ARR 50000203 (sz=48, trace=300069, nelems=0, elem type=char[])
OBJ 50000204 (sz=24, trace=300078, class=java.lang.StringBuffer@50000124)
ARR 50000205 (sz=168, trace=300079, nelems=0, elem type=char[])
ARR 50000206 (sz=168, trace=300080, nelems=0, elem type=char[])
OBJ 50000207 (sz=24, trace=300081, class=java.lang.String@5000016f)
ARR 50000208 (sz=168, trace=300011, nelems=0, elem type=char[])
ARR 50000209 (sz=328, trace=300011, nelems=0, elem type=char[])
OBJ 5000020a (sz=24, trace=300082, class=java.lang.String@5000016f)
	value		5000020b
ARR 5000020b (sz=156, trace=300083, nelems=78, elem type=char[])
OBJ 5000020c (sz=64, trace=300084, class=java.net.URL@5000011b)
	protocol	50000c0e
	host		5000089c
	file		5000020a
	authority	5000089c
	path		5000020a
	handler		50000bcd
OBJ 5000020d (sz=24, trace=300085, class=java.net.Parts@50000010)
OBJ 5000020e (sz=48, trace=300086, class=sun.misc.URLClassPath$JarLoader@500001d1)
	base		5000020c
	csu		50000bd4
	metaIndex	50000c21
	handler		50000bcd
	lmap		50000bce
OBJ 5000020f (sz=32, trace=300087, class=java.io.File@5000011d)
ARR 50000210 (sz=232, trace=300088, nelems=0, elem type=byte[])
ARR 50000211 (sz=88, trace=300089, nelems=0, elem type=byte[])
OBJ 50000212 (sz=24, trace=300090, class=java.lang.String@5000016f)
ARR 50000213 (sz=40, trace=300091, nelems=0, elem type=char[])
OBJ 50000214 (sz=32, trace=300094, class=java.util.HashMap$Node@500000b9)
	key		500001ff
	value		5000020e
OBJ 50000215 (sz=24, trace=300058, class=java.lang.StringBuilder@50000123)
ARR 50000216 (sz=48, trace=300059, nelems=0, elem type=char[])
ARR 50000217 (sz=176, trace=300011, nelems=0, elem type=char[])
OBJ 50000218 (sz=24, trace=300060, class=java.lang.String@5000016f)
	value		50000219
ARR 50000219 (sz=158, trace=300061, nelems=79, elem type=char[])
OBJ 5000021a (sz=24, trace=300063, class=sun.misc.URLClassPath$3@500001ce)
OBJ 5000021b (sz=24, trace=300068, class=java.lang.StringBuilder@50000123)
ARR 5000021c (sz=48, trace=300069, nelems=0, elem type=char[])
OBJ 5000021d (sz=24, trace=300078, class=java.lang.StringBuffer@50000124)
ARR 5000021e (sz=176, trace=300079, nelems=0, elem type=char[])
ARR 5000021f (sz=176, trace=300080, nelems=0, elem type=char[])
OBJ 50000220 (sz=24, trace=300081, class=java.lang.String@5000016f)
ARR 50000221 (sz=176, trace=300011, nelems=0, elem type=char[])
ARR 50000222 (sz=328, trace=300011, nelems=0, elem type=char[])
OBJ 50000223 (sz=24, trace=300082, class=java.lang.String@5000016f)
	value		50000224
ARR 50000224 (sz=158, trace=300083, nelems=79, elem type=char[])
OBJ 50000225 (sz=64, trace=300084, class=java.net.URL@5000011b)
	protocol	50000c0e
	host		5000089c
	file		50000223
	authority	5000089c
	path		50000223
	handler		50000bcd
OBJ 50000226 (sz=24, trace=300085, class=java.net.Parts@50000010)
OBJ 50000227 (sz=48, trace=300086, class=sun.misc.URLClassPath$JarLoader@500001d1)
	base		50000225
	csu		50000bd5
	metaIndex	50000c2c
	handler		50000bcd
	lmap		50000bce
OBJ 50000228 (sz=32, trace=300087, class=java.io.File@5000011d)
ARR 50000229 (sz=232, trace=300088, nelems=0, elem type=byte[])
ARR 5000022a (sz=88, trace=300089, nelems=0, elem type=byte[])
OBJ 5000022b (sz=24, trace=300090, class=java.lang.String@5000016f)
ARR 5000022c (sz=40, trace=300091, nelems=0, elem type=char[])
OBJ 5000022d (sz=32, trace=300094, class=java.util.HashMap$Node@500000b9)
	key		50000218
	value		50000227
	next		50000246
OBJ 5000022e (sz=24, trace=300058, class=java.lang.StringBuilder@50000123)
ARR 5000022f (sz=48, trace=300059, nelems=0, elem type=char[])
ARR 50000230 (sz=168, trace=300011, nelems=0, elem type=char[])
OBJ 50000231 (sz=24, trace=300060, class=java.lang.String@5000016f)
	value		50000232
ARR 50000232 (sz=152, trace=300061, nelems=76, elem type=char[])
OBJ 50000233 (sz=24, trace=300063, class=sun.misc.URLClassPath$3@500001ce)
OBJ 50000234 (sz=24, trace=300068, class=java.lang.StringBuilder@50000123)
ARR 50000235 (sz=48, trace=300069, nelems=0, elem type=char[])
OBJ 50000236 (sz=24, trace=300078, class=java.lang.StringBuffer@50000124)
ARR 50000237 (sz=168, trace=300079, nelems=0, elem type=char[])
ARR 50000238 (sz=168, trace=300080, nelems=0, elem type=char[])
OBJ 50000239 (sz=24, trace=300081, class=java.lang.String@5000016f)
ARR 5000023a (sz=168, trace=300011, nelems=0, elem type=char[])
ARR 5000023b (sz=320, trace=300011, nelems=0, elem type=char[])
OBJ 5000023c (sz=24, trace=300082, class=java.lang.String@5000016f)
	value		5000023d
ARR 5000023d (sz=152, trace=300083, nelems=76, elem type=char[])
OBJ 5000023e (sz=64, trace=300084, class=java.net.URL@5000011b)
	protocol	50000c0e
	host		5000089c
	file		5000023c
	authority	5000089c
	path		5000023c
	handler		50000bcd
OBJ 5000023f (sz=24, trace=300085, class=java.net.Parts@50000010)
OBJ 50000240 (sz=48, trace=300086, class=sun.misc.URLClassPath$JarLoader@500001d1)
	base		5000023e
	csu		50000bd6
	metaIndex	50000c5d
	handler		50000bcd
	lmap		50000bce
OBJ 50000241 (sz=32, trace=300087, class=java.io.File@5000011d)
ARR 50000242 (sz=224, trace=300088, nelems=0, elem type=byte[])
ARR 50000243 (sz=88, trace=300089, nelems=0, elem type=byte[])
OBJ 50000244 (sz=24, trace=300090, class=java.lang.String@5000016f)
ARR 50000245 (sz=40, trace=300091, nelems=0, elem type=char[])
OBJ 50000246 (sz=32, trace=300095, class=java.util.HashMap$Node@500000b9)
	key		50000231
	value		50000240
	next		5000025f
OBJ 50000247 (sz=24, trace=300058, class=java.lang.StringBuilder@50000123)
ARR 50000248 (sz=48, trace=300059, nelems=0, elem type=char[])
ARR 50000249 (sz=168, trace=300011, nelems=0, elem type=char[])
OBJ 5000024a (sz=24, trace=300060, class=java.lang.String@5000016f)
	value		5000024b
ARR 5000024b (sz=152, trace=300061, nelems=76, elem type=char[])
OBJ 5000024c (sz=24, trace=300063, class=sun.misc.URLClassPath$3@500001ce)
OBJ 5000024d (sz=24, trace=300068, class=java.lang.StringBuilder@50000123)
ARR 5000024e (sz=48, trace=300069, nelems=0, elem type=char[])
OBJ 5000024f (sz=24, trace=300078, class=java.lang.StringBuffer@50000124)
ARR 50000250 (sz=168, trace=300079, nelems=0, elem type=char[])
ARR 50000251 (sz=168, trace=300080, nelems=0, elem type=char[])
OBJ 50000252 (sz=24, trace=300081, class=java.lang.String@5000016f)
ARR 50000253 (sz=168, trace=300011, nelems=0, elem type=char[])
ARR 50000254 (sz=320, trace=300011, nelems=0, elem type=char[])
OBJ 50000255 (sz=24, trace=300082, class=java.lang.String@5000016f)
	value		50000256
ARR 50000256 (sz=152, trace=300083, nelems=76, elem type=char[])
OBJ 50000257 (sz=64, trace=300084, class=java.net.URL@5000011b)
	protocol	50000c0e
	host		5000089c
	file		50000255
	authority	5000089c
	path		50000255
	handler		50000bcd
OBJ 50000258 (sz=24, trace=300085, class=java.net.Parts@50000010)
OBJ 50000259 (sz=48, trace=300086, class=sun.misc.URLClassPath$JarLoader@500001d1)
	base		50000257
	csu		50000bd7
	metaIndex	50000c3f
	handler		50000bcd
	lmap		50000bce
OBJ 5000025a (sz=32, trace=300087, class=java.io.File@5000011d)
ARR 5000025b (sz=224, trace=300088, nelems=0, elem type=byte[])
ARR 5000025c (sz=88, trace=300089, nelems=0, elem type=byte[])
OBJ 5000025d (sz=24, trace=300090, class=java.lang.String@5000016f)
ARR 5000025e (sz=40, trace=300091, nelems=0, elem type=char[])
OBJ 5000025f (sz=32, trace=300095, class=java.util.HashMap$Node@500000b9)
	key		5000024a
	value		50000259
OBJ 50000260 (sz=24, trace=300058, class=java.lang.StringBuilder@50000123)
ARR 50000261 (sz=48, trace=300059, nelems=0, elem type=char[])
ARR 50000262 (sz=168, trace=300011, nelems=0, elem type=char[])
OBJ 50000263 (sz=24, trace=300060, class=java.lang.String@5000016f)
	value		50000264
ARR 50000264 (sz=152, trace=300061, nelems=76, elem type=char[])
OBJ 50000265 (sz=24, trace=300063, class=sun.misc.URLClassPath$3@500001ce)
OBJ 50000266 (sz=24, trace=300068, class=java.lang.StringBuilder@50000123)
ARR 50000267 (sz=48, trace=300069, nelems=0, elem type=char[])
OBJ 50000268 (sz=24, trace=300078, class=java.lang.StringBuffer@50000124)
ARR 50000269 (sz=168, trace=300079, nelems=0, elem type=char[])
ARR 5000026a (sz=168, trace=300080, nelems=0, elem type=char[])
OBJ 5000026b (sz=24, trace=300081, class=java.lang.String@5000016f)
ARR 5000026c (sz=168, trace=300011, nelems=0, elem type=char[])
ARR 5000026d (sz=320, trace=300011, nelems=0, elem type=char[])
OBJ 5000026e (sz=24, trace=300082, class=java.lang.String@5000016f)
	value		5000026f
ARR 5000026f (sz=152, trace=300083, nelems=76, elem type=char[])
OBJ 50000270 (sz=64, trace=300084, class=java.net.URL@5000011b)
	protocol	50000c0e
	host		5000089c
	file		5000026e
	authority	5000089c
	path		5000026e
	handler		50000bcd
OBJ 50000271 (sz=24, trace=300085, class=java.net.Parts@50000010)
OBJ 50000272 (sz=48, trace=300086, class=sun.misc.URLClassPath$JarLoader@500001d1)
	base		50000270
	csu		50000bd8
	metaIndex	50000c4b
	handler		50000bcd
	lmap		50000bce
OBJ 50000273 (sz=32, trace=300087, class=java.io.File@5000011d)
ARR 50000274 (sz=224, trace=300088, nelems=0, elem type=byte[])
ARR 50000275 (sz=88, trace=300089, nelems=0, elem type=byte[])
OBJ 50000276 (sz=24, trace=300090, class=java.lang.String@5000016f)
ARR 50000277 (sz=40, trace=300091, nelems=0, elem type=char[])
OBJ 50000278 (sz=32, trace=300094, class=java.util.HashMap$Node@500000b9)
	key		50000263
	value		50000272
OBJ 50000279 (sz=24, trace=300058, class=java.lang.StringBuilder@50000123)
ARR 5000027a (sz=48, trace=300059, nelems=0, elem type=char[])
ARR 5000027b (sz=184, trace=300011, nelems=0, elem type=char[])
OBJ 5000027c (sz=24, trace=300060, class=java.lang.String@5000016f)
	value		5000027d
ARR 5000027d (sz=162, trace=300061, nelems=81, elem type=char[])
OBJ 5000027e (sz=24, trace=300063, class=sun.misc.URLClassPath$3@500001ce)
OBJ 5000027f (sz=24, trace=300068, class=java.lang.StringBuilder@50000123)
ARR 50000280 (sz=48, trace=300069, nelems=0, elem type=char[])
OBJ 50000281 (sz=24, trace=300078, class=java.lang.StringBuffer@50000124)
ARR 50000282 (sz=176, trace=300079, nelems=0, elem type=char[])
ARR 50000283 (sz=176, trace=300080, nelems=0, elem type=char[])
OBJ 50000284 (sz=24, trace=300081, class=java.lang.String@5000016f)
ARR 50000285 (sz=176, trace=300011, nelems=0, elem type=char[])
ARR 50000286 (sz=336, trace=300011, nelems=0, elem type=char[])
OBJ 50000287 (sz=24, trace=300082, class=java.lang.String@5000016f)
	value		50000288
ARR 50000288 (sz=162, trace=300083, nelems=81, elem type=char[])
OBJ 50000289 (sz=64, trace=300084, class=java.net.URL@5000011b)
	protocol	50000c0e
	host		5000089c
	file		50000287
	authority	5000089c
	path		50000287
	handler		50000bcd
OBJ 5000028a (sz=24, trace=300085, class=java.net.Parts@50000010)
OBJ 5000028b (sz=48, trace=300086, class=sun.misc.URLClassPath$JarLoader@500001d1)
	base		50000289
	csu		50000bd9
	metaIndex	50000c54
	handler		50000bcd
	lmap		50000bce
OBJ 5000028c (sz=32, trace=300087, class=java.io.File@5000011d)
ARR 5000028d (sz=240, trace=300088, nelems=0, elem type=byte[])
ARR 5000028e (sz=96, trace=300089, nelems=0, elem type=byte[])
OBJ 5000028f (sz=24, trace=300090, class=java.lang.String@5000016f)
ARR 50000290 (sz=48, trace=300091, nelems=0, elem type=char[])
OBJ 50000291 (sz=32, trace=300094, class=java.util.HashMap$Node@500000b9)
	key		5000027c
	value		5000028b
OBJ 50000292 (sz=24, trace=300058, class=java.lang.StringBuilder@50000123)
ARR 50000293 (sz=48, trace=300059, nelems=0, elem type=char[])
ARR 50000294 (sz=192, trace=300011, nelems=0, elem type=char[])
OBJ 50000295 (sz=24, trace=300060, class=java.lang.String@5000016f)
	value		50000296
ARR 50000296 (sz=172, trace=300061, nelems=86, elem type=char[])
OBJ 50000297 (sz=24, trace=300063, class=sun.misc.URLClassPath$3@500001ce)
OBJ 50000298 (sz=24, trace=300068, class=java.lang.StringBuilder@50000123)
ARR 50000299 (sz=48, trace=300069, nelems=0, elem type=char[])
OBJ 5000029a (sz=24, trace=300078, class=java.lang.StringBuffer@50000124)
ARR 5000029b (sz=184, trace=300079, nelems=0, elem type=char[])
ARR 5000029c (sz=184, trace=300080, nelems=0, elem type=char[])
OBJ 5000029d (sz=24, trace=300081, class=java.lang.String@5000016f)
ARR 5000029e (sz=184, trace=300011, nelems=0, elem type=char[])
ARR 5000029f (sz=360, trace=300011, nelems=0, elem type=char[])
OBJ 500002a0 (sz=24, trace=300082, class=java.lang.String@5000016f)
	value		500002a1
ARR 500002a1 (sz=172, trace=300083, nelems=86, elem type=char[])
OBJ 500002a2 (sz=64, trace=300084, class=java.net.URL@5000011b)
	protocol	50000c0e
	host		5000089c
	file		500002a0
	authority	5000089c
	path		500002a0
	handler		50000bcd
OBJ 500002a3 (sz=24, trace=300085, class=java.net.Parts@50000010)
OBJ 500002a4 (sz=48, trace=300086, class=sun.misc.URLClassPath$JarLoader@500001d1)
	base		500002a2
	csu		50000bda
	metaIndex	50000c0d
	handler		50000bcd
	lmap		50000bce
OBJ 500002a5 (sz=32, trace=300087, class=java.io.File@5000011d)
ARR 500002a6 (sz=256, trace=300088, nelems=0, elem type=byte[])
ARR 500002a7 (sz=96, trace=300089, nelems=0, elem type=byte[])
OBJ 500002a8 (sz=24, trace=300090, class=java.lang.String@5000016f)
ARR 500002a9 (sz=56, trace=300091, nelems=0, elem type=char[])
OBJ 500002aa (sz=32, trace=300094, class=java.util.HashMap$Node@500000b9)
	key		50000295
	value		500002a4
OBJ 500002ab (sz=40, trace=300096, class=java.lang.ClassNotFoundException@5000015d)
OBJ 500002ac (sz=24, trace=300097, class=java.net.URLClassLoader$1@500001c4)
ARR 500002ad (sz=48, trace=300055, nelems=0, elem type=char[])
OBJ 500002ae (sz=24, trace=300056, class=java.lang.String@5000016f)
OBJ 500002af (sz=24, trace=300058, class=java.lang.StringBuilder@50000123)
ARR 500002b0 (sz=48, trace=300059, nelems=0, elem type=char[])
ARR 500002b1 (sz=112, trace=300011, nelems=0, elem type=char[])
OBJ 500002b2 (sz=24, trace=300060, class=java.lang.String@5000016f)
	value		500002b3
ARR 500002b3 (sz=94, trace=300061, nelems=47, elem type=char[])
OBJ 500002b4 (sz=24, trace=300063, class=sun.misc.URLClassPath$3@500001ce)
OBJ 500002b6 (sz=24, trace=300099, class=sun.misc.URLClassPath$FileLoader@500002b5)
	base		500010fe
	dir		500002c6
OBJ 500002b7 (sz=32, trace=300100, class=java.io.File@5000011d)
OBJ 500002b8 (sz=24, trace=300101, class=java.lang.StringBuffer@50000124)
ARR 500002b9 (sz=96, trace=300102, nelems=0, elem type=char[])
OBJ 500002ba (sz=24, trace=300103, class=java.lang.String@5000016f)
ARR 500002bb (sz=96, trace=300104, nelems=0, elem type=char[])
ARR 500002bc (sz=78, trace=300105, nelems=39, elem type=char[])
OBJ 500002bd (sz=24, trace=300106, class=java.lang.String@5000016f)
	value		500002bc
OBJ 500002be (sz=24, trace=300107, class=java.lang.String@5000016f)
ARR 500002bf (sz=80, trace=300108, nelems=0, elem type=char[])
ARR 500002c0 (sz=136, trace=300109, nelems=0, elem type=byte[])
ARR 500002c1 (sz=56, trace=300089, nelems=0, elem type=byte[])
OBJ 500002c2 (sz=24, trace=300110, class=java.lang.String@5000016f)
	value		500002c3
ARR 500002c3 (sz=78, trace=300048, nelems=39, elem type=char[])
OBJ 500002c4 (sz=24, trace=300111, class=java.io.ExpiringCache$Entry@5000005a)
	val		500002c2
OBJ 500002c5 (sz=40, trace=300112, class=java.util.LinkedHashMap$Entry@50000059)
	key		500002bd
	value		500002c4
	next		50000560
	before		50000b67
	after		5000034e
OBJ 500002c6 (sz=32, trace=300113, class=java.io.File@5000011d)
	path		500002c2
ARR 500002c7 (sz=56, trace=300092, nelems=1, elem type=java.lang.Object[]@5000010a)
	[0]		500002b6
ARR 500002c8 (sz=80, trace=300093, nelems=14, elem type=java.util.HashMap$Node[]@500000b8)
	[13]		500002c9
OBJ 500002c9 (sz=32, trace=300094, class=java.util.HashMap$Node@500000b9)
	key		500002b2
	value		500002b6
OBJ 500002ca (sz=64, trace=300114, class=java.net.URL@5000011b)
OBJ 500002cb (sz=24, trace=300115, class=java.lang.StringBuilder@50000123)
ARR 500002cc (sz=48, trace=300116, nelems=0, elem type=char[])
ARR 500002cd (sz=96, trace=300011, nelems=0, elem type=char[])
ARR 500002ce (sz=184, trace=300011, nelems=0, elem type=char[])
OBJ 500002cf (sz=24, trace=300117, class=java.lang.String@5000016f)
ARR 500002d0 (sz=104, trace=300118, nelems=0, elem type=char[])
OBJ 500002d1 (sz=24, trace=300119, class=java.lang.String@5000016f)
ARR 500002d2 (sz=96, trace=300120, nelems=0, elem type=char[])
ARR 500002d3 (sz=112, trace=300121, nelems=0, elem type=char[])
ARR 500002d4 (sz=48, trace=300122, nelems=0, elem type=char[])
OBJ 500002d5 (sz=24, trace=300123, class=java.lang.String@5000016f)
ARR 500002d6 (sz=48, trace=300124, nelems=0, elem type=char[])
OBJ 500002d7 (sz=64, trace=300125, class=java.net.URL@5000011b)
OBJ 500002d8 (sz=24, trace=300115, class=java.lang.StringBuilder@50000123)
ARR 500002d9 (sz=48, trace=300116, nelems=0, elem type=char[])
ARR 500002da (sz=96, trace=300011, nelems=0, elem type=char[])
ARR 500002db (sz=184, trace=300011, nelems=0, elem type=char[])
OBJ 500002dc (sz=24, trace=300117, class=java.lang.String@5000016f)
ARR 500002dd (sz=128, trace=300118, nelems=0, elem type=char[])
OBJ 500002de (sz=32, trace=300126, class=java.io.File@5000011d)
OBJ 500002df (sz=24, trace=300127, class=java.lang.StringBuilder@50000123)
ARR 500002e0 (sz=48, trace=300128, nelems=0, elem type=char[])
ARR 500002e1 (sz=96, trace=300011, nelems=0, elem type=char[])
ARR 500002e2 (sz=176, trace=300129, nelems=0, elem type=char[])
OBJ 500002e3 (sz=24, trace=300130, class=java.lang.String@5000016f)
ARR 500002e4 (sz=128, trace=300131, nelems=0, elem type=char[])
ARR 500002e5 (sz=184, trace=300088, nelems=0, elem type=byte[])
ARR 500002e6 (sz=72, trace=300089, nelems=0, elem type=byte[])
OBJ 500002e7 (sz=24, trace=300090, class=java.lang.String@5000016f)
ARR 500002e8 (sz=48, trace=300091, nelems=0, elem type=char[])
OBJ 500002e9 (sz=40, trace=300096, class=java.lang.ClassNotFoundException@5000015d)
	detailMessage	500001bc
	stackTrace	500010c9
	suppressedExceptions	500010c8
ARR 500002ea (sz=24, trace=300132, nelems=1, elem type=java.lang.Object[]@5000010a)
	[0]		500001bc
OBJ 500002ee (sz=40, trace=300136, class=java.util.ResourceBundle$1@500002ed)
	cacheKey	50001378
OBJ 500002ef (sz=64, trace=300137, class=java.util.concurrent.ConcurrentHashMap@50000027)
	table		500006bd
OBJ 500002f0 (sz=32, trace=300138, class=java.lang.ref.ReferenceQueue@500000de)
	lock		500002f1
OBJ 500002f1 (sz=16, trace=300139, class=java.lang.ref.ReferenceQueue$Lock@500000dc)
OBJ 500002f4 (sz=32, trace=300142, class=java.util.ServiceLoader@500002f3)
OBJ 500002f5 (sz=56, trace=300143, class=java.util.LinkedHashMap@50000065)
OBJ 500002f7 (sz=40, trace=300145, class=java.util.ServiceLoader$LazyIterator@500002f6)
OBJ 500002f9 (sz=24, trace=300147, class=java.util.ServiceLoader$1@500002f8)
OBJ 500002fb (sz=16, trace=300149, class=java.util.LinkedHashMap$LinkedEntrySet@500002fa)
OBJ 500002fe (sz=32, trace=300151, class=java.util.LinkedHashMap$LinkedEntryIterator@500002fd)
OBJ 500002ff (sz=24, trace=300152, class=java.lang.StringBuilder@50000123)
ARR 50000300 (sz=48, trace=300153, nelems=0, elem type=char[])
ARR 50000301 (sz=88, trace=300011, nelems=0, elem type=char[])
ARR 50000302 (sz=160, trace=300011, nelems=0, elem type=char[])
OBJ 50000303 (sz=24, trace=300154, class=java.lang.String@5000016f)
ARR 50000304 (sz=144, trace=300155, nelems=0, elem type=char[])
ARR 50000306 (sz=24, trace=300156, nelems=0, elem type=java.util.Enumeration[]@50000305)
OBJ 50000309 (sz=16, trace=300159, class=sun.misc.Launcher$BootClassPathHolder$1@50000308)
ARR 5000030a (sz=48, trace=300160, nelems=0, elem type=java.io.File[]@5000003f)
OBJ 5000030b (sz=24, trace=300161, class=java.lang.String@5000016f)
	value		5000030c
ARR 5000030c (sz=138, trace=300162, nelems=69, elem type=char[])
OBJ 5000030d (sz=32, trace=300163, class=java.io.File@5000011d)
OBJ 5000030e (sz=24, trace=300161, class=java.lang.String@5000016f)
ARR 5000030f (sz=144, trace=300162, nelems=0, elem type=char[])
OBJ 50000310 (sz=32, trace=300163, class=java.io.File@5000011d)
OBJ 50000311 (sz=24, trace=300161, class=java.lang.String@5000016f)
ARR 50000312 (sz=160, trace=300162, nelems=0, elem type=char[])
OBJ 50000313 (sz=32, trace=300163, class=java.io.File@5000011d)
OBJ 50000314 (sz=24, trace=300161, class=java.lang.String@5000016f)
ARR 50000315 (sz=144, trace=300162, nelems=0, elem type=char[])
OBJ 50000316 (sz=32, trace=300163, class=java.io.File@5000011d)
OBJ 50000317 (sz=24, trace=300161, class=java.lang.String@5000016f)
ARR 50000318 (sz=144, trace=300162, nelems=0, elem type=char[])
OBJ 50000319 (sz=32, trace=300163, class=java.io.File@5000011d)
OBJ 5000031a (sz=24, trace=300161, class=java.lang.String@5000016f)
ARR 5000031b (sz=152, trace=300162, nelems=0, elem type=char[])
OBJ 5000031c (sz=32, trace=300163, class=java.io.File@5000011d)
OBJ 5000031d (sz=24, trace=300161, class=java.lang.String@5000016f)
ARR 5000031e (sz=144, trace=300162, nelems=0, elem type=char[])
OBJ 5000031f (sz=32, trace=300163, class=java.io.File@5000011d)
OBJ 50000320 (sz=24, trace=300164, class=java.lang.String@5000016f)
	value		50000321
ARR 50000321 (sz=118, trace=300165, nelems=59, elem type=char[])
OBJ 50000322 (sz=32, trace=300166, class=java.io.File@5000011d)
OBJ 50000323 (sz=16, trace=300167, class=java.util.HashSet@50000005)
OBJ 50000324 (sz=48, trace=300168, class=java.util.HashMap@500000ba)
ARR 50000325 (sz=224, trace=300088, nelems=0, elem type=byte[])
ARR 50000326 (sz=88, trace=300089, nelems=0, elem type=byte[])
OBJ 50000327 (sz=24, trace=300090, class=java.lang.String@5000016f)
ARR 50000328 (sz=48, trace=300091, nelems=0, elem type=char[])
OBJ 50000329 (sz=24, trace=300169, class=java.lang.String@5000016f)
	value		5000032a
ARR 5000032a (sz=110, trace=300170, nelems=55, elem type=char[])
OBJ 5000032b (sz=32, trace=300171, class=java.io.File@5000011d)
ARR 5000032c (sz=80, trace=300172, nelems=0, elem type=java.util.HashMap$Node[]@500000b8)
OBJ 5000032d (sz=32, trace=300094, class=java.util.HashMap$Node@500000b9)
OBJ 5000032e (sz=32, trace=300173, class=java.io.File@5000011d)
OBJ 5000032f (sz=24, trace=300127, class=java.lang.StringBuilder@50000123)
ARR 50000330 (sz=48, trace=300128, nelems=0, elem type=char[])
ARR 50000331 (sz=128, trace=300011, nelems=0, elem type=char[])
ARR 50000332 (sz=240, trace=300129, nelems=0, elem type=char[])
OBJ 50000333 (sz=24, trace=300130, class=java.lang.String@5000016f)
	value		50000334
ARR 50000334 (sz=132, trace=300131, nelems=66, elem type=char[])
ARR 50000335 (sz=216, trace=300088, nelems=0, elem type=byte[])
ARR 50000336 (sz=88, trace=300089, nelems=0, elem type=byte[])
OBJ 50000337 (sz=24, trace=300090, class=java.lang.String@5000016f)
ARR 50000338 (sz=40, trace=300091, nelems=0, elem type=char[])
OBJ 50000339 (sz=32, trace=300174, class=java.io.FileInputStream@50000089)
	fd		5000033c
	path		50000333
	closeLock	5000033b
OBJ 5000033a (sz=40, trace=300175, class=java.lang.ref.Finalizer@5000014e)
	referent	50000339
	queue		500007b4
	next		50001303
OBJ 5000033b (sz=16, trace=300176, class=java.lang.Object@50000173)
OBJ 5000033c (sz=32, trace=300177, class=java.io.FileDescriptor@50000088)
	parent		50000339
ARR 5000033d (sz=216, trace=300178, nelems=0, elem type=byte[])
ARR 5000033e (sz=88, trace=300089, nelems=0, elem type=byte[])
OBJ 5000033f (sz=24, trace=300179, class=java.io.FileReader@50000038)
OBJ 50000340 (sz=40, trace=300180, class=sun.nio.cs.UTF_8$Decoder@50000094)
OBJ 50000341 (sz=48, trace=300181, class=sun.nio.cs.StreamDecoder@50000037)
ARR 50000342 (sz=8208, trace=300182, nelems=0, elem type=byte[])
OBJ 50000343 (sz=48, trace=300183, class=java.nio.HeapByteBuffer@5000006f)
OBJ 50000344 (sz=48, trace=300184, class=java.io.BufferedReader@5000003a)
ARR 50000345 (sz=16400, trace=300185, nelems=0, elem type=char[])
OBJ 50000346 (sz=24, trace=300186, class=java.util.ArrayList@500000c5)
OBJ 50000347 (sz=24, trace=300107, class=java.lang.String@5000016f)
ARR 50000348 (sz=120, trace=300108, nelems=0, elem type=char[])
ARR 50000349 (sz=184, trace=300109, nelems=0, elem type=byte[])
ARR 5000034a (sz=72, trace=300089, nelems=0, elem type=byte[])
OBJ 5000034b (sz=24, trace=300110, class=java.lang.String@5000016f)
	value		5000034c
ARR 5000034c (sz=110, trace=300048, nelems=55, elem type=char[])
OBJ 5000034d (sz=24, trace=300111, class=java.io.ExpiringCache$Entry@5000005a)
	val		5000034b
OBJ 5000034e (sz=40, trace=300112, class=java.util.LinkedHashMap$Entry@50000059)
	key		50000329
	value		5000034d
	before		500002c5
	after		50000492
ARR 5000034f (sz=144, trace=300187, nelems=30, elem type=java.util.HashMap$Node[]@500000b8)
	[0]		50000b4a
	[4]		500002c5
	[5]		50000b4b
	[7]		50000b4c
	[8]		50000513
	[9]		50000530
	[11]		500004f6
	[12]		50000b4d
	[13]		50000b49
	[15]		50000492
	[16]		50000b4e
	[20]		50000b4f
	[24]		50000b50
	[28]		50000b51
	[29]		50000b52
OBJ 50000350 (sz=24, trace=300188, class=java.lang.String@5000016f)
ARR 50000351 (sz=120, trace=300108, nelems=0, elem type=char[])
OBJ 50000352 (sz=32, trace=300189, class=java.io.File@5000011d)
ARR 50000353 (sz=184, trace=300088, nelems=0, elem type=byte[])
ARR 50000354 (sz=72, trace=300089, nelems=0, elem type=byte[])
OBJ 50000355 (sz=24, trace=300090, class=java.lang.String@5000016f)
ARR 50000356 (sz=24, trace=300091, nelems=0, elem type=char[])
ARR 50000357 (sz=184, trace=300088, nelems=0, elem type=byte[])
ARR 50000358 (sz=72, trace=300089, nelems=0, elem type=byte[])
OBJ 50000359 (sz=24, trace=300090, class=java.lang.String@5000016f)
ARR 5000035a (sz=24, trace=300091, nelems=0, elem type=char[])
OBJ 5000035b (sz=32, trace=300190, class=java.io.File@5000011d)
OBJ 5000035c (sz=48, trace=300191, class=java.nio.HeapCharBuffer@50000035)
OBJ 5000035d (sz=24, trace=300192, class=java.lang.String@5000016f)
ARR 5000035e (sz=40, trace=300193, nelems=0, elem type=char[])
OBJ 5000035f (sz=24, trace=300194, class=java.lang.String@5000016f)
ARR 50000360 (sz=120, trace=300193, nelems=0, elem type=char[])
OBJ 50000361 (sz=24, trace=300194, class=java.lang.String@5000016f)
ARR 50000362 (sz=136, trace=300193, nelems=0, elem type=char[])
OBJ 50000363 (sz=24, trace=300194, class=java.lang.String@5000016f)
ARR 50000364 (sz=96, trace=300193, nelems=0, elem type=char[])
OBJ 50000365 (sz=24, trace=300194, class=java.lang.String@5000016f)
ARR 50000366 (sz=48, trace=300193, nelems=0, elem type=char[])
OBJ 50000367 (sz=24, trace=300195, class=java.lang.String@5000016f)
ARR 50000368 (sz=40, trace=300196, nelems=0, elem type=char[])
OBJ 50000369 (sz=24, trace=300194, class=java.lang.String@5000016f)
	value		5000036a
ARR 5000036a (sz=14, trace=300193, nelems=7, elem type=char[])
ARR 5000036b (sz=56, trace=300092, nelems=0, elem type=java.lang.Object[]@5000010a)
OBJ 5000036c (sz=24, trace=300194, class=java.lang.String@5000016f)
	value		5000036d
ARR 5000036d (sz=14, trace=300193, nelems=7, elem type=char[])
OBJ 5000036e (sz=24, trace=300194, class=java.lang.String@5000016f)
ARR 5000036f (sz=40, trace=300193, nelems=0, elem type=char[])
OBJ 50000370 (sz=32, trace=300197, class=java.io.File@5000011d)
	path		50000375
OBJ 50000371 (sz=24, trace=300127, class=java.lang.StringBuilder@50000123)
ARR 50000372 (sz=48, trace=300128, nelems=0, elem type=char[])
ARR 50000373 (sz=128, trace=300011, nelems=0, elem type=char[])
ARR 50000374 (sz=240, trace=300129, nelems=0, elem type=char[])
OBJ 50000375 (sz=24, trace=300130, class=java.lang.String@5000016f)
	value		50000376
ARR 50000376 (sz=136, trace=300131, nelems=68, elem type=char[])
OBJ 50000377 (sz=24, trace=300198, class=sun.misc.MetaIndex@5000003d)
	contents	50000c49
ARR 50000378 (sz=16, trace=300199, nelems=0, elem type=java.lang.String[]@500000cf)
OBJ 50000379 (sz=32, trace=300094, class=java.util.HashMap$Node@500000b9)
	key		50000370
	value		50000377
OBJ 5000037a (sz=24, trace=300195, class=java.lang.String@5000016f)
ARR 5000037b (sz=32, trace=300196, nelems=0, elem type=char[])
OBJ 5000037c (sz=24, trace=300194, class=java.lang.String@5000016f)
	value		5000037d
ARR 5000037d (sz=24, trace=300193, nelems=12, elem type=char[])
OBJ 5000037e (sz=24, trace=300194, class=java.lang.String@5000016f)
	value		5000037f
ARR 5000037f (sz=24, trace=300193, nelems=12, elem type=char[])
OBJ 50000380 (sz=24, trace=300194, class=java.lang.String@5000016f)
ARR 50000381 (sz=40, trace=300193, nelems=0, elem type=char[])
OBJ 50000382 (sz=32, trace=300197, class=java.io.File@5000011d)
	path		50000387
OBJ 50000383 (sz=24, trace=300127, class=java.lang.StringBuilder@50000123)
ARR 50000384 (sz=48, trace=300128, nelems=0, elem type=char[])
ARR 50000385 (sz=128, trace=300011, nelems=0, elem type=char[])
ARR 50000386 (sz=240, trace=300129, nelems=0, elem type=char[])
OBJ 50000387 (sz=24, trace=300130, class=java.lang.String@5000016f)
	value		50000388
ARR 50000388 (sz=126, trace=300131, nelems=63, elem type=char[])
OBJ 50000389 (sz=24, trace=300198, class=sun.misc.MetaIndex@5000003d)
	contents	50000c48
ARR 5000038a (sz=16, trace=300199, nelems=0, elem type=java.lang.String[]@500000cf)
OBJ 5000038b (sz=32, trace=300095, class=java.util.HashMap$Node@500000b9)
	key		50000382
	value		50000389
OBJ 5000038c (sz=24, trace=300195, class=java.lang.String@5000016f)
ARR 5000038d (sz=32, trace=300196, nelems=0, elem type=char[])
OBJ 5000038e (sz=24, trace=300194, class=java.lang.String@5000016f)
	value		5000038f
ARR 5000038f (sz=24, trace=300193, nelems=12, elem type=char[])
OBJ 50000390 (sz=24, trace=300194, class=java.lang.String@5000016f)
	value		50000391
ARR 50000391 (sz=24, trace=300193, nelems=12, elem type=char[])
OBJ 50000392 (sz=24, trace=300194, class=java.lang.String@5000016f)
ARR 50000393 (sz=64, trace=300193, nelems=0, elem type=char[])
OBJ 50000394 (sz=32, trace=300197, class=java.io.File@5000011d)
	path		50000399
OBJ 50000395 (sz=24, trace=300127, class=java.lang.StringBuilder@50000123)
ARR 50000396 (sz=48, trace=300128, nelems=0, elem type=char[])
ARR 50000397 (sz=128, trace=300011, nelems=0, elem type=char[])
ARR 50000398 (sz=240, trace=300129, nelems=0, elem type=char[])
OBJ 50000399 (sz=24, trace=300130, class=java.lang.String@5000016f)
	value		5000039a
ARR 5000039a (sz=128, trace=300131, nelems=64, elem type=char[])
OBJ 5000039b (sz=24, trace=300198, class=sun.misc.MetaIndex@5000003d)
	contents	50000c4a
ARR 5000039c (sz=16, trace=300199, nelems=0, elem type=java.lang.String[]@500000cf)
OBJ 5000039d (sz=32, trace=300094, class=java.util.HashMap$Node@500000b9)
	key		50000394
	value		5000039b
OBJ 5000039e (sz=24, trace=300195, class=java.lang.String@5000016f)
ARR 5000039f (sz=56, trace=300196, nelems=0, elem type=char[])
OBJ 500003a0 (sz=24, trace=300194, class=java.lang.String@5000016f)
ARR 500003a1 (sz=48, trace=300193, nelems=0, elem type=char[])
OBJ 500003a2 (sz=24, trace=300195, class=java.lang.String@5000016f)
ARR 500003a3 (sz=48, trace=300196, nelems=0, elem type=char[])
OBJ 500003a4 (sz=24, trace=300194, class=java.lang.String@5000016f)
	value		500003a5
ARR 500003a5 (sz=54, trace=300193, nelems=27, elem type=char[])
OBJ 500003a6 (sz=24, trace=300194, class=java.lang.String@5000016f)
	value		500003a7
ARR 500003a7 (sz=104, trace=300193, nelems=52, elem type=char[])
OBJ 500003a8 (sz=24, trace=300194, class=java.lang.String@5000016f)
	value		500003a9
ARR 500003a9 (sz=96, trace=300193, nelems=48, elem type=char[])
OBJ 500003aa (sz=24, trace=300194, class=java.lang.String@5000016f)
	value		500003ab
ARR 500003ab (sz=28, trace=300193, nelems=14, elem type=char[])
OBJ 500003ac (sz=24, trace=300194, class=java.lang.String@5000016f)
	value		500003ad
ARR 500003ad (sz=108, trace=300193, nelems=54, elem type=char[])
OBJ 500003ae (sz=24, trace=300194, class=java.lang.String@5000016f)
	value		500003af
ARR 500003af (sz=18, trace=300193, nelems=9, elem type=char[])
OBJ 500003b0 (sz=24, trace=300194, class=java.lang.String@5000016f)
	value		500003b1
ARR 500003b1 (sz=106, trace=300193, nelems=53, elem type=char[])
OBJ 500003b2 (sz=24, trace=300194, class=java.lang.String@5000016f)
	value		500003b3
ARR 500003b3 (sz=102, trace=300193, nelems=51, elem type=char[])
OBJ 500003b4 (sz=24, trace=300194, class=java.lang.String@5000016f)
	value		500003b5
ARR 500003b5 (sz=22, trace=300193, nelems=11, elem type=char[])
OBJ 500003b6 (sz=24, trace=300194, class=java.lang.String@5000016f)
	value		500003b7
ARR 500003b7 (sz=114, trace=300193, nelems=57, elem type=char[])
OBJ 500003b8 (sz=24, trace=300194, class=java.lang.String@5000016f)
	value		500003b9
ARR 500003b9 (sz=114, trace=300193, nelems=57, elem type=char[])
ARR 500003ba (sz=80, trace=300092, nelems=0, elem type=java.lang.Object[]@5000010a)
OBJ 500003bb (sz=24, trace=300194, class=java.lang.String@5000016f)
	value		500003bc
ARR 500003bc (sz=14, trace=300193, nelems=7, elem type=char[])
OBJ 500003bd (sz=24, trace=300194, class=java.lang.String@5000016f)
	value		500003be
ARR 500003be (sz=114, trace=300193, nelems=57, elem type=char[])
OBJ 500003bf (sz=24, trace=300194, class=java.lang.String@5000016f)
	value		500003c0
ARR 500003c0 (sz=32, trace=300193, nelems=16, elem type=char[])
OBJ 500003c1 (sz=24, trace=300194, class=java.lang.String@5000016f)
	value		500003c2
ARR 500003c2 (sz=98, trace=300193, nelems=49, elem type=char[])
OBJ 500003c3 (sz=24, trace=300194, class=java.lang.String@5000016f)
	value		500003c4
ARR 500003c4 (sz=52, trace=300193, nelems=26, elem type=char[])
ARR 500003c5 (sz=104, trace=300092, nelems=0, elem type=java.lang.Object[]@5000010a)
OBJ 500003c6 (sz=24, trace=300194, class=java.lang.String@5000016f)
	value		500003c7
ARR 500003c7 (sz=106, trace=300193, nelems=53, elem type=char[])
OBJ 500003c8 (sz=24, trace=300194, class=java.lang.String@5000016f)
	value		500003c9
ARR 500003c9 (sz=14, trace=300193, nelems=7, elem type=char[])
OBJ 500003ca (sz=24, trace=300194, class=java.lang.String@5000016f)
	value		500003cb
ARR 500003cb (sz=18, trace=300193, nelems=9, elem type=char[])
OBJ 500003cc (sz=24, trace=300194, class=java.lang.String@5000016f)
	value		500003cd
ARR 500003cd (sz=120, trace=300193, nelems=60, elem type=char[])
OBJ 500003ce (sz=24, trace=300194, class=java.lang.String@5000016f)
	value		500003cf
ARR 500003cf (sz=30, trace=300193, nelems=15, elem type=char[])
OBJ 500003d0 (sz=24, trace=300194, class=java.lang.String@5000016f)
	value		500003d1
ARR 500003d1 (sz=110, trace=300193, nelems=55, elem type=char[])
OBJ 500003d2 (sz=24, trace=300194, class=java.lang.String@5000016f)
	value		500003d3
ARR 500003d3 (sz=48, trace=300193, nelems=24, elem type=char[])
ARR 500003d4 (sz=152, trace=300092, nelems=0, elem type=java.lang.Object[]@5000010a)
OBJ 500003d5 (sz=24, trace=300194, class=java.lang.String@5000016f)
	value		500003d6
ARR 500003d6 (sz=18, trace=300193, nelems=9, elem type=char[])
OBJ 500003d7 (sz=24, trace=300194, class=java.lang.String@5000016f)
	value		500003d8
ARR 500003d8 (sz=16, trace=300193, nelems=8, elem type=char[])
OBJ 500003d9 (sz=24, trace=300194, class=java.lang.String@5000016f)
	value		500003da
ARR 500003da (sz=18, trace=300193, nelems=9, elem type=char[])
OBJ 500003db (sz=24, trace=300194, class=java.lang.String@5000016f)
	value		500003dc
ARR 500003dc (sz=110, trace=300193, nelems=55, elem type=char[])
OBJ 500003dd (sz=24, trace=300194, class=java.lang.String@5000016f)
	value		500003de
ARR 500003de (sz=24, trace=300193, nelems=12, elem type=char[])
OBJ 500003df (sz=24, trace=300194, class=java.lang.String@5000016f)
	value		500003e0
ARR 500003e0 (sz=102, trace=300193, nelems=51, elem type=char[])
OBJ 500003e1 (sz=24, trace=300194, class=java.lang.String@5000016f)
	value		500003e2
ARR 500003e2 (sz=38, trace=300193, nelems=19, elem type=char[])
OBJ 500003e3 (sz=24, trace=300194, class=java.lang.String@5000016f)
	value		500003e4
ARR 500003e4 (sz=26, trace=300193, nelems=13, elem type=char[])
OBJ 500003e5 (sz=24, trace=300194, class=java.lang.String@5000016f)
	value		500003e6
ARR 500003e6 (sz=24, trace=300193, nelems=12, elem type=char[])
OBJ 500003e7 (sz=24, trace=300194, class=java.lang.String@5000016f)
	value		500003e8
ARR 500003e8 (sz=132, trace=300193, nelems=66, elem type=char[])
OBJ 500003e9 (sz=24, trace=300194, class=java.lang.String@5000016f)
ARR 500003ea (sz=32, trace=300193, nelems=0, elem type=char[])
OBJ 500003eb (sz=32, trace=300197, class=java.io.File@5000011d)
	path		500003f0
OBJ 500003ec (sz=24, trace=300127, class=java.lang.StringBuilder@50000123)
ARR 500003ed (sz=48, trace=300128, nelems=0, elem type=char[])
ARR 500003ee (sz=128, trace=300011, nelems=0, elem type=char[])
ARR 500003ef (sz=240, trace=300129, nelems=0, elem type=char[])
OBJ 500003f0 (sz=24, trace=300130, class=java.lang.String@5000016f)
	value		500003f1
ARR 500003f1 (sz=138, trace=300131, nelems=69, elem type=char[])
OBJ 500003f2 (sz=24, trace=300198, class=sun.misc.MetaIndex@5000003d)
	contents	50000c46
ARR 500003f3 (sz=16, trace=300199, nelems=0, elem type=java.lang.String[]@500000cf)
OBJ 500003f4 (sz=32, trace=300094, class=java.util.HashMap$Node@500000b9)
	key		500003eb
	value		500003f2
	next		5000044a
OBJ 500003f5 (sz=24, trace=300195, class=java.lang.String@5000016f)
ARR 500003f6 (sz=32, trace=300196, nelems=0, elem type=char[])
OBJ 500003f7 (sz=24, trace=300194, class=java.lang.String@5000016f)
	value		500003f8
ARR 500003f8 (sz=54, trace=300193, nelems=27, elem type=char[])
OBJ 500003f9 (sz=24, trace=300194, class=java.lang.String@5000016f)
	value		500003fa
ARR 500003fa (sz=10, trace=300193, nelems=5, elem type=char[])
OBJ 500003fb (sz=24, trace=300194, class=java.lang.String@5000016f)
	value		500003fc
ARR 500003fc (sz=18, trace=300193, nelems=9, elem type=char[])
OBJ 500003fd (sz=24, trace=300194, class=java.lang.String@5000016f)
	value		500003fe
ARR 500003fe (sz=28, trace=300193, nelems=14, elem type=char[])
OBJ 500003ff (sz=24, trace=300194, class=java.lang.String@5000016f)
	value		50000400
ARR 50000400 (sz=32, trace=300193, nelems=16, elem type=char[])
OBJ 50000401 (sz=24, trace=300194, class=java.lang.String@5000016f)
	value		50000402
ARR 50000402 (sz=42, trace=300193, nelems=21, elem type=char[])
OBJ 50000403 (sz=24, trace=300194, class=java.lang.String@5000016f)
	value		50000404
ARR 50000404 (sz=28, trace=300193, nelems=14, elem type=char[])
OBJ 50000405 (sz=24, trace=300194, class=java.lang.String@5000016f)
	value		50000406
ARR 50000406 (sz=28, trace=300193, nelems=14, elem type=char[])
OBJ 50000407 (sz=24, trace=300194, class=java.lang.String@5000016f)
	value		50000408
ARR 50000408 (sz=24, trace=300193, nelems=12, elem type=char[])
OBJ 50000409 (sz=24, trace=300194, class=java.lang.String@5000016f)
	value		5000040a
ARR 5000040a (sz=38, trace=300193, nelems=19, elem type=char[])
OBJ 5000040b (sz=24, trace=300194, class=java.lang.String@5000016f)
	value		5000040c
ARR 5000040c (sz=8, trace=300193, nelems=4, elem type=char[])
OBJ 5000040d (sz=24, trace=300194, class=java.lang.String@5000016f)
	value		5000040e
ARR 5000040e (sz=24, trace=300193, nelems=12, elem type=char[])
OBJ 5000040f (sz=24, trace=300194, class=java.lang.String@5000016f)
	value		50000410
ARR 50000410 (sz=26, trace=300193, nelems=13, elem type=char[])
OBJ 50000411 (sz=24, trace=300194, class=java.lang.String@5000016f)
	value		50000412
ARR 50000412 (sz=32, trace=300193, nelems=16, elem type=char[])
OBJ 50000413 (sz=24, trace=300194, class=java.lang.String@5000016f)
	value		50000414
ARR 50000414 (sz=24, trace=300193, nelems=12, elem type=char[])
OBJ 50000415 (sz=24, trace=300194, class=java.lang.String@5000016f)
	value		50000416
ARR 50000416 (sz=24, trace=300193, nelems=12, elem type=char[])
OBJ 50000417 (sz=24, trace=300194, class=java.lang.String@5000016f)
	value		50000418
ARR 50000418 (sz=16, trace=300193, nelems=8, elem type=char[])
OBJ 50000419 (sz=24, trace=300194, class=java.lang.String@5000016f)
	value		5000041a
ARR 5000041a (sz=28, trace=300193, nelems=14, elem type=char[])
OBJ 5000041b (sz=24, trace=300194, class=java.lang.String@5000016f)
	value		5000041c
ARR 5000041c (sz=38, trace=300193, nelems=19, elem type=char[])
OBJ 5000041d (sz=24, trace=300194, class=java.lang.String@5000016f)
	value		5000041e
ARR 5000041e (sz=24, trace=300193, nelems=12, elem type=char[])
OBJ 5000041f (sz=24, trace=300194, class=java.lang.String@5000016f)
	value		50000420
ARR 50000420 (sz=30, trace=300193, nelems=15, elem type=char[])
OBJ 50000421 (sz=24, trace=300194, class=java.lang.String@5000016f)
	value		50000422
ARR 50000422 (sz=16, trace=300193, nelems=8, elem type=char[])
OBJ 50000423 (sz=24, trace=300194, class=java.lang.String@5000016f)
	value		50000424
ARR 50000424 (sz=30, trace=300193, nelems=15, elem type=char[])
OBJ 50000425 (sz=24, trace=300194, class=java.lang.String@5000016f)
	value		50000426
ARR 50000426 (sz=8, trace=300193, nelems=4, elem type=char[])
OBJ 50000427 (sz=24, trace=300194, class=java.lang.String@5000016f)
	value		50000428
ARR 50000428 (sz=30, trace=300193, nelems=15, elem type=char[])
OBJ 50000429 (sz=24, trace=300194, class=java.lang.String@5000016f)
	value		5000042a
ARR 5000042a (sz=16, trace=300193, nelems=8, elem type=char[])
OBJ 5000042b (sz=24, trace=300194, class=java.lang.String@5000016f)
	value		5000042c
ARR 5000042c (sz=16, trace=300193, nelems=8, elem type=char[])
OBJ 5000042d (sz=24, trace=300194, class=java.lang.String@5000016f)
	value		5000042e
ARR 5000042e (sz=34, trace=300193, nelems=17, elem type=char[])
OBJ 5000042f (sz=24, trace=300194, class=java.lang.String@5000016f)
	value		50000430
ARR 50000430 (sz=24, trace=300193, nelems=12, elem type=char[])
OBJ 50000431 (sz=24, trace=300194, class=java.lang.String@5000016f)
	value		50000432
ARR 50000432 (sz=38, trace=300193, nelems=19, elem type=char[])
OBJ 50000433 (sz=24, trace=300194, class=java.lang.String@5000016f)
	value		50000434
ARR 50000434 (sz=22, trace=300193, nelems=11, elem type=char[])
OBJ 50000435 (sz=24, trace=300194, class=java.lang.String@5000016f)
	value		50000436
ARR 50000436 (sz=34, trace=300193, nelems=17, elem type=char[])
OBJ 50000437 (sz=24, trace=300194, class=java.lang.String@5000016f)
	value		50000438
ARR 50000438 (sz=26, trace=300193, nelems=13, elem type=char[])
OBJ 50000439 (sz=24, trace=300194, class=java.lang.String@5000016f)
	value		5000043a
ARR 5000043a (sz=44, trace=300193, nelems=22, elem type=char[])
ARR 5000043b (sz=216, trace=300092, nelems=0, elem type=java.lang.Object[]@5000010a)
OBJ 5000043c (sz=24, trace=300194, class=java.lang.String@5000016f)
	value		5000043d
ARR 5000043d (sz=24, trace=300193, nelems=12, elem type=char[])
OBJ 5000043e (sz=24, trace=300194, class=java.lang.String@5000016f)
	value		5000043f
ARR 5000043f (sz=12, trace=300193, nelems=6, elem type=char[])
OBJ 50000440 (sz=48, trace=300191, class=java.nio.HeapCharBuffer@50000035)
OBJ 50000441 (sz=32, trace=300200, class=java.io.File@5000011d)
	path		50000446
OBJ 50000442 (sz=24, trace=300127, class=java.lang.StringBuilder@50000123)
ARR 50000443 (sz=48, trace=300128, nelems=0, elem type=char[])
ARR 50000444 (sz=128, trace=300011, nelems=0, elem type=char[])
ARR 50000445 (sz=240, trace=300129, nelems=0, elem type=char[])
OBJ 50000446 (sz=24, trace=300130, class=java.lang.String@5000016f)
	value		50000447
ARR 50000447 (sz=124, trace=300131, nelems=62, elem type=char[])
OBJ 50000448 (sz=24, trace=300201, class=sun.misc.MetaIndex@5000003d)
	contents	50000c47
ARR 50000449 (sz=16, trace=300202, nelems=0, elem type=java.lang.String[]@500000cf)
OBJ 5000044a (sz=32, trace=300095, class=java.util.HashMap$Node@500000b9)
	key		50000441
	value		50000448
ARR 5000044b (sz=144, trace=300203, nelems=32, elem type=java.util.HashMap$Node[]@500000b8)
	[3]		50000c19
	[4]		50000c1a
	[6]		50000c1b
	[8]		5000039d
	[10]		50000379
	[11]		5000038b
	[12]		500003f4
	[19]		50000c1c
	[23]		50000c1d
	[27]		50000c1e
	[30]		50000c1f
	[31]		50000c20
OBJ 5000044c (sz=16, trace=300204, class=java.io.FileInputStream$1@5000002e)
ARR 5000044d (sz=208, trace=300088, nelems=0, elem type=byte[])
ARR 5000044e (sz=80, trace=300089, nelems=0, elem type=byte[])
OBJ 5000044f (sz=24, trace=300090, class=java.lang.String@5000016f)
ARR 50000450 (sz=32, trace=300091, nelems=0, elem type=char[])
OBJ 50000451 (sz=24, trace=300169, class=java.lang.String@5000016f)
ARR 50000452 (sz=128, trace=300170, nelems=0, elem type=char[])
OBJ 50000453 (sz=32, trace=300171, class=java.io.File@5000011d)
ARR 50000454 (sz=232, trace=300088, nelems=0, elem type=byte[])
ARR 50000455 (sz=88, trace=300089, nelems=0, elem type=byte[])
OBJ 50000456 (sz=24, trace=300090, class=java.lang.String@5000016f)
ARR 50000457 (sz=48, trace=300091, nelems=0, elem type=char[])
OBJ 50000458 (sz=24, trace=300169, class=java.lang.String@5000016f)
ARR 50000459 (sz=128, trace=300170, nelems=0, elem type=char[])
OBJ 5000045a (sz=32, trace=300171, class=java.io.File@5000011d)
ARR 5000045b (sz=208, trace=300088, nelems=0, elem type=byte[])
ARR 5000045c (sz=80, trace=300089, nelems=0, elem type=byte[])
OBJ 5000045d (sz=24, trace=300090, class=java.lang.String@5000016f)
ARR 5000045e (sz=32, trace=300091, nelems=0, elem type=char[])
OBJ 5000045f (sz=24, trace=300169, class=java.lang.String@5000016f)
ARR 50000460 (sz=128, trace=300170, nelems=0, elem type=char[])
OBJ 50000461 (sz=32, trace=300171, class=java.io.File@5000011d)
ARR 50000462 (sz=208, trace=300088, nelems=0, elem type=byte[])
ARR 50000463 (sz=80, trace=300089, nelems=0, elem type=byte[])
OBJ 50000464 (sz=24, trace=300090, class=java.lang.String@5000016f)
ARR 50000465 (sz=32, trace=300091, nelems=0, elem type=char[])
OBJ 50000466 (sz=24, trace=300169, class=java.lang.String@5000016f)
ARR 50000467 (sz=128, trace=300170, nelems=0, elem type=char[])
OBJ 50000468 (sz=32, trace=300171, class=java.io.File@5000011d)
ARR 50000469 (sz=224, trace=300088, nelems=0, elem type=byte[])
ARR 5000046a (sz=88, trace=300089, nelems=0, elem type=byte[])
OBJ 5000046b (sz=24, trace=300090, class=java.lang.String@5000016f)
ARR 5000046c (sz=40, trace=300091, nelems=0, elem type=char[])
OBJ 5000046d (sz=24, trace=300169, class=java.lang.String@5000016f)
ARR 5000046e (sz=128, trace=300170, nelems=0, elem type=char[])
OBJ 5000046f (sz=32, trace=300171, class=java.io.File@5000011d)
ARR 50000470 (sz=208, trace=300088, nelems=0, elem type=byte[])
ARR 50000471 (sz=80, trace=300089, nelems=0, elem type=byte[])
OBJ 50000472 (sz=24, trace=300090, class=java.lang.String@5000016f)
ARR 50000473 (sz=32, trace=300091, nelems=0, elem type=char[])
OBJ 50000474 (sz=24, trace=300169, class=java.lang.String@5000016f)
ARR 50000475 (sz=128, trace=300170, nelems=0, elem type=char[])
OBJ 50000476 (sz=32, trace=300171, class=java.io.File@5000011d)
ARR 50000477 (sz=200, trace=300088, nelems=0, elem type=byte[])
ARR 50000478 (sz=80, trace=300089, nelems=0, elem type=byte[])
OBJ 50000479 (sz=24, trace=300090, class=java.lang.String@5000016f)
ARR 5000047a (sz=32, trace=300091, nelems=0, elem type=char[])
OBJ 5000047b (sz=24, trace=300169, class=java.lang.String@5000016f)
ARR 5000047c (sz=120, trace=300170, nelems=0, elem type=char[])
OBJ 5000047d (sz=32, trace=300171, class=java.io.File@5000011d)
OBJ 5000047e (sz=32, trace=300094, class=java.util.HashMap$Node@500000b9)
OBJ 5000047f (sz=32, trace=300173, class=java.io.File@5000011d)
OBJ 50000480 (sz=24, trace=300127, class=java.lang.StringBuilder@50000123)
ARR 50000481 (sz=48, trace=300128, nelems=0, elem type=char[])
ARR 50000482 (sz=120, trace=300011, nelems=0, elem type=char[])
ARR 50000483 (sz=224, trace=300129, nelems=0, elem type=char[])
OBJ 50000484 (sz=24, trace=300130, class=java.lang.String@5000016f)
ARR 50000485 (sz=144, trace=300131, nelems=0, elem type=char[])
ARR 50000486 (sz=208, trace=300088, nelems=0, elem type=byte[])
ARR 50000487 (sz=80, trace=300089, nelems=0, elem type=byte[])
OBJ 50000488 (sz=24, trace=300090, class=java.lang.String@5000016f)
ARR 50000489 (sz=40, trace=300091, nelems=0, elem type=char[])
ARR 5000048a (sz=48, trace=300205, nelems=0, elem type=java.net.URL[]@5000000d)
OBJ 5000048b (sz=24, trace=300107, class=java.lang.String@5000016f)
	value		5000048c
ARR 5000048c (sz=110, trace=300108, nelems=55, elem type=char[])
ARR 5000048d (sz=224, trace=300109, nelems=0, elem type=byte[])
ARR 5000048e (sz=88, trace=300089, nelems=0, elem type=byte[])
OBJ 5000048f (sz=24, trace=300110, class=java.lang.String@5000016f)
	value		50000490
ARR 50000490 (sz=138, trace=300048, nelems=69, elem type=char[])
OBJ 50000491 (sz=24, trace=300111, class=java.io.ExpiringCache$Entry@5000005a)
	val		5000048f
OBJ 50000492 (sz=40, trace=300206, class=java.util.LinkedHashMap$Entry@50000059)
	key		5000030b
	value		50000491
	next		500004bc
	before		5000034e
	after		500004bc
OBJ 50000493 (sz=24, trace=300188, class=java.lang.String@5000016f)
	value		50000494
ARR 50000494 (sz=110, trace=300108, nelems=55, elem type=char[])
OBJ 50000495 (sz=32, trace=300189, class=java.io.File@5000011d)
ARR 50000496 (sz=224, trace=300088, nelems=0, elem type=byte[])
ARR 50000497 (sz=88, trace=300089, nelems=0, elem type=byte[])
OBJ 50000498 (sz=24, trace=300090, class=java.lang.String@5000016f)
ARR 50000499 (sz=48, trace=300091, nelems=0, elem type=char[])
ARR 5000049a (sz=224, trace=300088, nelems=0, elem type=byte[])
ARR 5000049b (sz=88, trace=300089, nelems=0, elem type=byte[])
OBJ 5000049c (sz=24, trace=300090, class=java.lang.String@5000016f)
ARR 5000049d (sz=48, trace=300091, nelems=0, elem type=char[])
OBJ 5000049e (sz=24, trace=300207, class=java.io.ExpiringCache$Entry@5000005a)
	val		50000493
OBJ 5000049f (sz=40, trace=300206, class=java.util.LinkedHashMap$Entry@50000059)
	key		5000048b
	value		5000049e
	before		50000b8e
OBJ 500004a0 (sz=32, trace=300208, class=java.io.File@5000011d)
ARR 500004a1 (sz=328, trace=300209, nelems=0, elem type=char[])
ARR 500004a2 (sz=160, trace=300210, nelems=0, elem type=char[])
OBJ 500004a3 (sz=24, trace=300211, class=java.lang.String@5000016f)
	value		500004a4
ARR 500004a4 (sz=138, trace=300212, nelems=69, elem type=char[])
ARR 500004a5 (sz=224, trace=300088, nelems=0, elem type=byte[])
ARR 500004a6 (sz=88, trace=300089, nelems=0, elem type=byte[])
OBJ 500004a7 (sz=24, trace=300090, class=java.lang.String@5000016f)
ARR 500004a8 (sz=48, trace=300091, nelems=0, elem type=char[])
OBJ 500004a9 (sz=64, trace=300213, class=java.net.URL@5000011b)
	protocol	50000bdd
	host		5000089c
	file		500004a3
	authority	5000089c
	path		500004a3
	handler		50000bdb
OBJ 500004aa (sz=24, trace=300214, class=java.net.Parts@50000010)
OBJ 500004ab (sz=24, trace=300107, class=java.lang.String@5000016f)
ARR 500004ac (sz=128, trace=300108, nelems=0, elem type=char[])
OBJ 500004ad (sz=24, trace=300215, class=java.lang.String@5000016f)
ARR 500004ae (sz=32, trace=300216, nelems=0, elem type=char[])
OBJ 500004af (sz=24, trace=300217, class=java.lang.StringBuilder@50000123)
ARR 500004b0 (sz=48, trace=300218, nelems=0, elem type=char[])
ARR 500004b1 (sz=128, trace=300011, nelems=0, elem type=char[])
ARR 500004b2 (sz=240, trace=300129, nelems=0, elem type=char[])
OBJ 500004b3 (sz=24, trace=300219, class=java.lang.String@5000016f)
	value		500004b4
ARR 500004b4 (sz=124, trace=300220, nelems=62, elem type=char[])
OBJ 500004b5 (sz=24, trace=300221, class=java.lang.StringBuilder@50000123)
ARR 500004b6 (sz=48, trace=300222, nelems=0, elem type=char[])
ARR 500004b7 (sz=128, trace=300011, nelems=0, elem type=char[])
ARR 500004b8 (sz=240, trace=300129, nelems=0, elem type=char[])
OBJ 500004b9 (sz=24, trace=300223, class=java.lang.String@5000016f)
	value		500004ba
ARR 500004ba (sz=124, trace=300224, nelems=62, elem type=char[])
OBJ 500004bb (sz=24, trace=300225, class=java.io.ExpiringCache$Entry@5000005a)
	val		500004b3
OBJ 500004bc (sz=40, trace=300112, class=java.util.LinkedHashMap$Entry@50000059)
	key		500004b9
	value		500004bb
	before		50000492
	after		500004d9
OBJ 500004bd (sz=32, trace=300208, class=java.io.File@5000011d)
ARR 500004be (sz=296, trace=300209, nelems=0, elem type=char[])
ARR 500004bf (sz=144, trace=300210, nelems=0, elem type=char[])
OBJ 500004c0 (sz=24, trace=300211, class=java.lang.String@5000016f)
	value		500004c1
ARR 500004c1 (sz=124, trace=300212, nelems=62, elem type=char[])
ARR 500004c2 (sz=208, trace=300088, nelems=0, elem type=byte[])
ARR 500004c3 (sz=80, trace=300089, nelems=0, elem type=byte[])
OBJ 500004c4 (sz=24, trace=300090, class=java.lang.String@5000016f)
ARR 500004c5 (sz=32, trace=300091, nelems=0, elem type=char[])
OBJ 500004c6 (sz=64, trace=300213, class=java.net.URL@5000011b)
	protocol	50000bdd
	host		5000089c
	file		500004c0
	authority	5000089c
	path		500004c0
	handler		50000bdb
OBJ 500004c7 (sz=24, trace=300214, class=java.net.Parts@50000010)
OBJ 500004c8 (sz=24, trace=300107, class=java.lang.String@5000016f)
ARR 500004c9 (sz=128, trace=300108, nelems=0, elem type=char[])
OBJ 500004ca (sz=24, trace=300215, class=java.lang.String@5000016f)
ARR 500004cb (sz=48, trace=300216, nelems=0, elem type=char[])
OBJ 500004cc (sz=24, trace=300217, class=java.lang.StringBuilder@50000123)
ARR 500004cd (sz=48, trace=300218, nelems=0, elem type=char[])
ARR 500004ce (sz=128, trace=300011, nelems=0, elem type=char[])
ARR 500004cf (sz=240, trace=300129, nelems=0, elem type=char[])
OBJ 500004d0 (sz=24, trace=300219, class=java.lang.String@5000016f)
	value		500004d1
ARR 500004d1 (sz=140, trace=300220, nelems=70, elem type=char[])
OBJ 500004d2 (sz=24, trace=300221, class=java.lang.StringBuilder@50000123)
ARR 500004d3 (sz=48, trace=300222, nelems=0, elem type=char[])
ARR 500004d4 (sz=128, trace=300011, nelems=0, elem type=char[])
ARR 500004d5 (sz=240, trace=300129, nelems=0, elem type=char[])
OBJ 500004d6 (sz=24, trace=300223, class=java.lang.String@5000016f)
	value		500004d7
ARR 500004d7 (sz=140, trace=300224, nelems=70, elem type=char[])
OBJ 500004d8 (sz=24, trace=300225, class=java.io.ExpiringCache$Entry@5000005a)
	val		500004d0
OBJ 500004d9 (sz=40, trace=300112, class=java.util.LinkedHashMap$Entry@50000059)
	key		500004d6
	value		500004d8
	before		500004bc
	after		500004f6
OBJ 500004da (sz=32, trace=300208, class=java.io.File@5000011d)
ARR 500004db (sz=328, trace=300209, nelems=0, elem type=char[])
ARR 500004dc (sz=160, trace=300210, nelems=0, elem type=char[])
OBJ 500004dd (sz=24, trace=300211, class=java.lang.String@5000016f)
	value		500004de
ARR 500004de (sz=140, trace=300212, nelems=70, elem type=char[])
ARR 500004df (sz=232, trace=300088, nelems=0, elem type=byte[])
ARR 500004e0 (sz=88, trace=300089, nelems=0, elem type=byte[])
OBJ 500004e1 (sz=24, trace=300090, class=java.lang.String@5000016f)
ARR 500004e2 (sz=48, trace=300091, nelems=0, elem type=char[])
OBJ 500004e3 (sz=64, trace=300213, class=java.net.URL@5000011b)
	protocol	50000bdd
	host		5000089c
	file		500004dd
	authority	5000089c
	path		500004dd
	handler		50000bdb
OBJ 500004e4 (sz=24, trace=300214, class=java.net.Parts@50000010)
OBJ 500004e5 (sz=24, trace=300107, class=java.lang.String@5000016f)
ARR 500004e6 (sz=128, trace=300108, nelems=0, elem type=char[])
OBJ 500004e7 (sz=24, trace=300215, class=java.lang.String@5000016f)
ARR 500004e8 (sz=32, trace=300216, nelems=0, elem type=char[])
OBJ 500004e9 (sz=24, trace=300217, class=java.lang.StringBuilder@50000123)
ARR 500004ea (sz=48, trace=300218, nelems=0, elem type=char[])
ARR 500004eb (sz=128, trace=300011, nelems=0, elem type=char[])
ARR 500004ec (sz=240, trace=300129, nelems=0, elem type=char[])
OBJ 500004ed (sz=24, trace=300219, class=java.lang.String@5000016f)
	value		500004ee
ARR 500004ee (sz=128, trace=300220, nelems=64, elem type=char[])
OBJ 500004ef (sz=24, trace=300221, class=java.lang.StringBuilder@50000123)
ARR 500004f0 (sz=48, trace=300222, nelems=0, elem type=char[])
ARR 500004f1 (sz=128, trace=300011, nelems=0, elem type=char[])
ARR 500004f2 (sz=240, trace=300129, nelems=0, elem type=char[])
OBJ 500004f3 (sz=24, trace=300223, class=java.lang.String@5000016f)
	value		500004f4
ARR 500004f4 (sz=128, trace=300224, nelems=64, elem type=char[])
OBJ 500004f5 (sz=24, trace=300225, class=java.io.ExpiringCache$Entry@5000005a)
	val		500004ed
OBJ 500004f6 (sz=40, trace=300206, class=java.util.LinkedHashMap$Entry@50000059)
	key		500004f3
	value		500004f5
	before		500004d9
	after		50000513
OBJ 500004f7 (sz=32, trace=300208, class=java.io.File@5000011d)
ARR 500004f8 (sz=304, trace=300209, nelems=0, elem type=char[])
ARR 500004f9 (sz=144, trace=300210, nelems=0, elem type=char[])
OBJ 500004fa (sz=24, trace=300211, class=java.lang.String@5000016f)
	value		500004fb
ARR 500004fb (sz=128, trace=300212, nelems=64, elem type=char[])
ARR 500004fc (sz=208, trace=300088, nelems=0, elem type=byte[])
ARR 500004fd (sz=80, trace=300089, nelems=0, elem type=byte[])
OBJ 500004fe (sz=24, trace=300090, class=java.lang.String@5000016f)
ARR 500004ff (sz=32, trace=300091, nelems=0, elem type=char[])
OBJ 50000500 (sz=64, trace=300213, class=java.net.URL@5000011b)
	protocol	50000bdd
	host		5000089c
	file		500004fa
	authority	5000089c
	path		500004fa
	handler		50000bdb
OBJ 50000501 (sz=24, trace=300214, class=java.net.Parts@50000010)
OBJ 50000502 (sz=24, trace=300107, class=java.lang.String@5000016f)
ARR 50000503 (sz=128, trace=300108, nelems=0, elem type=char[])
OBJ 50000504 (sz=24, trace=300215, class=java.lang.String@5000016f)
ARR 50000505 (sz=32, trace=300216, nelems=0, elem type=char[])
OBJ 50000506 (sz=24, trace=300217, class=java.lang.StringBuilder@50000123)
ARR 50000507 (sz=48, trace=300218, nelems=0, elem type=char[])
ARR 50000508 (sz=128, trace=300011, nelems=0, elem type=char[])
ARR 50000509 (sz=240, trace=300129, nelems=0, elem type=char[])
OBJ 5000050a (sz=24, trace=300219, class=java.lang.String@5000016f)
	value		5000050b
ARR 5000050b (sz=126, trace=300220, nelems=63, elem type=char[])
OBJ 5000050c (sz=24, trace=300221, class=java.lang.StringBuilder@50000123)
ARR 5000050d (sz=48, trace=300222, nelems=0, elem type=char[])
ARR 5000050e (sz=128, trace=300011, nelems=0, elem type=char[])
ARR 5000050f (sz=240, trace=300129, nelems=0, elem type=char[])
OBJ 50000510 (sz=24, trace=300223, class=java.lang.String@5000016f)
	value		50000511
ARR 50000511 (sz=126, trace=300224, nelems=63, elem type=char[])
OBJ 50000512 (sz=24, trace=300225, class=java.io.ExpiringCache$Entry@5000005a)
	val		5000050a
OBJ 50000513 (sz=40, trace=300206, class=java.util.LinkedHashMap$Entry@50000059)
	key		50000510
	value		50000512
	before		500004f6
	after		50000530
OBJ 50000514 (sz=32, trace=300208, class=java.io.File@5000011d)
ARR 50000515 (sz=304, trace=300209, nelems=0, elem type=char[])
ARR 50000516 (sz=144, trace=300210, nelems=0, elem type=char[])
OBJ 50000517 (sz=24, trace=300211, class=java.lang.String@5000016f)
	value		50000518
ARR 50000518 (sz=126, trace=300212, nelems=63, elem type=char[])
ARR 50000519 (sz=208, trace=300088, nelems=0, elem type=byte[])
ARR 5000051a (sz=80, trace=300089, nelems=0, elem type=byte[])
OBJ 5000051b (sz=24, trace=300090, class=java.lang.String@5000016f)
ARR 5000051c (sz=32, trace=300091, nelems=0, elem type=char[])
OBJ 5000051d (sz=64, trace=300213, class=java.net.URL@5000011b)
	protocol	50000bdd
	host		5000089c
	file		50000517
	authority	5000089c
	path		50000517
	handler		50000bdb
OBJ 5000051e (sz=24, trace=300214, class=java.net.Parts@50000010)
OBJ 5000051f (sz=24, trace=300107, class=java.lang.String@5000016f)
ARR 50000520 (sz=128, trace=300108, nelems=0, elem type=char[])
OBJ 50000521 (sz=24, trace=300215, class=java.lang.String@5000016f)
ARR 50000522 (sz=40, trace=300216, nelems=0, elem type=char[])
OBJ 50000523 (sz=24, trace=300217, class=java.lang.StringBuilder@50000123)
ARR 50000524 (sz=48, trace=300218, nelems=0, elem type=char[])
ARR 50000525 (sz=128, trace=300011, nelems=0, elem type=char[])
ARR 50000526 (sz=240, trace=300129, nelems=0, elem type=char[])
OBJ 50000527 (sz=24, trace=300219, class=java.lang.String@5000016f)
	value		50000528
ARR 50000528 (sz=136, trace=300220, nelems=68, elem type=char[])
OBJ 50000529 (sz=24, trace=300221, class=java.lang.StringBuilder@50000123)
ARR 5000052a (sz=48, trace=300222, nelems=0, elem type=char[])
ARR 5000052b (sz=128, trace=300011, nelems=0, elem type=char[])
ARR 5000052c (sz=240, trace=300129, nelems=0, elem type=char[])
OBJ 5000052d (sz=24, trace=300223, class=java.lang.String@5000016f)
	value		5000052e
ARR 5000052e (sz=136, trace=300224, nelems=68, elem type=char[])
OBJ 5000052f (sz=24, trace=300225, class=java.io.ExpiringCache$Entry@5000005a)
	val		50000527
OBJ 50000530 (sz=40, trace=300206, class=java.util.LinkedHashMap$Entry@50000059)
	key		5000052d
	value		5000052f
	before		50000513
	after		5000054d
OBJ 50000531 (sz=32, trace=300208, class=java.io.File@5000011d)
ARR 50000532 (sz=320, trace=300209, nelems=0, elem type=char[])
ARR 50000533 (sz=152, trace=300210, nelems=0, elem type=char[])
OBJ 50000534 (sz=24, trace=300211, class=java.lang.String@5000016f)
	value		50000535
ARR 50000535 (sz=136, trace=300212, nelems=68, elem type=char[])
ARR 50000536 (sz=224, trace=300088, nelems=0, elem type=byte[])
ARR 50000537 (sz=88, trace=300089, nelems=0, elem type=byte[])
OBJ 50000538 (sz=24, trace=300090, class=java.lang.String@5000016f)
ARR 50000539 (sz=40, trace=300091, nelems=0, elem type=char[])
OBJ 5000053a (sz=64, trace=300213, class=java.net.URL@5000011b)
	protocol	50000bdd
	host		5000089c
	file		50000534
	authority	5000089c
	path		50000534
	handler		50000bdb
OBJ 5000053b (sz=24, trace=300214, class=java.net.Parts@50000010)
OBJ 5000053c (sz=24, trace=300107, class=java.lang.String@5000016f)
ARR 5000053d (sz=128, trace=300108, nelems=0, elem type=char[])
OBJ 5000053e (sz=24, trace=300215, class=java.lang.String@5000016f)
ARR 5000053f (sz=32, trace=300216, nelems=0, elem type=char[])
OBJ 50000540 (sz=24, trace=300217, class=java.lang.StringBuilder@50000123)
ARR 50000541 (sz=48, trace=300218, nelems=0, elem type=char[])
ARR 50000542 (sz=128, trace=300011, nelems=0, elem type=char[])
ARR 50000543 (sz=240, trace=300129, nelems=0, elem type=char[])
OBJ 50000544 (sz=24, trace=300219, class=java.lang.String@5000016f)
	value		50000545
ARR 50000545 (sz=126, trace=300220, nelems=63, elem type=char[])
OBJ 50000546 (sz=24, trace=300221, class=java.lang.StringBuilder@50000123)
ARR 50000547 (sz=48, trace=300222, nelems=0, elem type=char[])
ARR 50000548 (sz=128, trace=300011, nelems=0, elem type=char[])
ARR 50000549 (sz=240, trace=300129, nelems=0, elem type=char[])
OBJ 5000054a (sz=24, trace=300223, class=java.lang.String@5000016f)
	value		5000054b
ARR 5000054b (sz=126, trace=300224, nelems=63, elem type=char[])
OBJ 5000054c (sz=24, trace=300225, class=java.io.ExpiringCache$Entry@5000005a)
	val		50000544
OBJ 5000054d (sz=40, trace=300112, class=java.util.LinkedHashMap$Entry@50000059)
	key		5000054a
	value		5000054c
	before		50000530
	after		50000560
OBJ 5000054e (sz=32, trace=300208, class=java.io.File@5000011d)
ARR 5000054f (sz=304, trace=300209, nelems=0, elem type=char[])
ARR 50000550 (sz=144, trace=300210, nelems=0, elem type=char[])
OBJ 50000551 (sz=24, trace=300211, class=java.lang.String@5000016f)
	value		50000552
ARR 50000552 (sz=126, trace=300212, nelems=63, elem type=char[])
ARR 50000553 (sz=208, trace=300088, nelems=0, elem type=byte[])
ARR 50000554 (sz=80, trace=300089, nelems=0, elem type=byte[])
OBJ 50000555 (sz=24, trace=300090, class=java.lang.String@5000016f)
ARR 50000556 (sz=32, trace=300091, nelems=0, elem type=char[])
OBJ 50000557 (sz=64, trace=300213, class=java.net.URL@5000011b)
	protocol	50000bdd
	host		5000089c
	file		50000551
	authority	5000089c
	path		50000551
	handler		50000bdb
OBJ 50000558 (sz=24, trace=300214, class=java.net.Parts@50000010)
OBJ 50000559 (sz=24, trace=300107, class=java.lang.String@5000016f)
ARR 5000055a (sz=120, trace=300108, nelems=0, elem type=char[])
ARR 5000055b (sz=200, trace=300109, nelems=0, elem type=byte[])
ARR 5000055c (sz=80, trace=300089, nelems=0, elem type=byte[])
OBJ 5000055d (sz=24, trace=300110, class=java.lang.String@5000016f)
	value		5000055e
ARR 5000055e (sz=118, trace=300048, nelems=59, elem type=char[])
OBJ 5000055f (sz=24, trace=300111, class=java.io.ExpiringCache$Entry@5000005a)
	val		5000055d
OBJ 50000560 (sz=40, trace=300112, class=java.util.LinkedHashMap$Entry@50000059)
	key		50000320
	value		5000055f
	before		5000054d
OBJ 50000561 (sz=24, trace=300188, class=java.lang.String@5000016f)
ARR 50000562 (sz=120, trace=300108, nelems=0, elem type=char[])
OBJ 50000563 (sz=32, trace=300189, class=java.io.File@5000011d)
ARR 50000564 (sz=200, trace=300088, nelems=0, elem type=byte[])
ARR 50000565 (sz=80, trace=300089, nelems=0, elem type=byte[])
OBJ 50000566 (sz=24, trace=300090, class=java.lang.String@5000016f)
ARR 50000567 (sz=32, trace=300091, nelems=0, elem type=char[])
OBJ 50000568 (sz=32, trace=300208, class=java.io.File@5000011d)
ARR 50000569 (sz=288, trace=300209, nelems=0, elem type=char[])
ARR 5000056a (sz=136, trace=300210, nelems=0, elem type=char[])
OBJ 5000056b (sz=24, trace=300211, class=java.lang.String@5000016f)
	value		5000056c
ARR 5000056c (sz=118, trace=300212, nelems=59, elem type=char[])
ARR 5000056d (sz=200, trace=300088, nelems=0, elem type=byte[])
ARR 5000056e (sz=80, trace=300089, nelems=0, elem type=byte[])
OBJ 5000056f (sz=24, trace=300090, class=java.lang.String@5000016f)
ARR 50000570 (sz=32, trace=300091, nelems=0, elem type=char[])
OBJ 50000571 (sz=64, trace=300213, class=java.net.URL@5000011b)
	protocol	50000bdd
	host		5000089c
	file		5000056b
	authority	5000089c
	path		5000056b
	handler		50000bdb
OBJ 50000572 (sz=24, trace=300214, class=java.net.Parts@50000010)
OBJ 50000573 (sz=48, trace=300226, class=sun.misc.URLClassPath@50000004)
	path		50000574
	urls		50000575
	loaders		50000577
	lmap		50000578
	jarHandler	5000057f
OBJ 50000574 (sz=24, trace=300227, class=java.util.ArrayList@500000c5)
	elementData	50000579
OBJ 50000575 (sz=32, trace=300228, class=java.util.Stack@500000e4)
	elementData	50000576
ARR 50000576 (sz=56, trace=300229, nelems=0, elem type=java.lang.Object[]@5000010a)
OBJ 50000577 (sz=24, trace=300230, class=java.util.ArrayList@500000c5)
	elementData	500005a2
OBJ 50000578 (sz=48, trace=300231, class=java.util.HashMap@500000ba)
	table		500005a3
ARR 50000579 (sz=56, trace=300092, nelems=8, elem type=java.lang.Object[]@5000010a)
	[0]		500004a9
	[1]		500004c6
	[2]		500004e3
	[3]		50000500
	[4]		5000051d
	[5]		5000053a
	[6]		50000557
	[7]		50000571
OBJ 5000057a (sz=24, trace=300232, class=java.lang.StringBuilder@50000123)
ARR 5000057b (sz=48, trace=300233, nelems=0, elem type=char[])
ARR 5000057c (sz=88, trace=300011, nelems=0, elem type=char[])
OBJ 5000057d (sz=24, trace=300234, class=java.lang.String@5000016f)
ARR 5000057e (sz=80, trace=300235, nelems=0, elem type=char[])
OBJ 5000057f (sz=16, trace=300236, class=sun.net.www.protocol.jar.Handler@50000003)
OBJ 50000581 (sz=40, trace=300238, class=sun.misc.URLClassPath$2@50000580)
OBJ 50000583 (sz=16, trace=300240, class=java.lang.ClassLoader$2@50000582)
OBJ 50000585 (sz=40, trace=300242, class=sun.misc.URLClassPath$1@50000584)
OBJ 50000587 (sz=24, trace=300244, class=java.net.URLClassLoader$3@50000586)
OBJ 50000589 (sz=24, trace=300246, class=sun.misc.CompoundEnumeration@50000588)
OBJ 5000058a (sz=24, trace=300058, class=java.lang.StringBuilder@50000123)
ARR 5000058b (sz=48, trace=300059, nelems=0, elem type=char[])
ARR 5000058c (sz=168, trace=300011, nelems=0, elem type=char[])
OBJ 5000058d (sz=24, trace=300060, class=java.lang.String@5000016f)
	value		5000058e
ARR 5000058e (sz=152, trace=300061, nelems=76, elem type=char[])
OBJ 5000058f (sz=24, trace=300063, class=sun.misc.URLClassPath$3@500001ce)
OBJ 50000590 (sz=24, trace=300068, class=java.lang.StringBuilder@50000123)
ARR 50000591 (sz=48, trace=300069, nelems=0, elem type=char[])
OBJ 50000592 (sz=24, trace=300078, class=java.lang.StringBuffer@50000124)
ARR 50000593 (sz=168, trace=300079, nelems=0, elem type=char[])
ARR 50000594 (sz=168, trace=300080, nelems=0, elem type=char[])
OBJ 50000595 (sz=24, trace=300081, class=java.lang.String@5000016f)
ARR 50000596 (sz=168, trace=300011, nelems=0, elem type=char[])
ARR 50000597 (sz=320, trace=300011, nelems=0, elem type=char[])
OBJ 50000598 (sz=24, trace=300082, class=java.lang.String@5000016f)
	value		50000599
ARR 50000599 (sz=152, trace=300083, nelems=76, elem type=char[])
OBJ 5000059a (sz=64, trace=300084, class=java.net.URL@5000011b)
	protocol	50000c0e
	host		5000089c
	file		50000598
	authority	5000089c
	path		50000598
	handler		5000057f
OBJ 5000059b (sz=24, trace=300085, class=java.net.Parts@50000010)
OBJ 5000059c (sz=48, trace=300086, class=sun.misc.URLClassPath$JarLoader@500001d1)
	base		5000059a
	csu		500004a9
	metaIndex	500003f2
	handler		5000057f
	lmap		50000578
OBJ 5000059d (sz=32, trace=300087, class=java.io.File@5000011d)
ARR 5000059e (sz=224, trace=300088, nelems=0, elem type=byte[])
ARR 5000059f (sz=88, trace=300089, nelems=0, elem type=byte[])
OBJ 500005a0 (sz=24, trace=300090, class=java.lang.String@5000016f)
ARR 500005a1 (sz=48, trace=300091, nelems=0, elem type=char[])
ARR 500005a2 (sz=56, trace=300092, nelems=5, elem type=java.lang.Object[]@5000010a)
	[0]		5000059c
	[1]		500005b7
	[2]		500005f3
	[3]		5000060c
	[4]		50000625
ARR 500005a3 (sz=80, trace=300093, nelems=9, elem type=java.util.HashMap$Node[]@500000b8)
	[2]		500005a4
	[4]		500005bd
	[7]		5000062b
	[8]		50000612
OBJ 500005a4 (sz=32, trace=300094, class=java.util.HashMap$Node@500000b9)
	key		5000058d
	value		5000059c
OBJ 500005a5 (sz=24, trace=300058, class=java.lang.StringBuilder@50000123)
ARR 500005a6 (sz=48, trace=300059, nelems=0, elem type=char[])
ARR 500005a7 (sz=160, trace=300011, nelems=0, elem type=char[])
OBJ 500005a8 (sz=24, trace=300060, class=java.lang.String@5000016f)
	value		500005a9
ARR 500005a9 (sz=138, trace=300061, nelems=69, elem type=char[])
OBJ 500005aa (sz=24, trace=300063, class=sun.misc.URLClassPath$3@500001ce)
OBJ 500005ab (sz=24, trace=300068, class=java.lang.StringBuilder@50000123)
ARR 500005ac (sz=48, trace=300069, nelems=0, elem type=char[])
OBJ 500005ad (sz=24, trace=300078, class=java.lang.StringBuffer@50000124)
ARR 500005ae (sz=152, trace=300079, nelems=0, elem type=char[])
ARR 500005af (sz=152, trace=300080, nelems=0, elem type=char[])
OBJ 500005b0 (sz=24, trace=300081, class=java.lang.String@5000016f)
ARR 500005b1 (sz=152, trace=300011, nelems=0, elem type=char[])
ARR 500005b2 (sz=288, trace=300011, nelems=0, elem type=char[])
OBJ 500005b3 (sz=24, trace=300082, class=java.lang.String@5000016f)
	value		500005b4
ARR 500005b4 (sz=138, trace=300083, nelems=69, elem type=char[])
OBJ 500005b5 (sz=64, trace=300084, class=java.net.URL@5000011b)
	protocol	50000c0e
	host		5000089c
	file		500005b3
	authority	5000089c
	path		500005b3
	handler		5000057f
OBJ 500005b6 (sz=24, trace=300085, class=java.net.Parts@50000010)
OBJ 500005b7 (sz=48, trace=300086, class=sun.misc.URLClassPath$JarLoader@500001d1)
	base		500005b5
	csu		500004c6
	metaIndex	50000448
	handler		5000057f
	lmap		50000578
OBJ 500005b8 (sz=32, trace=300087, class=java.io.File@5000011d)
ARR 500005b9 (sz=208, trace=300088, nelems=0, elem type=byte[])
ARR 500005ba (sz=80, trace=300089, nelems=0, elem type=byte[])
OBJ 500005bb (sz=24, trace=300090, class=java.lang.String@5000016f)
ARR 500005bc (sz=32, trace=300091, nelems=0, elem type=char[])
OBJ 500005bd (sz=32, trace=300094, class=java.util.HashMap$Node@500000b9)
	key		500005a8
	value		500005b7
	next		500005f9
OBJ 500005be (sz=24, trace=300058, class=java.lang.StringBuilder@50000123)
ARR 500005bf (sz=48, trace=300059, nelems=0, elem type=char[])
ARR 500005c0 (sz=176, trace=300011, nelems=0, elem type=char[])
OBJ 500005c1 (sz=24, trace=300060, class=java.lang.String@5000016f)
ARR 500005c2 (sz=176, trace=300061, nelems=0, elem type=char[])
OBJ 500005c3 (sz=24, trace=300063, class=sun.misc.URLClassPath$3@500001ce)
OBJ 500005c4 (sz=24, trace=300068, class=java.lang.StringBuilder@50000123)
ARR 500005c5 (sz=48, trace=300069, nelems=0, elem type=char[])
OBJ 500005c6 (sz=24, trace=300078, class=java.lang.StringBuffer@50000124)
ARR 500005c7 (sz=168, trace=300079, nelems=0, elem type=char[])
ARR 500005c8 (sz=168, trace=300080, nelems=0, elem type=char[])
OBJ 500005c9 (sz=24, trace=300081, class=java.lang.String@5000016f)
ARR 500005ca (sz=168, trace=300011, nelems=0, elem type=char[])
ARR 500005cb (sz=320, trace=300011, nelems=0, elem type=char[])
OBJ 500005cc (sz=24, trace=300082, class=java.lang.String@5000016f)
ARR 500005cd (sz=176, trace=300083, nelems=0, elem type=char[])
OBJ 500005ce (sz=64, trace=300084, class=java.net.URL@5000011b)
OBJ 500005cf (sz=24, trace=300085, class=java.net.Parts@50000010)
OBJ 500005d0 (sz=48, trace=300086, class=sun.misc.URLClassPath$JarLoader@500001d1)
OBJ 500005d1 (sz=32, trace=300087, class=java.io.File@5000011d)
OBJ 500005d3 (sz=16, trace=300248, class=sun.misc.URLClassPath$JarLoader$1@500005d2)
OBJ 500005d5 (sz=24, trace=300250, class=sun.misc.FileURLMapper@500005d4)
OBJ 500005d6 (sz=32, trace=300251, class=java.io.File@5000011d)
ARR 500005d7 (sz=232, trace=300088, nelems=0, elem type=byte[])
ARR 500005d8 (sz=88, trace=300089, nelems=0, elem type=byte[])
OBJ 500005d9 (sz=24, trace=300090, class=java.lang.String@5000016f)
ARR 500005da (sz=48, trace=300091, nelems=0, elem type=char[])
OBJ 500005dd (sz=32, trace=300253, class=java.io.FileNotFoundException@500005dc)
OBJ 500005df (sz=40, trace=300255, class=java.security.PrivilegedActionException@500005de)
OBJ 500005e0 (sz=40, trace=300255, class=java.security.PrivilegedActionException@500005de)
OBJ 500005e1 (sz=24, trace=300058, class=java.lang.StringBuilder@50000123)
ARR 500005e2 (sz=48, trace=300059, nelems=0, elem type=char[])
ARR 500005e3 (sz=160, trace=300011, nelems=0, elem type=char[])
OBJ 500005e4 (sz=24, trace=300060, class=java.lang.String@5000016f)
	value		500005e5
ARR 500005e5 (sz=142, trace=300061, nelems=71, elem type=char[])
OBJ 500005e6 (sz=24, trace=300063, class=sun.misc.URLClassPath$3@500001ce)
OBJ 500005e7 (sz=24, trace=300068, class=java.lang.StringBuilder@50000123)
ARR 500005e8 (sz=48, trace=300069, nelems=0, elem type=char[])
OBJ 500005e9 (sz=24, trace=300078, class=java.lang.StringBuffer@50000124)
ARR 500005ea (sz=160, trace=300079, nelems=0, elem type=char[])
ARR 500005eb (sz=160, trace=300080, nelems=0, elem type=char[])
OBJ 500005ec (sz=24, trace=300081, class=java.lang.String@5000016f)
ARR 500005ed (sz=160, trace=300011, nelems=0, elem type=char[])
ARR 500005ee (sz=296, trace=300011, nelems=0, elem type=char[])
OBJ 500005ef (sz=24, trace=300082, class=java.lang.String@5000016f)
	value		500005f0
ARR 500005f0 (sz=142, trace=300083, nelems=71, elem type=char[])
OBJ 500005f1 (sz=64, trace=300084, class=java.net.URL@5000011b)
	protocol	50000c0e
	host		5000089c
	file		500005ef
	authority	5000089c
	path		500005ef
	handler		5000057f
OBJ 500005f2 (sz=24, trace=300085, class=java.net.Parts@50000010)
OBJ 500005f3 (sz=48, trace=300086, class=sun.misc.URLClassPath$JarLoader@500001d1)
	base		500005f1
	csu		50000500
	metaIndex	5000039b
	handler		5000057f
	lmap		50000578
OBJ 500005f4 (sz=32, trace=300087, class=java.io.File@5000011d)
ARR 500005f5 (sz=208, trace=300088, nelems=0, elem type=byte[])
ARR 500005f6 (sz=80, trace=300089, nelems=0, elem type=byte[])
OBJ 500005f7 (sz=24, trace=300090, class=java.lang.String@5000016f)
ARR 500005f8 (sz=32, trace=300091, nelems=0, elem type=char[])
OBJ 500005f9 (sz=32, trace=300095, class=java.util.HashMap$Node@500000b9)
	key		500005e4
	value		500005f3
OBJ 500005fa (sz=24, trace=300058, class=java.lang.StringBuilder@50000123)
ARR 500005fb (sz=48, trace=300059, nelems=0, elem type=char[])
ARR 500005fc (sz=160, trace=300011, nelems=0, elem type=char[])
OBJ 500005fd (sz=24, trace=300060, class=java.lang.String@5000016f)
	value		500005fe
ARR 500005fe (sz=140, trace=300061, nelems=70, elem type=char[])
OBJ 500005ff (sz=24, trace=300063, class=sun.misc.URLClassPath$3@500001ce)
OBJ 50000600 (sz=24, trace=300068, class=java.lang.StringBuilder@50000123)
ARR 50000601 (sz=48, trace=300069, nelems=0, elem type=char[])
OBJ 50000602 (sz=24, trace=300078, class=java.lang.StringBuffer@50000124)
ARR 50000603 (sz=152, trace=300079, nelems=0, elem type=char[])
ARR 50000604 (sz=152, trace=300080, nelems=0, elem type=char[])
OBJ 50000605 (sz=24, trace=300081, class=java.lang.String@5000016f)
ARR 50000606 (sz=152, trace=300011, nelems=0, elem type=char[])
ARR 50000607 (sz=296, trace=300011, nelems=0, elem type=char[])
OBJ 50000608 (sz=24, trace=300082, class=java.lang.String@5000016f)
	value		50000609
ARR 50000609 (sz=140, trace=300083, nelems=70, elem type=char[])
OBJ 5000060a (sz=64, trace=300084, class=java.net.URL@5000011b)
	protocol	50000c0e
	host		5000089c
	file		50000608
	authority	5000089c
	path		50000608
	handler		5000057f
OBJ 5000060b (sz=24, trace=300085, class=java.net.Parts@50000010)
OBJ 5000060c (sz=48, trace=300086, class=sun.misc.URLClassPath$JarLoader@500001d1)
	base		5000060a
	csu		5000051d
	metaIndex	50000389
	handler		5000057f
	lmap		50000578
OBJ 5000060d (sz=32, trace=300087, class=java.io.File@5000011d)
ARR 5000060e (sz=208, trace=300088, nelems=0, elem type=byte[])
ARR 5000060f (sz=80, trace=300089, nelems=0, elem type=byte[])
OBJ 50000610 (sz=24, trace=300090, class=java.lang.String@5000016f)
ARR 50000611 (sz=32, trace=300091, nelems=0, elem type=char[])
OBJ 50000612 (sz=32, trace=300094, class=java.util.HashMap$Node@500000b9)
	key		500005fd
	value		5000060c
OBJ 50000613 (sz=24, trace=300058, class=java.lang.StringBuilder@50000123)
ARR 50000614 (sz=48, trace=300059, nelems=0, elem type=char[])
ARR 50000615 (sz=168, trace=300011, nelems=0, elem type=char[])
OBJ 50000616 (sz=24, trace=300060, class=java.lang.String@5000016f)
	value		50000617
ARR 50000617 (sz=150, trace=300061, nelems=75, elem type=char[])
OBJ 50000618 (sz=24, trace=300063, class=sun.misc.URLClassPath$3@500001ce)
OBJ 50000619 (sz=24, trace=300068, class=java.lang.StringBuilder@50000123)
ARR 5000061a (sz=48, trace=300069, nelems=0, elem type=char[])
OBJ 5000061b (sz=24, trace=300078, class=java.lang.StringBuffer@50000124)
ARR 5000061c (sz=168, trace=300079, nelems=0, elem type=char[])
ARR 5000061d (sz=168, trace=300080, nelems=0, elem type=char[])
OBJ 5000061e (sz=24, trace=300081, class=java.lang.String@5000016f)
ARR 5000061f (sz=168, trace=300011, nelems=0, elem type=char[])
ARR 50000620 (sz=312, trace=300011, nelems=0, elem type=char[])
OBJ 50000621 (sz=24, trace=300082, class=java.lang.String@5000016f)
	value		50000622
ARR 50000622 (sz=150, trace=300083, nelems=75, elem type=char[])
OBJ 50000623 (sz=64, trace=300084, class=java.net.URL@5000011b)
	protocol	50000c0e
	host		5000089c
	file		50000621
	authority	5000089c
	path		50000621
	handler		5000057f
OBJ 50000624 (sz=24, trace=300085, class=java.net.Parts@50000010)
OBJ 50000625 (sz=48, trace=300086, class=sun.misc.URLClassPath$JarLoader@500001d1)
	base		50000623
	csu		5000053a
	metaIndex	50000377
	handler		5000057f
	lmap		50000578
OBJ 50000626 (sz=32, trace=300087, class=java.io.File@5000011d)
ARR 50000627 (sz=224, trace=300088, nelems=0, elem type=byte[])
ARR 50000628 (sz=88, trace=300089, nelems=0, elem type=byte[])
OBJ 50000629 (sz=24, trace=300090, class=java.lang.String@5000016f)
ARR 5000062a (sz=40, trace=300091, nelems=0, elem type=char[])
OBJ 5000062b (sz=32, trace=300094, class=java.util.HashMap$Node@500000b9)
	key		50000616
	value		50000625
OBJ 5000062c (sz=24, trace=300058, class=java.lang.StringBuilder@50000123)
ARR 5000062d (sz=48, trace=300059, nelems=0, elem type=char[])
ARR 5000062e (sz=160, trace=300011, nelems=0, elem type=char[])
OBJ 5000062f (sz=24, trace=300060, class=java.lang.String@5000016f)
ARR 50000630 (sz=160, trace=300061, nelems=0, elem type=char[])
OBJ 50000631 (sz=24, trace=300063, class=sun.misc.URLClassPath$3@500001ce)
OBJ 50000632 (sz=24, trace=300068, class=java.lang.StringBuilder@50000123)
ARR 50000633 (sz=48, trace=300069, nelems=0, elem type=char[])
OBJ 50000634 (sz=24, trace=300078, class=java.lang.StringBuffer@50000124)
ARR 50000635 (sz=152, trace=300079, nelems=0, elem type=char[])
ARR 50000636 (sz=152, trace=300080, nelems=0, elem type=char[])
OBJ 50000637 (sz=24, trace=300081, class=java.lang.String@5000016f)
ARR 50000638 (sz=152, trace=300011, nelems=0, elem type=char[])
ARR 50000639 (sz=296, trace=300011, nelems=0, elem type=char[])
OBJ 5000063a (sz=24, trace=300082, class=java.lang.String@5000016f)
ARR 5000063b (sz=160, trace=300083, nelems=0, elem type=char[])
OBJ 5000063c (sz=64, trace=300084, class=java.net.URL@5000011b)
OBJ 5000063d (sz=24, trace=300085, class=java.net.Parts@50000010)
OBJ 5000063e (sz=48, trace=300086, class=sun.misc.URLClassPath$JarLoader@500001d1)
OBJ 5000063f (sz=32, trace=300087, class=java.io.File@5000011d)
OBJ 50000640 (sz=16, trace=300248, class=sun.misc.URLClassPath$JarLoader$1@500005d2)
OBJ 50000641 (sz=24, trace=300250, class=sun.misc.FileURLMapper@500005d4)
OBJ 50000642 (sz=32, trace=300251, class=java.io.File@5000011d)
ARR 50000643 (sz=208, trace=300088, nelems=0, elem type=byte[])
ARR 50000644 (sz=80, trace=300089, nelems=0, elem type=byte[])
OBJ 50000645 (sz=24, trace=300090, class=java.lang.String@5000016f)
ARR 50000646 (sz=32, trace=300091, nelems=0, elem type=char[])
OBJ 50000647 (sz=32, trace=300253, class=java.io.FileNotFoundException@500005dc)
OBJ 50000648 (sz=40, trace=300255, class=java.security.PrivilegedActionException@500005de)
OBJ 50000649 (sz=40, trace=300255, class=java.security.PrivilegedActionException@500005de)
OBJ 5000064a (sz=24, trace=300058, class=java.lang.StringBuilder@50000123)
ARR 5000064b (sz=48, trace=300059, nelems=0, elem type=char[])
ARR 5000064c (sz=152, trace=300011, nelems=0, elem type=char[])
OBJ 5000064d (sz=24, trace=300060, class=java.lang.String@5000016f)
ARR 5000064e (sz=152, trace=300061, nelems=0, elem type=char[])
OBJ 5000064f (sz=24, trace=300063, class=sun.misc.URLClassPath$3@500001ce)
OBJ 50000650 (sz=24, trace=300068, class=java.lang.StringBuilder@50000123)
ARR 50000651 (sz=48, trace=300069, nelems=0, elem type=char[])
OBJ 50000652 (sz=24, trace=300078, class=java.lang.StringBuffer@50000124)
ARR 50000653 (sz=144, trace=300079, nelems=0, elem type=char[])
ARR 50000654 (sz=144, trace=300080, nelems=0, elem type=char[])
OBJ 50000655 (sz=24, trace=300081, class=java.lang.String@5000016f)
ARR 50000656 (sz=144, trace=300011, nelems=0, elem type=char[])
ARR 50000657 (sz=280, trace=300011, nelems=0, elem type=char[])
OBJ 50000658 (sz=24, trace=300082, class=java.lang.String@5000016f)
ARR 50000659 (sz=152, trace=300083, nelems=0, elem type=char[])
OBJ 5000065a (sz=64, trace=300084, class=java.net.URL@5000011b)
OBJ 5000065b (sz=24, trace=300085, class=java.net.Parts@50000010)
OBJ 5000065c (sz=48, trace=300086, class=sun.misc.URLClassPath$JarLoader@500001d1)
OBJ 5000065d (sz=32, trace=300087, class=java.io.File@5000011d)
OBJ 5000065e (sz=16, trace=300248, class=sun.misc.URLClassPath$JarLoader$1@500005d2)
OBJ 5000065f (sz=24, trace=300250, class=sun.misc.FileURLMapper@500005d4)
OBJ 50000660 (sz=32, trace=300251, class=java.io.File@5000011d)
ARR 50000661 (sz=200, trace=300088, nelems=0, elem type=byte[])
ARR 50000662 (sz=80, trace=300089, nelems=0, elem type=byte[])
OBJ 50000663 (sz=24, trace=300090, class=java.lang.String@5000016f)
ARR 50000664 (sz=32, trace=300091, nelems=0, elem type=char[])
OBJ 50000665 (sz=32, trace=300253, class=java.io.FileNotFoundException@500005dc)
OBJ 50000666 (sz=40, trace=300255, class=java.security.PrivilegedActionException@500005de)
OBJ 50000667 (sz=40, trace=300255, class=java.security.PrivilegedActionException@500005de)
OBJ 50000669 (sz=16, trace=300257, class=java.net.URLClassLoader$3$1@50000668)
OBJ 5000066c (sz=16, trace=300260, class=java.util.ResourceBundle$RBClassLoader$1@5000066b)
OBJ 5000066d (sz=72, trace=300261, class=java.util.ResourceBundle$RBClassLoader@5000066a)
	parent		500007bd
	package2certs	50000677
	classes		5000066e
	defaultDomain	50000671
	domains		50000679
	packages	50000674
	nativeLibraries	50000675
	assertionLock	5000066d
OBJ 5000066e (sz=32, trace=300228, class=java.util.Vector@500000e5)
	elementData	5000066f
ARR 5000066f (sz=56, trace=300262, nelems=0, elem type=java.lang.Object[]@5000010a)
OBJ 50000670 (sz=32, trace=300263, class=java.security.CodeSource@50000116)
OBJ 50000671 (sz=40, trace=300264, class=java.security.ProtectionDomain@50000161)
	codesource	50000670
	classloader	5000066d
	principals	50000673
	key		50000672
OBJ 50000672 (sz=16, trace=300265, class=java.security.ProtectionDomain$Key@50000008)
	this$0		50000671
ARR 50000673 (sz=16, trace=300266, nelems=0, elem type=java.security.Principal[]@50000006)
OBJ 50000674 (sz=48, trace=300267, class=java.util.HashMap@500000ba)
OBJ 50000675 (sz=32, trace=300228, class=java.util.Vector@500000e5)
	elementData	50000676
ARR 50000676 (sz=56, trace=300268, nelems=0, elem type=java.lang.Object[]@5000010a)
OBJ 50000677 (sz=48, trace=300269, class=java.util.Hashtable@50000147)
	table		50000678
ARR 50000678 (sz=64, trace=300270, nelems=0, elem type=java.util.Hashtable$Entry[]@500000d6)
OBJ 50000679 (sz=16, trace=300271, class=java.util.HashSet@50000005)
	map		5000067a
OBJ 5000067a (sz=48, trace=300272, class=java.util.HashMap@500000ba)
ARR 5000067c (sz=24, trace=300274, nelems=2, elem type=java.lang.String[]@500000cf)
	[0]		50001379
	[1]		500013cc
OBJ 5000067e (sz=24, trace=300276, class=java.util.Arrays$ArrayList@5000067d)
	a		5000067c
OBJ 5000067f (sz=24, trace=300277, class=java.util.Collections$UnmodifiableRandomAccessList@500000bc)
	c		5000067e
	list		5000067e
ARR 50000680 (sz=24, trace=300278, nelems=1, elem type=java.lang.String[]@500000cf)
	[0]		50001379
OBJ 50000681 (sz=24, trace=300276, class=java.util.Arrays$ArrayList@5000067d)
	a		50000680
OBJ 50000682 (sz=24, trace=300277, class=java.util.Collections$UnmodifiableRandomAccessList@500000bc)
	c		50000681
	list		50000681
ARR 50000683 (sz=24, trace=300279, nelems=1, elem type=java.lang.String[]@500000cf)
	[0]		500013cc
OBJ 50000684 (sz=24, trace=300276, class=java.util.Arrays$ArrayList@5000067d)
	a		50000683
OBJ 50000685 (sz=24, trace=300277, class=java.util.Collections$UnmodifiableRandomAccessList@500000bc)
	c		50000684
	list		50000684
OBJ 50000686 (sz=16, trace=300280, class=java.util.ResourceBundle$Control@5000067b)
OBJ 50000688 (sz=24, trace=300282, class=java.util.ResourceBundle$Control$CandidateListCache@50000687)
	map		5000068b
	queue		50000689
OBJ 50000689 (sz=32, trace=300283, class=java.lang.ref.ReferenceQueue@500000de)
	lock		5000068a
OBJ 5000068a (sz=16, trace=300284, class=java.lang.ref.ReferenceQueue$Lock@500000dc)
OBJ 5000068b (sz=64, trace=300285, class=java.util.concurrent.ConcurrentHashMap@50000027)
	table		500006a7
OBJ 5000068d (sz=56, trace=300287, class=java.util.ResourceBundle$CacheKey@5000068c)
OBJ 50000690 (sz=32, trace=300289, class=java.util.ResourceBundle$LoaderReference@5000068f)
OBJ 50000695 (sz=32, trace=300291, class=java.util.LinkedList@50000694)
	first		5000069d
	last		500006a5
OBJ 50000696 (sz=40, trace=300292, class=sun.util.locale.BaseLocale$Key@50000016)
OBJ 50000697 (sz=40, trace=300293, class=java.lang.ref.SoftReference@50000153)
OBJ 50000698 (sz=40, trace=300294, class=java.lang.ref.SoftReference@50000153)
OBJ 50000699 (sz=40, trace=300295, class=java.lang.ref.SoftReference@50000153)
OBJ 5000069a (sz=40, trace=300296, class=java.lang.ref.SoftReference@50000153)
OBJ 5000069b (sz=24, trace=300297, class=java.util.Locale$LocaleKey@50000014)
OBJ 5000069d (sz=24, trace=300299, class=java.util.LinkedList$Node@5000069c)
	item		500011c8
	next		500006a4
OBJ 5000069e (sz=40, trace=300292, class=sun.util.locale.BaseLocale$Key@50000016)
OBJ 5000069f (sz=40, trace=300293, class=java.lang.ref.SoftReference@50000153)
OBJ 500006a0 (sz=40, trace=300294, class=java.lang.ref.SoftReference@50000153)
OBJ 500006a1 (sz=40, trace=300295, class=java.lang.ref.SoftReference@50000153)
OBJ 500006a2 (sz=40, trace=300296, class=java.lang.ref.SoftReference@50000153)
OBJ 500006a3 (sz=24, trace=300297, class=java.util.Locale$LocaleKey@50000014)
OBJ 500006a4 (sz=24, trace=300300, class=java.util.LinkedList$Node@5000069c)
	item		500011d9
	next		500006a5
	prev		5000069d
OBJ 500006a5 (sz=24, trace=300301, class=java.util.LinkedList$Node@5000069c)
	item		500011c9
	prev		500006a4
OBJ 500006a6 (sz=48, trace=300302, class=sun.util.locale.LocaleObjectCache$CacheEntry@50000015)
	referent	50000695
	queue		50000689
	key		5000126d
ARR 500006a7 (sz=144, trace=300303, nelems=27, elem type=java.util.concurrent.ConcurrentHashMap$Node[]@5000001f)
	[26]		500006a8
OBJ 500006a8 (sz=32, trace=300304, class=java.util.concurrent.ConcurrentHashMap$Node@50000020)
	key		5000126d
	val		500006a6
OBJ 500006a9 (sz=24, trace=300305, class=java.util.ArrayList@500000c5)
ARR 500006aa (sz=32, trace=300306, nelems=0, elem type=java.lang.Object[]@5000010a)
OBJ 500006ab (sz=32, trace=300307, class=java.util.ResourceBundle$LoaderReference@5000068f)
OBJ 500006ac (sz=16, trace=300049, class=java.lang.Object@50000173)
OBJ 500006ad (sz=32, trace=300051, class=java.util.concurrent.ConcurrentHashMap$Node@50000020)
	key		50000a11
	val		500006ac
	next		500006c5
OBJ 500006ae (sz=16, trace=300052, class=java.lang.Object@50000173)
OBJ 500006af (sz=32, trace=300051, class=java.util.concurrent.ConcurrentHashMap$Node@50000020)
	key		50000a11
	val		500006ae
	next		500006c7
ARR 500006b2 (sz=16, trace=300309, nelems=0, elem type=java.lang.Class[]@50000105)
OBJ 500006b3 (sz=56, trace=300310, class=java.lang.Class$ReflectionData@500000b6)
OBJ 500006b4 (sz=40, trace=300041, class=java.lang.ref.SoftReference@50000153)
OBJ 500006b5 (sz=80, trace=300311, class=java.lang.reflect.Constructor@5000013f)
OBJ 500006b6 (sz=24, trace=300312, class=java.lang.Class$1@500000a1)
OBJ 500006b7 (sz=24, trace=300313, class=sun.reflect.NativeConstructorAccessorImpl@5000009f)
OBJ 500006b8 (sz=16, trace=300314, class=sun.reflect.DelegatingConstructorAccessorImpl@5000009e)
OBJ 500006b9 (sz=40, trace=300315, class=sun.launcher.resources.launcher@500006b1)
	locale		500011c9
	name		50000a11
	cacheKey	5000137b
OBJ 500006ba (sz=32, trace=300307, class=java.util.ResourceBundle$LoaderReference@5000068f)
	referent	5000066d
	queue		500002f0
	cacheKey	5000137b
OBJ 500006bc (sz=48, trace=300317, class=java.util.ResourceBundle$BundleReference@500006bb)
	referent	500006b9
	queue		500002f0
	cacheKey	5000137b
ARR 500006bd (sz=272, trace=300318, nelems=58, elem type=java.util.concurrent.ConcurrentHashMap$Node[]@5000001f)
	[3]		5000073a
	[28]		500006d3
	[57]		500006be
OBJ 500006be (sz=32, trace=300319, class=java.util.concurrent.ConcurrentHashMap$Node@50000020)
	key		5000137b
	val		500006bc
OBJ 500006bf (sz=32, trace=300307, class=java.util.ResourceBundle$LoaderReference@5000068f)
OBJ 500006c0 (sz=24, trace=300320, class=java.lang.StringBuilder@50000123)
ARR 500006c1 (sz=112, trace=300321, nelems=0, elem type=char[])
OBJ 500006c2 (sz=24, trace=300322, class=java.lang.String@5000016f)
	value		500006c3
ARR 500006c3 (sz=68, trace=300323, nelems=34, elem type=char[])
OBJ 500006c4 (sz=16, trace=300049, class=java.lang.Object@50000173)
OBJ 500006c5 (sz=32, trace=300324, class=java.util.concurrent.ConcurrentHashMap$Node@50000020)
	key		500006c2
	val		500006c4
OBJ 500006c6 (sz=16, trace=300052, class=java.lang.Object@50000173)
OBJ 500006c7 (sz=32, trace=300324, class=java.util.concurrent.ConcurrentHashMap$Node@50000020)
	key		500006c2
	val		500006c6
ARR 500006c9 (sz=16, trace=300309, nelems=0, elem type=java.lang.Class[]@50000105)
OBJ 500006ca (sz=56, trace=300310, class=java.lang.Class$ReflectionData@500000b6)
OBJ 500006cb (sz=40, trace=300041, class=java.lang.ref.SoftReference@50000153)
OBJ 500006cc (sz=80, trace=300311, class=java.lang.reflect.Constructor@5000013f)
OBJ 500006cd (sz=24, trace=300312, class=java.lang.Class$1@500000a1)
OBJ 500006ce (sz=24, trace=300313, class=sun.reflect.NativeConstructorAccessorImpl@5000009f)
OBJ 500006cf (sz=16, trace=300314, class=sun.reflect.DelegatingConstructorAccessorImpl@5000009e)
OBJ 500006d0 (sz=40, trace=300325, class=sun.launcher.resources.launcher_fr@500006c8)
	parent		500006b9
	locale		500011d9
	name		50000a11
	cacheKey	5000137c
	lookup		50000750
OBJ 500006d1 (sz=32, trace=300307, class=java.util.ResourceBundle$LoaderReference@5000068f)
	referent	5000066d
	queue		500002f0
	cacheKey	5000137c
OBJ 500006d2 (sz=48, trace=300317, class=java.util.ResourceBundle$BundleReference@500006bb)
	referent	500006d0
	queue		500002f0
	cacheKey	5000137c
OBJ 500006d3 (sz=32, trace=300319, class=java.util.concurrent.ConcurrentHashMap$Node@50000020)
	key		5000137c
	val		500006d2
OBJ 500006d4 (sz=32, trace=300307, class=java.util.ResourceBundle$LoaderReference@5000068f)
OBJ 500006d5 (sz=24, trace=300320, class=java.lang.StringBuilder@50000123)
ARR 500006d6 (sz=112, trace=300321, nelems=0, elem type=char[])
OBJ 500006d7 (sz=24, trace=300322, class=java.lang.String@5000016f)
	value		500006d8
ARR 500006d8 (sz=74, trace=300323, nelems=37, elem type=char[])
OBJ 500006d9 (sz=16, trace=300049, class=java.lang.Object@50000173)
OBJ 500006da (sz=32, trace=300051, class=java.util.concurrent.ConcurrentHashMap$Node@50000020)
	key		500006d7
	val		500006d9
OBJ 500006db (sz=16, trace=300052, class=java.lang.Object@50000173)
OBJ 500006dc (sz=32, trace=300051, class=java.util.concurrent.ConcurrentHashMap$Node@50000020)
	key		500006d7
	val		500006db
OBJ 500006dd (sz=24, trace=300054, class=java.net.URLClassLoader$1@500001c4)
ARR 500006de (sz=96, trace=300326, nelems=0, elem type=char[])
OBJ 500006df (sz=24, trace=300327, class=java.lang.String@5000016f)
ARR 500006e0 (sz=104, trace=300055, nelems=0, elem type=char[])
OBJ 500006e1 (sz=24, trace=300056, class=java.lang.String@5000016f)
OBJ 500006e2 (sz=40, trace=300096, class=java.lang.ClassNotFoundException@5000015d)
OBJ 500006e3 (sz=24, trace=300097, class=java.net.URLClassLoader$1@500001c4)
ARR 500006e4 (sz=96, trace=300326, nelems=0, elem type=char[])
OBJ 500006e5 (sz=24, trace=300327, class=java.lang.String@5000016f)
ARR 500006e6 (sz=104, trace=300055, nelems=0, elem type=char[])
OBJ 500006e7 (sz=24, trace=300056, class=java.lang.String@5000016f)
OBJ 500006e8 (sz=64, trace=300114, class=java.net.URL@5000011b)
OBJ 500006e9 (sz=24, trace=300115, class=java.lang.StringBuilder@50000123)
ARR 500006ea (sz=48, trace=300116, nelems=0, elem type=char[])
ARR 500006eb (sz=96, trace=300011, nelems=0, elem type=char[])
ARR 500006ec (sz=184, trace=300011, nelems=0, elem type=char[])
OBJ 500006ed (sz=24, trace=300117, class=java.lang.String@5000016f)
ARR 500006ee (sz=104, trace=300118, nelems=0, elem type=char[])
OBJ 500006ef (sz=24, trace=300119, class=java.lang.String@5000016f)
ARR 500006f0 (sz=96, trace=300120, nelems=0, elem type=char[])
ARR 500006f1 (sz=224, trace=300121, nelems=0, elem type=char[])
ARR 500006f2 (sz=104, trace=300122, nelems=0, elem type=char[])
OBJ 500006f3 (sz=24, trace=300123, class=java.lang.String@5000016f)
ARR 500006f4 (sz=104, trace=300124, nelems=0, elem type=char[])
OBJ 500006f5 (sz=64, trace=300125, class=java.net.URL@5000011b)
OBJ 500006f6 (sz=24, trace=300115, class=java.lang.StringBuilder@50000123)
ARR 500006f7 (sz=48, trace=300116, nelems=0, elem type=char[])
ARR 500006f8 (sz=96, trace=300011, nelems=0, elem type=char[])
ARR 500006f9 (sz=184, trace=300011, nelems=0, elem type=char[])
OBJ 500006fa (sz=24, trace=300117, class=java.lang.String@5000016f)
ARR 500006fb (sz=184, trace=300118, nelems=0, elem type=char[])
OBJ 500006fc (sz=32, trace=300126, class=java.io.File@5000011d)
OBJ 500006fd (sz=24, trace=300127, class=java.lang.StringBuilder@50000123)
ARR 500006fe (sz=48, trace=300128, nelems=0, elem type=char[])
ARR 500006ff (sz=96, trace=300011, nelems=0, elem type=char[])
ARR 50000700 (sz=176, trace=300129, nelems=0, elem type=char[])
ARR 50000701 (sz=344, trace=300011, nelems=0, elem type=char[])
OBJ 50000702 (sz=24, trace=300130, class=java.lang.String@5000016f)
ARR 50000703 (sz=184, trace=300131, nelems=0, elem type=char[])
ARR 50000704 (sz=272, trace=300088, nelems=0, elem type=byte[])
ARR 50000705 (sz=104, trace=300089, nelems=0, elem type=byte[])
OBJ 50000706 (sz=24, trace=300090, class=java.lang.String@5000016f)
ARR 50000707 (sz=56, trace=300091, nelems=0, elem type=char[])
OBJ 50000708 (sz=40, trace=300096, class=java.lang.ClassNotFoundException@5000015d)
OBJ 50000709 (sz=24, trace=300320, class=java.lang.StringBuilder@50000123)
ARR 5000070a (sz=112, trace=300321, nelems=0, elem type=char[])
OBJ 5000070b (sz=24, trace=300322, class=java.lang.String@5000016f)
ARR 5000070c (sz=96, trace=300323, nelems=0, elem type=char[])
OBJ 5000070d (sz=24, trace=300328, class=java.lang.StringBuilder@50000123)
ARR 5000070e (sz=112, trace=300329, nelems=0, elem type=char[])
ARR 5000070f (sz=96, trace=300330, nelems=0, elem type=char[])
OBJ 50000710 (sz=24, trace=300331, class=java.lang.String@5000016f)
OBJ 50000711 (sz=24, trace=300332, class=java.lang.String@5000016f)
ARR 50000712 (sz=112, trace=300333, nelems=0, elem type=char[])
OBJ 50000714 (sz=32, trace=300335, class=java.util.ResourceBundle$Control$1@50000713)
OBJ 50000716 (sz=24, trace=300337, class=java.net.URLClassLoader$2@50000715)
OBJ 50000717 (sz=24, trace=300338, class=java.net.URLClassLoader$2@50000715)
OBJ 50000718 (sz=64, trace=300339, class=java.net.URL@5000011b)
OBJ 50000719 (sz=24, trace=300115, class=java.lang.StringBuilder@50000123)
ARR 5000071a (sz=48, trace=300116, nelems=0, elem type=char[])
ARR 5000071b (sz=96, trace=300011, nelems=0, elem type=char[])
ARR 5000071c (sz=184, trace=300011, nelems=0, elem type=char[])
OBJ 5000071d (sz=24, trace=300117, class=java.lang.String@5000016f)
ARR 5000071e (sz=104, trace=300118, nelems=0, elem type=char[])
OBJ 5000071f (sz=24, trace=300119, class=java.lang.String@5000016f)
ARR 50000720 (sz=96, trace=300120, nelems=0, elem type=char[])
ARR 50000721 (sz=240, trace=300340, nelems=0, elem type=char[])
ARR 50000722 (sz=112, trace=300341, nelems=0, elem type=char[])
OBJ 50000723 (sz=24, trace=300342, class=java.lang.String@5000016f)
ARR 50000724 (sz=112, trace=300124, nelems=0, elem type=char[])
OBJ 50000725 (sz=64, trace=300343, class=java.net.URL@5000011b)
OBJ 50000726 (sz=24, trace=300115, class=java.lang.StringBuilder@50000123)
ARR 50000727 (sz=48, trace=300116, nelems=0, elem type=char[])
ARR 50000728 (sz=96, trace=300011, nelems=0, elem type=char[])
ARR 50000729 (sz=192, trace=300011, nelems=0, elem type=char[])
OBJ 5000072a (sz=24, trace=300117, class=java.lang.String@5000016f)
ARR 5000072b (sz=192, trace=300118, nelems=0, elem type=char[])
OBJ 5000072c (sz=32, trace=300344, class=java.io.File@5000011d)
OBJ 5000072d (sz=24, trace=300127, class=java.lang.StringBuilder@50000123)
ARR 5000072e (sz=48, trace=300128, nelems=0, elem type=char[])
ARR 5000072f (sz=96, trace=300011, nelems=0, elem type=char[])
ARR 50000730 (sz=176, trace=300129, nelems=0, elem type=char[])
ARR 50000731 (sz=344, trace=300011, nelems=0, elem type=char[])
OBJ 50000732 (sz=24, trace=300130, class=java.lang.String@5000016f)
ARR 50000733 (sz=192, trace=300131, nelems=0, elem type=char[])
ARR 50000734 (sz=280, trace=300088, nelems=0, elem type=byte[])
ARR 50000735 (sz=104, trace=300089, nelems=0, elem type=byte[])
OBJ 50000736 (sz=24, trace=300090, class=java.lang.String@5000016f)
ARR 50000737 (sz=72, trace=300091, nelems=0, elem type=char[])
OBJ 50000738 (sz=32, trace=300307, class=java.util.ResourceBundle$LoaderReference@5000068f)
	referent	5000066d
	queue		500002f0
	cacheKey	50001378
OBJ 50000739 (sz=48, trace=300317, class=java.util.ResourceBundle$BundleReference@500006bb)
	referent	500002ee
	queue		500002f0
	cacheKey	50001378
OBJ 5000073a (sz=32, trace=300319, class=java.util.concurrent.ConcurrentHashMap$Node@50000020)
	key		50001378
	val		50000739
ARR 5000073c (sz=96, trace=300345, nelems=0, elem type=java.lang.Object[][]@5000073b)
ARR 5000073d (sz=24, trace=300346, nelems=0, elem type=java.lang.Object[]@5000010a)
ARR 5000073e (sz=24, trace=300347, nelems=0, elem type=java.lang.Object[]@5000010a)
ARR 5000073f (sz=24, trace=300348, nelems=0, elem type=java.lang.Object[]@5000010a)
ARR 50000740 (sz=24, trace=300349, nelems=0, elem type=java.lang.Object[]@5000010a)
ARR 50000741 (sz=24, trace=300350, nelems=0, elem type=java.lang.Object[]@5000010a)
ARR 50000742 (sz=24, trace=300351, nelems=0, elem type=java.lang.Object[]@5000010a)
ARR 50000743 (sz=24, trace=300352, nelems=0, elem type=java.lang.Object[]@5000010a)
ARR 50000744 (sz=24, trace=300353, nelems=0, elem type=java.lang.Object[]@5000010a)
ARR 50000745 (sz=24, trace=300354, nelems=0, elem type=java.lang.Object[]@5000010a)
ARR 50000746 (sz=24, trace=300355, nelems=0, elem type=java.lang.Object[]@5000010a)
ARR 50000747 (sz=24, trace=300356, nelems=0, elem type=java.lang.Object[]@5000010a)
ARR 50000748 (sz=24, trace=300357, nelems=0, elem type=java.lang.Object[]@5000010a)
ARR 50000749 (sz=24, trace=300358, nelems=0, elem type=java.lang.Object[]@5000010a)
ARR 5000074a (sz=24, trace=300359, nelems=0, elem type=java.lang.Object[]@5000010a)
ARR 5000074b (sz=24, trace=300360, nelems=0, elem type=java.lang.Object[]@5000010a)
ARR 5000074c (sz=24, trace=300361, nelems=0, elem type=java.lang.Object[]@5000010a)
ARR 5000074d (sz=24, trace=300362, nelems=0, elem type=java.lang.Object[]@5000010a)
ARR 5000074e (sz=24, trace=300363, nelems=0, elem type=java.lang.Object[]@5000010a)
ARR 5000074f (sz=24, trace=300364, nelems=0, elem type=java.lang.Object[]@5000010a)
OBJ 50000750 (sz=48, trace=300365, class=java.util.HashMap@500000ba)
	table		50000751
ARR 50000751 (sz=144, trace=300366, nelems=32, elem type=java.util.HashMap$Node[]@500000b8)
	[0]		50000754
	[1]		5000075c
	[5]		50000761
	[11]		50000753
	[12]		50000759
	[13]		50000752
	[15]		5000075a
	[23]		5000075f
	[25]		50000762
	[26]		50000760
	[28]		50000758
	[29]		50000757
	[30]		50000756
	[31]		50000755
OBJ 50000752 (sz=32, trace=300094, class=java.util.HashMap$Node@500000b9)
	key		500013a6
	value		500013a5
OBJ 50000753 (sz=32, trace=300094, class=java.util.HashMap$Node@500000b9)
	key		500013ae
	value		500013ad
	next		5000075b
OBJ 50000754 (sz=32, trace=300094, class=java.util.HashMap$Node@500000b9)
	key		500007bb
	value		500013c1
	next		5000075d
OBJ 50000755 (sz=32, trace=300094, class=java.util.HashMap$Node@500000b9)
	key		5000137e
	value		5000137d
	next		5000075e
OBJ 50000756 (sz=32, trace=300094, class=java.util.HashMap$Node@500000b9)
	key		50001386
	value		50001385
OBJ 50000757 (sz=32, trace=300094, class=java.util.HashMap$Node@500000b9)
	key		5000138a
	value		50001389
OBJ 50000758 (sz=32, trace=300094, class=java.util.HashMap$Node@500000b9)
	key		5000138e
	value		5000138d
OBJ 50000759 (sz=32, trace=300094, class=java.util.HashMap$Node@500000b9)
	key		500013aa
	value		500013a9
OBJ 5000075a (sz=32, trace=300094, class=java.util.HashMap$Node@500000b9)
	key		500013a2
	value		500013a1
OBJ 5000075b (sz=32, trace=300095, class=java.util.HashMap$Node@500000b9)
	key		500013b2
	value		500013b1
	next		50000763
OBJ 5000075c (sz=32, trace=300094, class=java.util.HashMap$Node@500000b9)
	key		500013be
	value		500013bd
OBJ 5000075d (sz=32, trace=300095, class=java.util.HashMap$Node@500000b9)
	key		500013c5
	value		500013c4
OBJ 5000075e (sz=32, trace=300095, class=java.util.HashMap$Node@500000b9)
	key		50001382
	value		50001381
OBJ 5000075f (sz=32, trace=300094, class=java.util.HashMap$Node@500000b9)
	key		5000139a
	value		50001399
	next		50000764
OBJ 50000760 (sz=32, trace=300094, class=java.util.HashMap$Node@500000b9)
	key		50001392
	value		50001391
OBJ 50000761 (sz=32, trace=300094, class=java.util.HashMap$Node@500000b9)
	key		500013ba
	value		500013b9
OBJ 50000762 (sz=32, trace=300094, class=java.util.HashMap$Node@500000b9)
	key		50001396
	value		50001395
OBJ 50000763 (sz=32, trace=300095, class=java.util.HashMap$Node@500000b9)
	key		500013b6
	value		500013b5
OBJ 50000764 (sz=32, trace=300095, class=java.util.HashMap$Node@500000b9)
	key		5000139e
	value		5000139d
ARR 50000767 (sz=40, trace=300368, nelems=5, elem type=java.lang.String[]@500000cf)
	[0]		5000089c
	[1]		50001360
	[2]		50001361
	[3]		50001362
	[4]		50001363
ARR 50000768 (sz=32, trace=300369, nelems=4, elem type=java.lang.String[]@500000cf)
	[0]		5000089c
	[1]		50001364
	[2]		50001365
	[3]		50001366
ARR 50000769 (sz=40, trace=300370, nelems=5, elem type=java.lang.String[]@500000cf)
	[0]		5000089c
	[1]		50000b38
	[2]		50001367
	[3]		50000a24
	[4]		50001368
ARR 5000076a (sz=20, trace=300371, nelems=5, elem type=int[])
OBJ 5000076b (sz=40, trace=300372, class=java.text.MessageFormat@50000766)
ARR 5000076d (sz=56, trace=300373, nelems=0, elem type=java.text.Format[]@5000076c)
ARR 5000076e (sz=56, trace=300374, nelems=0, elem type=int[])
ARR 5000076f (sz=56, trace=300375, nelems=0, elem type=int[])
OBJ 50000771 (sz=40, trace=300377, class=java.util.Locale$Category@50000770)
	name		500012dd
	languageKey	500012de
	scriptKey	500012df
	countryKey	500012e0
	variantKey	500012e1
OBJ 50000772 (sz=40, trace=300378, class=java.util.Locale$Category@50000770)
	name		500012e2
	languageKey	500012e3
	scriptKey	500012e4
	countryKey	500012e5
	variantKey	500012e6
ARR 50000774 (sz=24, trace=300379, nelems=2, elem type=java.util.Locale$Category[]@50000773)
	[0]		50000771
	[1]		50000772
ARR 50000776 (sz=8, trace=300381, nelems=2, elem type=int[])
OBJ 50000777 (sz=24, trace=300382, class=sun.security.action.GetPropertyAction@50000074)
OBJ 50000778 (sz=24, trace=300383, class=sun.security.action.GetPropertyAction@50000074)
OBJ 50000779 (sz=24, trace=300384, class=sun.security.action.GetPropertyAction@50000074)
OBJ 5000077a (sz=24, trace=300385, class=sun.security.action.GetPropertyAction@50000074)
OBJ 5000077b (sz=40, trace=300292, class=sun.util.locale.BaseLocale$Key@50000016)
OBJ 5000077c (sz=40, trace=300293, class=java.lang.ref.SoftReference@50000153)
OBJ 5000077d (sz=40, trace=300294, class=java.lang.ref.SoftReference@50000153)
OBJ 5000077e (sz=40, trace=300295, class=java.lang.ref.SoftReference@50000153)
OBJ 5000077f (sz=40, trace=300296, class=java.lang.ref.SoftReference@50000153)
OBJ 50000780 (sz=24, trace=300297, class=java.util.Locale$LocaleKey@50000014)
ARR 50000782 (sz=32, trace=300386, nelems=0, elem type=java.lang.StringBuilder[]@50000781)
OBJ 50000783 (sz=24, trace=300387, class=java.lang.StringBuilder@50000123)
ARR 50000784 (sz=48, trace=300388, nelems=0, elem type=char[])
ARR 50000785 (sz=88, trace=300129, nelems=0, elem type=char[])
ARR 50000786 (sz=160, trace=300129, nelems=0, elem type=char[])
OBJ 50000787 (sz=24, trace=300389, class=java.lang.StringBuilder@50000123)
ARR 50000788 (sz=48, trace=300390, nelems=0, elem type=char[])
ARR 50000789 (sz=32, trace=300391, nelems=0, elem type=java.lang.String[]@500000cf)
OBJ 5000078a (sz=24, trace=300392, class=java.lang.String@5000016f)
ARR 5000078b (sz=144, trace=300393, nelems=0, elem type=char[])
OBJ 5000078c (sz=24, trace=300392, class=java.lang.String@5000016f)
ARR 5000078d (sz=24, trace=300393, nelems=0, elem type=char[])
OBJ 5000078e (sz=24, trace=300394, class=java.lang.String@5000016f)
ARR 5000078f (sz=144, trace=300395, nelems=0, elem type=char[])
OBJ 50000790 (sz=24, trace=300396, class=java.lang.StringBuffer@50000124)
ARR 50000791 (sz=48, trace=300397, nelems=0, elem type=char[])
OBJ 50000793 (sz=32, trace=300399, class=java.text.FieldPosition@50000792)
ARR 50000794 (sz=144, trace=300011, nelems=0, elem type=char[])
ARR 50000796 (sz=272, trace=300011, nelems=0, elem type=char[])
OBJ 5000079a (sz=48, trace=300402, class=java.util.HashMap@500000ba)
	table		5000079c
OBJ 5000079b (sz=16, trace=300403, class=java.text.AttributedCharacterIterator$Attribute@50000797)
	name		500011b0
ARR 5000079c (sz=48, trace=300404, nelems=3, elem type=java.util.HashMap$Node[]@500000b8)
	[1]		5000079f
	[2]		5000079d
OBJ 5000079d (sz=32, trace=300094, class=java.util.HashMap$Node@500000b9)
	key		500011b0
	value		5000079b
	next		500007a1
OBJ 5000079e (sz=16, trace=300405, class=java.text.AttributedCharacterIterator$Attribute@50000797)
	name		50001374
OBJ 5000079f (sz=32, trace=300094, class=java.util.HashMap$Node@500000b9)
	key		50001374
	value		5000079e
OBJ 500007a0 (sz=16, trace=300406, class=java.text.AttributedCharacterIterator$Attribute@50000797)
	name		50001375
OBJ 500007a1 (sz=32, trace=300095, class=java.util.HashMap$Node@500000b9)
	key		50001375
	value		500007a0
OBJ 500007a2 (sz=16, trace=300407, class=java.text.MessageFormat$Field@50000799)
	name		50001372
OBJ 500007a3 (sz=24, trace=300408, class=java.lang.String@5000016f)
ARR 500007a4 (sz=16, trace=300409, nelems=0, elem type=char[])
ARR 500007a5 (sz=160, trace=300410, nelems=0, elem type=char[])
OBJ 500007a6 (sz=24, trace=300411, class=java.lang.String@5000016f)
OBJ 500007a7 (sz=48, trace=300191, class=java.nio.HeapCharBuffer@50000035)
OBJ 500007a8 (sz=48, trace=300191, class=java.nio.HeapCharBuffer@50000035)
ARR 500007aa (sz=56, trace=300413, nelems=0, elem type=java.lang.Runnable[]@500000e0)
OBJ 500007ac (sz=16, trace=300415, class=java.lang.Shutdown$Lock@500007ab)
OBJ 500007ad (sz=16, trace=300416, class=java.lang.Shutdown$Lock@500007ab)
OBJ 500007b1 (sz=376, trace=300000, class=java.lang.Thread@5000014c)
	name		500013d9
	contextClassLoader	500007bd
	blockerLock	500013d8
OBJ 500007b2 (sz=376, trace=300000, class=java.lang.Thread@5000014c)
	name		500012fd
	group		5000088e
	contextClassLoader	500007bd
	inheritedAccessControlContext	500012fc
	blockerLock	500012fb
OBJ 500007b3 (sz=384, trace=300000, class=java.lang.ref.Finalizer$FinalizerThread@500000db)
	name		50001300
	group		5000088e
	inheritedAccessControlContext	500012ff
	blockerLock	500012fe
OBJ 500007b4 (sz=32, trace=300000, class=java.lang.ref.ReferenceQueue@500000de)
	lock		500007b5
OBJ 500007b5 (sz=16, trace=300000, class=java.lang.ref.ReferenceQueue$Lock@500000dc)
OBJ 500007b6 (sz=16, trace=300000, class=java.lang.System$2@5000004e)
OBJ 500007b7 (sz=376, trace=300000, class=java.lang.ref.Reference$ReferenceHandler@500000e1)
	name		50001310
	group		5000088e
	inheritedAccessControlContext	5000130f
	blockerLock	5000130e
OBJ 500007b8 (sz=16, trace=300000, class=java.lang.ref.Reference$Lock@500000e2)
OBJ 500007b9 (sz=376, trace=300000, class=java.lang.Thread@5000014c)
	name		50001317
	group		5000088d
	contextClassLoader	500007bd
	inheritedAccessControlContext	50001316
	threadLocals	50001315
	blockerLock	50001314
OBJ 500007ba (sz=16, trace=300000, class=java.lang.Runtime@5000008b)
OBJ 500007bb (sz=24, trace=300000, class=java.lang.String@5000016f)
	value		500013c2
OBJ 500007bc (sz=24, trace=300000, class=java.lang.String@5000016f)
	value		5000093c
OBJ 500007bd (sz=96, trace=300000, class=sun.misc.Launcher$AppClassLoader@50000118)
	parent		50000a04
	parallelLockMap	50000a03
	package2certs	50000a02
	classes		50000a01
	defaultDomain	50000a00
	domains		500009ff
	packages	500009fe
	nativeLibraries	500009fd
	assertionLock	500009fc
	pdcache		500009fb
	ucp		500009f8
	acc		500009fa
	closeables	500009f9
	ucp		500009f8
ARR 500007be (sz=0, trace=300000, nelems=0, elem type=int[])
ARR 500007bf (sz=24, trace=300000, nelems=0, elem type=java.lang.Object[]@5000010a)
ARR 500007c0 (sz=32, trace=300000, nelems=0, elem type=java.lang.Object[]@5000010a)
ARR 500007c1 (sz=88, trace=300000, nelems=0, elem type=java.lang.Object[]@5000010a)
ARR 500007c2 (sz=24, trace=300000, nelems=1, elem type=java.lang.Object[]@5000010a)
	[0]		500010a0
ARR 500007c3 (sz=24, trace=300000, nelems=2, elem type=java.lang.Object[]@5000010a)
	[1]		500008b6
ARR 500007c4 (sz=88, trace=300000, nelems=10, elem type=java.lang.Object[]@5000010a)
	[3]		5000089c
	[8]		500009f0
	[9]		500009f1
ARR 500007c5 (sz=56, trace=300000, nelems=10, elem type=java.lang.Object[]@5000010a)
	[9]		50000bc0
ARR 500007c6 (sz=56, trace=300000, nelems=0, elem type=java.lang.Object[]@5000010a)
ARR 500007c7 (sz=56, trace=300000, nelems=0, elem type=java.lang.Object[]@5000010a)
ARR 500007c8 (sz=208, trace=300000, nelems=0, elem type=java.lang.Object[]@5000010a)
ARR 500007c9 (sz=32, trace=300000, nelems=1, elem type=java.lang.Object[]@5000010a)
	[0]		50000890
ARR 500007ca (sz=72, trace=300000, nelems=13, elem type=java.lang.Object[]@5000010a)
	[5]		5000089c
	[9]		5000089d
	[10]		5000089e
	[11]		5000089f
	[12]		500008a0
ARR 500007cb (sz=48, trace=300000, nelems=1, elem type=java.lang.Object[]@5000010a)
	[0]		5000089b
ARR 500007cc (sz=64, trace=300000, nelems=12, elem type=java.lang.Object[]@5000010a)
	[11]		50000895
ARR 500007cd (sz=32, trace=300000, nelems=0, elem type=java.lang.Object[]@5000010a)
ARR 500007ce (sz=40, trace=300000, nelems=4, elem type=java.lang.Object[]@5000010a)
	[3]		50000899
ARR 500007cf (sz=48, trace=300000, nelems=0, elem type=java.lang.Object[]@5000010a)
ARR 500007d0 (sz=72, trace=300000, nelems=0, elem type=java.lang.Object[]@5000010a)
ARR 500007d1 (sz=80, trace=300000, nelems=0, elem type=java.lang.Object[]@5000010a)
ARR 500007d2 (sz=32, trace=300000, nelems=0, elem type=java.lang.Object[]@5000010a)
ARR 500007d3 (sz=112, trace=300000, nelems=0, elem type=java.lang.Object[]@5000010a)
ARR 500007d4 (sz=32, trace=300000, nelems=3, elem type=java.lang.Object[]@5000010a)
	[2]		500009d2
ARR 500007d5 (sz=72, trace=300000, nelems=0, elem type=java.lang.Object[]@5000010a)
ARR 500007d6 (sz=32, trace=300000, nelems=0, elem type=java.lang.Object[]@5000010a)
ARR 500007d7 (sz=32, trace=300000, nelems=0, elem type=java.lang.Object[]@5000010a)
ARR 500007d8 (sz=24, trace=300000, nelems=0, elem type=java.lang.Object[]@5000010a)
ARR 500007d9 (sz=48, trace=300000, nelems=0, elem type=java.lang.Object[]@5000010a)
ARR 500007da (sz=24, trace=300000, nelems=2, elem type=java.lang.Object[]@5000010a)
	[1]		500009ce
ARR 500007db (sz=24, trace=300000, nelems=0, elem type=java.lang.Object[]@5000010a)
ARR 500007dc (sz=24, trace=300000, nelems=1, elem type=java.lang.Object[]@5000010a)
	[0]		50001301
ARR 500007dd (sz=40, trace=300000, nelems=0, elem type=java.lang.Object[]@5000010a)
ARR 500007de (sz=48, trace=300000, nelems=0, elem type=java.lang.Object[]@5000010a)
ARR 500007df (sz=32, trace=300000, nelems=3, elem type=java.lang.Object[]@5000010a)
	[2]		500009e6
ARR 500007e0 (sz=64, trace=300000, nelems=11, elem type=java.lang.Object[]@5000010a)
	[2]		500008b7
	[3]		500008b8
	[4]		500008b9
	[5]		500008ba
	[6]		500008bb
	[7]		500008bc
	[8]		500008bd
	[9]		500008be
	[10]		500008bf
ARR 500007e1 (sz=24, trace=300000, nelems=0, elem type=java.lang.Object[]@5000010a)
ARR 500007e2 (sz=56, trace=300000, nelems=10, elem type=java.lang.Object[]@5000010a)
	[9]		50000a22
ARR 500007e3 (sz=152, trace=300000, nelems=0, elem type=java.lang.Object[]@5000010a)
ARR 500007e4 (sz=24, trace=300000, nelems=0, elem type=java.lang.Object[]@5000010a)
ARR 500007e5 (sz=48, trace=300000, nelems=5, elem type=java.lang.Object[]@5000010a)
	[0]		50000c86
	[1]		5000089c
	[2]		50000c7b
	[4]		50000c87
ARR 500007e6 (sz=24, trace=300000, nelems=0, elem type=java.lang.Object[]@5000010a)
ARR 500007e7 (sz=24, trace=300000, nelems=2, elem type=java.lang.Object[]@5000010a)
	[0]		50000ce1
	[1]		50000bea
ARR 500007e8 (sz=864, trace=300000, nelems=212, elem type=java.lang.Object[]@5000010a)
	[0]		50000c8c
	[1]		50000f5f
	[2]		50000fe2
	[3]		50000fe3
	[4]		50000fe4
	[5]		50000fe5
	[6]		50000e76
	[7]		50000fe6
	[8]		50000e72
	[9]		50000fe7
	[10]		50000ea5
	[11]		50000f2d
	[12]		50000e2e
	[13]		50000fe8
	[14]		50000e62
	[15]		50000fe0
	[16]		50000f88
	[17]		50000fe9
	[18]		50000fea
	[19]		50000d26
	[20]		50000eb7
	[21]		50000e66
	[22]		50000feb
	[23]		50000d1b
	[24]		50000fec
	[25]		50000fed
	[26]		50000fee
	[27]		50000d49
	[28]		50000fef
	[29]		50000ff0
	[30]		50000ff1
	[31]		50000d46
	[32]		50000ff2
	[33]		50000caa
	[34]		50000ff3
	[35]		50000d32
	[36]		50000ff4
	[37]		50000cc8
	[38]		50000ff5
	[39]		50000cb6
	[40]		50000ff6
	[41]		50000ee5
	[42]		50000ff7
	[43]		50000edd
	[44]		50000f20
	[45]		50000ff8
	[46]		50000f68
	[47]		50000ff9
	[48]		50000f8a
	[49]		50000ffa
	[50]		50000ffb
	[51]		50000ffc
	[52]		50000d15
	[53]		50000f9d
	[54]		50000ffd
	[55]		50000f42
	[56]		50000f99
	[57]		50000ee3
	[58]		50000ffe
	[59]		50000fff
	[60]		50001000
	[61]		50000edb
	[62]		50000f1c
	[63]		50000f38
	[64]		50000f29
	[65]		50000f7e
	[66]		50000fa8
	[67]		50001001
	[68]		50000f40
	[69]		50000e5a
	[70]		50000f97
	[71]		50000ed5
	[72]		50001002
	[73]		50001003
	[74]		50000ed9
	[75]		50000f13
	[76]		50000f36
	[77]		50000f26
	[78]		50000f7c
	[79]		50000fa6
	[80]		50001004
	[81]		50000f3e
	[82]		50000f94
	[83]		50000eb5
	[84]		50001005
	[85]		50001006
	[86]		50001007
	[87]		50000f16
	[88]		50000f34
	[89]		50000f22
	[90]		50000f7a
	[91]		50000fa4
	[92]		50001008
	[93]		50000f3c
	[94]		50000f90
	[95]		50000ecb
	[96]		50001009
	[97]		5000100a
	[98]		5000100b
	[99]		5000100c
	[100]		50000e64
	[101]		50000f2b
	[102]		5000100d
	[103]		50000e45
	[104]		50000ef5
	[105]		50000eeb
	[106]		50000f92
	[107]		50000f6b
	[108]		50000e56
	[109]		50000f3a
	[110]		50000f8e
	[111]		50000eb3
	[112]		5000100e
	[113]		5000100f
	[114]		50001010
	[115]		50000ed7
	[116]		50000f0f
	[117]		50000f24
	[118]		50000ef9
	[119]		50000fa2
	[120]		50000f78
	[121]		50001011
	[122]		50000e85
	[123]		50000e78
	[124]		50000f32
	[125]		50001012
	[126]		50001013
	[127]		50000e74
	[128]		50001014
	[129]		50001015
	[130]		50001016
	[131]		50001017
	[132]		50001018
	[133]		50000f76
	[134]		50000fa0
	[135]		50001019
	[136]		5000101a
	[137]		5000101b
	[138]		5000101c
	[139]		5000101d
	[140]		5000101e
	[141]		50000f82
	[142]		50000eff
	[143]		50000e5c
	[144]		50000f80
	[145]		50000e99
	[146]		50000e2c
	[147]		50000e97
	[148]		50000e2a
	[149]		50000f6f
	[150]		50000e95
	[151]		50000e28
	[152]		50000e93
	[153]		50000e26
	[154]		50000e91
	[155]		50000e22
	[156]		50000e8e
	[157]		50000e20
	[158]		50000eb9
	[159]		50000cd2
	[160]		50000e6e
	[161]		50000ee1
	[162]		50000f6d
	[163]		50000e36
	[164]		50000f05
	[165]		50000ec9
	[166]		50000ebd
	[167]		50000f5a
	[168]		50000ecd
	[169]		50000ce9
	[170]		50000e7c
	[171]		50000efd
	[172]		50000f18
	[173]		50000ec5
	[174]		50000cef
	[175]		50000f66
	[176]		50000e1a
	[177]		50000f11
	[178]		50000ce6
	[179]		50000ec3
	[180]		50000f64
	[181]		5000101f
	[182]		50000f0d
	[183]		50000ec1
	[184]		50000ccf
	[185]		50000f62
	[186]		50000e38
	[187]		50000f08
	[188]		50000cc4
	[189]		50000ebf
	[190]		50000f5d
	[191]		50001020
	[192]		50000f03
	[193]		50000e52
	[194]		50000e7a
	[195]		50000f58
	[196]		50001021
	[197]		50000ef3
	[198]		50000d50
	[199]		50000eb1
	[200]		50000f54
	[201]		50001022
	[202]		50000e50
	[203]		50000ef1
	[204]		50000d42
	[205]		50000eaf
	[206]		50000f52
	[207]		50001023
	[208]		50000ee7
	[209]		50000ead
	[210]		50000ea9
	[211]		50000f48
ARR 500007e9 (sz=24, trace=300000, nelems=0, elem type=java.lang.Object[]@5000010a)
ARR 500007ea (sz=984, trace=300000, nelems=241, elem type=java.lang.Object[]@5000010a)
	[0]		50000fba
	[1]		50000cd5
	[2]		50000fb8
	[3]		50000d14
	[4]		50000fb6
	[5]		50000d11
	[6]		50000fb4
	[7]		50000d08
	[8]		50000fb2
	[9]		50000cf7
	[10]		50000fb0
	[11]		50000fae
	[12]		50000cbd
	[13]		50000fac
	[14]		50000ce0
	[15]		50000faa
	[16]		50000cfe
	[17]		50000fa8
	[18]		50000fa6
	[19]		50000fa4
	[20]		50000d04
	[21]		50000fa2
	[22]		50000fa0
	[23]		50000f9b
	[24]		50000f9d
	[25]		50000f99
	[26]		50000f97
	[27]		50000f92
	[28]		50000f94
	[29]		50000f90
	[30]		50000f8e
	[31]		50000f8c
	[32]		50000f8a
	[33]		50000f88
	[34]		50000d0b
	[35]		50000f86
	[36]		50000d48
	[37]		50000f84
	[38]		50000f82
	[39]		50000cb1
	[40]		50000f80
	[41]		50000cad
	[42]		50000f7e
	[43]		50000f7c
	[44]		50000f7a
	[45]		50000f78
	[46]		50000f76
	[47]		50000f74
	[48]		50000cc7
	[49]		50000f72
	[50]		50000d1a
	[51]		50000f6d
	[52]		50000cd2
	[53]		50000f6f
	[54]		50000d39
	[55]		50000f6b
	[56]		50000f66
	[57]		50000cef
	[58]		50000f68
	[59]		50000f64
	[60]		50000ce6
	[61]		50000f62
	[62]		50000ccf
	[63]		50000f5d
	[64]		50000cc4
	[65]		50000f5f
	[66]		50000f58
	[67]		50000cc1
	[68]		50000f5a
	[69]		50000cf3
	[70]		50000f56
	[71]		50000f54
	[72]		50000d50
	[73]		50000f52
	[74]		50000d42
	[75]		50000f50
	[76]		50000d31
	[77]		50000f4e
	[78]		50000f4c
	[79]		50000d25
	[80]		50000f4a
	[81]		50000f48
	[82]		50000cfb
	[83]		50000f46
	[84]		50000f44
	[85]		50000f42
	[86]		50000f40
	[87]		50000f3e
	[88]		50000f3c
	[89]		50000f3a
	[90]		50000f38
	[91]		50000f36
	[92]		50000f34
	[93]		50000f32
	[94]		50000cdd
	[95]		50000f30
	[96]		50000f2b
	[97]		50000f2d
	[98]		50000f29
	[99]		50000f24
	[100]		50000f26
	[101]		50000f22
	[102]		50000f20
	[103]		50000f18
	[104]		50000f1a
	[105]		50000f1c
	[106]		50000f16
	[107]		50000f11
	[108]		50000f13
	[109]		50000f0f
	[110]		50000f0d
	[111]		50000f08
	[112]		50000f0a
	[113]		50000f03
	[114]		50000f05
	[115]		50000f01
	[116]		50000eff
	[117]		50000efd
	[118]		50000ce9
	[119]		50000efb
	[120]		50000ef9
	[121]		50000ef7
	[122]		50000ef5
	[123]		50000ef3
	[124]		50000ef1
	[125]		50000eef
	[126]		50000eed
	[127]		50000eeb
	[128]		50000ee9
	[129]		50000ee7
	[130]		50000ee5
	[131]		50000ee3
	[132]		50000ee1
	[133]		50000edf
	[134]		50000edd
	[135]		50000edb
	[136]		50000ed9
	[137]		50000ed7
	[138]		50000ed5
	[139]		50000ed3
	[140]		50000ed1
	[141]		50000ecf
	[142]		50000cb5
	[143]		50000ecd
	[144]		50000ecb
	[145]		50000ec9
	[146]		50000ec7
	[147]		50000ec5
	[148]		50000ec3
	[149]		50000ec1
	[150]		50000ebf
	[151]		50000ebd
	[152]		50000ebb
	[153]		50000eb9
	[154]		50000eb7
	[155]		50000eb5
	[156]		50000eb3
	[157]		50000eb1
	[158]		50000eaf
	[159]		50000ead
	[160]		50000eab
	[161]		50000ca9
	[162]		50000ea9
	[163]		50000ea7
	[164]		50000ea5
	[165]		50000ea3
	[166]		50000d45
	[167]		50000ea1
	[168]		50000e9f
	[169]		50000e9d
	[170]		50000e9b
	[171]		50000e99
	[172]		50000d3c
	[173]		50000e97
	[174]		50000e95
	[175]		50000d2e
	[176]		50000e93
	[177]		50000d2b
	[178]		50000e91
	[179]		50000d22
	[180]		50000e8c
	[181]		50000e8e
	[182]		50000d1e
	[183]		50000e87
	[184]		50000e89
	[185]		50000cb9
	[186]		50000e85
	[187]		50000e80
	[188]		50000e82
	[189]		50000e7e
	[190]		50000e7c
	[191]		50000e7a
	[192]		50000e78
	[193]		50000e76
	[194]		50000e74
	[195]		50000e72
	[196]		50000e70
	[197]		50000e6e
	[198]		50000e6c
	[199]		50000e6a
	[200]		50000e68
	[201]		50000e66
	[202]		50000e64
	[203]		50000e62
	[204]		50000e60
	[205]		50000e5e
	[206]		50000e5c
	[207]		50000e5a
	[208]		50000e58
	[209]		50000e56
	[210]		50000e54
	[211]		50000e52
	[212]		50000e50
	[213]		50000e4e
	[214]		50000e4c
	[215]		50000e47
	[216]		50000e49
	[217]		50000e45
	[218]		50000e43
	[219]		50000e41
	[220]		50000e3c
	[221]		50000e3e
	[222]		50000e3a
	[223]		50000e38
	[224]		50000e36
	[225]		50000e34
	[226]		50000e32
	[227]		50000e30
	[228]		50000e2e
	[229]		50000e2c
	[230]		50000e2a
	[231]		50000e28
	[232]		50000e26
	[233]		50000e24
	[234]		50000e22
	[235]		50000e20
	[236]		50000e1e
	[237]		50000e1c
	[238]		50000e1a
	[239]		50000e18
	[240]		50000e16
ARR 500007eb (sz=328, trace=300000, nelems=78, elem type=java.lang.Object[]@5000010a)
	[0]		50000d50
	[1]		50000d51
	[2]		50000d42
	[3]		50000d43
	[4]		50000d45
	[5]		50000d46
	[6]		50000d48
	[7]		50000d49
	[8]		50000d39
	[9]		50000d3a
	[10]		50000d3c
	[11]		50000d3d
	[12]		50000d2b
	[13]		50000d2c
	[14]		50000d2e
	[15]		50000d2f
	[16]		50000d31
	[17]		50000d32
	[18]		50000d22
	[19]		50000d23
	[20]		50000d25
	[21]		50000d26
	[22]		50000d1e
	[23]		50000d1f
	[24]		50000d1a
	[25]		50000d1b
	[26]		50000d11
	[27]		50000d12
	[28]		50000d14
	[29]		50000d15
	[30]		50000d08
	[31]		50000d09
	[32]		50000d0b
	[33]		50000d0c
	[34]		50000d04
	[35]		50000d05
	[36]		50000cfb
	[37]		50000cfc
	[38]		50000cfe
	[39]		50000cff
	[40]		50000cf7
	[41]		50000cf8
	[42]		50000cf3
	[43]		50000cf4
	[44]		50000cef
	[45]		50000cf0
	[46]		50000ce6
	[47]		50000ce7
	[48]		50000ce9
	[49]		50000cea
	[50]		50000cdd
	[51]		50000cde
	[52]		50000ce0
	[53]		50000ce1
	[54]		50000ccf
	[55]		50000cd0
	[56]		50000cd2
	[57]		50000cd3
	[58]		50000cd5
	[59]		50000cd6
	[60]		50000cc1
	[61]		50000cc2
	[62]		50000cc4
	[63]		50000cc5
	[64]		50000cc7
	[65]		50000cc8
	[66]		50000cbd
	[67]		50000cbe
	[68]		50000cb9
	[69]		50000cba
	[70]		50000cb5
	[71]		50000cb6
	[72]		50000cb1
	[73]		50000cb2
	[74]		50000cad
	[75]		50000cae
	[76]		50000ca9
	[77]		50000caa
ARR 500007ec (sz=176, trace=300000, nelems=39, elem type=java.lang.Object[]@5000010a)
	[0]		50000d50
	[1]		50000d42
	[2]		50000d45
	[3]		50000d48
	[4]		50000d39
	[5]		50000d3c
	[6]		50000d2b
	[7]		50000d2e
	[8]		50000d31
	[9]		50000d22
	[10]		50000d25
	[11]		50000d1e
	[12]		50000d1a
	[13]		50000d11
	[14]		50000d14
	[15]		50000d08
	[16]		50000d0b
	[17]		50000d04
	[18]		50000cfb
	[19]		50000cfe
	[20]		50000cf7
	[21]		50000cf3
	[22]		50000cef
	[23]		50000ce6
	[24]		50000ce9
	[25]		50000cdd
	[26]		50000ce0
	[27]		50000ccf
	[28]		50000cd2
	[29]		50000cd5
	[30]		50000cc1
	[31]		50000cc4
	[32]		50000cc7
	[33]		50000cbd
	[34]		50000cb9
	[35]		50000cb5
	[36]		50000cb1
	[37]		50000cad
	[38]		50000ca9
ARR 500007ed (sz=24, trace=300000, nelems=1, elem type=java.lang.Object[]@5000010a)
	[0]		50000a1a
ARR 500007ee (sz=48, trace=300000, nelems=0, elem type=java.lang.Object[]@5000010a)
ARR 500007ef (sz=24, trace=300000, nelems=0, elem type=java.lang.Object[]@5000010a)
ARR 500007f0 (sz=24, trace=300000, nelems=0, elem type=java.lang.Object[]@5000010a)
ARR 500007f1 (sz=56, trace=300000, nelems=10, elem type=java.lang.Object[]@5000010a)
	[6]		500009d5
	[7]		500009d6
	[8]		500009d7
	[9]		500009d8
ARR 500007f2 (sz=32, trace=300000, nelems=0, elem type=java.lang.Object[]@5000010a)
ARR 500007f3 (sz=24, trace=300000, nelems=0, elem type=java.lang.Object[]@5000010a)
ARR 500007f4 (sz=24, trace=300000, nelems=1, elem type=java.lang.Object[]@5000010a)
	[0]		50001128
ARR 500007f5 (sz=40, trace=300000, nelems=5, elem type=java.lang.Object[]@5000010a)
	[2]		50001122
	[3]		50001123
	[4]		50001124
ARR 500007f6 (sz=32, trace=300000, nelems=0, elem type=java.lang.Object[]@5000010a)
ARR 500007f7 (sz=72, trace=300000, nelems=0, elem type=java.lang.Object[]@5000010a)
ARR 500007f8 (sz=104, trace=300000, nelems=4, elem type=java.lang.Object[]@5000010a)
	[3]		50000891
ARR 500007f9 (sz=72, trace=300000, nelems=0, elem type=java.lang.Object[]@5000010a)
ARR 500007fa (sz=192, trace=300000, nelems=0, elem type=java.lang.Object[]@5000010a)
ARR 500007fb (sz=24, trace=300000, nelems=1, elem type=java.lang.Object[]@5000010a)
	[0]		50000fde
ARR 500007fc (sz=32, trace=300000, nelems=0, elem type=java.lang.Object[]@5000010a)
ARR 500007fd (sz=32, trace=300000, nelems=3, elem type=java.lang.Object[]@5000010a)
	[0]		500009ec
	[2]		500009ed
ARR 500007fe (sz=32, trace=300000, nelems=0, elem type=java.lang.Object[]@5000010a)
ARR 500007ff (sz=80, trace=300000, nelems=15, elem type=java.lang.Object[]@5000010a)
	[2]		50000c7b
	[4]		50000c7c
	[11]		50000c7d
	[12]		50000c7e
	[13]		50000c7f
	[14]		50000c80
ARR 50000800 (sz=32, trace=300000, nelems=3, elem type=java.lang.Object[]@5000010a)
	[0]		5000108e
	[1]		5000108f
	[2]		50001090
ARR 50000801 (sz=24, trace=300000, nelems=0, elem type=java.lang.Object[]@5000010a)
ARR 50000802 (sz=24, trace=300000, nelems=0, elem type=java.lang.Object[]@5000010a)
ARR 50000803 (sz=24, trace=300000, nelems=0, elem type=java.lang.Object[]@5000010a)
ARR 50000804 (sz=40, trace=300000, nelems=0, elem type=java.lang.Object[]@5000010a)
ARR 50000805 (sz=104, trace=300000, nelems=6, elem type=java.lang.Object[]@5000010a)
	[0]		500010cf
	[1]		500010d3
	[2]		5000117f
	[3]		5000117e
	[4]		50001175
	[5]		50001174
ARR 50000806 (sz=24, trace=300000, nelems=0, elem type=java.lang.Object[]@5000010a)
ARR 50000807 (sz=24, trace=300000, nelems=0, elem type=java.lang.Object[]@5000010a)
ARR 50000808 (sz=24, trace=300000, nelems=0, elem type=java.lang.Object[]@5000010a)
ARR 50000809 (sz=40, trace=300000, nelems=5, elem type=java.lang.Object[]@5000010a)
	[4]		50001131
ARR 5000080a (sz=40, trace=300000, nelems=0, elem type=java.lang.Object[]@5000010a)
ARR 5000080b (sz=56, trace=300000, nelems=0, elem type=java.lang.Object[]@5000010a)
ARR 5000080c (sz=40, trace=300000, nelems=2, elem type=java.lang.Object[]@5000010a)
	[1]		50001141
ARR 5000080d (sz=24, trace=300000, nelems=0, elem type=java.lang.Object[]@5000010a)
ARR 5000080e (sz=24, trace=300000, nelems=0, elem type=java.lang.Object[]@5000010a)
ARR 5000080f (sz=32, trace=300000, nelems=0, elem type=java.lang.Object[]@5000010a)
ARR 50000810 (sz=24, trace=300000, nelems=0, elem type=java.lang.Object[]@5000010a)
ARR 50000811 (sz=80, trace=300000, nelems=15, elem type=java.lang.Object[]@5000010a)
	[2]		50000c7b
	[11]		50000c7d
	[12]		50000c7e
	[13]		50000c7f
	[14]		50000c80
ARR 50000812 (sz=32, trace=300000, nelems=0, elem type=java.lang.Object[]@5000010a)
ARR 50000813 (sz=32, trace=300000, nelems=0, elem type=java.lang.Object[]@5000010a)
ARR 50000814 (sz=48, trace=300000, nelems=0, elem type=java.lang.Object[]@5000010a)
ARR 50000815 (sz=24, trace=300000, nelems=2, elem type=java.lang.Object[]@5000010a)
	[0]		50000c75
	[1]		50000c76
ARR 50000816 (sz=32, trace=300000, nelems=2, elem type=java.lang.Object[]@5000010a)
	[1]		5000089d
ARR 50000817 (sz=96, trace=300000, nelems=19, elem type=java.lang.Object[]@5000010a)
	[0]		5000089c
	[17]		50000b41
	[18]		50000b42
ARR 50000818 (sz=32, trace=300000, nelems=3, elem type=java.lang.Object[]@5000010a)
	[1]		50000b9e
	[2]		50000b9f
ARR 50000819 (sz=40, trace=300000, nelems=6, elem type=java.lang.Object[]@5000010a)
	[0]		50000b99
	[1]		50000b9a
	[2]		50000b9b
	[3]		50000b9c
	[4]		5000089c
	[5]		50000b9d
ARR 5000081a (sz=32, trace=300000, nelems=0, elem type=java.lang.Object[]@5000010a)
ARR 5000081b (sz=24, trace=300000, nelems=2, elem type=java.lang.Object[]@5000010a)
	[0]		50000baf
	[1]		50000bb0
ARR 5000081c (sz=32, trace=300000, nelems=3, elem type=java.lang.Object[]@5000010a)
	[2]		500009c9
ARR 5000081d (sz=32, trace=300000, nelems=3, elem type=java.lang.Object[]@5000010a)
	[0]		5000118e
	[1]		5000118f
	[2]		50001190
ARR 5000081e (sz=40, trace=300000, nelems=0, elem type=java.lang.Object[]@5000010a)
ARR 5000081f (sz=80, trace=300000, nelems=16, elem type=java.lang.Object[]@5000010a)
	[15]		50000a26
ARR 50000820 (sz=24, trace=300000, nelems=1, elem type=java.lang.Object[]@5000010a)
	[0]		500008bc
ARR 50000821 (sz=48, trace=300000, nelems=8, elem type=java.lang.Object[]@5000010a)
	[0]		5000134a
	[5]		5000134b
	[7]		5000134c
ARR 50000822 (sz=48, trace=300000, nelems=8, elem type=java.lang.Object[]@5000010a)
	[2]		500010e6
	[7]		500010e7
ARR 50000823 (sz=40, trace=300000, nelems=5, elem type=java.lang.Object[]@5000010a)
	[0]		50000bea
	[1]		50000beb
	[4]		50000be9
ARR 50000824 (sz=32, trace=300000, nelems=4, elem type=java.lang.Object[]@5000010a)
	[3]		500010eb
ARR 50000825 (sz=64, trace=300000, nelems=0, elem type=java.lang.Object[]@5000010a)
ARR 50000826 (sz=32, trace=300000, nelems=2, elem type=java.lang.Object[]@5000010a)
	[0]		500010e5
	[1]		50000c15
ARR 50000827 (sz=264, trace=300000, nelems=62, elem type=java.lang.Object[]@5000010a)
	[57]		50000bc1
	[58]		50000bc2
	[61]		50000bc3
ARR 50000828 (sz=24, trace=300000, nelems=0, elem type=java.lang.Object[]@5000010a)
ARR 50000829 (sz=24, trace=300000, nelems=0, elem type=java.lang.Object[]@5000010a)
ARR 5000082a (sz=24, trace=300000, nelems=0, elem type=java.lang.Object[]@5000010a)
ARR 5000082b (sz=24, trace=300000, nelems=0, elem type=java.lang.Object[]@5000010a)
ARR 5000082c (sz=24, trace=300000, nelems=2, elem type=java.lang.Object[]@5000010a)
	[1]		50000b2e
ARR 5000082d (sz=32, trace=300000, nelems=3, elem type=java.lang.Object[]@5000010a)
	[0]		50000c15
	[1]		50000c16
	[2]		50000c17
ARR 5000082e (sz=32, trace=300000, nelems=0, elem type=java.lang.Object[]@5000010a)
ARR 5000082f (sz=40, trace=300000, nelems=0, elem type=java.lang.Object[]@5000010a)
ARR 50000830 (sz=32, trace=300000, nelems=0, elem type=java.lang.Object[]@5000010a)
ARR 50000831 (sz=32, trace=300000, nelems=0, elem type=java.lang.Object[]@5000010a)
ARR 50000832 (sz=48, trace=300000, nelems=0, elem type=java.lang.Object[]@5000010a)
ARR 50000833 (sz=40, trace=300000, nelems=6, elem type=java.lang.Object[]@5000010a)
	[2]		50000c68
	[3]		50000c69
	[4]		50000c6a
	[5]		50000c6b
ARR 50000834 (sz=24, trace=300000, nelems=0, elem type=java.lang.Object[]@5000010a)
ARR 50000835 (sz=112, trace=300000, nelems=24, elem type=java.lang.Object[]@5000010a)
	[6]		50000b9c
	[7]		50000bdd
	[8]		5000089c
	[16]		500010aa
	[17]		500010ab
	[18]		500010ac
	[19]		500010ad
	[20]		500010ae
	[21]		500010af
	[22]		500010b0
	[23]		500010b1
ARR 50000836 (sz=80, trace=300000, nelems=8, elem type=java.lang.Object[]@5000010a)
	[7]		500010b5
ARR 50000837 (sz=24, trace=300000, nelems=0, elem type=java.lang.Object[]@5000010a)
ARR 50000838 (sz=40, trace=300000, nelems=5, elem type=java.lang.Object[]@5000010a)
	[4]		50000b3a
ARR 50000839 (sz=88, trace=300000, nelems=17, elem type=java.lang.Object[]@5000010a)
	[16]		50000a24
ARR 5000083a (sz=88, trace=300000, nelems=17, elem type=java.lang.Object[]@5000010a)
	[6]		50000be6
	[7]		50000b9c
	[11]		50000be7
	[12]		5000089c
	[13]		50000be8
	[14]		50000be9
	[15]		50000bea
	[16]		50000beb
ARR 5000083b (sz=256, trace=300000, nelems=60, elem type=java.lang.Object[]@5000010a)
	[0]		5000089c
	[2]		500011aa
	[3]		500011ab
	[4]		500011ac
	[5]		500011ad
	[6]		500011ae
	[7]		500011af
	[29]		500011b0
	[30]		500011b1
	[31]		500011b2
	[32]		500011b3
	[33]		500011b4
	[34]		500011b5
	[41]		500011b6
	[43]		500011b7
	[44]		500011b8
	[46]		500011b9
	[47]		500011ba
	[48]		500011bb
	[49]		500011bc
	[50]		500011bd
	[51]		500011be
	[52]		500011bf
	[53]		500011c0
	[54]		500011c1
	[55]		500011c2
	[56]		500011c3
	[57]		500011c4
	[58]		500011c5
	[59]		500011c6
ARR 5000083c (sz=88, trace=300000, nelems=0, elem type=java.lang.Object[]@5000010a)
ARR 5000083d (sz=56, trace=300000, nelems=9, elem type=java.lang.Object[]@5000010a)
	[1]		50000a13
	[2]		50000a14
	[3]		50000a15
	[4]		50000a16
	[5]		50000a17
	[6]		50000a18
	[7]		50000a19
	[8]		50000a1a
ARR 5000083e (sz=72, trace=300000, nelems=6, elem type=java.lang.Object[]@5000010a)
	[0]		5000089c
	[1]		500011f4
	[3]		500011f5
	[5]		500011f6
ARR 5000083f (sz=24, trace=300000, nelems=1, elem type=java.lang.Object[]@5000010a)
	[0]		5000089c
ARR 50000840 (sz=24, trace=300000, nelems=0, elem type=java.lang.Object[]@5000010a)
ARR 50000841 (sz=24, trace=300000, nelems=2, elem type=java.lang.Object[]@5000010a)
	[0]		50000b2f
	[1]		50000b30
ARR 50000842 (sz=80, trace=300000, nelems=12, elem type=java.lang.Object[]@5000010a)
	[3]		5000089c
	[6]		50000be0
	[7]		50000be1
	[8]		50000be2
	[9]		50000be3
	[10]		50000be4
	[11]		50000be5
ARR 50000843 (sz=40, trace=300000, nelems=0, elem type=java.lang.Object[]@5000010a)
ARR 50000844 (sz=72, trace=300000, nelems=0, elem type=java.lang.Object[]@5000010a)
ARR 50000845 (sz=32, trace=300000, nelems=0, elem type=java.lang.Object[]@5000010a)
ARR 50000846 (sz=104, trace=300000, nelems=20, elem type=java.lang.Object[]@5000010a)
	[0]		50000c0e
	[13]		500010cf
	[14]		500010d0
	[15]		500010d1
	[16]		500010d2
	[17]		500008ba
	[19]		500008bf
ARR 50000847 (sz=64, trace=300000, nelems=0, elem type=java.lang.Object[]@5000010a)
ARR 50000848 (sz=24, trace=300000, nelems=1, elem type=java.lang.Object[]@5000010a)
	[0]		500010ea
ARR 50000849 (sz=24, trace=300000, nelems=1, elem type=java.lang.Object[]@5000010a)
	[0]		50001120
ARR 5000084a (sz=80, trace=300000, nelems=13, elem type=java.lang.Object[]@5000010a)
	[12]		50001336
ARR 5000084b (sz=112, trace=300000, nelems=0, elem type=java.lang.Object[]@5000010a)
ARR 5000084c (sz=24, trace=300000, nelems=1, elem type=java.lang.Object[]@5000010a)
	[0]		50001347
ARR 5000084d (sz=64, trace=300000, nelems=0, elem type=java.lang.Object[]@5000010a)
ARR 5000084e (sz=24, trace=300000, nelems=0, elem type=java.lang.Object[]@5000010a)
ARR 5000084f (sz=24, trace=300000, nelems=0, elem type=java.lang.Object[]@5000010a)
ARR 50000850 (sz=40, trace=300000, nelems=0, elem type=java.lang.Object[]@5000010a)
ARR 50000851 (sz=48, trace=300000, nelems=7, elem type=java.lang.Object[]@5000010a)
	[0]		50001337
	[1]		50001338
	[2]		50001339
	[3]		5000133a
	[4]		5000133b
	[5]		5000133c
	[6]		5000133d
ARR 50000852 (sz=144, trace=300000, nelems=0, elem type=java.lang.Object[]@5000010a)
ARR 50000853 (sz=128, trace=300000, nelems=0, elem type=java.lang.Object[]@5000010a)
ARR 50000854 (sz=296, trace=300000, nelems=68, elem type=java.lang.Object[]@5000010a)
	[44]		50001350
	[45]		50001351
	[52]		5000089c
	[54]		500007bb
	[61]		50001352
	[66]		50001353
	[67]		500008be
ARR 50000855 (sz=24, trace=300000, nelems=1, elem type=java.lang.Object[]@5000010a)
	[0]		50000c17
ARR 50000856 (sz=48, trace=300000, nelems=1, elem type=java.lang.Object[]@5000010a)
	[0]		500010d7
ARR 50000857 (sz=24, trace=300000, nelems=2, elem type=java.lang.Object[]@5000010a)
	[0]		50000b9c
	[1]		50000bdd
ARR 50000858 (sz=24, trace=300000, nelems=0, elem type=java.lang.Object[]@5000010a)
ARR 50000859 (sz=48, trace=300000, nelems=4, elem type=java.lang.Object[]@5000010a)
	[0]		50000c0e
	[1]		5000089c
	[2]		50000c10
	[3]		50000bdd
ARR 5000085a (sz=56, trace=300000, nelems=9, elem type=java.lang.Object[]@5000010a)
	[8]		500008bd
ARR 5000085b (sz=32, trace=300000, nelems=3, elem type=java.lang.Object[]@5000010a)
	[0]		50000a1a
	[1]		50000ba4
	[2]		50000ba5
ARR 5000085c (sz=40, trace=300000, nelems=5, elem type=java.lang.Object[]@5000010a)
	[4]		50000b38
ARR 5000085d (sz=32, trace=300000, nelems=4, elem type=java.lang.Object[]@5000010a)
	[0]		50000bdd
	[2]		50000bea
	[3]		500010df
ARR 5000085e (sz=24, trace=300000, nelems=1, elem type=java.lang.Object[]@5000010a)
	[0]		50000a11
ARR 5000085f (sz=56, trace=300000, nelems=0, elem type=java.lang.Object[]@5000010a)
ARR 50000860 (sz=24, trace=300000, nelems=0, elem type=java.lang.Object[]@5000010a)
ARR 50000861 (sz=64, trace=300000, nelems=1, elem type=java.lang.Object[]@5000010a)
	[0]		500013c8
ARR 50000862 (sz=40, trace=300000, nelems=1, elem type=java.lang.Object[]@5000010a)
	[0]		500013c9
ARR 50000863 (sz=24, trace=300000, nelems=0, elem type=java.lang.Object[]@5000010a)
ARR 50000864 (sz=24, trace=300000, nelems=1, elem type=java.lang.Object[]@5000010a)
	[0]		5000089c
ARR 50000865 (sz=32, trace=300000, nelems=0, elem type=java.lang.Object[]@5000010a)
ARR 50000866 (sz=24, trace=300000, nelems=0, elem type=java.lang.Object[]@5000010a)
ARR 50000867 (sz=48, trace=300000, nelems=7, elem type=java.lang.Object[]@5000010a)
	[0]		50001379
	[2]		500013cc
	[3]		500013cd
	[5]		5000089c
	[6]		500010d7
ARR 50000868 (sz=72, trace=300000, nelems=7, elem type=java.lang.Object[]@5000010a)
	[0]		500013cf
	[3]		5000089c
	[4]		500013d0
	[5]		500013d1
	[6]		500011bd
ARR 50000869 (sz=48, trace=300000, nelems=0, elem type=java.lang.Object[]@5000010a)
ARR 5000086a (sz=24, trace=300000, nelems=0, elem type=java.lang.Object[]@5000010a)
ARR 5000086b (sz=64, trace=300000, nelems=0, elem type=java.lang.Object[]@5000010a)
ARR 5000086c (sz=48, trace=300000, nelems=0, elem type=java.lang.Object[]@5000010a)
ARR 5000086d (sz=24, trace=300000, nelems=0, elem type=java.lang.Object[]@5000010a)
ARR 5000086e (sz=168, trace=300000, nelems=0, elem type=java.lang.Object[]@5000010a)
ARR 5000086f (sz=168, trace=300000, nelems=38, elem type=java.lang.Object[]@5000010a)
	[0]		500013a6
	[1]		500013a5
	[2]		500013ae
	[3]		500013ad
	[4]		500007bb
	[5]		500013c1
	[6]		5000137e
	[7]		5000137d
	[8]		50001386
	[9]		50001385
	[10]		5000138a
	[11]		50001389
	[12]		5000138e
	[13]		5000138d
	[14]		500013aa
	[15]		500013a9
	[16]		500013a2
	[17]		500013a1
	[18]		500013b2
	[19]		500013b1
	[20]		500013be
	[21]		500013bd
	[22]		500013c5
	[23]		500013c4
	[24]		50001382
	[25]		50001381
	[26]		5000139a
	[27]		50001399
	[28]		50001392
	[29]		50001391
	[30]		500013ba
	[31]		500013b9
	[32]		50001396
	[33]		50001395
	[34]		500013b6
	[35]		500013b5
	[36]		5000139e
	[37]		5000139d
ARR 50000870 (sz=24, trace=300000, nelems=0, elem type=java.lang.Object[]@5000010a)
ARR 50000871 (sz=152, trace=300000, nelems=33, elem type=java.lang.Object[]@5000010a)
	[0]		5000089c
	[22]		50001360
	[23]		50001361
	[24]		50001362
	[25]		50001363
	[26]		50001364
	[27]		50001365
	[28]		50001366
	[29]		50000b38
	[30]		50001367
	[31]		50000a24
	[32]		50001368
ARR 50000872 (sz=56, trace=300000, nelems=10, elem type=java.lang.Object[]@5000010a)
	[0]		500012dd
	[1]		500012de
	[2]		500012df
	[3]		500012e0
	[4]		500012e1
	[5]		500012e2
	[6]		500012e3
	[7]		500012e4
	[8]		500012e5
	[9]		500012e6
ARR 50000873 (sz=32, trace=300000, nelems=0, elem type=java.lang.Object[]@5000010a)
ARR 50000874 (sz=48, trace=300000, nelems=7, elem type=java.lang.Object[]@5000010a)
	[4]		500011b0
	[5]		50001374
	[6]		50001375
ARR 50000875 (sz=24, trace=300000, nelems=2, elem type=java.lang.Object[]@5000010a)
	[1]		50001372
ARR 50000876 (sz=32, trace=300000, nelems=0, elem type=java.lang.Object[]@5000010a)
OBJ 50000877 (sz=104, trace=300000, class=java.lang.Class@5000016b)
OBJ 50000878 (sz=104, trace=300000, class=java.lang.Class@5000016b)
OBJ 50000879 (sz=104, trace=300000, class=java.lang.Class@5000016b)
OBJ 5000087a (sz=104, trace=300000, class=java.lang.Class@5000016b)
OBJ 5000087b (sz=104, trace=300000, class=java.lang.Class@5000016b)
OBJ 5000087c (sz=104, trace=300000, class=java.lang.Class@5000016b)
OBJ 5000087d (sz=104, trace=300000, class=java.lang.Class@5000016b)
OBJ 5000087e (sz=104, trace=300000, class=java.lang.Class@5000016b)
OBJ 5000087f (sz=104, trace=300000, class=java.lang.Class@5000016b)
ARR 50000880 (sz=16, trace=300000, nelems=0, elem type=java.lang.Class[]@50000105)
OBJ 50000881 (sz=24, trace=300000, class=java.lang.String@5000016f)
	value		50001335
OBJ 50000882 (sz=24, trace=300000, class=java.lang.String@5000016f)
	value		50001334
OBJ 50000883 (sz=32, trace=300000, class=java.lang.OutOfMemoryError@50000157)
	detailMessage	50001332
OBJ 50000884 (sz=32, trace=300000, class=java.lang.OutOfMemoryError@50000157)
	detailMessage	50001330
OBJ 50000885 (sz=32, trace=300000, class=java.lang.OutOfMemoryError@50000157)
	detailMessage	5000132e
OBJ 50000886 (sz=32, trace=300000, class=java.lang.OutOfMemoryError@50000157)
	detailMessage	5000132c
OBJ 50000887 (sz=32, trace=300000, class=java.lang.OutOfMemoryError@50000157)
	detailMessage	5000132a
OBJ 50000888 (sz=32, trace=300000, class=java.lang.OutOfMemoryError@50000157)
	detailMessage	50001328
ARR 50000889 (sz=32, trace=300000, nelems=4, elem type=java.lang.OutOfMemoryError[]@500000ff)
	[0]		50001324
	[1]		50001325
	[2]		50001326
	[3]		50001327
OBJ 5000088a (sz=32, trace=300000, class=java.lang.NullPointerException@50000104)
OBJ 5000088b (sz=32, trace=300000, class=java.lang.ArithmeticException@50000103)
	detailMessage	50001322
OBJ 5000088c (sz=32, trace=300000, class=java.lang.VirtualMachineError@50000158)
OBJ 5000088d (sz=48, trace=300000, class=java.lang.ThreadGroup@5000014a)
	parent		5000088e
	name		50001312
	threads		50001311
OBJ 5000088e (sz=48, trace=300000, class=java.lang.ThreadGroup@5000014a)
	name		5000089b
	threads		500012fa
	groups		500012f9
OBJ 5000088f (sz=32, trace=300000, class=java.lang.VirtualMachineError@50000158)
OBJ 50000890 (sz=24, trace=300000, class=java.lang.String@5000016f)
	value		50000892
OBJ 50000891 (sz=24, trace=300000, class=java.lang.String@5000016f)
	value		50000b3c
ARR 50000892 (sz=24, trace=300000, nelems=12, elem type=char[])
OBJ 50000893 (sz=16, trace=300000, class=java.lang.String$CaseInsensitiveComparator@500000fa)
ARR 50000894 (sz=16, trace=300000, nelems=0, elem type=java.io.ObjectStreamField[]@500000fc)
OBJ 50000895 (sz=24, trace=300000, class=java.lang.String@5000016f)
	value		50000898
OBJ 50000896 (sz=24, trace=300000, class=java.lang.RuntimePermission@500000f2)
	name		50000895
	path		50000895
ARR 50000897 (sz=16, trace=300000, nelems=0, elem type=java.lang.StackTraceElement[]@500000f6)
ARR 50000898 (sz=64, trace=300000, nelems=32, elem type=char[])
OBJ 50000899 (sz=24, trace=300000, class=java.lang.String@5000016f)
	value		5000089a
ARR 5000089a (sz=12, trace=300000, nelems=6, elem type=char[])
OBJ 5000089b (sz=24, trace=300000, class=java.lang.String@5000016f)
	value		500011a9
OBJ 5000089c (sz=24, trace=300000, class=java.lang.String@5000016f)
	value		50000ba3
OBJ 5000089d (sz=24, trace=300000, class=java.lang.String@5000016f)
	value		50001140
OBJ 5000089e (sz=24, trace=300000, class=java.lang.String@5000016f)
	value		500011a8
OBJ 5000089f (sz=24, trace=300000, class=java.lang.String@5000016f)
	value		500011a7
OBJ 500008a0 (sz=24, trace=300000, class=java.lang.String@5000016f)
	value		500011a6
OBJ 500008a1 (sz=24, trace=300000, class=java.lang.String@5000016f)
	value		50000931
OBJ 500008a2 (sz=48, trace=300000, class=java.util.Properties@50000146)
	table		5000114e
	entrySet	5000114d
OBJ 500008a3 (sz=32, trace=300000, class=java.io.PrintStream@50000079)
	out		50001145
	textOut		50001144
	charOut		50001143
OBJ 500008a4 (sz=32, trace=300000, class=java.io.PrintStream@50000079)
	out		50001138
	textOut		50001137
	charOut		50001136
OBJ 500008a5 (sz=40, trace=300000, class=java.io.BufferedInputStream@50000080)
	in		500008a7
	buf		500008a6
ARR 500008a6 (sz=8192, trace=300000, nelems=8192, elem type=byte[])
OBJ 500008a7 (sz=32, trace=300000, class=java.io.FileInputStream@50000089)
	fd		500008a9
	closeLock	500008a8
OBJ 500008a8 (sz=16, trace=300000, class=java.lang.Object@50000173)
OBJ 500008a9 (sz=32, trace=300000, class=java.io.FileDescriptor@50000088)
	parent		500008a7
OBJ 500008aa (sz=32, trace=300000, class=java.io.FileDescriptor@50000088)
	parent		500008ae
OBJ 500008ab (sz=32, trace=300000, class=java.io.FileDescriptor@50000088)
	parent		500008ac
OBJ 500008ac (sz=32, trace=300000, class=java.io.FileOutputStream@50000082)
	fd		500008ab
	closeLock	500008ad
OBJ 500008ad (sz=16, trace=300000, class=java.lang.Object@50000173)
OBJ 500008ae (sz=32, trace=300000, class=java.io.FileOutputStream@50000082)
	fd		500008aa
	closeLock	500008af
OBJ 500008af (sz=16, trace=300000, class=java.lang.Object@50000173)
OBJ 500008b0 (sz=16, trace=300000, class=java.security.ProtectionDomain$1@5000000b)
OBJ 500008b1 (sz=16, trace=300000, class=java.security.ProtectionDomain$3@50000009)
OBJ 500008b2 (sz=16, trace=300000, class=java.io.FileDescriptor$1@50000086)
OBJ 500008b3 (sz=16, trace=300000, class=java.nio.Bits$1@5000006b)
OBJ 500008b4 (sz=16, trace=300000, class=java.net.URLClassLoader$7@50000041)
OBJ 500008b5 (sz=16, trace=300000, class=sun.misc.Unsafe@50000122)
OBJ 500008b6 (sz=24, trace=300000, class=java.lang.String@5000016f)
	value		500009eb
OBJ 500008b7 (sz=24, trace=300000, class=java.lang.String@5000016f)
	value		50001130
OBJ 500008b8 (sz=24, trace=300000, class=java.lang.String@5000016f)
	value		5000112f
OBJ 500008b9 (sz=24, trace=300000, class=java.lang.String@5000016f)
	value		5000112e
OBJ 500008ba (sz=24, trace=300000, class=java.lang.String@5000016f)
	value		500010da
OBJ 500008bb (sz=24, trace=300000, class=java.lang.String@5000016f)
	value		5000112d
OBJ 500008bc (sz=24, trace=300000, class=java.lang.String@5000016f)
	value		50000b2d
OBJ 500008bd (sz=24, trace=300000, class=java.lang.String@5000016f)
	value		5000112c
OBJ 500008be (sz=24, trace=300000, class=java.lang.String@5000016f)
	value		5000112b
OBJ 500008bf (sz=24, trace=300000, class=java.lang.String@5000016f)
	value		500010d9
OBJ 500008c0 (sz=48, trace=300000, class=java.util.Properties@50000146)
	table		500008c2
OBJ 500008c1 (sz=16, trace=300000, class=java.lang.Object@50000173)
ARR 500008c2 (sz=400, trace=300000, nelems=89, elem type=java.util.Hashtable$Entry[]@500000d6)
	[0]		500008c3
	[2]		500008c4
	[9]		500008c5
	[10]		500008c6
	[11]		500008c7
	[13]		500008c8
	[16]		500008c9
	[17]		500008ca
	[18]		500008cb
	[19]		500008cc
	[21]		500008cd
	[22]		500008ce
	[24]		500008cf
	[26]		500008d0
	[27]		500008d1
	[33]		500008d2
	[38]		500008d3
	[39]		500008d4
	[40]		500008d5
	[41]		500008d6
	[44]		500008d7
	[47]		500008d8
	[49]		500008d9
	[54]		500008da
	[57]		500008db
	[63]		500008dc
	[65]		500008dd
	[67]		500008de
	[70]		500008df
	[72]		500008e0
	[76]		500008e1
	[79]		500008e2
	[80]		500008e3
	[81]		500008e4
	[82]		500008e5
	[88]		500008e6
OBJ 500008c3 (sz=32, trace=300000, class=java.util.Hashtable$Entry@500000d8)
	key		500009c2
	value		500009c1
OBJ 500008c4 (sz=32, trace=300000, class=java.util.Hashtable$Entry@500000d8)
	key		500009be
	value		500009bd
OBJ 500008c5 (sz=32, trace=300000, class=java.util.Hashtable$Entry@500000d8)
	key		500009b6
	value		500009b5
	next		500009b4
OBJ 500008c6 (sz=32, trace=300000, class=java.util.Hashtable$Entry@500000d8)
	key		500009b1
	value		500009b0
OBJ 500008c7 (sz=32, trace=300000, class=java.util.Hashtable$Entry@500000d8)
	key		500009ad
	value		500009ac
OBJ 500008c8 (sz=32, trace=300000, class=java.util.Hashtable$Entry@500000d8)
	key		500009a9
	value		500009a8
OBJ 500008c9 (sz=32, trace=300000, class=java.util.Hashtable$Entry@500000d8)
	key		500009a5
	value		500009a4
OBJ 500008ca (sz=32, trace=300000, class=java.util.Hashtable$Entry@500000d8)
	key		500009a1
	value		500009a0
OBJ 500008cb (sz=32, trace=300000, class=java.util.Hashtable$Entry@500000d8)
	key		5000099d
	value		5000099c
OBJ 500008cc (sz=32, trace=300000, class=java.util.Hashtable$Entry@500000d8)
	key		50000999
	value		50000998
OBJ 500008cd (sz=32, trace=300000, class=java.util.Hashtable$Entry@500000d8)
	key		50000991
	value		50000990
	next		5000098f
OBJ 500008ce (sz=32, trace=300000, class=java.util.Hashtable$Entry@500000d8)
	key		5000098c
	value		5000098b
OBJ 500008cf (sz=32, trace=300000, class=java.util.Hashtable$Entry@500000d8)
	key		50000984
	value		50000983
	next		50000982
OBJ 500008d0 (sz=32, trace=300000, class=java.util.Hashtable$Entry@500000d8)
	key		50000976
	value		50000975
	next		50000974
OBJ 500008d1 (sz=32, trace=300000, class=java.util.Hashtable$Entry@500000d8)
	key		50000971
	value		50000970
OBJ 500008d2 (sz=32, trace=300000, class=java.util.Hashtable$Entry@500000d8)
	key		50000969
	value		50000968
	next		50000967
OBJ 500008d3 (sz=32, trace=300000, class=java.util.Hashtable$Entry@500000d8)
	key		50000960
	value		5000095f
	next		5000095e
OBJ 500008d4 (sz=32, trace=300000, class=java.util.Hashtable$Entry@500000d8)
	key		5000095b
	value		5000095a
OBJ 500008d5 (sz=32, trace=300000, class=java.util.Hashtable$Entry@500000d8)
	key		50000957
	value		50000956
OBJ 500008d6 (sz=32, trace=300000, class=java.util.Hashtable$Entry@500000d8)
	key		50000953
	value		50000952
OBJ 500008d7 (sz=32, trace=300000, class=java.util.Hashtable$Entry@500000d8)
	key		5000094f
	value		5000094e
OBJ 500008d8 (sz=32, trace=300000, class=java.util.Hashtable$Entry@500000d8)
	key		5000094b
	value		5000094a
OBJ 500008d9 (sz=32, trace=300000, class=java.util.Hashtable$Entry@500000d8)
	key		50000943
	value		50000942
	next		50000941
OBJ 500008da (sz=32, trace=300000, class=java.util.Hashtable$Entry@500000d8)
	key		5000093e
	value		5000093d
OBJ 500008db (sz=32, trace=300000, class=java.util.Hashtable$Entry@500000d8)
	key		5000093a
	value		500007bc
OBJ 500008dc (sz=32, trace=300000, class=java.util.Hashtable$Entry@500000d8)
	key		50000937
	value		50000936
OBJ 500008dd (sz=32, trace=300000, class=java.util.Hashtable$Entry@500000d8)
	key		50000933
	value		50000932
OBJ 500008de (sz=32, trace=300000, class=java.util.Hashtable$Entry@500000d8)
	key		5000092c
	value		5000092b
	next		5000092a
OBJ 500008df (sz=32, trace=300000, class=java.util.Hashtable$Entry@500000d8)
	key		50000923
	value		50000922
	next		50000921
OBJ 500008e0 (sz=32, trace=300000, class=java.util.Hashtable$Entry@500000d8)
	key		5000091e
	value		5000091d
OBJ 500008e1 (sz=32, trace=300000, class=java.util.Hashtable$Entry@500000d8)
	key		50000916
	value		50000915
	next		50000914
OBJ 500008e2 (sz=32, trace=300000, class=java.util.Hashtable$Entry@500000d8)
	key		50000908
	value		50000907
	next		50000906
OBJ 500008e3 (sz=32, trace=300000, class=java.util.Hashtable$Entry@500000d8)
	key		500008ff
	value		500008fe
	next		500008fd
OBJ 500008e4 (sz=32, trace=300000, class=java.util.Hashtable$Entry@500000d8)
	key		500008fa
	value		500008f9
OBJ 500008e5 (sz=32, trace=300000, class=java.util.Hashtable$Entry@500000d8)
	key		500008f2
	value		500008f1
	next		500008f0
OBJ 500008e6 (sz=32, trace=300000, class=java.util.Hashtable$Entry@500000d8)
	key		500008e9
	value		500008e8
	next		500008e7
OBJ 500008e7 (sz=32, trace=300000, class=java.util.Hashtable$Entry@500000d8)
	key		500008ed
	value		500008ec
OBJ 500008e8 (sz=24, trace=300000, class=java.lang.String@5000016f)
	value		500008eb
OBJ 500008e9 (sz=24, trace=300000, class=java.lang.String@5000016f)
	value		500008ea
ARR 500008ea (sz=42, trace=300000, nelems=21, elem type=char[])
ARR 500008eb (sz=122, trace=300000, nelems=61, elem type=char[])
OBJ 500008ec (sz=24, trace=300000, class=java.lang.String@5000016f)
	value		500008ef
OBJ 500008ed (sz=24, trace=300000, class=java.lang.String@5000016f)
	value		500008ee
ARR 500008ee (sz=30, trace=300000, nelems=15, elem type=char[])
ARR 500008ef (sz=18, trace=300000, nelems=9, elem type=char[])
OBJ 500008f0 (sz=32, trace=300000, class=java.util.Hashtable$Entry@500000d8)
	key		500008f6
	value		500008f5
OBJ 500008f1 (sz=24, trace=300000, class=java.lang.String@5000016f)
	value		500008f4
OBJ 500008f2 (sz=24, trace=300000, class=java.lang.String@5000016f)
	value		500008f3
ARR 500008f3 (sz=28, trace=300000, nelems=14, elem type=char[])
ARR 500008f4 (sz=36, trace=300000, nelems=18, elem type=char[])
OBJ 500008f5 (sz=24, trace=300000, class=java.lang.String@5000016f)
	value		500008f8
OBJ 500008f6 (sz=24, trace=300000, class=java.lang.String@5000016f)
	value		500008f7
ARR 500008f7 (sz=30, trace=300000, nelems=15, elem type=char[])
ARR 500008f8 (sz=46, trace=300000, nelems=23, elem type=char[])
OBJ 500008f9 (sz=24, trace=300000, class=java.lang.String@5000016f)
	value		500008fc
OBJ 500008fa (sz=24, trace=300000, class=java.lang.String@5000016f)
	value		500008fb
ARR 500008fb (sz=28, trace=300000, nelems=14, elem type=char[])
ARR 500008fc (sz=2, trace=300000, nelems=1, elem type=char[])
OBJ 500008fd (sz=32, trace=300000, class=java.util.Hashtable$Entry@500000d8)
	key		50000903
	value		50000902
OBJ 500008fe (sz=24, trace=300000, class=java.lang.String@5000016f)
	value		50000901
OBJ 500008ff (sz=24, trace=300000, class=java.lang.String@5000016f)
	value		50000900
ARR 50000900 (sz=24, trace=300000, nelems=12, elem type=char[])
ARR 50000901 (sz=48, trace=300000, nelems=24, elem type=char[])
OBJ 50000902 (sz=24, trace=300000, class=java.lang.String@5000016f)
	value		50000905
OBJ 50000903 (sz=24, trace=300000, class=java.lang.String@5000016f)
	value		50000904
ARR 50000904 (sz=34, trace=300000, nelems=17, elem type=char[])
ARR 50000905 (sz=12, trace=300000, nelems=6, elem type=char[])
OBJ 50000906 (sz=32, trace=300000, class=java.util.Hashtable$Entry@500000d8)
	key		5000090d
	value		5000090c
	next		5000090b
OBJ 50000907 (sz=24, trace=300000, class=java.lang.String@5000016f)
	value		5000090a
OBJ 50000908 (sz=24, trace=300000, class=java.lang.String@5000016f)
	value		50000909
ARR 50000909 (sz=24, trace=300000, nelems=12, elem type=char[])
ARR 5000090a (sz=4, trace=300000, nelems=2, elem type=char[])
OBJ 5000090b (sz=32, trace=300000, class=java.util.Hashtable$Entry@500000d8)
	key		50000911
	value		50000910
OBJ 5000090c (sz=24, trace=300000, class=java.lang.String@5000016f)
	value		5000090f
OBJ 5000090d (sz=24, trace=300000, class=java.lang.String@5000016f)
	value		5000090e
ARR 5000090e (sz=34, trace=300000, nelems=17, elem type=char[])
ARR 5000090f (sz=24, trace=300000, nelems=12, elem type=char[])
OBJ 50000910 (sz=24, trace=300000, class=java.lang.String@5000016f)
	value		50000913
OBJ 50000911 (sz=24, trace=300000, class=java.lang.String@5000016f)
	value		50000912
ARR 50000912 (sz=36, trace=300000, nelems=18, elem type=char[])
ARR 50000913 (sz=14, trace=300000, nelems=7, elem type=char[])
OBJ 50000914 (sz=32, trace=300000, class=java.util.Hashtable$Entry@500000d8)
	key		5000091a
	value		50000919
OBJ 50000915 (sz=24, trace=300000, class=java.lang.String@5000016f)
	value		50000918
OBJ 50000916 (sz=24, trace=300000, class=java.lang.String@5000016f)
	value		50000917
ARR 50000917 (sz=52, trace=300000, nelems=26, elem type=char[])
ARR 50000918 (sz=68, trace=300000, nelems=34, elem type=char[])
OBJ 50000919 (sz=24, trace=300000, class=java.lang.String@5000016f)
	value		5000091c
OBJ 5000091a (sz=24, trace=300000, class=java.lang.String@5000016f)
	value		5000091b
ARR 5000091b (sz=16, trace=300000, nelems=8, elem type=char[])
ARR 5000091c (sz=78, trace=300000, nelems=39, elem type=char[])
OBJ 5000091d (sz=24, trace=300000, class=java.lang.String@5000016f)
	value		50000920
OBJ 5000091e (sz=24, trace=300000, class=java.lang.String@5000016f)
	value		5000091f
ARR 5000091f (sz=40, trace=300000, nelems=20, elem type=char[])
ARR 50000920 (sz=60, trace=300000, nelems=30, elem type=char[])
OBJ 50000921 (sz=32, trace=300000, class=java.util.Hashtable$Entry@500000d8)
	key		50000927
	value		50000926
OBJ 50000922 (sz=24, trace=300000, class=java.lang.String@5000016f)
	value		50000925
OBJ 50000923 (sz=24, trace=300000, class=java.lang.String@5000016f)
	value		50000924
ARR 50000924 (sz=36, trace=300000, nelems=18, elem type=char[])
ARR 50000925 (sz=128, trace=300000, nelems=64, elem type=char[])
OBJ 50000926 (sz=24, trace=300000, class=java.lang.String@5000016f)
	value		50000929
OBJ 50000927 (sz=24, trace=300000, class=java.lang.String@5000016f)
	value		50000928
ARR 50000928 (sz=14, trace=300000, nelems=7, elem type=char[])
ARR 50000929 (sz=10, trace=300000, nelems=5, elem type=char[])
OBJ 5000092a (sz=32, trace=300000, class=java.util.Hashtable$Entry@500000d8)
	key		5000092f
	value		500008a1
OBJ 5000092b (sz=24, trace=300000, class=java.lang.String@5000016f)
	value		5000092e
OBJ 5000092c (sz=24, trace=300000, class=java.lang.String@5000016f)
	value		5000092d
ARR 5000092d (sz=28, trace=300000, nelems=14, elem type=char[])
ARR 5000092e (sz=8, trace=300000, nelems=4, elem type=char[])
OBJ 5000092f (sz=24, trace=300000, class=java.lang.String@5000016f)
	value		50000930
ARR 50000930 (sz=28, trace=300000, nelems=14, elem type=char[])
ARR 50000931 (sz=2, trace=300000, nelems=1, elem type=char[])
OBJ 50000932 (sz=24, trace=300000, class=java.lang.String@5000016f)
	value		50000935
OBJ 50000933 (sz=24, trace=300000, class=java.lang.String@5000016f)
	value		50000934
ARR 50000934 (sz=56, trace=300000, nelems=28, elem type=char[])
ARR 50000935 (sz=36, trace=300000, nelems=18, elem type=char[])
OBJ 50000936 (sz=24, trace=300000, class=java.lang.String@5000016f)
	value		50000939
OBJ 50000937 (sz=24, trace=300000, class=java.lang.String@5000016f)
	value		50000938
ARR 50000938 (sz=14, trace=300000, nelems=7, elem type=char[])
ARR 50000939 (sz=10, trace=300000, nelems=5, elem type=char[])
OBJ 5000093a (sz=24, trace=300000, class=java.lang.String@5000016f)
	value		5000093b
ARR 5000093b (sz=32, trace=300000, nelems=16, elem type=char[])
ARR 5000093c (sz=10, trace=300000, nelems=5, elem type=char[])
OBJ 5000093d (sz=24, trace=300000, class=java.lang.String@5000016f)
	value		50000940
OBJ 5000093e (sz=24, trace=300000, class=java.lang.String@5000016f)
	value		5000093f
ARR 5000093f (sz=34, trace=300000, nelems=17, elem type=char[])
ARR 50000940 (sz=120, trace=300000, nelems=60, elem type=char[])
OBJ 50000941 (sz=32, trace=300000, class=java.util.Hashtable$Entry@500000d8)
	key		50000947
	value		50000946
OBJ 50000942 (sz=24, trace=300000, class=java.lang.String@5000016f)
	value		50000945
OBJ 50000943 (sz=24, trace=300000, class=java.lang.String@5000016f)
	value		50000944
ARR 50000944 (sz=46, trace=300000, nelems=23, elem type=char[])
ARR 50000945 (sz=62, trace=300000, nelems=31, elem type=char[])
OBJ 50000946 (sz=24, trace=300000, class=java.lang.String@5000016f)
	value		50000949
OBJ 50000947 (sz=24, trace=300000, class=java.lang.String@5000016f)
	value		50000948
ARR 50000948 (sz=36, trace=300000, nelems=18, elem type=char[])
ARR 50000949 (sz=8, trace=300000, nelems=4, elem type=char[])
OBJ 5000094a (sz=24, trace=300000, class=java.lang.String@5000016f)
	value		5000094d
OBJ 5000094b (sz=24, trace=300000, class=java.lang.String@5000016f)
	value		5000094c
ARR 5000094c (sz=46, trace=300000, nelems=23, elem type=char[])
ARR 5000094d (sz=62, trace=300000, nelems=31, elem type=char[])
OBJ 5000094e (sz=24, trace=300000, class=java.lang.String@5000016f)
	value		50000951
OBJ 5000094f (sz=24, trace=300000, class=java.lang.String@5000016f)
	value		50000950
ARR 50000950 (sz=20, trace=300000, nelems=10, elem type=char[])
ARR 50000951 (sz=44, trace=300000, nelems=22, elem type=char[])
OBJ 50000952 (sz=24, trace=300000, class=java.lang.String@5000016f)
	value		50000955
OBJ 50000953 (sz=24, trace=300000, class=java.lang.String@5000016f)
	value		50000954
ARR 50000954 (sz=18, trace=300000, nelems=9, elem type=char[])
ARR 50000955 (sz=44, trace=300000, nelems=22, elem type=char[])
OBJ 50000956 (sz=24, trace=300000, class=java.lang.String@5000016f)
	value		50000959
OBJ 50000957 (sz=24, trace=300000, class=java.lang.String@5000016f)
	value		50000958
ARR 50000958 (sz=26, trace=300000, nelems=13, elem type=char[])
ARR 50000959 (sz=0, trace=300000, nelems=0, elem type=char[])
OBJ 5000095a (sz=24, trace=300000, class=java.lang.String@5000016f)
	value		5000095d
OBJ 5000095b (sz=24, trace=300000, class=java.lang.String@5000016f)
	value		5000095c
ARR 5000095c (sz=38, trace=300000, nelems=19, elem type=char[])
ARR 5000095d (sz=44, trace=300000, nelems=22, elem type=char[])
OBJ 5000095e (sz=32, trace=300000, class=java.util.Hashtable$Entry@500000d8)
	key		50000964
	value		50000963
OBJ 5000095f (sz=24, trace=300000, class=java.lang.String@5000016f)
	value		50000962
OBJ 50000960 (sz=24, trace=300000, class=java.lang.String@5000016f)
	value		50000961
ARR 50000961 (sz=26, trace=300000, nelems=13, elem type=char[])
ARR 50000962 (sz=10, trace=300000, nelems=5, elem type=char[])
OBJ 50000963 (sz=24, trace=300000, class=java.lang.String@5000016f)
	value		50000966
OBJ 50000964 (sz=24, trace=300000, class=java.lang.String@5000016f)
	value		50000965
ARR 50000965 (sz=52, trace=300000, nelems=26, elem type=char[])
ARR 50000966 (sz=6, trace=300000, nelems=3, elem type=char[])
OBJ 50000967 (sz=32, trace=300000, class=java.util.Hashtable$Entry@500000d8)
	key		5000096d
	value		5000096c
OBJ 50000968 (sz=24, trace=300000, class=java.lang.String@5000016f)
	value		5000096b
OBJ 50000969 (sz=24, trace=300000, class=java.lang.String@5000016f)
	value		5000096a
ARR 5000096a (sz=18, trace=300000, nelems=9, elem type=char[])
ARR 5000096b (sz=16, trace=300000, nelems=8, elem type=char[])
OBJ 5000096c (sz=24, trace=300000, class=java.lang.String@5000016f)
	value		5000096f
OBJ 5000096d (sz=24, trace=300000, class=java.lang.String@5000016f)
	value		5000096e
ARR 5000096e (sz=30, trace=300000, nelems=15, elem type=char[])
ARR 5000096f (sz=2, trace=300000, nelems=1, elem type=char[])
OBJ 50000970 (sz=24, trace=300000, class=java.lang.String@5000016f)
	value		50000973
OBJ 50000971 (sz=24, trace=300000, class=java.lang.String@5000016f)
	value		50000972
ARR 50000972 (sz=58, trace=300000, nelems=29, elem type=char[])
ARR 50000973 (sz=6, trace=300000, nelems=3, elem type=char[])
OBJ 50000974 (sz=32, trace=300000, class=java.util.Hashtable$Entry@500000d8)
	key		5000097b
	value		5000097a
	next		50000979
OBJ 50000975 (sz=24, trace=300000, class=java.lang.String@5000016f)
	value		50000978
OBJ 50000976 (sz=24, trace=300000, class=java.lang.String@5000016f)
	value		50000977
ARR 50000977 (sz=38, trace=300000, nelems=19, elem type=char[])
ARR 50000978 (sz=4, trace=300000, nelems=2, elem type=char[])
OBJ 50000979 (sz=32, trace=300000, class=java.util.Hashtable$Entry@500000d8)
	key		5000097f
	value		5000097e
OBJ 5000097a (sz=24, trace=300000, class=java.lang.String@5000016f)
	value		5000097d
OBJ 5000097b (sz=24, trace=300000, class=java.lang.String@5000016f)
	value		5000097c
ARR 5000097c (sz=32, trace=300000, nelems=16, elem type=char[])
ARR 5000097d (sz=18, trace=300000, nelems=9, elem type=char[])
OBJ 5000097e (sz=24, trace=300000, class=java.lang.String@5000016f)
	value		50000981
OBJ 5000097f (sz=24, trace=300000, class=java.lang.String@5000016f)
	value		50000980
ARR 50000980 (sz=18, trace=300000, nelems=9, elem type=char[])
ARR 50000981 (sz=102, trace=300000, nelems=51, elem type=char[])
OBJ 50000982 (sz=32, trace=300000, class=java.util.Hashtable$Entry@500000d8)
	key		50000988
	value		50000987
OBJ 50000983 (sz=24, trace=300000, class=java.lang.String@5000016f)
	value		50000986
OBJ 50000984 (sz=24, trace=300000, class=java.lang.String@5000016f)
	value		50000985
ARR 50000985 (sz=50, trace=300000, nelems=25, elem type=char[])
ARR 50000986 (sz=36, trace=300000, nelems=18, elem type=char[])
OBJ 50000987 (sz=24, trace=300000, class=java.lang.String@5000016f)
	value		5000098a
OBJ 50000988 (sz=24, trace=300000, class=java.lang.String@5000016f)
	value		50000989
ARR 50000989 (sz=26, trace=300000, nelems=13, elem type=char[])
ARR 5000098a (sz=4, trace=300000, nelems=2, elem type=char[])
OBJ 5000098b (sz=24, trace=300000, class=java.lang.String@5000016f)
	value		5000098e
OBJ 5000098c (sz=24, trace=300000, class=java.lang.String@5000016f)
	value		5000098d
ARR 5000098d (sz=22, trace=300000, nelems=11, elem type=char[])
ARR 5000098e (sz=40, trace=300000, nelems=20, elem type=char[])
OBJ 5000098f (sz=32, trace=300000, class=java.util.Hashtable$Entry@500000d8)
	key		50000995
	value		50000994
OBJ 50000990 (sz=24, trace=300000, class=java.lang.String@5000016f)
	value		50000993
OBJ 50000991 (sz=24, trace=300000, class=java.lang.String@5000016f)
	value		50000992
ARR 50000992 (sz=24, trace=300000, nelems=12, elem type=char[])
ARR 50000993 (sz=38, trace=300000, nelems=19, elem type=char[])
OBJ 50000994 (sz=24, trace=300000, class=java.lang.String@5000016f)
	value		50000997
OBJ 50000995 (sz=24, trace=300000, class=java.lang.String@5000016f)
	value		50000996
ARR 50000996 (sz=54, trace=300000, nelems=27, elem type=char[])
ARR 50000997 (sz=4, trace=300000, nelems=2, elem type=char[])
OBJ 50000998 (sz=24, trace=300000, class=java.lang.String@5000016f)
	value		5000099b
OBJ 50000999 (sz=24, trace=300000, class=java.lang.String@5000016f)
	value		5000099a
ARR 5000099a (sz=24, trace=300000, nelems=12, elem type=char[])
ARR 5000099b (sz=16, trace=300000, nelems=8, elem type=char[])
OBJ 5000099c (sz=24, trace=300000, class=java.lang.String@5000016f)
	value		5000099f
OBJ 5000099d (sz=24, trace=300000, class=java.lang.String@5000016f)
	value		5000099e
ARR 5000099e (sz=26, trace=300000, nelems=13, elem type=char[])
ARR 5000099f (sz=172, trace=300000, nelems=86, elem type=char[])
OBJ 500009a0 (sz=24, trace=300000, class=java.lang.String@5000016f)
	value		500009a3
OBJ 500009a1 (sz=24, trace=300000, class=java.lang.String@5000016f)
	value		500009a2
ARR 500009a2 (sz=38, trace=300000, nelems=19, elem type=char[])
ARR 500009a3 (sz=1050, trace=300000, nelems=525, elem type=char[])
OBJ 500009a4 (sz=24, trace=300000, class=java.lang.String@5000016f)
	value		500009a7
OBJ 500009a5 (sz=24, trace=300000, class=java.lang.String@5000016f)
	value		500009a6
ARR 500009a6 (sz=22, trace=300000, nelems=11, elem type=char[])
ARR 500009a7 (sz=36, trace=300000, nelems=18, elem type=char[])
OBJ 500009a8 (sz=24, trace=300000, class=java.lang.String@5000016f)
	value		500009ab
OBJ 500009a9 (sz=24, trace=300000, class=java.lang.String@5000016f)
	value		500009aa
ARR 500009aa (sz=28, trace=300000, nelems=14, elem type=char[])
ARR 500009ab (sz=2, trace=300000, nelems=1, elem type=char[])
OBJ 500009ac (sz=24, trace=300000, class=java.lang.String@5000016f)
	value		500009af
OBJ 500009ad (sz=24, trace=300000, class=java.lang.String@5000016f)
	value		500009ae
ARR 500009ae (sz=38, trace=300000, nelems=19, elem type=char[])
ARR 500009af (sz=70, trace=300000, nelems=35, elem type=char[])
OBJ 500009b0 (sz=24, trace=300000, class=java.lang.String@5000016f)
	value		500009b3
OBJ 500009b1 (sz=24, trace=300000, class=java.lang.String@5000016f)
	value		500009b2
ARR 500009b2 (sz=62, trace=300000, nelems=31, elem type=char[])
ARR 500009b3 (sz=10, trace=300000, nelems=5, elem type=char[])
OBJ 500009b4 (sz=32, trace=300000, class=java.util.Hashtable$Entry@500000d8)
	key		500009ba
	value		500009b9
OBJ 500009b5 (sz=24, trace=300000, class=java.lang.String@5000016f)
	value		500009b8
OBJ 500009b6 (sz=24, trace=300000, class=java.lang.String@5000016f)
	value		500009b7
ARR 500009b7 (sz=28, trace=300000, nelems=14, elem type=char[])
ARR 500009b8 (sz=12, trace=300000, nelems=6, elem type=char[])
OBJ 500009b9 (sz=24, trace=300000, class=java.lang.String@5000016f)
	value		500009bc
OBJ 500009ba (sz=24, trace=300000, class=java.lang.String@5000016f)
	value		500009bb
ARR 500009bb (sz=46, trace=300000, nelems=23, elem type=char[])
ARR 500009bc (sz=26, trace=300000, nelems=13, elem type=char[])
OBJ 500009bd (sz=24, trace=300000, class=java.lang.String@5000016f)
	value		500009c0
OBJ 500009be (sz=24, trace=300000, class=java.lang.String@5000016f)
	value		500009bf
ARR 500009bf (sz=22, trace=300000, nelems=11, elem type=char[])
ARR 500009c0 (sz=10, trace=300000, nelems=5, elem type=char[])
OBJ 500009c1 (sz=24, trace=300000, class=java.lang.String@5000016f)
	value		500009c4
OBJ 500009c2 (sz=24, trace=300000, class=java.lang.String@5000016f)
	value		500009c3
ARR 500009c3 (sz=30, trace=300000, nelems=15, elem type=char[])
ARR 500009c4 (sz=0, trace=300000, nelems=0, elem type=char[])
ARR 500009c5 (sz=32, trace=300000, nelems=16, elem type=char[])
OBJ 500009c6 (sz=24, trace=300000, class=java.util.Collections$EmptyMap@500000bf)
OBJ 500009c7 (sz=16, trace=300000, class=java.util.Collections$EmptyList@500000c0)
OBJ 500009c8 (sz=16, trace=300000, class=java.util.Collections$EmptySet@500000c1)
OBJ 500009c9 (sz=24, trace=300000, class=java.lang.String@5000016f)
	value		5000112a
OBJ 500009ca (sz=16, trace=300000, class=java.lang.Boolean@50000113)
OBJ 500009cb (sz=16, trace=300000, class=java.lang.Boolean@50000113)
OBJ 500009cc (sz=16, trace=300000, class=sun.reflect.ReflectionFactory@500000e3)
ARR 500009cd (sz=16, trace=300000, nelems=0, elem type=java.io.ObjectStreamField[]@500000fc)
OBJ 500009ce (sz=24, trace=300000, class=java.lang.String@5000016f)
	value		500009d1
OBJ 500009cf (sz=16, trace=300000, class=java.lang.reflect.ReflectAccess@500000a8)
OBJ 500009d0 (sz=24, trace=300000, class=java.lang.RuntimePermission@500000f2)
	name		500009ce
	path		500009ce
ARR 500009d1 (sz=46, trace=300000, nelems=23, elem type=char[])
OBJ 500009d2 (sz=24, trace=300000, class=java.lang.String@5000016f)
	value		500009d4
OBJ 500009d3 (sz=24, trace=300000, class=java.lang.reflect.ReflectPermission@500000f0)
	name		500009d2
	path		500009d2
ARR 500009d4 (sz=40, trace=300000, nelems=20, elem type=char[])
OBJ 500009d5 (sz=24, trace=300000, class=java.lang.String@5000016f)
	value		500009e5
OBJ 500009d6 (sz=24, trace=300000, class=java.lang.String@5000016f)
	value		500009e4
OBJ 500009d7 (sz=24, trace=300000, class=java.lang.String@5000016f)
	value		500009e2
OBJ 500009d8 (sz=24, trace=300000, class=java.lang.String@5000016f)
	value		500009e0
OBJ 500009d9 (sz=48, trace=300000, class=java.util.HashMap@500000ba)
	table		500009e8
OBJ 500009da (sz=48, trace=300000, class=java.util.HashMap@500000ba)
	table		500009db
ARR 500009db (sz=80, trace=300000, nelems=11, elem type=java.util.HashMap$Node[]@500000b8)
	[2]		500009dc
	[5]		500009dd
	[10]		500009de
OBJ 500009dc (sz=32, trace=300000, class=java.util.HashMap$Node@500000b9)
	key		500000bb
	value		500009e3
OBJ 500009dd (sz=32, trace=300000, class=java.util.HashMap$Node@500000b9)
	key		50000168
	value		500009e1
OBJ 500009de (sz=32, trace=300000, class=java.util.HashMap$Node@500000b9)
	key		5000016b
	value		500009df
ARR 500009df (sz=24, trace=300000, nelems=1, elem type=java.lang.String[]@500000cf)
	[0]		500009d8
ARR 500009e0 (sz=22, trace=300000, nelems=11, elem type=char[])
ARR 500009e1 (sz=24, trace=300000, nelems=1, elem type=java.lang.String[]@500000cf)
	[0]		500009d7
ARR 500009e2 (sz=16, trace=300000, nelems=8, elem type=char[])
ARR 500009e3 (sz=24, trace=300000, nelems=2, elem type=java.lang.String[]@500000cf)
	[0]		500009d5
	[1]		500009d6
ARR 500009e4 (sz=30, trace=300000, nelems=15, elem type=char[])
ARR 500009e5 (sz=28, trace=300000, nelems=14, elem type=char[])
OBJ 500009e6 (sz=24, trace=300000, class=java.lang.String@5000016f)
	value		500009e7
ARR 500009e7 (sz=10, trace=300000, nelems=5, elem type=char[])
ARR 500009e8 (sz=80, trace=300000, nelems=4, elem type=java.util.HashMap$Node[]@500000b8)
	[3]		500009e9
OBJ 500009e9 (sz=32, trace=300000, class=java.util.HashMap$Node@500000b9)
	key		50000122
	value		500009ea
ARR 500009ea (sz=24, trace=300000, nelems=1, elem type=java.lang.String[]@500000cf)
	[0]		500008b6
ARR 500009eb (sz=18, trace=300000, nelems=9, elem type=char[])
OBJ 500009ec (sz=24, trace=300000, class=java.lang.String@5000016f)
	value		500009ef
OBJ 500009ed (sz=24, trace=300000, class=java.lang.String@5000016f)
	value		500009ee
ARR 500009ee (sz=60, trace=300000, nelems=30, elem type=char[])
ARR 500009ef (sz=46, trace=300000, nelems=23, elem type=char[])
OBJ 500009f0 (sz=24, trace=300000, class=java.lang.String@5000016f)
	value		5000111f
OBJ 500009f1 (sz=24, trace=300000, class=java.lang.String@5000016f)
	value		5000111e
ARR 500009f2 (sz=24, trace=300000, nelems=1, elem type=java.lang.String[]@500000cf)
	[0]		500008e8
ARR 500009f3 (sz=40, trace=300000, nelems=5, elem type=java.lang.String[]@500000cf)
	[0]		50001109
	[1]		5000110a
	[2]		5000110b
	[3]		5000110c
	[4]		5000110d
OBJ 500009f4 (sz=32, trace=300000, class=java.util.Stack@500000e4)
	elementData	50001108
OBJ 500009f5 (sz=32, trace=300000, class=java.util.Vector@500000e5)
	elementData	50001106
OBJ 500009f6 (sz=32, trace=300000, class=java.util.Vector@500000e5)
	elementData	50001105
ARR 500009f7 (sz=16, trace=300000, nelems=0, elem type=java.security.cert.Certificate[]@500000ec)
OBJ 500009f8 (sz=48, trace=300000, class=sun.misc.URLClassPath@50000004)
	path		500010fc
	urls		500010fb
	loaders		500010fa
	lmap		500010f9
	jarHandler	500010f8
OBJ 500009f9 (sz=48, trace=300000, class=java.util.WeakHashMap@500000ac)
	table		50001103
	queue		50001102
OBJ 500009fa (sz=40, trace=300000, class=java.security.AccessControlContext@50000160)
OBJ 500009fb (sz=48, trace=300000, class=java.util.HashMap@500000ba)
OBJ 500009fc (sz=16, trace=300000, class=java.lang.Object@50000173)
OBJ 500009fd (sz=32, trace=300000, class=java.util.Vector@500000e5)
	elementData	500010f7
OBJ 500009fe (sz=48, trace=300000, class=java.util.HashMap@500000ba)
OBJ 500009ff (sz=24, trace=300000, class=java.util.Collections$SynchronizedSet@50000090)
	c		500010f5
	mutex		500009ff
OBJ 50000a00 (sz=40, trace=300000, class=java.security.ProtectionDomain@50000161)
	codesource	500010f4
	classloader	500007bd
	principals	500010f3
	key		500010f2
OBJ 50000a01 (sz=32, trace=300000, class=java.util.Vector@500000e5)
	elementData	500010f1
OBJ 50000a02 (sz=64, trace=300000, class=java.util.concurrent.ConcurrentHashMap@50000027)
OBJ 50000a03 (sz=64, trace=300000, class=java.util.concurrent.ConcurrentHashMap@50000027)
	table		500001bf
OBJ 50000a04 (sz=88, trace=300000, class=sun.misc.Launcher$ExtClassLoader@50000117)
	parallelLockMap	50000a10
	package2certs	50000a0f
	classes		50000a0e
	defaultDomain	50000a0d
	domains		50000a0c
	packages	50000a0b
	nativeLibraries	50000a0a
	assertionLock	50000a09
	pdcache		50000a08
	ucp		50000a07
	acc		50000a06
	closeables	50000a05
OBJ 50000a05 (sz=48, trace=300000, class=java.util.WeakHashMap@500000ac)
	table		500010e2
	queue		500010e1
OBJ 50000a06 (sz=40, trace=300000, class=java.security.AccessControlContext@50000160)
OBJ 50000a07 (sz=48, trace=300000, class=sun.misc.URLClassPath@50000004)
	path		50000bd1
	urls		50000bd0
	loaders		50000bcf
	lmap		50000bce
	jarHandler	50000bcd
OBJ 50000a08 (sz=48, trace=300000, class=java.util.HashMap@500000ba)
OBJ 50000a09 (sz=16, trace=300000, class=java.lang.Object@50000173)
OBJ 50000a0a (sz=32, trace=300000, class=java.util.Vector@500000e5)
	elementData	50000bcc
OBJ 50000a0b (sz=48, trace=300000, class=java.util.HashMap@500000ba)
OBJ 50000a0c (sz=24, trace=300000, class=java.util.Collections$SynchronizedSet@50000090)
	c		50000bc9
	mutex		50000a0c
OBJ 50000a0d (sz=40, trace=300000, class=java.security.ProtectionDomain@50000161)
	codesource	50000bbf
	classloader	50000a04
	principals	50000bbe
	key		50000bbd
OBJ 50000a0e (sz=32, trace=300000, class=java.util.Vector@500000e5)
	elementData	50000bbc
OBJ 50000a0f (sz=64, trace=300000, class=java.util.concurrent.ConcurrentHashMap@50000027)
OBJ 50000a10 (sz=64, trace=300000, class=java.util.concurrent.ConcurrentHashMap@50000027)
	table		500001c2
OBJ 50000a11 (sz=24, trace=300000, class=java.lang.String@5000016f)
	value		50000a12
ARR 50000a12 (sz=62, trace=300000, nelems=31, elem type=char[])
OBJ 50000a13 (sz=24, trace=300000, class=java.lang.String@5000016f)
	value		50000b3f
OBJ 50000a14 (sz=24, trace=300000, class=java.lang.String@5000016f)
	value		50000a20
OBJ 50000a15 (sz=24, trace=300000, class=java.lang.String@5000016f)
	value		50000b3d
OBJ 50000a16 (sz=24, trace=300000, class=java.lang.String@5000016f)
	value		50000bbb
OBJ 50000a17 (sz=24, trace=300000, class=java.lang.String@5000016f)
	value		50000bba
OBJ 50000a18 (sz=24, trace=300000, class=java.lang.String@5000016f)
	value		50000bb9
OBJ 50000a19 (sz=24, trace=300000, class=java.lang.String@5000016f)
	value		50000bb8
OBJ 50000a1a (sz=24, trace=300000, class=java.lang.String@5000016f)
	value		50000ba8
ARR 50000a1b (sz=32, trace=300000, nelems=3, elem type=java.io.ObjectStreamField[]@500000fc)
	[0]		50000a1c
	[1]		50000a1d
	[2]		50000a1e
OBJ 50000a1c (sz=40, trace=300000, class=java.io.ObjectStreamField@500000fe)
	name		50000a13
	signature	50000b3e
	type		50000021
OBJ 50000a1d (sz=40, trace=300000, class=java.io.ObjectStreamField@500000fe)
	name		50000a15
	signature	50000a1f
	type		50000878
OBJ 50000a1e (sz=40, trace=300000, class=java.io.ObjectStreamField@500000fe)
	name		50000a14
	signature	50000a1f
	type		50000878
OBJ 50000a1f (sz=24, trace=300000, class=java.lang.String@5000016f)
	value		50000a21
ARR 50000a20 (sz=24, trace=300000, nelems=12, elem type=char[])
ARR 50000a21 (sz=2, trace=300000, nelems=1, elem type=char[])
OBJ 50000a22 (sz=24, trace=300000, class=java.lang.String@5000016f)
	value		50000a23
ARR 50000a23 (sz=12, trace=300000, nelems=6, elem type=char[])
OBJ 50000a24 (sz=24, trace=300000, class=java.lang.String@5000016f)
	value		50000a25
ARR 50000a25 (sz=8, trace=300000, nelems=4, elem type=char[])
OBJ 50000a26 (sz=24, trace=300000, class=java.lang.String@5000016f)
	value		50000a2b
ARR 50000a27 (sz=40, trace=300000, nelems=10, elem type=int[])
ARR 50000a28 (sz=200, trace=300000, nelems=100, elem type=char[])
ARR 50000a29 (sz=200, trace=300000, nelems=100, elem type=char[])
ARR 50000a2a (sz=72, trace=300000, nelems=36, elem type=char[])
ARR 50000a2b (sz=6, trace=300000, nelems=3, elem type=char[])
ARR 50000a2c (sz=1040, trace=300000, nelems=256, elem type=java.lang.Integer[]@50000051)
	[0]		50000a2d
	[1]		50000a2e
	[2]		50000a2f
	[3]		50000a30
	[4]		50000a31
	[5]		50000a32
	[6]		50000a33
	[7]		50000a34
	[8]		50000a35
	[9]		50000a36
	[10]		50000a37
	[11]		50000a38
	[12]		50000a39
	[13]		50000a3a
	[14]		50000a3b
	[15]		50000a3c
	[16]		50000a3d
	[17]		50000a3e
	[18]		50000a3f
	[19]		50000a40
	[20]		50000a41
	[21]		50000a42
	[22]		50000a43
	[23]		50000a44
	[24]		50000a45
	[25]		50000a46
	[26]		50000a47
	[27]		50000a48
	[28]		50000a49
	[29]		50000a4a
	[30]		50000a4b
	[31]		50000a4c
	[32]		50000a4d
	[33]		50000a4e
	[34]		50000a4f
	[35]		50000a50
	[36]		50000a51
	[37]		50000a52
	[38]		50000a53
	[39]		50000a54
	[40]		50000a55
	[41]		50000a56
	[42]		50000a57
	[43]		50000a58
	[44]		50000a59
	[45]		50000a5a
	[46]		50000a5b
	[47]		50000a5c
	[48]		50000a5d
	[49]		50000a5e
	[50]		50000a5f
	[51]		50000a60
	[52]		50000a61
	[53]		50000a62
	[54]		50000a63
	[55]		50000a64
	[56]		50000a65
	[57]		50000a66
	[58]		50000a67
	[59]		50000a68
	[60]		50000a69
	[61]		50000a6a
	[62]		50000a6b
	[63]		50000a6c
	[64]		50000a6d
	[65]		50000a6e
	[66]		50000a6f
	[67]		50000a70
	[68]		50000a71
	[69]		50000a72
	[70]		50000a73
	[71]		50000a74
	[72]		50000a75
	[73]		50000a76
	[74]		50000a77
	[75]		50000a78
	[76]		50000a79
	[77]		50000a7a
	[78]		50000a7b
	[79]		50000a7c
	[80]		50000a7d
	[81]		50000a7e
	[82]		50000a7f
	[83]		50000a80
	[84]		50000a81
	[85]		50000a82
	[86]		50000a83
	[87]		50000a84
	[88]		50000a85
	[89]		50000a86
	[90]		50000a87
	[91]		50000a88
	[92]		50000a89
	[93]		50000a8a
	[94]		50000a8b
	[95]		50000a8c
	[96]		50000a8d
	[97]		50000a8e
	[98]		50000a8f
	[99]		50000a90
	[100]		50000a91
	[101]		50000a92
	[102]		50000a93
	[103]		50000a94
	[104]		50000a95
	[105]		50000a96
	[106]		50000a97
	[107]		50000a98
	[108]		50000a99
	[109]		50000a9a
	[110]		50000a9b
	[111]		50000a9c
	[112]		50000a9d
	[113]		50000a9e
	[114]		50000a9f
	[115]		50000aa0
	[116]		50000aa1
	[117]		50000aa2
	[118]		50000aa3
	[119]		50000aa4
	[120]		50000aa5
	[121]		50000aa6
	[122]		50000aa7
	[123]		50000aa8
	[124]		50000aa9
	[125]		50000aaa
	[126]		50000aab
	[127]		50000aac
	[128]		50000aad
	[129]		50000aae
	[130]		50000aaf
	[131]		50000ab0
	[132]		50000ab1
	[133]		50000ab2
	[134]		50000ab3
	[135]		50000ab4
	[136]		50000ab5
	[137]		50000ab6
	[138]		50000ab7
	[139]		50000ab8
	[140]		50000ab9
	[141]		50000aba
	[142]		50000abb
	[143]		50000abc
	[144]		50000abd
	[145]		50000abe
	[146]		50000abf
	[147]		50000ac0
	[148]		50000ac1
	[149]		50000ac2
	[150]		50000ac3
	[151]		50000ac4
	[152]		50000ac5
	[153]		50000ac6
	[154]		50000ac7
	[155]		50000ac8
	[156]		50000ac9
	[157]		50000aca
	[158]		50000acb
	[159]		50000acc
	[160]		50000acd
	[161]		50000ace
	[162]		50000acf
	[163]		50000ad0
	[164]		50000ad1
	[165]		50000ad2
	[166]		50000ad3
	[167]		50000ad4
	[168]		50000ad5
	[169]		50000ad6
	[170]		50000ad7
	[171]		50000ad8
	[172]		50000ad9
	[173]		50000ada
	[174]		50000adb
	[175]		50000adc
	[176]		50000add
	[177]		50000ade
	[178]		50000adf
	[179]		50000ae0
	[180]		50000ae1
	[181]		50000ae2
	[182]		50000ae3
	[183]		50000ae4
	[184]		50000ae5
	[185]		50000ae6
	[186]		50000ae7
	[187]		50000ae8
	[188]		50000ae9
	[189]		50000aea
	[190]		50000aeb
	[191]		50000aec
	[192]		50000aed
	[193]		50000aee
	[194]		50000aef
	[195]		50000af0
	[196]		50000af1
	[197]		50000af2
	[198]		50000af3
	[199]		50000af4
	[200]		50000af5
	[201]		50000af6
	[202]		50000af7
	[203]		50000af8
	[204]		50000af9
	[205]		50000afa
	[206]		50000afb
	[207]		50000afc
	[208]		50000afd
	[209]		50000afe
	[210]		50000aff
	[211]		50000b00
	[212]		50000b01
	[213]		50000b02
	[214]		50000b03
	[215]		50000b04
	[216]		50000b05
	[217]		50000b06
	[218]		50000b07
	[219]		50000b08
	[220]		50000b09
	[221]		50000b0a
	[222]		50000b0b
	[223]		50000b0c
	[224]		50000b0d
	[225]		50000b0e
	[226]		50000b0f
	[227]		50000b10
	[228]		50000b11
	[229]		50000b12
	[230]		50000b13
	[231]		50000b14
	[232]		50000b15
	[233]		50000b16
	[234]		50000b17
	[235]		50000b18
	[236]		50000b19
	[237]		50000b1a
	[238]		50000b1b
	[239]		50000b1c
	[240]		50000b1d
	[241]		50000b1e
	[242]		50000b1f
	[243]		50000b20
	[244]		50000b21
	[245]		50000b22
	[246]		50000b23
	[247]		50000b24
	[248]		50000b25
	[249]		50000b26
	[250]		50000b27
	[251]		50000b28
	[252]		50000b29
	[253]		50000b2a
	[254]		50000b2b
	[255]		50000b2c
OBJ 50000a2d (sz=16, trace=300000, class=java.lang.Integer@5000010c)
OBJ 50000a2e (sz=16, trace=300000, class=java.lang.Integer@5000010c)
OBJ 50000a2f (sz=16, trace=300000, class=java.lang.Integer@5000010c)
OBJ 50000a30 (sz=16, trace=300000, class=java.lang.Integer@5000010c)
OBJ 50000a31 (sz=16, trace=300000, class=java.lang.Integer@5000010c)
OBJ 50000a32 (sz=16, trace=300000, class=java.lang.Integer@5000010c)
OBJ 50000a33 (sz=16, trace=300000, class=java.lang.Integer@5000010c)
OBJ 50000a34 (sz=16, trace=300000, class=java.lang.Integer@5000010c)
OBJ 50000a35 (sz=16, trace=300000, class=java.lang.Integer@5000010c)
OBJ 50000a36 (sz=16, trace=300000, class=java.lang.Integer@5000010c)
OBJ 50000a37 (sz=16, trace=300000, class=java.lang.Integer@5000010c)
OBJ 50000a38 (sz=16, trace=300000, class=java.lang.Integer@5000010c)
OBJ 50000a39 (sz=16, trace=300000, class=java.lang.Integer@5000010c)
OBJ 50000a3a (sz=16, trace=300000, class=java.lang.Integer@5000010c)
OBJ 50000a3b (sz=16, trace=300000, class=java.lang.Integer@5000010c)
OBJ 50000a3c (sz=16, trace=300000, class=java.lang.Integer@5000010c)
OBJ 50000a3d (sz=16, trace=300000, class=java.lang.Integer@5000010c)
OBJ 50000a3e (sz=16, trace=300000, class=java.lang.Integer@5000010c)
OBJ 50000a3f (sz=16, trace=300000, class=java.lang.Integer@5000010c)
OBJ 50000a40 (sz=16, trace=300000, class=java.lang.Integer@5000010c)
OBJ 50000a41 (sz=16, trace=300000, class=java.lang.Integer@5000010c)
OBJ 50000a42 (sz=16, trace=300000, class=java.lang.Integer@5000010c)
OBJ 50000a43 (sz=16, trace=300000, class=java.lang.Integer@5000010c)
OBJ 50000a44 (sz=16, trace=300000, class=java.lang.Integer@5000010c)
OBJ 50000a45 (sz=16, trace=300000, class=java.lang.Integer@5000010c)
OBJ 50000a46 (sz=16, trace=300000, class=java.lang.Integer@5000010c)
OBJ 50000a47 (sz=16, trace=300000, class=java.lang.Integer@5000010c)
OBJ 50000a48 (sz=16, trace=300000, class=java.lang.Integer@5000010c)
OBJ 50000a49 (sz=16, trace=300000, class=java.lang.Integer@5000010c)
OBJ 50000a4a (sz=16, trace=300000, class=java.lang.Integer@5000010c)
OBJ 50000a4b (sz=16, trace=300000, class=java.lang.Integer@5000010c)
OBJ 50000a4c (sz=16, trace=300000, class=java.lang.Integer@5000010c)
OBJ 50000a4d (sz=16, trace=300000, class=java.lang.Integer@5000010c)
OBJ 50000a4e (sz=16, trace=300000, class=java.lang.Integer@5000010c)
OBJ 50000a4f (sz=16, trace=300000, class=java.lang.Integer@5000010c)
OBJ 50000a50 (sz=16, trace=300000, class=java.lang.Integer@5000010c)
OBJ 50000a51 (sz=16, trace=300000, class=java.lang.Integer@5000010c)
OBJ 50000a52 (sz=16, trace=300000, class=java.lang.Integer@5000010c)
OBJ 50000a53 (sz=16, trace=300000, class=java.lang.Integer@5000010c)
OBJ 50000a54 (sz=16, trace=300000, class=java.lang.Integer@5000010c)
OBJ 50000a55 (sz=16, trace=300000, class=java.lang.Integer@5000010c)
OBJ 50000a56 (sz=16, trace=300000, class=java.lang.Integer@5000010c)
OBJ 50000a57 (sz=16, trace=300000, class=java.lang.Integer@5000010c)
OBJ 50000a58 (sz=16, trace=300000, class=java.lang.Integer@5000010c)
OBJ 50000a59 (sz=16, trace=300000, class=java.lang.Integer@5000010c)
OBJ 50000a5a (sz=16, trace=300000, class=java.lang.Integer@5000010c)
OBJ 50000a5b (sz=16, trace=300000, class=java.lang.Integer@5000010c)
OBJ 50000a5c (sz=16, trace=300000, class=java.lang.Integer@5000010c)
OBJ 50000a5d (sz=16, trace=300000, class=java.lang.Integer@5000010c)
OBJ 50000a5e (sz=16, trace=300000, class=java.lang.Integer@5000010c)
OBJ 50000a5f (sz=16, trace=300000, class=java.lang.Integer@5000010c)
OBJ 50000a60 (sz=16, trace=300000, class=java.lang.Integer@5000010c)
OBJ 50000a61 (sz=16, trace=300000, class=java.lang.Integer@5000010c)
OBJ 50000a62 (sz=16, trace=300000, class=java.lang.Integer@5000010c)
OBJ 50000a63 (sz=16, trace=300000, class=java.lang.Integer@5000010c)
OBJ 50000a64 (sz=16, trace=300000, class=java.lang.Integer@5000010c)
OBJ 50000a65 (sz=16, trace=300000, class=java.lang.Integer@5000010c)
OBJ 50000a66 (sz=16, trace=300000, class=java.lang.Integer@5000010c)
OBJ 50000a67 (sz=16, trace=300000, class=java.lang.Integer@5000010c)
OBJ 50000a68 (sz=16, trace=300000, class=java.lang.Integer@5000010c)
OBJ 50000a69 (sz=16, trace=300000, class=java.lang.Integer@5000010c)
OBJ 50000a6a (sz=16, trace=300000, class=java.lang.Integer@5000010c)
OBJ 50000a6b (sz=16, trace=300000, class=java.lang.Integer@5000010c)
OBJ 50000a6c (sz=16, trace=300000, class=java.lang.Integer@5000010c)
OBJ 50000a6d (sz=16, trace=300000, class=java.lang.Integer@5000010c)
OBJ 50000a6e (sz=16, trace=300000, class=java.lang.Integer@5000010c)
OBJ 50000a6f (sz=16, trace=300000, class=java.lang.Integer@5000010c)
OBJ 50000a70 (sz=16, trace=300000, class=java.lang.Integer@5000010c)
OBJ 50000a71 (sz=16, trace=300000, class=java.lang.Integer@5000010c)
OBJ 50000a72 (sz=16, trace=300000, class=java.lang.Integer@5000010c)
OBJ 50000a73 (sz=16, trace=300000, class=java.lang.Integer@5000010c)
OBJ 50000a74 (sz=16, trace=300000, class=java.lang.Integer@5000010c)
OBJ 50000a75 (sz=16, trace=300000, class=java.lang.Integer@5000010c)
OBJ 50000a76 (sz=16, trace=300000, class=java.lang.Integer@5000010c)
OBJ 50000a77 (sz=16, trace=300000, class=java.lang.Integer@5000010c)
OBJ 50000a78 (sz=16, trace=300000, class=java.lang.Integer@5000010c)
OBJ 50000a79 (sz=16, trace=300000, class=java.lang.Integer@5000010c)
OBJ 50000a7a (sz=16, trace=300000, class=java.lang.Integer@5000010c)
OBJ 50000a7b (sz=16, trace=300000, class=java.lang.Integer@5000010c)
OBJ 50000a7c (sz=16, trace=300000, class=java.lang.Integer@5000010c)
OBJ 50000a7d (sz=16, trace=300000, class=java.lang.Integer@5000010c)
OBJ 50000a7e (sz=16, trace=300000, class=java.lang.Integer@5000010c)
OBJ 50000a7f (sz=16, trace=300000, class=java.lang.Integer@5000010c)
OBJ 50000a80 (sz=16, trace=300000, class=java.lang.Integer@5000010c)
OBJ 50000a81 (sz=16, trace=300000, class=java.lang.Integer@5000010c)
OBJ 50000a82 (sz=16, trace=300000, class=java.lang.Integer@5000010c)
OBJ 50000a83 (sz=16, trace=300000, class=java.lang.Integer@5000010c)
OBJ 50000a84 (sz=16, trace=300000, class=java.lang.Integer@5000010c)
OBJ 50000a85 (sz=16, trace=300000, class=java.lang.Integer@5000010c)
OBJ 50000a86 (sz=16, trace=300000, class=java.lang.Integer@5000010c)
OBJ 50000a87 (sz=16, trace=300000, class=java.lang.Integer@5000010c)
OBJ 50000a88 (sz=16, trace=300000, class=java.lang.Integer@5000010c)
OBJ 50000a89 (sz=16, trace=300000, class=java.lang.Integer@5000010c)
OBJ 50000a8a (sz=16, trace=300000, class=java.lang.Integer@5000010c)
OBJ 50000a8b (sz=16, trace=300000, class=java.lang.Integer@5000010c)
OBJ 50000a8c (sz=16, trace=300000, class=java.lang.Integer@5000010c)
OBJ 50000a8d (sz=16, trace=300000, class=java.lang.Integer@5000010c)
OBJ 50000a8e (sz=16, trace=300000, class=java.lang.Integer@5000010c)
OBJ 50000a8f (sz=16, trace=300000, class=java.lang.Integer@5000010c)
OBJ 50000a90 (sz=16, trace=300000, class=java.lang.Integer@5000010c)
OBJ 50000a91 (sz=16, trace=300000, class=java.lang.Integer@5000010c)
OBJ 50000a92 (sz=16, trace=300000, class=java.lang.Integer@5000010c)
OBJ 50000a93 (sz=16, trace=300000, class=java.lang.Integer@5000010c)
OBJ 50000a94 (sz=16, trace=300000, class=java.lang.Integer@5000010c)
OBJ 50000a95 (sz=16, trace=300000, class=java.lang.Integer@5000010c)
OBJ 50000a96 (sz=16, trace=300000, class=java.lang.Integer@5000010c)
OBJ 50000a97 (sz=16, trace=300000, class=java.lang.Integer@5000010c)
OBJ 50000a98 (sz=16, trace=300000, class=java.lang.Integer@5000010c)
OBJ 50000a99 (sz=16, trace=300000, class=java.lang.Integer@5000010c)
OBJ 50000a9a (sz=16, trace=300000, class=java.lang.Integer@5000010c)
OBJ 50000a9b (sz=16, trace=300000, class=java.lang.Integer@5000010c)
OBJ 50000a9c (sz=16, trace=300000, class=java.lang.Integer@5000010c)
OBJ 50000a9d (sz=16, trace=300000, class=java.lang.Integer@5000010c)
OBJ 50000a9e (sz=16, trace=300000, class=java.lang.Integer@5000010c)
OBJ 50000a9f (sz=16, trace=300000, class=java.lang.Integer@5000010c)
OBJ 50000aa0 (sz=16, trace=300000, class=java.lang.Integer@5000010c)
OBJ 50000aa1 (sz=16, trace=300000, class=java.lang.Integer@5000010c)
OBJ 50000aa2 (sz=16, trace=300000, class=java.lang.Integer@5000010c)
OBJ 50000aa3 (sz=16, trace=300000, class=java.lang.Integer@5000010c)
OBJ 50000aa4 (sz=16, trace=300000, class=java.lang.Integer@5000010c)
OBJ 50000aa5 (sz=16, trace=300000, class=java.lang.Integer@5000010c)
OBJ 50000aa6 (sz=16, trace=300000, class=java.lang.Integer@5000010c)
OBJ 50000aa7 (sz=16, trace=300000, class=java.lang.Integer@5000010c)
OBJ 50000aa8 (sz=16, trace=300000, class=java.lang.Integer@5000010c)
OBJ 50000aa9 (sz=16, trace=300000, class=java.lang.Integer@5000010c)
OBJ 50000aaa (sz=16, trace=300000, class=java.lang.Integer@5000010c)
OBJ 50000aab (sz=16, trace=300000, class=java.lang.Integer@5000010c)
OBJ 50000aac (sz=16, trace=300000, class=java.lang.Integer@5000010c)
OBJ 50000aad (sz=16, trace=300000, class=java.lang.Integer@5000010c)
OBJ 50000aae (sz=16, trace=300000, class=java.lang.Integer@5000010c)
OBJ 50000aaf (sz=16, trace=300000, class=java.lang.Integer@5000010c)
OBJ 50000ab0 (sz=16, trace=300000, class=java.lang.Integer@5000010c)
OBJ 50000ab1 (sz=16, trace=300000, class=java.lang.Integer@5000010c)
OBJ 50000ab2 (sz=16, trace=300000, class=java.lang.Integer@5000010c)
OBJ 50000ab3 (sz=16, trace=300000, class=java.lang.Integer@5000010c)
OBJ 50000ab4 (sz=16, trace=300000, class=java.lang.Integer@5000010c)
OBJ 50000ab5 (sz=16, trace=300000, class=java.lang.Integer@5000010c)
OBJ 50000ab6 (sz=16, trace=300000, class=java.lang.Integer@5000010c)
OBJ 50000ab7 (sz=16, trace=300000, class=java.lang.Integer@5000010c)
OBJ 50000ab8 (sz=16, trace=300000, class=java.lang.Integer@5000010c)
OBJ 50000ab9 (sz=16, trace=300000, class=java.lang.Integer@5000010c)
OBJ 50000aba (sz=16, trace=300000, class=java.lang.Integer@5000010c)
OBJ 50000abb (sz=16, trace=300000, class=java.lang.Integer@5000010c)
OBJ 50000abc (sz=16, trace=300000, class=java.lang.Integer@5000010c)
OBJ 50000abd (sz=16, trace=300000, class=java.lang.Integer@5000010c)
OBJ 50000abe (sz=16, trace=300000, class=java.lang.Integer@5000010c)
OBJ 50000abf (sz=16, trace=300000, class=java.lang.Integer@5000010c)
OBJ 50000ac0 (sz=16, trace=300000, class=java.lang.Integer@5000010c)
OBJ 50000ac1 (sz=16, trace=300000, class=java.lang.Integer@5000010c)
OBJ 50000ac2 (sz=16, trace=300000, class=java.lang.Integer@5000010c)
OBJ 50000ac3 (sz=16, trace=300000, class=java.lang.Integer@5000010c)
OBJ 50000ac4 (sz=16, trace=300000, class=java.lang.Integer@5000010c)
OBJ 50000ac5 (sz=16, trace=300000, class=java.lang.Integer@5000010c)
OBJ 50000ac6 (sz=16, trace=300000, class=java.lang.Integer@5000010c)
OBJ 50000ac7 (sz=16, trace=300000, class=java.lang.Integer@5000010c)
OBJ 50000ac8 (sz=16, trace=300000, class=java.lang.Integer@5000010c)
OBJ 50000ac9 (sz=16, trace=300000, class=java.lang.Integer@5000010c)
OBJ 50000aca (sz=16, trace=300000, class=java.lang.Integer@5000010c)
OBJ 50000acb (sz=16, trace=300000, class=java.lang.Integer@5000010c)
OBJ 50000acc (sz=16, trace=300000, class=java.lang.Integer@5000010c)
OBJ 50000acd (sz=16, trace=300000, class=java.lang.Integer@5000010c)
OBJ 50000ace (sz=16, trace=300000, class=java.lang.Integer@5000010c)
OBJ 50000acf (sz=16, trace=300000, class=java.lang.Integer@5000010c)
OBJ 50000ad0 (sz=16, trace=300000, class=java.lang.Integer@5000010c)
OBJ 50000ad1 (sz=16, trace=300000, class=java.lang.Integer@5000010c)
OBJ 50000ad2 (sz=16, trace=300000, class=java.lang.Integer@5000010c)
OBJ 50000ad3 (sz=16, trace=300000, class=java.lang.Integer@5000010c)
OBJ 50000ad4 (sz=16, trace=300000, class=java.lang.Integer@5000010c)
OBJ 50000ad5 (sz=16, trace=300000, class=java.lang.Integer@5000010c)
OBJ 50000ad6 (sz=16, trace=300000, class=java.lang.Integer@5000010c)
OBJ 50000ad7 (sz=16, trace=300000, class=java.lang.Integer@5000010c)
OBJ 50000ad8 (sz=16, trace=300000, class=java.lang.Integer@5000010c)
OBJ 50000ad9 (sz=16, trace=300000, class=java.lang.Integer@5000010c)
OBJ 50000ada (sz=16, trace=300000, class=java.lang.Integer@5000010c)
OBJ 50000adb (sz=16, trace=300000, class=java.lang.Integer@5000010c)
OBJ 50000adc (sz=16, trace=300000, class=java.lang.Integer@5000010c)
OBJ 50000add (sz=16, trace=300000, class=java.lang.Integer@5000010c)
OBJ 50000ade (sz=16, trace=300000, class=java.lang.Integer@5000010c)
OBJ 50000adf (sz=16, trace=300000, class=java.lang.Integer@5000010c)
OBJ 50000ae0 (sz=16, trace=300000, class=java.lang.Integer@5000010c)
OBJ 50000ae1 (sz=16, trace=300000, class=java.lang.Integer@5000010c)
OBJ 50000ae2 (sz=16, trace=300000, class=java.lang.Integer@5000010c)
OBJ 50000ae3 (sz=16, trace=300000, class=java.lang.Integer@5000010c)
OBJ 50000ae4 (sz=16, trace=300000, class=java.lang.Integer@5000010c)
OBJ 50000ae5 (sz=16, trace=300000, class=java.lang.Integer@5000010c)
OBJ 50000ae6 (sz=16, trace=300000, class=java.lang.Integer@5000010c)
OBJ 50000ae7 (sz=16, trace=300000, class=java.lang.Integer@5000010c)
OBJ 50000ae8 (sz=16, trace=300000, class=java.lang.Integer@5000010c)
OBJ 50000ae9 (sz=16, trace=300000, class=java.lang.Integer@5000010c)
OBJ 50000aea (sz=16, trace=300000, class=java.lang.Integer@5000010c)
OBJ 50000aeb (sz=16, trace=300000, class=java.lang.Integer@5000010c)
OBJ 50000aec (sz=16, trace=300000, class=java.lang.Integer@5000010c)
OBJ 50000aed (sz=16, trace=300000, class=java.lang.Integer@5000010c)
OBJ 50000aee (sz=16, trace=300000, class=java.lang.Integer@5000010c)
OBJ 50000aef (sz=16, trace=300000, class=java.lang.Integer@5000010c)
OBJ 50000af0 (sz=16, trace=300000, class=java.lang.Integer@5000010c)
OBJ 50000af1 (sz=16, trace=300000, class=java.lang.Integer@5000010c)
OBJ 50000af2 (sz=16, trace=300000, class=java.lang.Integer@5000010c)
OBJ 50000af3 (sz=16, trace=300000, class=java.lang.Integer@5000010c)
OBJ 50000af4 (sz=16, trace=300000, class=java.lang.Integer@5000010c)
OBJ 50000af5 (sz=16, trace=300000, class=java.lang.Integer@5000010c)
OBJ 50000af6 (sz=16, trace=300000, class=java.lang.Integer@5000010c)
OBJ 50000af7 (sz=16, trace=300000, class=java.lang.Integer@5000010c)
OBJ 50000af8 (sz=16, trace=300000, class=java.lang.Integer@5000010c)
OBJ 50000af9 (sz=16, trace=300000, class=java.lang.Integer@5000010c)
OBJ 50000afa (sz=16, trace=300000, class=java.lang.Integer@5000010c)
OBJ 50000afb (sz=16, trace=300000, class=java.lang.Integer@5000010c)
OBJ 50000afc (sz=16, trace=300000, class=java.lang.Integer@5000010c)
OBJ 50000afd (sz=16, trace=300000, class=java.lang.Integer@5000010c)
OBJ 50000afe (sz=16, trace=300000, class=java.lang.Integer@5000010c)
OBJ 50000aff (sz=16, trace=300000, class=java.lang.Integer@5000010c)
OBJ 50000b00 (sz=16, trace=300000, class=java.lang.Integer@5000010c)
OBJ 50000b01 (sz=16, trace=300000, class=java.lang.Integer@5000010c)
OBJ 50000b02 (sz=16, trace=300000, class=java.lang.Integer@5000010c)
OBJ 50000b03 (sz=16, trace=300000, class=java.lang.Integer@5000010c)
OBJ 50000b04 (sz=16, trace=300000, class=java.lang.Integer@5000010c)
OBJ 50000b05 (sz=16, trace=300000, class=java.lang.Integer@5000010c)
OBJ 50000b06 (sz=16, trace=300000, class=java.lang.Integer@5000010c)
OBJ 50000b07 (sz=16, trace=300000, class=java.lang.Integer@5000010c)
OBJ 50000b08 (sz=16, trace=300000, class=java.lang.Integer@5000010c)
OBJ 50000b09 (sz=16, trace=300000, class=java.lang.Integer@5000010c)
OBJ 50000b0a (sz=16, trace=300000, class=java.lang.Integer@5000010c)
OBJ 50000b0b (sz=16, trace=300000, class=java.lang.Integer@5000010c)
OBJ 50000b0c (sz=16, trace=300000, class=java.lang.Integer@5000010c)
OBJ 50000b0d (sz=16, trace=300000, class=java.lang.Integer@5000010c)
OBJ 50000b0e (sz=16, trace=300000, class=java.lang.Integer@5000010c)
OBJ 50000b0f (sz=16, trace=300000, class=java.lang.Integer@5000010c)
OBJ 50000b10 (sz=16, trace=300000, class=java.lang.Integer@5000010c)
OBJ 50000b11 (sz=16, trace=300000, class=java.lang.Integer@5000010c)
OBJ 50000b12 (sz=16, trace=300000, class=java.lang.Integer@5000010c)
OBJ 50000b13 (sz=16, trace=300000, class=java.lang.Integer@5000010c)
OBJ 50000b14 (sz=16, trace=300000, class=java.lang.Integer@5000010c)
OBJ 50000b15 (sz=16, trace=300000, class=java.lang.Integer@5000010c)
OBJ 50000b16 (sz=16, trace=300000, class=java.lang.Integer@5000010c)
OBJ 50000b17 (sz=16, trace=300000, class=java.lang.Integer@5000010c)
OBJ 50000b18 (sz=16, trace=300000, class=java.lang.Integer@5000010c)
OBJ 50000b19 (sz=16, trace=300000, class=java.lang.Integer@5000010c)
OBJ 50000b1a (sz=16, trace=300000, class=java.lang.Integer@5000010c)
OBJ 50000b1b (sz=16, trace=300000, class=java.lang.Integer@5000010c)
OBJ 50000b1c (sz=16, trace=300000, class=java.lang.Integer@5000010c)
OBJ 50000b1d (sz=16, trace=300000, class=java.lang.Integer@5000010c)
OBJ 50000b1e (sz=16, trace=300000, class=java.lang.Integer@5000010c)
OBJ 50000b1f (sz=16, trace=300000, class=java.lang.Integer@5000010c)
OBJ 50000b20 (sz=16, trace=300000, class=java.lang.Integer@5000010c)
OBJ 50000b21 (sz=16, trace=300000, class=java.lang.Integer@5000010c)
OBJ 50000b22 (sz=16, trace=300000, class=java.lang.Integer@5000010c)
OBJ 50000b23 (sz=16, trace=300000, class=java.lang.Integer@5000010c)
OBJ 50000b24 (sz=16, trace=300000, class=java.lang.Integer@5000010c)
OBJ 50000b25 (sz=16, trace=300000, class=java.lang.Integer@5000010c)
OBJ 50000b26 (sz=16, trace=300000, class=java.lang.Integer@5000010c)
OBJ 50000b27 (sz=16, trace=300000, class=java.lang.Integer@5000010c)
OBJ 50000b28 (sz=16, trace=300000, class=java.lang.Integer@5000010c)
OBJ 50000b29 (sz=16, trace=300000, class=java.lang.Integer@5000010c)
OBJ 50000b2a (sz=16, trace=300000, class=java.lang.Integer@5000010c)
OBJ 50000b2b (sz=16, trace=300000, class=java.lang.Integer@5000010c)
OBJ 50000b2c (sz=16, trace=300000, class=java.lang.Integer@5000010c)
ARR 50000b2d (sz=70, trace=300000, nelems=35, elem type=char[])
OBJ 50000b2e (sz=24, trace=300000, class=java.lang.String@5000016f)
	value		50000b37
OBJ 50000b2f (sz=24, trace=300000, class=java.lang.String@5000016f)
	value		50000b36
OBJ 50000b30 (sz=24, trace=300000, class=java.lang.String@5000016f)
	value		50000b35
ARR 50000b31 (sz=512, trace=300000, nelems=256, elem type=char[])
ARR 50000b32 (sz=1024, trace=300000, nelems=256, elem type=int[])
OBJ 50000b33 (sz=16, trace=300000, class=java.lang.CharacterDataLatin1@50000011)
ARR 50000b34 (sz=4, trace=300000, nelems=2, elem type=char[])
ARR 50000b35 (sz=1024, trace=300000, nelems=512, elem type=char[])
ARR 50000b36 (sz=512, trace=300000, nelems=256, elem type=char[])
ARR 50000b37 (sz=8, trace=300000, nelems=4, elem type=char[])
OBJ 50000b38 (sz=24, trace=300000, class=java.lang.String@5000016f)
	value		50000b39
ARR 50000b39 (sz=10, trace=300000, nelems=5, elem type=char[])
OBJ 50000b3a (sz=24, trace=300000, class=java.lang.String@5000016f)
	value		50000b3b
ARR 50000b3b (sz=8, trace=300000, nelems=4, elem type=char[])
ARR 50000b3c (sz=6, trace=300000, nelems=3, elem type=char[])
ARR 50000b3d (sz=22, trace=300000, nelems=11, elem type=char[])
OBJ 50000b3e (sz=24, trace=300000, class=java.lang.String@5000016f)
	value		50000b40
ARR 50000b3f (sz=16, trace=300000, nelems=8, elem type=char[])
ARR 50000b40 (sz=98, trace=300000, nelems=49, elem type=char[])
OBJ 50000b41 (sz=24, trace=300000, class=java.lang.String@5000016f)
	value		50000bb7
OBJ 50000b42 (sz=24, trace=300000, class=java.lang.String@5000016f)
	value		50000bb6
OBJ 50000b43 (sz=24, trace=300000, class=java.lang.String@5000016f)
	value		50000bae
OBJ 50000b44 (sz=24, trace=300000, class=java.lang.String@5000016f)
	value		50000bad
OBJ 50000b45 (sz=32, trace=300000, class=java.io.UnixFileSystem@50000067)
	javaHome	5000097e
	cache		50000b47
	javaHomePrefixCache	50000b46
OBJ 50000b46 (sz=40, trace=300000, class=java.io.ExpiringCache@50000066)
	map		50000b8b
OBJ 50000b47 (sz=40, trace=300000, class=java.io.ExpiringCache@50000066)
	map		50000b48
OBJ 50000b48 (sz=64, trace=300000, class=java.io.ExpiringCache$1@50000064)
	table		5000034f
	head		50000b49
	tail		50000560
	this$0		50000b47
OBJ 50000b49 (sz=40, trace=300000, class=java.util.LinkedHashMap$Entry@50000059)
	key		50000b87
	value		50000b86
	next		500004d9
	after		50000b4d
OBJ 50000b4a (sz=40, trace=300000, class=java.util.LinkedHashMap$Entry@50000059)
	key		50000b82
	value		50000b81
	before		50000b52
	after		50000b4e
OBJ 50000b4b (sz=40, trace=300000, class=java.util.LinkedHashMap$Entry@50000059)
	key		50000b78
	value		50000b77
	before		50000b4e
	after		50000b4c
OBJ 50000b4c (sz=40, trace=300000, class=java.util.LinkedHashMap$Entry@50000059)
	key		50000b73
	value		50000b72
	next		50000b67
	before		50000b4b
	after		50000b4f
OBJ 50000b4d (sz=40, trace=300000, class=java.util.LinkedHashMap$Entry@50000059)
	key		50000b63
	value		50000b62
	next		5000054d
	before		50000b49
	after		50000b50
OBJ 50000b4e (sz=40, trace=300000, class=java.util.LinkedHashMap$Entry@50000059)
	key		50000b7d
	value		50000b7c
	before		50000b4a
	after		50000b4b
OBJ 50000b4f (sz=40, trace=300000, class=java.util.LinkedHashMap$Entry@50000059)
	key		50000b6e
	value		50000b6d
	before		50000b4c
	after		50000b67
OBJ 50000b50 (sz=40, trace=300000, class=java.util.LinkedHashMap$Entry@50000059)
	key		50000b5e
	value		50000b5d
	before		50000b4d
	after		50000b51
OBJ 50000b51 (sz=40, trace=300000, class=java.util.LinkedHashMap$Entry@50000059)
	key		50000b59
	value		50000b58
	before		50000b50
	after		50000b52
OBJ 50000b52 (sz=40, trace=300000, class=java.util.LinkedHashMap$Entry@50000059)
	key		50000b54
	value		50000b53
	before		50000b51
	after		50000b4a
OBJ 50000b53 (sz=24, trace=300000, class=java.io.ExpiringCache$Entry@5000005a)
	val		50000b56
OBJ 50000b54 (sz=24, trace=300000, class=java.lang.String@5000016f)
	value		50000b55
ARR 50000b55 (sz=144, trace=300000, nelems=72, elem type=char[])
OBJ 50000b56 (sz=24, trace=300000, class=java.lang.String@5000016f)
	value		50000b57
ARR 50000b57 (sz=144, trace=300000, nelems=72, elem type=char[])
OBJ 50000b58 (sz=24, trace=300000, class=java.io.ExpiringCache$Entry@5000005a)
	val		50000b5b
OBJ 50000b59 (sz=24, trace=300000, class=java.lang.String@5000016f)
	value		50000b5a
ARR 50000b5a (sz=142, trace=300000, nelems=71, elem type=char[])
OBJ 50000b5b (sz=24, trace=300000, class=java.lang.String@5000016f)
	value		50000b5c
ARR 50000b5c (sz=142, trace=300000, nelems=71, elem type=char[])
OBJ 50000b5d (sz=24, trace=300000, class=java.io.ExpiringCache$Entry@5000005a)
	val		50000b60
OBJ 50000b5e (sz=24, trace=300000, class=java.lang.String@5000016f)
	value		50000b5f
ARR 50000b5f (sz=146, trace=300000, nelems=73, elem type=char[])
OBJ 50000b60 (sz=24, trace=300000, class=java.lang.String@5000016f)
	value		50000b61
ARR 50000b61 (sz=146, trace=300000, nelems=73, elem type=char[])
OBJ 50000b62 (sz=24, trace=300000, class=java.io.ExpiringCache$Entry@5000005a)
	val		50000b65
OBJ 50000b63 (sz=24, trace=300000, class=java.lang.String@5000016f)
	value		50000b64
ARR 50000b64 (sz=118, trace=300000, nelems=59, elem type=char[])
OBJ 50000b65 (sz=24, trace=300000, class=java.lang.String@5000016f)
	value		50000b66
ARR 50000b66 (sz=118, trace=300000, nelems=59, elem type=char[])
OBJ 50000b67 (sz=40, trace=300000, class=java.util.LinkedHashMap$Entry@50000059)
	key		50000b69
	value		50000b68
	next		5000034e
	before		50000b4f
	after		500002c5
OBJ 50000b68 (sz=24, trace=300000, class=java.io.ExpiringCache$Entry@5000005a)
	val		50000b6b
OBJ 50000b69 (sz=24, trace=300000, class=java.lang.String@5000016f)
	value		50000b6a
ARR 50000b6a (sz=82, trace=300000, nelems=41, elem type=char[])
OBJ 50000b6b (sz=24, trace=300000, class=java.lang.String@5000016f)
	value		50000b6c
ARR 50000b6c (sz=78, trace=300000, nelems=39, elem type=char[])
OBJ 50000b6d (sz=24, trace=300000, class=java.io.ExpiringCache$Entry@5000005a)
	val		50000b70
OBJ 50000b6e (sz=24, trace=300000, class=java.lang.String@5000016f)
	value		50000b6f
ARR 50000b6f (sz=158, trace=300000, nelems=79, elem type=char[])
OBJ 50000b70 (sz=24, trace=300000, class=java.lang.String@5000016f)
	value		50000b71
ARR 50000b71 (sz=158, trace=300000, nelems=79, elem type=char[])
OBJ 50000b72 (sz=24, trace=300000, class=java.io.ExpiringCache$Entry@5000005a)
	val		50000b75
OBJ 50000b73 (sz=24, trace=300000, class=java.lang.String@5000016f)
	value		50000b74
ARR 50000b74 (sz=148, trace=300000, nelems=74, elem type=char[])
OBJ 50000b75 (sz=24, trace=300000, class=java.lang.String@5000016f)
	value		50000b76
ARR 50000b76 (sz=148, trace=300000, nelems=74, elem type=char[])
OBJ 50000b77 (sz=24, trace=300000, class=java.io.ExpiringCache$Entry@5000005a)
	val		50000b7a
OBJ 50000b78 (sz=24, trace=300000, class=java.lang.String@5000016f)
	value		50000b79
ARR 50000b79 (sz=138, trace=300000, nelems=69, elem type=char[])
OBJ 50000b7a (sz=24, trace=300000, class=java.lang.String@5000016f)
	value		50000b7b
ARR 50000b7b (sz=138, trace=300000, nelems=69, elem type=char[])
OBJ 50000b7c (sz=24, trace=300000, class=java.io.ExpiringCache$Entry@5000005a)
	val		50000b7f
OBJ 50000b7d (sz=24, trace=300000, class=java.lang.String@5000016f)
	value		50000b7e
ARR 50000b7e (sz=138, trace=300000, nelems=69, elem type=char[])
OBJ 50000b7f (sz=24, trace=300000, class=java.lang.String@5000016f)
	value		50000b80
ARR 50000b80 (sz=138, trace=300000, nelems=69, elem type=char[])
OBJ 50000b81 (sz=24, trace=300000, class=java.io.ExpiringCache$Entry@5000005a)
	val		50000b84
OBJ 50000b82 (sz=24, trace=300000, class=java.lang.String@5000016f)
	value		50000b83
ARR 50000b83 (sz=138, trace=300000, nelems=69, elem type=char[])
OBJ 50000b84 (sz=24, trace=300000, class=java.lang.String@5000016f)
	value		50000b85
ARR 50000b85 (sz=138, trace=300000, nelems=69, elem type=char[])
OBJ 50000b86 (sz=24, trace=300000, class=java.io.ExpiringCache$Entry@5000005a)
	val		50000b89
OBJ 50000b87 (sz=24, trace=300000, class=java.lang.String@5000016f)
	value		50000b88
ARR 50000b88 (sz=142, trace=300000, nelems=71, elem type=char[])
OBJ 50000b89 (sz=24, trace=300000, class=java.lang.String@5000016f)
	value		50000b8a
ARR 50000b8a (sz=142, trace=300000, nelems=71, elem type=char[])
OBJ 50000b8b (sz=64, trace=300000, class=java.io.ExpiringCache$1@50000064)
	table		50000b8d
	head		50000b8c
	tail		5000049f
	this$0		50000b46
OBJ 50000b8c (sz=40, trace=300000, class=java.util.LinkedHashMap$Entry@50000059)
	key		50000b95
	value		50000b94
	after		50000b8e
ARR 50000b8d (sz=80, trace=300000, nelems=13, elem type=java.util.HashMap$Node[]@500000b8)
	[7]		5000049f
	[11]		50000b8c
	[12]		50000b8e
OBJ 50000b8e (sz=40, trace=300000, class=java.util.LinkedHashMap$Entry@50000059)
	key		50000b90
	value		50000b8f
	before		50000b8c
	after		5000049f
OBJ 50000b8f (sz=24, trace=300000, class=java.io.ExpiringCache$Entry@5000005a)
	val		50000b92
OBJ 50000b90 (sz=24, trace=300000, class=java.lang.String@5000016f)
	value		50000b91
ARR 50000b91 (sz=118, trace=300000, nelems=59, elem type=char[])
OBJ 50000b92 (sz=24, trace=300000, class=java.lang.String@5000016f)
	value		50000b93
ARR 50000b93 (sz=118, trace=300000, nelems=59, elem type=char[])
OBJ 50000b94 (sz=24, trace=300000, class=java.io.ExpiringCache$Entry@5000005a)
	val		50000b97
OBJ 50000b95 (sz=24, trace=300000, class=java.lang.String@5000016f)
	value		50000b96
ARR 50000b96 (sz=122, trace=300000, nelems=61, elem type=char[])
OBJ 50000b97 (sz=24, trace=300000, class=java.lang.String@5000016f)
	value		50000b98
ARR 50000b98 (sz=122, trace=300000, nelems=61, elem type=char[])
OBJ 50000b99 (sz=24, trace=300000, class=java.lang.String@5000016f)
	value		50000bac
OBJ 50000b9a (sz=24, trace=300000, class=java.lang.String@5000016f)
	value		50000bab
OBJ 50000b9b (sz=24, trace=300000, class=java.lang.String@5000016f)
	value		50000baa
OBJ 50000b9c (sz=24, trace=300000, class=java.lang.String@5000016f)
	value		50000ba9
OBJ 50000b9d (sz=24, trace=300000, class=java.lang.String@5000016f)
	value		50000ba2
OBJ 50000b9e (sz=24, trace=300000, class=java.lang.String@5000016f)
	value		50000ba1
OBJ 50000b9f (sz=24, trace=300000, class=java.lang.String@5000016f)
	value		50000ba0
ARR 50000ba0 (sz=52, trace=300000, nelems=26, elem type=char[])
ARR 50000ba1 (sz=42, trace=300000, nelems=21, elem type=char[])
ARR 50000ba2 (sz=16, trace=300000, nelems=8, elem type=char[])
ARR 50000ba3 (sz=0, trace=300000, nelems=0, elem type=char[])
OBJ 50000ba4 (sz=24, trace=300000, class=java.lang.String@5000016f)
	value		50000ba7
OBJ 50000ba5 (sz=24, trace=300000, class=java.lang.String@5000016f)
	value		50000ba6
ARR 50000ba6 (sz=12, trace=300000, nelems=6, elem type=char[])
ARR 50000ba7 (sz=10, trace=300000, nelems=5, elem type=char[])
ARR 50000ba8 (sz=10, trace=300000, nelems=5, elem type=char[])
ARR 50000ba9 (sz=2, trace=300000, nelems=1, elem type=char[])
ARR 50000baa (sz=18, trace=300000, nelems=9, elem type=char[])
ARR 50000bab (sz=28, trace=300000, nelems=14, elem type=char[])
ARR 50000bac (sz=28, trace=300000, nelems=14, elem type=char[])
ARR 50000bad (sz=2, trace=300000, nelems=1, elem type=char[])
ARR 50000bae (sz=2, trace=300000, nelems=1, elem type=char[])
OBJ 50000baf (sz=24, trace=300000, class=java.lang.String@5000016f)
	value		50000bb4
OBJ 50000bb0 (sz=24, trace=300000, class=java.lang.String@5000016f)
	value		50000bb5
ARR 50000bb1 (sz=24, trace=300000, nelems=2, elem type=java.io.File$PathStatus[]@5000005b)
	[0]		50000bb3
	[1]		50000bb2
OBJ 50000bb2 (sz=24, trace=300000, class=java.io.File$PathStatus@50000062)
	name		50000bb0
OBJ 50000bb3 (sz=24, trace=300000, class=java.io.File$PathStatus@50000062)
	name		50000baf
ARR 50000bb4 (sz=14, trace=300000, nelems=7, elem type=char[])
ARR 50000bb5 (sz=14, trace=300000, nelems=7, elem type=char[])
ARR 50000bb6 (sz=24, trace=300000, nelems=12, elem type=char[])
ARR 50000bb7 (sz=8, trace=300000, nelems=4, elem type=char[])
ARR 50000bb8 (sz=18, trace=300000, nelems=9, elem type=char[])
ARR 50000bb9 (sz=18, trace=300000, nelems=9, elem type=char[])
ARR 50000bba (sz=26, trace=300000, nelems=13, elem type=char[])
ARR 50000bbb (sz=14, trace=300000, nelems=7, elem type=char[])
ARR 50000bbc (sz=56, trace=300000, nelems=0, elem type=java.lang.Object[]@5000010a)
OBJ 50000bbd (sz=16, trace=300000, class=java.security.ProtectionDomain$Key@50000008)
	this$0		50000a0d
ARR 50000bbe (sz=16, trace=300000, nelems=0, elem type=java.security.Principal[]@50000006)
OBJ 50000bbf (sz=32, trace=300000, class=java.security.CodeSource@50000116)
OBJ 50000bc0 (sz=24, trace=300000, class=java.lang.String@5000016f)
	value		50000bc8
OBJ 50000bc1 (sz=24, trace=300000, class=java.lang.String@5000016f)
	value		50000bc7
OBJ 50000bc2 (sz=24, trace=300000, class=java.lang.String@5000016f)
	value		50000bc6
OBJ 50000bc3 (sz=24, trace=300000, class=java.lang.String@5000016f)
	value		50000bc5
ARR 50000bc4 (sz=32, trace=300000, nelems=16, elem type=char[])
ARR 50000bc5 (sz=32, trace=300000, nelems=16, elem type=char[])
ARR 50000bc6 (sz=48, trace=300000, nelems=24, elem type=char[])
ARR 50000bc7 (sz=38, trace=300000, nelems=19, elem type=char[])
ARR 50000bc8 (sz=12, trace=300000, nelems=6, elem type=char[])
OBJ 50000bc9 (sz=16, trace=300000, class=java.util.HashSet@50000005)
	map		50000bca
OBJ 50000bca (sz=48, trace=300000, class=java.util.HashMap@500000ba)
OBJ 50000bcb (sz=16, trace=300000, class=java.lang.Object@50000173)
ARR 50000bcc (sz=56, trace=300000, nelems=0, elem type=java.lang.Object[]@5000010a)
OBJ 50000bcd (sz=16, trace=300000, class=sun.net.www.protocol.jar.Handler@50000003)
OBJ 50000bce (sz=48, trace=300000, class=java.util.HashMap@500000ba)
	table		500001fa
OBJ 50000bcf (sz=24, trace=300000, class=java.util.ArrayList@500000c5)
	elementData	500001f9
OBJ 50000bd0 (sz=32, trace=300000, class=java.util.Stack@500000e4)
	elementData	50000c0c
OBJ 50000bd1 (sz=24, trace=300000, class=java.util.ArrayList@500000c5)
	elementData	50000bd2
ARR 50000bd2 (sz=56, trace=300000, nelems=8, elem type=java.lang.Object[]@5000010a)
	[0]		50000bd3
	[1]		50000bd4
	[2]		50000bd5
	[3]		50000bd6
	[4]		50000bd7
	[5]		50000bd8
	[6]		50000bd9
	[7]		50000bda
OBJ 50000bd3 (sz=64, trace=300000, class=java.net.URL@5000011b)
	protocol	50000bdd
	host		5000089c
	file		50000c08
	authority	5000089c
	path		50000c08
	handler		50000bdb
OBJ 50000bd4 (sz=64, trace=300000, class=java.net.URL@5000011b)
	protocol	50000bdd
	host		5000089c
	file		50000c06
	authority	5000089c
	path		50000c06
	handler		50000bdb
OBJ 50000bd5 (sz=64, trace=300000, class=java.net.URL@5000011b)
	protocol	50000bdd
	host		5000089c
	file		50000c04
	authority	5000089c
	path		50000c04
	handler		50000bdb
OBJ 50000bd6 (sz=64, trace=300000, class=java.net.URL@5000011b)
	protocol	50000bdd
	host		5000089c
	file		50000c02
	authority	5000089c
	path		50000c02
	handler		50000bdb
OBJ 50000bd7 (sz=64, trace=300000, class=java.net.URL@5000011b)
	protocol	50000bdd
	host		5000089c
	file		50000c00
	authority	5000089c
	path		50000c00
	handler		50000bdb
OBJ 50000bd8 (sz=64, trace=300000, class=java.net.URL@5000011b)
	protocol	50000bdd
	host		5000089c
	file		50000bfe
	authority	5000089c
	path		50000bfe
	handler		50000bdb
OBJ 50000bd9 (sz=64, trace=300000, class=java.net.URL@5000011b)
	protocol	50000bdd
	host		5000089c
	file		50000bfc
	authority	5000089c
	path		50000bfc
	handler		50000bdb
OBJ 50000bda (sz=64, trace=300000, class=java.net.URL@5000011b)
	protocol	50000bdd
	host		5000089c
	file		50000bdc
	authority	5000089c
	path		50000bdc
	handler		50000bdb
OBJ 50000bdb (sz=16, trace=300000, class=sun.net.www.protocol.file.Handler@5000000e)
OBJ 50000bdc (sz=24, trace=300000, class=java.lang.String@5000016f)
	value		50000bdf
OBJ 50000bdd (sz=24, trace=300000, class=java.lang.String@5000016f)
	value		50000bde
ARR 50000bde (sz=8, trace=300000, nelems=4, elem type=char[])
ARR 50000bdf (sz=158, trace=300000, nelems=79, elem type=char[])
OBJ 50000be0 (sz=24, trace=300000, class=java.lang.String@5000016f)
	value		50000bfb
OBJ 50000be1 (sz=24, trace=300000, class=java.lang.String@5000016f)
	value		50000bfa
OBJ 50000be2 (sz=24, trace=300000, class=java.lang.String@5000016f)
	value		50000bf9
OBJ 50000be3 (sz=24, trace=300000, class=java.lang.String@5000016f)
	value		50000bf8
OBJ 50000be4 (sz=24, trace=300000, class=java.lang.String@5000016f)
	value		50000bf7
OBJ 50000be5 (sz=24, trace=300000, class=java.lang.String@5000016f)
	value		50000bf6
OBJ 50000be6 (sz=24, trace=300000, class=java.lang.String@5000016f)
	value		50000bf5
OBJ 50000be7 (sz=24, trace=300000, class=java.lang.String@5000016f)
	value		50000bee
OBJ 50000be8 (sz=24, trace=300000, class=java.lang.String@5000016f)
	value		50000bf4
OBJ 50000be9 (sz=24, trace=300000, class=java.lang.String@5000016f)
	value		50000bf3
OBJ 50000bea (sz=24, trace=300000, class=java.lang.String@5000016f)
	value		50000bf2
OBJ 50000beb (sz=24, trace=300000, class=java.lang.String@5000016f)
	value		50000bf1
OBJ 50000bec (sz=16, trace=300000, class=java.lang.Object@50000173)
OBJ 50000bed (sz=48, trace=300000, class=java.util.Hashtable@50000147)
	table		50000bef
ARR 50000bee (sz=52, trace=300000, nelems=26, elem type=char[])
ARR 50000bef (sz=64, trace=300000, nelems=7, elem type=java.util.Hashtable$Entry[]@500000d6)
	[6]		50000bf0
OBJ 50000bf0 (sz=32, trace=300000, class=java.util.Hashtable$Entry@500000d8)
	key		50000bdd
	value		50000bdb
ARR 50000bf1 (sz=16, trace=300000, nelems=8, elem type=char[])
ARR 50000bf2 (sz=2, trace=300000, nelems=1, elem type=char[])
ARR 50000bf3 (sz=40, trace=300000, nelems=20, elem type=char[])
ARR 50000bf4 (sz=2, trace=300000, nelems=1, elem type=char[])
ARR 50000bf5 (sz=8, trace=300000, nelems=4, elem type=char[])
ARR 50000bf6 (sz=2, trace=300000, nelems=1, elem type=char[])
ARR 50000bf7 (sz=4, trace=300000, nelems=2, elem type=char[])
ARR 50000bf8 (sz=4, trace=300000, nelems=2, elem type=char[])
ARR 50000bf9 (sz=6, trace=300000, nelems=3, elem type=char[])
ARR 50000bfa (sz=8, trace=300000, nelems=4, elem type=char[])
ARR 50000bfb (sz=6, trace=300000, nelems=3, elem type=char[])
OBJ 50000bfc (sz=24, trace=300000, class=java.lang.String@5000016f)
	value		50000bfd
ARR 50000bfd (sz=148, trace=300000, nelems=74, elem type=char[])
OBJ 50000bfe (sz=24, trace=300000, class=java.lang.String@5000016f)
	value		50000bff
ARR 50000bff (sz=138, trace=300000, nelems=69, elem type=char[])
OBJ 50000c00 (sz=24, trace=300000, class=java.lang.String@5000016f)
	value		50000c01
ARR 50000c01 (sz=138, trace=300000, nelems=69, elem type=char[])
OBJ 50000c02 (sz=24, trace=300000, class=java.lang.String@5000016f)
	value		50000c03
ARR 50000c03 (sz=138, trace=300000, nelems=69, elem type=char[])
OBJ 50000c04 (sz=24, trace=300000, class=java.lang.String@5000016f)
	value		50000c05
ARR 50000c05 (sz=144, trace=300000, nelems=72, elem type=char[])
OBJ 50000c06 (sz=24, trace=300000, class=java.lang.String@5000016f)
	value		50000c07
ARR 50000c07 (sz=142, trace=300000, nelems=71, elem type=char[])
OBJ 50000c08 (sz=24, trace=300000, class=java.lang.String@5000016f)
	value		50000c09
ARR 50000c09 (sz=146, trace=300000, nelems=73, elem type=char[])
ARR 50000c0a (sz=16, trace=300000, nelems=0, elem type=java.lang.Object[]@5000010a)
ARR 50000c0b (sz=16, trace=300000, nelems=0, elem type=java.lang.Object[]@5000010a)
ARR 50000c0c (sz=56, trace=300000, nelems=0, elem type=java.lang.Object[]@5000010a)
OBJ 50000c0d (sz=24, trace=300000, class=sun.misc.MetaIndex@5000003d)
	contents	50000c12
OBJ 50000c0e (sz=24, trace=300000, class=java.lang.String@5000016f)
	value		50000c0f
ARR 50000c0f (sz=6, trace=300000, nelems=3, elem type=char[])
OBJ 50000c10 (sz=24, trace=300000, class=java.lang.String@5000016f)
	value		50000c11
ARR 50000c11 (sz=4, trace=300000, nelems=2, elem type=char[])
ARR 50000c12 (sz=24, trace=300000, nelems=1, elem type=java.lang.String[]@500000cf)
	[0]		50000c13
OBJ 50000c13 (sz=24, trace=300000, class=java.lang.String@5000016f)
	value		50000c14
ARR 50000c14 (sz=30, trace=300000, nelems=15, elem type=char[])
OBJ 50000c15 (sz=24, trace=300000, class=java.lang.String@5000016f)
	value		500010a9
OBJ 50000c16 (sz=24, trace=300000, class=java.lang.String@5000016f)
	value		50000c67
OBJ 50000c17 (sz=24, trace=300000, class=java.lang.String@5000016f)
	value		50000c66
OBJ 50000c18 (sz=48, trace=300000, class=java.util.HashMap@500000ba)
	table		5000044b
OBJ 50000c19 (sz=32, trace=300000, class=java.util.HashMap$Node@500000b9)
	key		50000c5e
	value		50000c5d
OBJ 50000c1a (sz=32, trace=300000, class=java.util.HashMap$Node@500000b9)
	key		50000c55
	value		50000c54
OBJ 50000c1b (sz=32, trace=300000, class=java.util.HashMap$Node@500000b9)
	key		50000c4c
	value		50000c4b
OBJ 50000c1c (sz=32, trace=300000, class=java.util.HashMap$Node@500000b9)
	key		50000c40
	value		50000c3f
OBJ 50000c1d (sz=32, trace=300000, class=java.util.HashMap$Node@500000b9)
	key		50000c3c
	value		50000c0d
OBJ 50000c1e (sz=32, trace=300000, class=java.util.HashMap$Node@500000b9)
	key		50000c36
	value		50000c35
OBJ 50000c1f (sz=32, trace=300000, class=java.util.HashMap$Node@500000b9)
	key		50000c2d
	value		50000c2c
OBJ 50000c20 (sz=32, trace=300000, class=java.util.HashMap$Node@500000b9)
	key		50000c22
	value		50000c21
OBJ 50000c21 (sz=24, trace=300000, class=sun.misc.MetaIndex@5000003d)
	contents	50000c25
OBJ 50000c22 (sz=32, trace=300000, class=java.io.File@5000011d)
	path		50000c23
OBJ 50000c23 (sz=24, trace=300000, class=java.lang.String@5000016f)
	value		50000c24
ARR 50000c24 (sz=142, trace=300000, nelems=71, elem type=char[])
ARR 50000c25 (sz=32, trace=300000, nelems=3, elem type=java.lang.String[]@500000cf)
	[0]		50000c26
	[1]		50000c27
	[2]		50000c28
OBJ 50000c26 (sz=24, trace=300000, class=java.lang.String@5000016f)
	value		50000c2b
OBJ 50000c27 (sz=24, trace=300000, class=java.lang.String@5000016f)
	value		50000c2a
OBJ 50000c28 (sz=24, trace=300000, class=java.lang.String@5000016f)
	value		50000c29
ARR 50000c29 (sz=24, trace=300000, nelems=12, elem type=char[])
ARR 50000c2a (sz=100, trace=300000, nelems=50, elem type=char[])
ARR 50000c2b (sz=22, trace=300000, nelems=11, elem type=char[])
OBJ 50000c2c (sz=24, trace=300000, class=sun.misc.MetaIndex@5000003d)
	contents	50000c30
OBJ 50000c2d (sz=32, trace=300000, class=java.io.File@5000011d)
	path		50000c2e
OBJ 50000c2e (sz=24, trace=300000, class=java.lang.String@5000016f)
	value		50000c2f
ARR 50000c2f (sz=144, trace=300000, nelems=72, elem type=char[])
ARR 50000c30 (sz=24, trace=300000, nelems=2, elem type=java.lang.String[]@500000cf)
	[0]		50000c31
	[1]		50000c32
OBJ 50000c31 (sz=24, trace=300000, class=java.lang.String@5000016f)
	value		50000c34
OBJ 50000c32 (sz=24, trace=300000, class=java.lang.String@5000016f)
	value		50000c33
ARR 50000c33 (sz=16, trace=300000, nelems=8, elem type=char[])
ARR 50000c34 (sz=16, trace=300000, nelems=8, elem type=char[])
OBJ 50000c35 (sz=24, trace=300000, class=sun.misc.MetaIndex@5000003d)
	contents	50000c39
OBJ 50000c36 (sz=32, trace=300000, class=java.io.File@5000011d)
	path		50000c37
OBJ 50000c37 (sz=24, trace=300000, class=java.lang.String@5000016f)
	value		50000c38
ARR 50000c38 (sz=146, trace=300000, nelems=73, elem type=char[])
ARR 50000c39 (sz=24, trace=300000, nelems=1, elem type=java.lang.String[]@500000cf)
	[0]		50000c3a
OBJ 50000c3a (sz=24, trace=300000, class=java.lang.String@5000016f)
	value		50000c3b
ARR 50000c3b (sz=24, trace=300000, nelems=12, elem type=char[])
OBJ 50000c3c (sz=32, trace=300000, class=java.io.File@5000011d)
	path		50000c3d
OBJ 50000c3d (sz=24, trace=300000, class=java.lang.String@5000016f)
	value		50000c3e
ARR 50000c3e (sz=158, trace=300000, nelems=79, elem type=char[])
OBJ 50000c3f (sz=24, trace=300000, class=sun.misc.MetaIndex@5000003d)
	contents	50000c43
OBJ 50000c40 (sz=32, trace=300000, class=java.io.File@5000011d)
	path		50000c41
OBJ 50000c41 (sz=24, trace=300000, class=java.lang.String@5000016f)
	value		50000c42
ARR 50000c42 (sz=138, trace=300000, nelems=69, elem type=char[])
ARR 50000c43 (sz=24, trace=300000, nelems=1, elem type=java.lang.String[]@500000cf)
	[0]		50000c44
OBJ 50000c44 (sz=24, trace=300000, class=java.lang.String@5000016f)
	value		50000c45
ARR 50000c45 (sz=24, trace=300000, nelems=12, elem type=char[])
ARR 50000c46 (sz=152, trace=300000, nelems=33, elem type=java.lang.String[]@500000cf)
	[0]		500003a4
	[1]		500003a6
	[2]		500003a8
	[3]		500003aa
	[4]		500003ac
	[5]		500003ae
	[6]		500003b0
	[7]		500003b2
	[8]		500003b4
	[9]		500003b6
	[10]		500003b8
	[11]		500003bb
	[12]		500003bd
	[13]		500003bf
	[14]		500003c1
	[15]		500003c3
	[16]		500003c6
	[17]		500003c8
	[18]		500003ca
	[19]		500003cc
	[20]		500003ce
	[21]		500003d0
	[22]		500003d2
	[23]		500003d5
	[24]		500003d7
	[25]		500003d9
	[26]		500003db
	[27]		500003dd
	[28]		500003df
	[29]		500003e1
	[30]		500003e3
	[31]		500003e5
	[32]		500003e7
ARR 50000c47 (sz=160, trace=300000, nelems=36, elem type=java.lang.String[]@500000cf)
	[0]		500003f7
	[1]		500003f9
	[2]		500003fb
	[3]		500003fd
	[4]		500003ff
	[5]		50000401
	[6]		50000403
	[7]		50000405
	[8]		50000407
	[9]		50000409
	[10]		5000040b
	[11]		5000040d
	[12]		5000040f
	[13]		50000411
	[14]		50000413
	[15]		50000415
	[16]		50000417
	[17]		50000419
	[18]		5000041b
	[19]		5000041d
	[20]		5000041f
	[21]		50000421
	[22]		50000423
	[23]		50000425
	[24]		50000427
	[25]		50000429
	[26]		5000042b
	[27]		5000042d
	[28]		5000042f
	[29]		50000431
	[30]		50000433
	[31]		50000435
	[32]		50000437
	[33]		50000439
	[34]		5000043c
	[35]		5000043e
ARR 50000c48 (sz=24, trace=300000, nelems=2, elem type=java.lang.String[]@500000cf)
	[0]		5000037c
	[1]		5000037e
ARR 50000c49 (sz=24, trace=300000, nelems=2, elem type=java.lang.String[]@500000cf)
	[0]		50000369
	[1]		5000036c
ARR 50000c4a (sz=24, trace=300000, nelems=2, elem type=java.lang.String[]@500000cf)
	[0]		5000038e
	[1]		50000390
OBJ 50000c4b (sz=24, trace=300000, class=sun.misc.MetaIndex@5000003d)
	contents	50000c4f
OBJ 50000c4c (sz=32, trace=300000, class=java.io.File@5000011d)
	path		50000c4d
OBJ 50000c4d (sz=24, trace=300000, class=java.lang.String@5000016f)
	value		50000c4e
ARR 50000c4e (sz=138, trace=300000, nelems=69, elem type=char[])
ARR 50000c4f (sz=24, trace=300000, nelems=2, elem type=java.lang.String[]@500000cf)
	[0]		50000c50
	[1]		50000c51
OBJ 50000c50 (sz=24, trace=300000, class=java.lang.String@5000016f)
	value		50000c53
OBJ 50000c51 (sz=24, trace=300000, class=java.lang.String@5000016f)
	value		50000c52
ARR 50000c52 (sz=14, trace=300000, nelems=7, elem type=char[])
ARR 50000c53 (sz=126, trace=300000, nelems=63, elem type=char[])
OBJ 50000c54 (sz=24, trace=300000, class=sun.misc.MetaIndex@5000003d)
	contents	50000c58
OBJ 50000c55 (sz=32, trace=300000, class=java.io.File@5000011d)
	path		50000c56
OBJ 50000c56 (sz=24, trace=300000, class=java.lang.String@5000016f)
	value		50000c57
ARR 50000c57 (sz=148, trace=300000, nelems=74, elem type=char[])
ARR 50000c58 (sz=24, trace=300000, nelems=2, elem type=java.lang.String[]@500000cf)
	[0]		50000c59
	[1]		50000c5a
OBJ 50000c59 (sz=24, trace=300000, class=java.lang.String@5000016f)
	value		50000c5c
OBJ 50000c5a (sz=24, trace=300000, class=java.lang.String@5000016f)
	value		50000c5b
ARR 50000c5b (sz=16, trace=300000, nelems=8, elem type=char[])
ARR 50000c5c (sz=16, trace=300000, nelems=8, elem type=char[])
OBJ 50000c5d (sz=24, trace=300000, class=sun.misc.MetaIndex@5000003d)
	contents	50000c61
OBJ 50000c5e (sz=32, trace=300000, class=java.io.File@5000011d)
	path		50000c5f
OBJ 50000c5f (sz=24, trace=300000, class=java.lang.String@5000016f)
	value		50000c60
ARR 50000c60 (sz=138, trace=300000, nelems=69, elem type=char[])
ARR 50000c61 (sz=24, trace=300000, nelems=2, elem type=java.lang.String[]@500000cf)
	[0]		50000c62
	[1]		50000c63
OBJ 50000c62 (sz=24, trace=300000, class=java.lang.String@5000016f)
	value		50000c65
OBJ 50000c63 (sz=24, trace=300000, class=java.lang.String@5000016f)
	value		50000c64
ARR 50000c64 (sz=24, trace=300000, nelems=12, elem type=char[])
ARR 50000c65 (sz=108, trace=300000, nelems=54, elem type=char[])
ARR 50000c66 (sz=12, trace=300000, nelems=6, elem type=char[])
ARR 50000c67 (sz=22, trace=300000, nelems=11, elem type=char[])
OBJ 50000c68 (sz=24, trace=300000, class=java.lang.String@5000016f)
	value		50000c74
OBJ 50000c69 (sz=24, trace=300000, class=java.lang.String@5000016f)
	value		50000c73
OBJ 50000c6a (sz=24, trace=300000, class=java.lang.String@5000016f)
	value		50000c72
OBJ 50000c6b (sz=24, trace=300000, class=java.lang.String@5000016f)
	value		50000c71
OBJ 50000c6c (sz=16, trace=300000, class=java.nio.charset.CoderResult$2@50000031)
OBJ 50000c6d (sz=16, trace=300000, class=java.nio.charset.CoderResult$1@50000032)
OBJ 50000c6e (sz=24, trace=300000, class=java.nio.charset.CoderResult@50000034)
OBJ 50000c6f (sz=24, trace=300000, class=java.nio.charset.CoderResult@50000034)
ARR 50000c70 (sz=32, trace=300000, nelems=4, elem type=java.lang.String[]@500000cf)
	[0]		50000c68
	[1]		50000c69
	[2]		50000c6a
	[3]		50000c6b
ARR 50000c71 (sz=20, trace=300000, nelems=10, elem type=char[])
ARR 50000c72 (sz=18, trace=300000, nelems=9, elem type=char[])
ARR 50000c73 (sz=16, trace=300000, nelems=8, elem type=char[])
ARR 50000c74 (sz=18, trace=300000, nelems=9, elem type=char[])
OBJ 50000c75 (sz=24, trace=300000, class=java.lang.String@5000016f)
	value		50000c79
OBJ 50000c76 (sz=24, trace=300000, class=java.lang.String@5000016f)
	value		50000c7a
OBJ 50000c77 (sz=16, trace=300000, class=java.nio.ByteOrder@5000006d)
	name		50000c76
OBJ 50000c78 (sz=16, trace=300000, class=java.nio.ByteOrder@5000006d)
	name		50000c75
ARR 50000c79 (sz=20, trace=300000, nelems=10, elem type=char[])
ARR 50000c7a (sz=26, trace=300000, nelems=13, elem type=char[])
OBJ 50000c7b (sz=24, trace=300000, class=java.lang.String@5000016f)
	value		50001097
OBJ 50000c7c (sz=24, trace=300000, class=java.lang.String@5000016f)
	value		500010a8
OBJ 50000c7d (sz=24, trace=300000, class=java.lang.String@5000016f)
	value		50000c85
OBJ 50000c7e (sz=24, trace=300000, class=java.lang.String@5000016f)
	value		50000c84
OBJ 50000c7f (sz=24, trace=300000, class=java.lang.String@5000016f)
	value		50000c83
OBJ 50000c80 (sz=24, trace=300000, class=java.lang.String@5000016f)
	value		50000c82
ARR 50000c81 (sz=32, trace=300000, nelems=4, elem type=java.lang.String[]@500000cf)
	[0]		50000c7d
	[1]		50000c7e
	[2]		50000c7f
	[3]		50000c80
ARR 50000c82 (sz=14, trace=300000, nelems=7, elem type=char[])
ARR 50000c83 (sz=20, trace=300000, nelems=10, elem type=char[])
ARR 50000c84 (sz=12, trace=300000, nelems=6, elem type=char[])
ARR 50000c85 (sz=10, trace=300000, nelems=5, elem type=char[])
OBJ 50000c86 (sz=24, trace=300000, class=java.lang.String@5000016f)
	value		500010a7
OBJ 50000c87 (sz=24, trace=300000, class=java.lang.String@5000016f)
	value		500010a6
OBJ 50000c88 (sz=24, trace=300000, class=sun.nio.cs.UTF_8@500000a4)
	name		50000fde
	aliases		50000fdd
OBJ 50000c89 (sz=16, trace=300000, class=java.lang.ThreadLocal@500000c9)
ARR 50000c8a (sz=24, trace=300000, nelems=2, elem type=java.lang.Object[]@5000010a)
	[0]		500007bc
	[1]		50000c88
OBJ 50000c8b (sz=32, trace=300000, class=sun.nio.cs.StandardCharsets@500000d1)
	classMap	50000c8f
	aliasMap	50000c8e
	cache		50000c8d
	packagePrefix	50000c8c
OBJ 50000c8c (sz=24, trace=300000, class=java.lang.String@5000016f)
	value		5000108c
OBJ 50000c8d (sz=40, trace=300000, class=sun.nio.cs.StandardCharsets$Cache@500000ca)
	ht		50000fbc
OBJ 50000c8e (sz=40, trace=300000, class=sun.nio.cs.StandardCharsets$Aliases@500000cc)
	ht		50000d54
OBJ 50000c8f (sz=40, trace=300000, class=sun.nio.cs.StandardCharsets$Classes@500000cb)
	ht		50000c90
ARR 50000c90 (sz=144, trace=300000, nelems=32, elem type=java.lang.Object[]@5000010a)
	[0]		50000c91
	[2]		50000c92
	[3]		50000c93
	[4]		50000c94
	[5]		50000c95
	[6]		50000c96
	[7]		50000c97
	[8]		50000c98
	[9]		50000c99
	[10]		50000c9a
	[11]		50000c9b
	[12]		50000c9c
	[14]		50000c9d
	[15]		50000c9e
	[16]		50000c9f
	[17]		50000ca0
	[18]		50000ca1
	[19]		50000ca2
	[22]		50000ca3
	[23]		50000ca4
	[24]		50000ca5
	[28]		50000ca6
	[29]		50000ca7
	[31]		50000ca8
ARR 50000c91 (sz=24, trace=300000, nelems=2, elem type=java.lang.Object[]@5000010a)
	[0]		50000d50
	[1]		50000d51
ARR 50000c92 (sz=32, trace=300000, nelems=3, elem type=java.lang.Object[]@5000010a)
	[0]		50000d42
	[1]		50000d43
	[2]		50000d44
ARR 50000c93 (sz=32, trace=300000, nelems=3, elem type=java.lang.Object[]@5000010a)
	[0]		50000d39
	[1]		50000d3a
	[2]		50000d3b
ARR 50000c94 (sz=32, trace=300000, nelems=3, elem type=java.lang.Object[]@5000010a)
	[0]		50000d2b
	[1]		50000d2c
	[2]		50000d2d
ARR 50000c95 (sz=32, trace=300000, nelems=3, elem type=java.lang.Object[]@5000010a)
	[0]		50000d22
	[1]		50000d23
	[2]		50000d24
ARR 50000c96 (sz=24, trace=300000, nelems=2, elem type=java.lang.Object[]@5000010a)
	[0]		50000d1e
	[1]		50000d1f
ARR 50000c97 (sz=24, trace=300000, nelems=2, elem type=java.lang.Object[]@5000010a)
	[0]		50000d1a
	[1]		50000d1b
ARR 50000c98 (sz=32, trace=300000, nelems=3, elem type=java.lang.Object[]@5000010a)
	[0]		50000d11
	[1]		50000d12
	[2]		50000d13
ARR 50000c99 (sz=32, trace=300000, nelems=3, elem type=java.lang.Object[]@5000010a)
	[0]		50000d08
	[1]		50000d09
	[2]		50000d0a
ARR 50000c9a (sz=24, trace=300000, nelems=2, elem type=java.lang.Object[]@5000010a)
	[0]		50000d04
	[1]		50000d05
ARR 50000c9b (sz=32, trace=300000, nelems=3, elem type=java.lang.Object[]@5000010a)
	[0]		50000cfb
	[1]		50000cfc
	[2]		50000cfd
ARR 50000c9c (sz=24, trace=300000, nelems=2, elem type=java.lang.Object[]@5000010a)
	[0]		50000cf7
	[1]		50000cf8
ARR 50000c9d (sz=24, trace=300000, nelems=2, elem type=java.lang.Object[]@5000010a)
	[0]		50000cf3
	[1]		50000cf4
ARR 50000c9e (sz=24, trace=300000, nelems=2, elem type=java.lang.Object[]@5000010a)
	[0]		50000cef
	[1]		50000cf0
ARR 50000c9f (sz=32, trace=300000, nelems=3, elem type=java.lang.Object[]@5000010a)
	[0]		50000ce6
	[1]		50000ce7
	[2]		50000ce8
ARR 50000ca0 (sz=32, trace=300000, nelems=3, elem type=java.lang.Object[]@5000010a)
	[0]		50000cdd
	[1]		50000cde
	[2]		50000cdf
ARR 50000ca1 (sz=32, trace=300000, nelems=3, elem type=java.lang.Object[]@5000010a)
	[0]		50000ccf
	[1]		50000cd0
	[2]		50000cd1
ARR 50000ca2 (sz=32, trace=300000, nelems=3, elem type=java.lang.Object[]@5000010a)
	[0]		50000cc1
	[1]		50000cc2
	[2]		50000cc3
ARR 50000ca3 (sz=24, trace=300000, nelems=2, elem type=java.lang.Object[]@5000010a)
	[0]		50000cbd
	[1]		50000cbe
ARR 50000ca4 (sz=24, trace=300000, nelems=2, elem type=java.lang.Object[]@5000010a)
	[0]		50000cb9
	[1]		50000cba
ARR 50000ca5 (sz=24, trace=300000, nelems=2, elem type=java.lang.Object[]@5000010a)
	[0]		50000cb5
	[1]		50000cb6
ARR 50000ca6 (sz=24, trace=300000, nelems=2, elem type=java.lang.Object[]@5000010a)
	[0]		50000cb1
	[1]		50000cb2
ARR 50000ca7 (sz=24, trace=300000, nelems=2, elem type=java.lang.Object[]@5000010a)
	[0]		50000cad
	[1]		50000cae
ARR 50000ca8 (sz=24, trace=300000, nelems=2, elem type=java.lang.Object[]@5000010a)
	[0]		50000ca9
	[1]		50000caa
OBJ 50000ca9 (sz=24, trace=300000, class=java.lang.String@5000016f)
	value		50000cac
OBJ 50000caa (sz=24, trace=300000, class=java.lang.String@5000016f)
	value		50000cab
ARR 50000cab (sz=16, trace=300000, nelems=8, elem type=char[])
ARR 50000cac (sz=16, trace=300000, nelems=8, elem type=char[])
OBJ 50000cad (sz=24, trace=300000, class=java.lang.String@5000016f)
	value		50000cb0
OBJ 50000cae (sz=24, trace=300000, class=java.lang.String@5000016f)
	value		50000caf
ARR 50000caf (sz=12, trace=300000, nelems=6, elem type=char[])
ARR 50000cb0 (sz=12, trace=300000, nelems=6, elem type=char[])
OBJ 50000cb1 (sz=24, trace=300000, class=java.lang.String@5000016f)
	value		50000cb4
OBJ 50000cb2 (sz=24, trace=300000, class=java.lang.String@5000016f)
	value		50000cb3
ARR 50000cb3 (sz=12, trace=300000, nelems=6, elem type=char[])
ARR 50000cb4 (sz=12, trace=300000, nelems=6, elem type=char[])
OBJ 50000cb5 (sz=24, trace=300000, class=java.lang.String@5000016f)
	value		50000cb8
OBJ 50000cb6 (sz=24, trace=300000, class=java.lang.String@5000016f)
	value		50000cb7
ARR 50000cb7 (sz=24, trace=300000, nelems=12, elem type=char[])
ARR 50000cb8 (sz=28, trace=300000, nelems=14, elem type=char[])
OBJ 50000cb9 (sz=24, trace=300000, class=java.lang.String@5000016f)
	value		50000cbc
OBJ 50000cba (sz=24, trace=300000, class=java.lang.String@5000016f)
	value		50000cbb
ARR 50000cbb (sz=12, trace=300000, nelems=6, elem type=char[])
ARR 50000cbc (sz=12, trace=300000, nelems=6, elem type=char[])
OBJ 50000cbd (sz=24, trace=300000, class=java.lang.String@5000016f)
	value		50000cc0
OBJ 50000cbe (sz=24, trace=300000, class=java.lang.String@5000016f)
	value		50000cbf
ARR 50000cbf (sz=24, trace=300000, nelems=12, elem type=char[])
ARR 50000cc0 (sz=28, trace=300000, nelems=14, elem type=char[])
OBJ 50000cc1 (sz=24, trace=300000, class=java.lang.String@5000016f)
	value		50000cce
OBJ 50000cc2 (sz=24, trace=300000, class=java.lang.String@5000016f)
	value		50000ccd
ARR 50000cc3 (sz=32, trace=300000, nelems=3, elem type=java.lang.Object[]@5000010a)
	[0]		50000cc4
	[1]		50000cc5
	[2]		50000cc6
OBJ 50000cc4 (sz=24, trace=300000, class=java.lang.String@5000016f)
	value		50000ccc
OBJ 50000cc5 (sz=24, trace=300000, class=java.lang.String@5000016f)
	value		50000ccb
ARR 50000cc6 (sz=24, trace=300000, nelems=2, elem type=java.lang.Object[]@5000010a)
	[0]		50000cc7
	[1]		50000cc8
OBJ 50000cc7 (sz=24, trace=300000, class=java.lang.String@5000016f)
	value		50000cca
OBJ 50000cc8 (sz=24, trace=300000, class=java.lang.String@5000016f)
	value		50000cc9
ARR 50000cc9 (sz=24, trace=300000, nelems=12, elem type=char[])
ARR 50000cca (sz=28, trace=300000, nelems=14, elem type=char[])
ARR 50000ccb (sz=12, trace=300000, nelems=6, elem type=char[])
ARR 50000ccc (sz=12, trace=300000, nelems=6, elem type=char[])
ARR 50000ccd (sz=12, trace=300000, nelems=6, elem type=char[])
ARR 50000cce (sz=16, trace=300000, nelems=8, elem type=char[])
OBJ 50000ccf (sz=24, trace=300000, class=java.lang.String@5000016f)
	value		50000cdc
OBJ 50000cd0 (sz=24, trace=300000, class=java.lang.String@5000016f)
	value		50000cdb
ARR 50000cd1 (sz=32, trace=300000, nelems=3, elem type=java.lang.Object[]@5000010a)
	[0]		50000cd2
	[1]		50000cd3
	[2]		50000cd4
OBJ 50000cd2 (sz=24, trace=300000, class=java.lang.String@5000016f)
	value		50000cda
OBJ 50000cd3 (sz=24, trace=300000, class=java.lang.String@5000016f)
	value		50000cd9
ARR 50000cd4 (sz=24, trace=300000, nelems=2, elem type=java.lang.Object[]@5000010a)
	[0]		50000cd5
	[1]		50000cd6
OBJ 50000cd5 (sz=24, trace=300000, class=java.lang.String@5000016f)
	value		50000cd8
OBJ 50000cd6 (sz=24, trace=300000, class=java.lang.String@5000016f)
	value		50000cd7
ARR 50000cd7 (sz=22, trace=300000, nelems=11, elem type=char[])
ARR 50000cd8 (sz=22, trace=300000, nelems=11, elem type=char[])
ARR 50000cd9 (sz=12, trace=300000, nelems=6, elem type=char[])
ARR 50000cda (sz=12, trace=300000, nelems=6, elem type=char[])
ARR 50000cdb (sz=12, trace=300000, nelems=6, elem type=char[])
ARR 50000cdc (sz=12, trace=300000, nelems=6, elem type=char[])
OBJ 50000cdd (sz=24, trace=300000, class=java.lang.String@5000016f)
	value		50000ce5
OBJ 50000cde (sz=24, trace=300000, class=java.lang.String@5000016f)
	value		50000ce4
ARR 50000cdf (sz=24, trace=300000, nelems=2, elem type=java.lang.Object[]@5000010a)
	[0]		50000ce0
	[1]		50000ce1
OBJ 50000ce0 (sz=24, trace=300000, class=java.lang.String@5000016f)
	value		50000ce3
OBJ 50000ce1 (sz=24, trace=300000, class=java.lang.String@5000016f)
	value		50000ce2
ARR 50000ce2 (sz=16, trace=300000, nelems=8, elem type=char[])
ARR 50000ce3 (sz=16, trace=300000, nelems=8, elem type=char[])
ARR 50000ce4 (sz=22, trace=300000, nelems=11, elem type=char[])
ARR 50000ce5 (sz=22, trace=300000, nelems=11, elem type=char[])
OBJ 50000ce6 (sz=24, trace=300000, class=java.lang.String@5000016f)
	value		50000cee
OBJ 50000ce7 (sz=24, trace=300000, class=java.lang.String@5000016f)
	value		50000ced
ARR 50000ce8 (sz=24, trace=300000, nelems=2, elem type=java.lang.Object[]@5000010a)
	[0]		50000ce9
	[1]		50000cea
OBJ 50000ce9 (sz=24, trace=300000, class=java.lang.String@5000016f)
	value		50000cec
OBJ 50000cea (sz=24, trace=300000, class=java.lang.String@5000016f)
	value		50000ceb
ARR 50000ceb (sz=12, trace=300000, nelems=6, elem type=char[])
ARR 50000cec (sz=12, trace=300000, nelems=6, elem type=char[])
ARR 50000ced (sz=12, trace=300000, nelems=6, elem type=char[])
ARR 50000cee (sz=12, trace=300000, nelems=6, elem type=char[])
OBJ 50000cef (sz=24, trace=300000, class=java.lang.String@5000016f)
	value		50000cf2
OBJ 50000cf0 (sz=24, trace=300000, class=java.lang.String@5000016f)
	value		50000cf1
ARR 50000cf1 (sz=12, trace=300000, nelems=6, elem type=char[])
ARR 50000cf2 (sz=12, trace=300000, nelems=6, elem type=char[])
OBJ 50000cf3 (sz=24, trace=300000, class=java.lang.String@5000016f)
	value		50000cf6
OBJ 50000cf4 (sz=24, trace=300000, class=java.lang.String@5000016f)
	value		50000cf5
ARR 50000cf5 (sz=12, trace=300000, nelems=6, elem type=char[])
ARR 50000cf6 (sz=16, trace=300000, nelems=8, elem type=char[])
OBJ 50000cf7 (sz=24, trace=300000, class=java.lang.String@5000016f)
	value		50000cfa
OBJ 50000cf8 (sz=24, trace=300000, class=java.lang.String@5000016f)
	value		50000cf9
ARR 50000cf9 (sz=20, trace=300000, nelems=10, elem type=char[])
ARR 50000cfa (sz=20, trace=300000, nelems=10, elem type=char[])
OBJ 50000cfb (sz=24, trace=300000, class=java.lang.String@5000016f)
	value		50000d03
OBJ 50000cfc (sz=24, trace=300000, class=java.lang.String@5000016f)
	value		50000d02
ARR 50000cfd (sz=24, trace=300000, nelems=2, elem type=java.lang.Object[]@5000010a)
	[0]		50000cfe
	[1]		50000cff
OBJ 50000cfe (sz=24, trace=300000, class=java.lang.String@5000016f)
	value		50000d01
OBJ 50000cff (sz=24, trace=300000, class=java.lang.String@5000016f)
	value		50000d00
ARR 50000d00 (sz=20, trace=300000, nelems=10, elem type=char[])
ARR 50000d01 (sz=20, trace=300000, nelems=10, elem type=char[])
ARR 50000d02 (sz=12, trace=300000, nelems=6, elem type=char[])
ARR 50000d03 (sz=16, trace=300000, nelems=8, elem type=char[])
OBJ 50000d04 (sz=24, trace=300000, class=java.lang.String@5000016f)
	value		50000d07
OBJ 50000d05 (sz=24, trace=300000, class=java.lang.String@5000016f)
	value		50000d06
ARR 50000d06 (sz=20, trace=300000, nelems=10, elem type=char[])
ARR 50000d07 (sz=20, trace=300000, nelems=10, elem type=char[])
OBJ 50000d08 (sz=24, trace=300000, class=java.lang.String@5000016f)
	value		50000d10
OBJ 50000d09 (sz=24, trace=300000, class=java.lang.String@5000016f)
	value		50000d0f
ARR 50000d0a (sz=24, trace=300000, nelems=2, elem type=java.lang.Object[]@5000010a)
	[0]		50000d0b
	[1]		50000d0c
OBJ 50000d0b (sz=24, trace=300000, class=java.lang.String@5000016f)
	value		50000d0e
OBJ 50000d0c (sz=24, trace=300000, class=java.lang.String@5000016f)
	value		50000d0d
ARR 50000d0d (sz=10, trace=300000, nelems=5, elem type=char[])
ARR 50000d0e (sz=10, trace=300000, nelems=5, elem type=char[])
ARR 50000d0f (sz=20, trace=300000, nelems=10, elem type=char[])
ARR 50000d10 (sz=20, trace=300000, nelems=10, elem type=char[])
OBJ 50000d11 (sz=24, trace=300000, class=java.lang.String@5000016f)
	value		50000d19
OBJ 50000d12 (sz=24, trace=300000, class=java.lang.String@5000016f)
	value		50000d18
ARR 50000d13 (sz=24, trace=300000, nelems=2, elem type=java.lang.Object[]@5000010a)
	[0]		50000d14
	[1]		50000d15
OBJ 50000d14 (sz=24, trace=300000, class=java.lang.String@5000016f)
	value		50000d17
OBJ 50000d15 (sz=24, trace=300000, class=java.lang.String@5000016f)
	value		50000d16
ARR 50000d16 (sz=20, trace=300000, nelems=10, elem type=char[])
ARR 50000d17 (sz=20, trace=300000, nelems=10, elem type=char[])
ARR 50000d18 (sz=20, trace=300000, nelems=10, elem type=char[])
ARR 50000d19 (sz=20, trace=300000, nelems=10, elem type=char[])
OBJ 50000d1a (sz=24, trace=300000, class=java.lang.String@5000016f)
	value		50000d1d
OBJ 50000d1b (sz=24, trace=300000, class=java.lang.String@5000016f)
	value		50000d1c
ARR 50000d1c (sz=16, trace=300000, nelems=8, elem type=char[])
ARR 50000d1d (sz=16, trace=300000, nelems=8, elem type=char[])
OBJ 50000d1e (sz=24, trace=300000, class=java.lang.String@5000016f)
	value		50000d21
OBJ 50000d1f (sz=24, trace=300000, class=java.lang.String@5000016f)
	value		50000d20
ARR 50000d20 (sz=12, trace=300000, nelems=6, elem type=char[])
ARR 50000d21 (sz=24, trace=300000, nelems=12, elem type=char[])
OBJ 50000d22 (sz=24, trace=300000, class=java.lang.String@5000016f)
	value		50000d2a
OBJ 50000d23 (sz=24, trace=300000, class=java.lang.String@5000016f)
	value		50000d29
ARR 50000d24 (sz=24, trace=300000, nelems=2, elem type=java.lang.Object[]@5000010a)
	[0]		50000d25
	[1]		50000d26
OBJ 50000d25 (sz=24, trace=300000, class=java.lang.String@5000016f)
	value		50000d28
OBJ 50000d26 (sz=24, trace=300000, class=java.lang.String@5000016f)
	value		50000d27
ARR 50000d27 (sz=12, trace=300000, nelems=6, elem type=char[])
ARR 50000d28 (sz=12, trace=300000, nelems=6, elem type=char[])
ARR 50000d29 (sz=12, trace=300000, nelems=6, elem type=char[])
ARR 50000d2a (sz=24, trace=300000, nelems=12, elem type=char[])
OBJ 50000d2b (sz=24, trace=300000, class=java.lang.String@5000016f)
	value		50000d38
OBJ 50000d2c (sz=24, trace=300000, class=java.lang.String@5000016f)
	value		50000d37
ARR 50000d2d (sz=32, trace=300000, nelems=3, elem type=java.lang.Object[]@5000010a)
	[0]		50000d2e
	[1]		50000d2f
	[2]		50000d30
OBJ 50000d2e (sz=24, trace=300000, class=java.lang.String@5000016f)
	value		50000d36
OBJ 50000d2f (sz=24, trace=300000, class=java.lang.String@5000016f)
	value		50000d35
ARR 50000d30 (sz=24, trace=300000, nelems=2, elem type=java.lang.Object[]@5000010a)
	[0]		50000d31
	[1]		50000d32
OBJ 50000d31 (sz=24, trace=300000, class=java.lang.String@5000016f)
	value		50000d34
OBJ 50000d32 (sz=24, trace=300000, class=java.lang.String@5000016f)
	value		50000d33
ARR 50000d33 (sz=16, trace=300000, nelems=8, elem type=char[])
ARR 50000d34 (sz=16, trace=300000, nelems=8, elem type=char[])
ARR 50000d35 (sz=12, trace=300000, nelems=6, elem type=char[])
ARR 50000d36 (sz=24, trace=300000, nelems=12, elem type=char[])
ARR 50000d37 (sz=12, trace=300000, nelems=6, elem type=char[])
ARR 50000d38 (sz=24, trace=300000, nelems=12, elem type=char[])
OBJ 50000d39 (sz=24, trace=300000, class=java.lang.String@5000016f)
	value		50000d41
OBJ 50000d3a (sz=24, trace=300000, class=java.lang.String@5000016f)
	value		50000d40
ARR 50000d3b (sz=24, trace=300000, nelems=2, elem type=java.lang.Object[]@5000010a)
	[0]		50000d3c
	[1]		50000d3d
OBJ 50000d3c (sz=24, trace=300000, class=java.lang.String@5000016f)
	value		50000d3f
OBJ 50000d3d (sz=24, trace=300000, class=java.lang.String@5000016f)
	value		50000d3e
ARR 50000d3e (sz=12, trace=300000, nelems=6, elem type=char[])
ARR 50000d3f (sz=24, trace=300000, nelems=12, elem type=char[])
ARR 50000d40 (sz=12, trace=300000, nelems=6, elem type=char[])
ARR 50000d41 (sz=24, trace=300000, nelems=12, elem type=char[])
OBJ 50000d42 (sz=24, trace=300000, class=java.lang.String@5000016f)
	value		50000d4f
OBJ 50000d43 (sz=24, trace=300000, class=java.lang.String@5000016f)
	value		50000d4e
ARR 50000d44 (sz=32, trace=300000, nelems=3, elem type=java.lang.Object[]@5000010a)
	[0]		50000d45
	[1]		50000d46
	[2]		50000d47
OBJ 50000d45 (sz=24, trace=300000, class=java.lang.String@5000016f)
	value		50000d4d
OBJ 50000d46 (sz=24, trace=300000, class=java.lang.String@5000016f)
	value		50000d4c
ARR 50000d47 (sz=24, trace=300000, nelems=2, elem type=java.lang.Object[]@5000010a)
	[0]		50000d48
	[1]		50000d49
OBJ 50000d48 (sz=24, trace=300000, class=java.lang.String@5000016f)
	value		50000d4b
OBJ 50000d49 (sz=24, trace=300000, class=java.lang.String@5000016f)
	value		50000d4a
ARR 50000d4a (sz=16, trace=300000, nelems=8, elem type=char[])
ARR 50000d4b (sz=16, trace=300000, nelems=8, elem type=char[])
ARR 50000d4c (sz=12, trace=300000, nelems=6, elem type=char[])
ARR 50000d4d (sz=12, trace=300000, nelems=6, elem type=char[])
ARR 50000d4e (sz=12, trace=300000, nelems=6, elem type=char[])
ARR 50000d4f (sz=12, trace=300000, nelems=6, elem type=char[])
OBJ 50000d50 (sz=24, trace=300000, class=java.lang.String@5000016f)
	value		50000d53
OBJ 50000d51 (sz=24, trace=300000, class=java.lang.String@5000016f)
	value		50000d52
ARR 50000d52 (sz=12, trace=300000, nelems=6, elem type=char[])
ARR 50000d53 (sz=12, trace=300000, nelems=6, elem type=char[])
ARR 50000d54 (sz=4112, trace=300000, nelems=1016, elem type=java.lang.Object[]@5000010a)
	[1]		50000d55
	[2]		50000d56
	[3]		50000d57
	[5]		50000d58
	[6]		50000d59
	[10]		50000d5a
	[19]		50000d5b
	[24]		50000d5c
	[25]		50000d5d
	[26]		50000d5e
	[28]		50000d5f
	[29]		50000d60
	[55]		50000d61
	[58]		50000d62
	[86]		50000d63
	[87]		50000d64
	[89]		50000d65
	[90]		50000d66
	[92]		50000d67
	[94]		50000d68
	[95]		50000d69
	[96]		50000d6a
	[106]		50000d6b
	[121]		50000d6c
	[125]		50000d6d
	[134]		50000d6e
	[137]		50000d6f
	[141]		50000d70
	[143]		50000d71
	[144]		50000d72
	[170]		50000d73
	[173]		50000d74
	[177]		50000d75
	[192]		50000d76
	[199]		50000d77
	[205]		50000d78
	[211]		50000d79
	[213]		50000d7a
	[216]		50000d7b
	[218]		50000d7c
	[219]		50000d7d
	[225]		50000d7e
	[244]		50000d7f
	[248]		50000d80
	[253]		50000d81
	[254]		50000d82
	[259]		50000d83
	[269]		50000d84
	[277]		50000d85
	[280]		50000d86
	[283]		50000d87
	[284]		50000d88
	[286]		50000d89
	[287]		50000d8a
	[289]		50000d8b
	[291]		50000d8c
	[294]		50000d8d
	[296]		50000d8e
	[297]		50000d8f
	[305]		50000d90
	[307]		50000d91
	[312]		50000d92
	[321]		50000d93
	[323]		50000d94
	[324]		50000d95
	[325]		50000d96
	[326]		50000d97
	[327]		50000d98
	[328]		50000d99
	[329]		50000d9a
	[331]		50000d9b
	[333]		50000d9c
	[334]		50000d9d
	[336]		50000d9e
	[339]		50000d9f
	[341]		50000da0
	[345]		50000da1
	[350]		50000da2
	[353]		50000da3
	[358]		50000da4
	[359]		50000da5
	[363]		50000da6
	[364]		50000da7
	[378]		50000da8
	[385]		50000da9
	[391]		50000daa
	[392]		50000dab
	[405]		50000dac
	[406]		50000dad
	[408]		50000dae
	[421]		50000daf
	[428]		50000db0
	[429]		50000db1
	[430]		50000db2
	[432]		50000db3
	[433]		50000db4
	[436]		50000db5
	[437]		50000db6
	[438]		50000db7
	[443]		50000db8
	[456]		50000db9
	[473]		50000dba
	[479]		50000dbb
	[481]		50000dbc
	[484]		50000dbd
	[486]		50000dbe
	[487]		50000dbf
	[502]		50000dc0
	[506]		50000dc1
	[508]		50000dc2
	[511]		50000dc3
	[512]		50000dc4
	[513]		50000dc5
	[514]		50000dc6
	[516]		50000dc7
	[520]		50000dc8
	[523]		50000dc9
	[524]		50000dca
	[533]		50000dcb
	[537]		50000dcc
	[539]		50000dcd
	[543]		50000dce
	[545]		50000dcf
	[563]		50000dd0
	[572]		50000dd1
	[573]		50000dd2
	[577]		50000dd3
	[582]		50000dd4
	[583]		50000dd5
	[588]		50000dd6
	[593]		50000dd7
	[598]		50000dd8
	[609]		50000dd9
	[617]		50000dda
	[618]		50000ddb
	[619]		50000ddc
	[620]		50000ddd
	[621]		50000dde
	[624]		50000ddf
	[628]		50000de0
	[632]		50000de1
	[634]		50000de2
	[635]		50000de3
	[636]		50000de4
	[654]		50000de5
	[669]		50000de6
	[670]		50000de7
	[671]		50000de8
	[676]		50000de9
	[679]		50000dea
	[686]		50000deb
	[703]		50000dec
	[710]		50000ded
	[712]		50000dee
	[732]		50000def
	[733]		50000df0
	[768]		50000df1
	[774]		50000df2
	[781]		50000df3
	[782]		50000df4
	[783]		50000df5
	[784]		50000df6
	[785]		50000df7
	[787]		50000df8
	[789]		50000df9
	[813]		50000dfa
	[818]		50000dfb
	[832]		50000dfc
	[834]		50000dfd
	[835]		50000dfe
	[836]		50000dff
	[837]		50000e00
	[838]		50000e01
	[840]		50000e02
	[842]		50000e03
	[843]		50000e04
	[846]		50000e05
	[849]		50000e06
	[863]		50000e07
	[881]		50000e08
	[896]		50000e09
	[909]		50000e0a
	[910]		50000e0b
	[911]		50000e0c
	[912]		50000e0d
	[925]		50000e0e
	[934]		50000e0f
	[937]		50000e10
	[944]		50000e11
	[957]		50000e12
	[993]		50000e13
	[1009]		50000e14
	[1015]		50000e15
ARR 50000d55 (sz=24, trace=300000, nelems=2, elem type=java.lang.Object[]@5000010a)
	[0]		50000fba
	[1]		50000cd5
ARR 50000d56 (sz=24, trace=300000, nelems=2, elem type=java.lang.Object[]@5000010a)
	[0]		50000fb8
	[1]		50000d14
ARR 50000d57 (sz=24, trace=300000, nelems=2, elem type=java.lang.Object[]@5000010a)
	[0]		50000fb6
	[1]		50000d11
ARR 50000d58 (sz=24, trace=300000, nelems=2, elem type=java.lang.Object[]@5000010a)
	[0]		50000fb4
	[1]		50000d08
ARR 50000d59 (sz=24, trace=300000, nelems=2, elem type=java.lang.Object[]@5000010a)
	[0]		50000fb2
	[1]		50000cf7
ARR 50000d5a (sz=24, trace=300000, nelems=2, elem type=java.lang.Object[]@5000010a)
	[0]		50000fb0
	[1]		50000cd5
ARR 50000d5b (sz=24, trace=300000, nelems=2, elem type=java.lang.Object[]@5000010a)
	[0]		50000fae
	[1]		50000cbd
ARR 50000d5c (sz=24, trace=300000, nelems=2, elem type=java.lang.Object[]@5000010a)
	[0]		50000fac
	[1]		50000ce0
ARR 50000d5d (sz=24, trace=300000, nelems=2, elem type=java.lang.Object[]@5000010a)
	[0]		50000faa
	[1]		50000cfe
ARR 50000d5e (sz=24, trace=300000, nelems=2, elem type=java.lang.Object[]@5000010a)
	[0]		50000fa8
	[1]		50000d11
ARR 50000d5f (sz=24, trace=300000, nelems=2, elem type=java.lang.Object[]@5000010a)
	[0]		50000fa6
	[1]		50000d08
ARR 50000d60 (sz=24, trace=300000, nelems=2, elem type=java.lang.Object[]@5000010a)
	[0]		50000fa4
	[1]		50000d04
ARR 50000d61 (sz=24, trace=300000, nelems=2, elem type=java.lang.Object[]@5000010a)
	[0]		50000fa2
	[1]		50000cf7
ARR 50000d62 (sz=24, trace=300000, nelems=2, elem type=java.lang.Object[]@5000010a)
	[0]		50000fa0
	[1]		50000cd5
ARR 50000d63 (sz=32, trace=300000, nelems=3, elem type=java.lang.Object[]@5000010a)
	[0]		50000f9b
	[1]		50000d04
	[2]		50000f9c
ARR 50000d64 (sz=24, trace=300000, nelems=2, elem type=java.lang.Object[]@5000010a)
	[0]		50000f99
	[1]		50000d11
ARR 50000d65 (sz=24, trace=300000, nelems=2, elem type=java.lang.Object[]@5000010a)
	[0]		50000f97
	[1]		50000d08
ARR 50000d66 (sz=32, trace=300000, nelems=3, elem type=java.lang.Object[]@5000010a)
	[0]		50000f92
	[1]		50000cfe
	[2]		50000f93
ARR 50000d67 (sz=24, trace=300000, nelems=2, elem type=java.lang.Object[]@5000010a)
	[0]		50000f90
	[1]		50000cfe
ARR 50000d68 (sz=24, trace=300000, nelems=2, elem type=java.lang.Object[]@5000010a)
	[0]		50000f8e
	[1]		50000cf7
ARR 50000d69 (sz=24, trace=300000, nelems=2, elem type=java.lang.Object[]@5000010a)
	[0]		50000f8c
	[1]		50000d14
ARR 50000d6a (sz=24, trace=300000, nelems=2, elem type=java.lang.Object[]@5000010a)
	[0]		50000f8a
	[1]		50000d14
ARR 50000d6b (sz=24, trace=300000, nelems=2, elem type=java.lang.Object[]@5000010a)
	[0]		50000f88
	[1]		50000d0b
ARR 50000d6c (sz=24, trace=300000, nelems=2, elem type=java.lang.Object[]@5000010a)
	[0]		50000f86
	[1]		50000d48
ARR 50000d6d (sz=24, trace=300000, nelems=2, elem type=java.lang.Object[]@5000010a)
	[0]		50000f84
	[1]		50000cfe
ARR 50000d6e (sz=24, trace=300000, nelems=2, elem type=java.lang.Object[]@5000010a)
	[0]		50000f82
	[1]		50000cb1
ARR 50000d6f (sz=24, trace=300000, nelems=2, elem type=java.lang.Object[]@5000010a)
	[0]		50000f80
	[1]		50000cad
ARR 50000d70 (sz=24, trace=300000, nelems=2, elem type=java.lang.Object[]@5000010a)
	[0]		50000f7e
	[1]		50000d11
ARR 50000d71 (sz=24, trace=300000, nelems=2, elem type=java.lang.Object[]@5000010a)
	[0]		50000f7c
	[1]		50000d08
ARR 50000d72 (sz=24, trace=300000, nelems=2, elem type=java.lang.Object[]@5000010a)
	[0]		50000f7a
	[1]		50000d04
ARR 50000d73 (sz=24, trace=300000, nelems=2, elem type=java.lang.Object[]@5000010a)
	[0]		50000f78
	[1]		50000cf7
ARR 50000d74 (sz=24, trace=300000, nelems=2, elem type=java.lang.Object[]@5000010a)
	[0]		50000f76
	[1]		50000cd5
ARR 50000d75 (sz=24, trace=300000, nelems=2, elem type=java.lang.Object[]@5000010a)
	[0]		50000f74
	[1]		50000cc7
ARR 50000d76 (sz=24, trace=300000, nelems=2, elem type=java.lang.Object[]@5000010a)
	[0]		50000f72
	[1]		50000d1a
ARR 50000d77 (sz=32, trace=300000, nelems=3, elem type=java.lang.Object[]@5000010a)
	[0]		50000f6d
	[1]		50000cd2
	[2]		50000f6e
ARR 50000d78 (sz=24, trace=300000, nelems=2, elem type=java.lang.Object[]@5000010a)
	[0]		50000f6b
	[1]		50000cfe
ARR 50000d79 (sz=32, trace=300000, nelems=3, elem type=java.lang.Object[]@5000010a)
	[0]		50000f66
	[1]		50000cef
	[2]		50000f67
ARR 50000d7a (sz=24, trace=300000, nelems=2, elem type=java.lang.Object[]@5000010a)
	[0]		50000f64
	[1]		50000ce6
ARR 50000d7b (sz=24, trace=300000, nelems=2, elem type=java.lang.Object[]@5000010a)
	[0]		50000f62
	[1]		50000ccf
ARR 50000d7c (sz=32, trace=300000, nelems=3, elem type=java.lang.Object[]@5000010a)
	[0]		50000f5d
	[1]		50000cc4
	[2]		50000f5e
ARR 50000d7d (sz=32, trace=300000, nelems=3, elem type=java.lang.Object[]@5000010a)
	[0]		50000f58
	[1]		50000cc1
	[2]		50000f59
ARR 50000d7e (sz=24, trace=300000, nelems=2, elem type=java.lang.Object[]@5000010a)
	[0]		50000f56
	[1]		50000ce0
ARR 50000d7f (sz=24, trace=300000, nelems=2, elem type=java.lang.Object[]@5000010a)
	[0]		50000f54
	[1]		50000d50
ARR 50000d80 (sz=24, trace=300000, nelems=2, elem type=java.lang.Object[]@5000010a)
	[0]		50000f52
	[1]		50000d42
ARR 50000d81 (sz=24, trace=300000, nelems=2, elem type=java.lang.Object[]@5000010a)
	[0]		50000f50
	[1]		50000d31
ARR 50000d82 (sz=24, trace=300000, nelems=2, elem type=java.lang.Object[]@5000010a)
	[0]		50000f4e
	[1]		50000d11
ARR 50000d83 (sz=24, trace=300000, nelems=2, elem type=java.lang.Object[]@5000010a)
	[0]		50000f4c
	[1]		50000d25
ARR 50000d84 (sz=24, trace=300000, nelems=2, elem type=java.lang.Object[]@5000010a)
	[0]		50000f4a
	[1]		50000cd5
ARR 50000d85 (sz=24, trace=300000, nelems=2, elem type=java.lang.Object[]@5000010a)
	[0]		50000f48
	[1]		50000cfb
ARR 50000d86 (sz=24, trace=300000, nelems=2, elem type=java.lang.Object[]@5000010a)
	[0]		50000f46
	[1]		50000d48
ARR 50000d87 (sz=24, trace=300000, nelems=2, elem type=java.lang.Object[]@5000010a)
	[0]		50000f44
	[1]		50000d14
ARR 50000d88 (sz=24, trace=300000, nelems=2, elem type=java.lang.Object[]@5000010a)
	[0]		50000f42
	[1]		50000d11
ARR 50000d89 (sz=24, trace=300000, nelems=2, elem type=java.lang.Object[]@5000010a)
	[0]		50000f40
	[1]		50000d08
ARR 50000d8a (sz=24, trace=300000, nelems=2, elem type=java.lang.Object[]@5000010a)
	[0]		50000f3e
	[1]		50000d04
ARR 50000d8b (sz=24, trace=300000, nelems=2, elem type=java.lang.Object[]@5000010a)
	[0]		50000f3c
	[1]		50000cfe
ARR 50000d8c (sz=24, trace=300000, nelems=2, elem type=java.lang.Object[]@5000010a)
	[0]		50000f3a
	[1]		50000cf7
ARR 50000d8d (sz=24, trace=300000, nelems=2, elem type=java.lang.Object[]@5000010a)
	[0]		50000f38
	[1]		50000d11
ARR 50000d8e (sz=24, trace=300000, nelems=2, elem type=java.lang.Object[]@5000010a)
	[0]		50000f36
	[1]		50000d08
ARR 50000d8f (sz=24, trace=300000, nelems=2, elem type=java.lang.Object[]@5000010a)
	[0]		50000f34
	[1]		50000d04
ARR 50000d90 (sz=24, trace=300000, nelems=2, elem type=java.lang.Object[]@5000010a)
	[0]		50000f32
	[1]		50000cdd
ARR 50000d91 (sz=24, trace=300000, nelems=2, elem type=java.lang.Object[]@5000010a)
	[0]		50000f30
	[1]		50000cd5
ARR 50000d92 (sz=32, trace=300000, nelems=3, elem type=java.lang.Object[]@5000010a)
	[0]		50000f2b
	[1]		50000cfe
	[2]		50000f2c
ARR 50000d93 (sz=24, trace=300000, nelems=2, elem type=java.lang.Object[]@5000010a)
	[0]		50000f29
	[1]		50000d11
ARR 50000d94 (sz=32, trace=300000, nelems=3, elem type=java.lang.Object[]@5000010a)
	[0]		50000f24
	[1]		50000cf7
	[2]		50000f25
ARR 50000d95 (sz=24, trace=300000, nelems=2, elem type=java.lang.Object[]@5000010a)
	[0]		50000f22
	[1]		50000d04
ARR 50000d96 (sz=24, trace=300000, nelems=2, elem type=java.lang.Object[]@5000010a)
	[0]		50000f20
	[1]		50000d14
ARR 50000d97 (sz=32, trace=300000, nelems=3, elem type=java.lang.Object[]@5000010a)
	[0]		50000f18
	[1]		50000cef
	[2]		50000f19
ARR 50000d98 (sz=24, trace=300000, nelems=2, elem type=java.lang.Object[]@5000010a)
	[0]		50000f16
	[1]		50000d04
ARR 50000d99 (sz=32, trace=300000, nelems=3, elem type=java.lang.Object[]@5000010a)
	[0]		50000f11
	[1]		50000ce6
	[2]		50000f12
ARR 50000d9a (sz=24, trace=300000, nelems=2, elem type=java.lang.Object[]@5000010a)
	[0]		50000f0f
	[1]		50000cf7
ARR 50000d9b (sz=24, trace=300000, nelems=2, elem type=java.lang.Object[]@5000010a)
	[0]		50000f0d
	[1]		50000ccf
ARR 50000d9c (sz=32, trace=300000, nelems=3, elem type=java.lang.Object[]@5000010a)
	[0]		50000f08
	[1]		50000cc4
	[2]		50000f09
ARR 50000d9d (sz=32, trace=300000, nelems=3, elem type=java.lang.Object[]@5000010a)
	[0]		50000f03
	[1]		50000cc1
	[2]		50000f04
ARR 50000d9e (sz=24, trace=300000, nelems=2, elem type=java.lang.Object[]@5000010a)
	[0]		50000f01
	[1]		50000d14
ARR 50000d9f (sz=24, trace=300000, nelems=2, elem type=java.lang.Object[]@5000010a)
	[0]		50000eff
	[1]		50000cb1
ARR 50000da0 (sz=24, trace=300000, nelems=2, elem type=java.lang.Object[]@5000010a)
	[0]		50000efd
	[1]		50000ce9
ARR 50000da1 (sz=24, trace=300000, nelems=2, elem type=java.lang.Object[]@5000010a)
	[0]		50000efb
	[1]		50000cf7
ARR 50000da2 (sz=24, trace=300000, nelems=2, elem type=java.lang.Object[]@5000010a)
	[0]		50000ef9
	[1]		50000cf7
ARR 50000da3 (sz=24, trace=300000, nelems=2, elem type=java.lang.Object[]@5000010a)
	[0]		50000ef7
	[1]		50000cd5
ARR 50000da4 (sz=24, trace=300000, nelems=2, elem type=java.lang.Object[]@5000010a)
	[0]		50000ef5
	[1]		50000cfe
ARR 50000da5 (sz=24, trace=300000, nelems=2, elem type=java.lang.Object[]@5000010a)
	[0]		50000ef3
	[1]		50000d50
ARR 50000da6 (sz=24, trace=300000, nelems=2, elem type=java.lang.Object[]@5000010a)
	[0]		50000ef1
	[1]		50000d42
ARR 50000da7 (sz=24, trace=300000, nelems=2, elem type=java.lang.Object[]@5000010a)
	[0]		50000eef
	[1]		50000d14
ARR 50000da8 (sz=24, trace=300000, nelems=2, elem type=java.lang.Object[]@5000010a)
	[0]		50000eed
	[1]		50000ce0
ARR 50000da9 (sz=24, trace=300000, nelems=2, elem type=java.lang.Object[]@5000010a)
	[0]		50000eeb
	[1]		50000cfe
ARR 50000daa (sz=24, trace=300000, nelems=2, elem type=java.lang.Object[]@5000010a)
	[0]		50000ee9
	[1]		50000d14
ARR 50000dab (sz=24, trace=300000, nelems=2, elem type=java.lang.Object[]@5000010a)
	[0]		50000ee7
	[1]		50000cfb
ARR 50000dac (sz=24, trace=300000, nelems=2, elem type=java.lang.Object[]@5000010a)
	[0]		50000ee5
	[1]		50000d14
ARR 50000dad (sz=24, trace=300000, nelems=2, elem type=java.lang.Object[]@5000010a)
	[0]		50000ee3
	[1]		50000d11
ARR 50000dae (sz=24, trace=300000, nelems=2, elem type=java.lang.Object[]@5000010a)
	[0]		50000ee1
	[1]		50000cd2
ARR 50000daf (sz=24, trace=300000, nelems=2, elem type=java.lang.Object[]@5000010a)
	[0]		50000cd5
	[1]		50000cd5
ARR 50000db0 (sz=24, trace=300000, nelems=2, elem type=java.lang.Object[]@5000010a)
	[0]		50000edf
	[1]		50000cd5
ARR 50000db1 (sz=24, trace=300000, nelems=2, elem type=java.lang.Object[]@5000010a)
	[0]		50000edd
	[1]		50000d14
ARR 50000db2 (sz=24, trace=300000, nelems=2, elem type=java.lang.Object[]@5000010a)
	[0]		50000edb
	[1]		50000d11
ARR 50000db3 (sz=24, trace=300000, nelems=2, elem type=java.lang.Object[]@5000010a)
	[0]		50000ed9
	[1]		50000d08
ARR 50000db4 (sz=24, trace=300000, nelems=2, elem type=java.lang.Object[]@5000010a)
	[0]		50000ed7
	[1]		50000cf7
ARR 50000db5 (sz=24, trace=300000, nelems=2, elem type=java.lang.Object[]@5000010a)
	[0]		50000ed5
	[1]		50000d08
ARR 50000db6 (sz=24, trace=300000, nelems=2, elem type=java.lang.Object[]@5000010a)
	[0]		50000ed3
	[1]		50000cd5
ARR 50000db7 (sz=24, trace=300000, nelems=2, elem type=java.lang.Object[]@5000010a)
	[0]		50000ed1
	[1]		50000ce0
ARR 50000db8 (sz=24, trace=300000, nelems=2, elem type=java.lang.Object[]@5000010a)
	[0]		50000ecf
	[1]		50000cb5
ARR 50000db9 (sz=24, trace=300000, nelems=2, elem type=java.lang.Object[]@5000010a)
	[0]		50000ecd
	[1]		50000ce9
ARR 50000dba (sz=24, trace=300000, nelems=2, elem type=java.lang.Object[]@5000010a)
	[0]		50000ecb
	[1]		50000cfe
ARR 50000dbb (sz=24, trace=300000, nelems=2, elem type=java.lang.Object[]@5000010a)
	[0]		50000cef
	[1]		50000cef
ARR 50000dbc (sz=24, trace=300000, nelems=2, elem type=java.lang.Object[]@5000010a)
	[0]		50000ce6
	[1]		50000ce6
ARR 50000dbd (sz=24, trace=300000, nelems=2, elem type=java.lang.Object[]@5000010a)
	[0]		50000ccf
	[1]		50000ccf
ARR 50000dbe (sz=24, trace=300000, nelems=2, elem type=java.lang.Object[]@5000010a)
	[0]		50000cc4
	[1]		50000cc4
ARR 50000dbf (sz=24, trace=300000, nelems=2, elem type=java.lang.Object[]@5000010a)
	[0]		50000ec9
	[1]		50000cf3
ARR 50000dc0 (sz=24, trace=300000, nelems=2, elem type=java.lang.Object[]@5000010a)
	[0]		50000ec7
	[1]		50000d48
ARR 50000dc1 (sz=24, trace=300000, nelems=2, elem type=java.lang.Object[]@5000010a)
	[0]		50000ec5
	[1]		50000cef
ARR 50000dc2 (sz=24, trace=300000, nelems=2, elem type=java.lang.Object[]@5000010a)
	[0]		50000ec3
	[1]		50000ce6
ARR 50000dc3 (sz=24, trace=300000, nelems=2, elem type=java.lang.Object[]@5000010a)
	[0]		50000ec1
	[1]		50000ccf
ARR 50000dc4 (sz=24, trace=300000, nelems=2, elem type=java.lang.Object[]@5000010a)
	[0]		50000d50
	[1]		50000d50
ARR 50000dc5 (sz=24, trace=300000, nelems=2, elem type=java.lang.Object[]@5000010a)
	[0]		50000ebf
	[1]		50000cc4
ARR 50000dc6 (sz=24, trace=300000, nelems=2, elem type=java.lang.Object[]@5000010a)
	[0]		50000ebd
	[1]		50000cf3
ARR 50000dc7 (sz=24, trace=300000, nelems=2, elem type=java.lang.Object[]@5000010a)
	[0]		50000d42
	[1]		50000d42
ARR 50000dc8 (sz=24, trace=300000, nelems=2, elem type=java.lang.Object[]@5000010a)
	[0]		50000ebb
	[1]		50000d1a
ARR 50000dc9 (sz=24, trace=300000, nelems=2, elem type=java.lang.Object[]@5000010a)
	[0]		50000eb9
	[1]		50000cd2
ARR 50000dca (sz=24, trace=300000, nelems=2, elem type=java.lang.Object[]@5000010a)
	[0]		50000eb7
	[1]		50000d25
ARR 50000dcb (sz=24, trace=300000, nelems=2, elem type=java.lang.Object[]@5000010a)
	[0]		50000eb5
	[1]		50000d04
ARR 50000dcc (sz=24, trace=300000, nelems=2, elem type=java.lang.Object[]@5000010a)
	[0]		50000eb3
	[1]		50000cf7
ARR 50000dcd (sz=24, trace=300000, nelems=2, elem type=java.lang.Object[]@5000010a)
	[0]		50000eb1
	[1]		50000d50
ARR 50000dce (sz=24, trace=300000, nelems=2, elem type=java.lang.Object[]@5000010a)
	[0]		50000eaf
	[1]		50000d42
ARR 50000dcf (sz=24, trace=300000, nelems=2, elem type=java.lang.Object[]@5000010a)
	[0]		50000ead
	[1]		50000cfb
ARR 50000dd0 (sz=24, trace=300000, nelems=2, elem type=java.lang.Object[]@5000010a)
	[0]		50000eab
	[1]		50000ca9
ARR 50000dd1 (sz=24, trace=300000, nelems=2, elem type=java.lang.Object[]@5000010a)
	[0]		50000ea9
	[1]		50000cfb
ARR 50000dd2 (sz=24, trace=300000, nelems=2, elem type=java.lang.Object[]@5000010a)
	[0]		50000ea7
	[1]		50000d08
ARR 50000dd3 (sz=24, trace=300000, nelems=2, elem type=java.lang.Object[]@5000010a)
	[0]		50000ea5
	[1]		50000ce0
ARR 50000dd4 (sz=24, trace=300000, nelems=2, elem type=java.lang.Object[]@5000010a)
	[0]		50000ea3
	[1]		50000d45
ARR 50000dd5 (sz=24, trace=300000, nelems=2, elem type=java.lang.Object[]@5000010a)
	[0]		50000ea1
	[1]		50000cc1
ARR 50000dd6 (sz=24, trace=300000, nelems=2, elem type=java.lang.Object[]@5000010a)
	[0]		50000e9f
	[1]		50000cfe
ARR 50000dd7 (sz=24, trace=300000, nelems=2, elem type=java.lang.Object[]@5000010a)
	[0]		50000e9d
	[1]		50000cfe
ARR 50000dd8 (sz=24, trace=300000, nelems=2, elem type=java.lang.Object[]@5000010a)
	[0]		50000e9b
	[1]		50000cc4
ARR 50000dd9 (sz=24, trace=300000, nelems=2, elem type=java.lang.Object[]@5000010a)
	[0]		50000ce9
	[1]		50000ce9
ARR 50000dda (sz=24, trace=300000, nelems=2, elem type=java.lang.Object[]@5000010a)
	[0]		50000e99
	[1]		50000d3c
ARR 50000ddb (sz=24, trace=300000, nelems=2, elem type=java.lang.Object[]@5000010a)
	[0]		50000e97
	[1]		50000d39
ARR 50000ddc (sz=24, trace=300000, nelems=2, elem type=java.lang.Object[]@5000010a)
	[0]		50000e95
	[1]		50000d2e
ARR 50000ddd (sz=24, trace=300000, nelems=2, elem type=java.lang.Object[]@5000010a)
	[0]		50000e93
	[1]		50000d2b
ARR 50000dde (sz=24, trace=300000, nelems=2, elem type=java.lang.Object[]@5000010a)
	[0]		50000e91
	[1]		50000d22
ARR 50000ddf (sz=32, trace=300000, nelems=3, elem type=java.lang.Object[]@5000010a)
	[0]		50000e8c
	[1]		50000d50
	[2]		50000e8d
ARR 50000de0 (sz=32, trace=300000, nelems=3, elem type=java.lang.Object[]@5000010a)
	[0]		50000e87
	[1]		50000d42
	[2]		50000e88
ARR 50000de1 (sz=24, trace=300000, nelems=2, elem type=java.lang.Object[]@5000010a)
	[0]		50000e85
	[1]		50000cdd
ARR 50000de2 (sz=32, trace=300000, nelems=3, elem type=java.lang.Object[]@5000010a)
	[0]		50000e80
	[1]		50000cd5
	[2]		50000e81
ARR 50000de3 (sz=24, trace=300000, nelems=2, elem type=java.lang.Object[]@5000010a)
	[0]		50000e7e
	[1]		50000cb5
ARR 50000de4 (sz=24, trace=300000, nelems=2, elem type=java.lang.Object[]@5000010a)
	[0]		50000e7c
	[1]		50000ce9
ARR 50000de5 (sz=24, trace=300000, nelems=2, elem type=java.lang.Object[]@5000010a)
	[0]		50000e7a
	[1]		50000cc1
ARR 50000de6 (sz=24, trace=300000, nelems=2, elem type=java.lang.Object[]@5000010a)
	[0]		50000e78
	[1]		50000cdd
ARR 50000de7 (sz=24, trace=300000, nelems=2, elem type=java.lang.Object[]@5000010a)
	[0]		50000e76
	[1]		50000ce0
ARR 50000de8 (sz=24, trace=300000, nelems=2, elem type=java.lang.Object[]@5000010a)
	[0]		50000e74
	[1]		50000cd5
ARR 50000de9 (sz=24, trace=300000, nelems=2, elem type=java.lang.Object[]@5000010a)
	[0]		50000cd2
	[1]		50000cd2
ARR 50000dea (sz=24, trace=300000, nelems=2, elem type=java.lang.Object[]@5000010a)
	[0]		50000e72
	[1]		50000ce0
ARR 50000deb (sz=24, trace=300000, nelems=2, elem type=java.lang.Object[]@5000010a)
	[0]		50000e70
	[1]		50000d1a
ARR 50000dec (sz=24, trace=300000, nelems=2, elem type=java.lang.Object[]@5000010a)
	[0]		50000e6e
	[1]		50000cd2
ARR 50000ded (sz=24, trace=300000, nelems=2, elem type=java.lang.Object[]@5000010a)
	[0]		50000e6c
	[1]		50000cdd
ARR 50000dee (sz=24, trace=300000, nelems=2, elem type=java.lang.Object[]@5000010a)
	[0]		50000e6a
	[1]		50000cd5
ARR 50000def (sz=24, trace=300000, nelems=2, elem type=java.lang.Object[]@5000010a)
	[0]		50000e68
	[1]		50000d04
ARR 50000df0 (sz=24, trace=300000, nelems=2, elem type=java.lang.Object[]@5000010a)
	[0]		50000e66
	[1]		50000d25
ARR 50000df1 (sz=24, trace=300000, nelems=2, elem type=java.lang.Object[]@5000010a)
	[0]		50000e64
	[1]		50000cfe
ARR 50000df2 (sz=24, trace=300000, nelems=2, elem type=java.lang.Object[]@5000010a)
	[0]		50000e62
	[1]		50000ce0
ARR 50000df3 (sz=24, trace=300000, nelems=2, elem type=java.lang.Object[]@5000010a)
	[0]		50000e60
	[1]		50000d14
ARR 50000df4 (sz=24, trace=300000, nelems=2, elem type=java.lang.Object[]@5000010a)
	[0]		50000e5e
	[1]		50000d11
ARR 50000df5 (sz=24, trace=300000, nelems=2, elem type=java.lang.Object[]@5000010a)
	[0]		50000e5c
	[1]		50000cb1
ARR 50000df6 (sz=24, trace=300000, nelems=2, elem type=java.lang.Object[]@5000010a)
	[0]		50000e5a
	[1]		50000d08
ARR 50000df7 (sz=24, trace=300000, nelems=2, elem type=java.lang.Object[]@5000010a)
	[0]		50000e58
	[1]		50000d04
ARR 50000df8 (sz=24, trace=300000, nelems=2, elem type=java.lang.Object[]@5000010a)
	[0]		50000e56
	[1]		50000cfe
ARR 50000df9 (sz=24, trace=300000, nelems=2, elem type=java.lang.Object[]@5000010a)
	[0]		50000e54
	[1]		50000cf7
ARR 50000dfa (sz=24, trace=300000, nelems=2, elem type=java.lang.Object[]@5000010a)
	[0]		50000e52
	[1]		50000cc1
ARR 50000dfb (sz=24, trace=300000, nelems=2, elem type=java.lang.Object[]@5000010a)
	[0]		50000e50
	[1]		50000d50
ARR 50000dfc (sz=24, trace=300000, nelems=2, elem type=java.lang.Object[]@5000010a)
	[0]		50000e4e
	[1]		50000ce0
ARR 50000dfd (sz=24, trace=300000, nelems=2, elem type=java.lang.Object[]@5000010a)
	[0]		50000e4c
	[1]		50000d14
ARR 50000dfe (sz=32, trace=300000, nelems=3, elem type=java.lang.Object[]@5000010a)
	[0]		50000e47
	[1]		50000d11
	[2]		50000e48
ARR 50000dff (sz=24, trace=300000, nelems=2, elem type=java.lang.Object[]@5000010a)
	[0]		50000e45
	[1]		50000cfe
ARR 50000e00 (sz=24, trace=300000, nelems=2, elem type=java.lang.Object[]@5000010a)
	[0]		50000e43
	[1]		50000d08
ARR 50000e01 (sz=24, trace=300000, nelems=2, elem type=java.lang.Object[]@5000010a)
	[0]		50000e41
	[1]		50000d04
ARR 50000e02 (sz=32, trace=300000, nelems=3, elem type=java.lang.Object[]@5000010a)
	[0]		50000e3c
	[1]		50000ce6
	[2]		50000e3d
ARR 50000e03 (sz=24, trace=300000, nelems=2, elem type=java.lang.Object[]@5000010a)
	[0]		50000e3a
	[1]		50000cf7
ARR 50000e04 (sz=24, trace=300000, nelems=2, elem type=java.lang.Object[]@5000010a)
	[0]		50000e38
	[1]		50000ccf
ARR 50000e05 (sz=24, trace=300000, nelems=2, elem type=java.lang.Object[]@5000010a)
	[0]		50000e36
	[1]		50000cd2
ARR 50000e06 (sz=24, trace=300000, nelems=2, elem type=java.lang.Object[]@5000010a)
	[0]		50000e34
	[1]		50000ce0
ARR 50000e07 (sz=24, trace=300000, nelems=2, elem type=java.lang.Object[]@5000010a)
	[0]		50000e32
	[1]		50000cb9
ARR 50000e08 (sz=24, trace=300000, nelems=2, elem type=java.lang.Object[]@5000010a)
	[0]		50000e30
	[1]		50000d0b
ARR 50000e09 (sz=24, trace=300000, nelems=2, elem type=java.lang.Object[]@5000010a)
	[0]		50000e2e
	[1]		50000ce0
ARR 50000e0a (sz=24, trace=300000, nelems=2, elem type=java.lang.Object[]@5000010a)
	[0]		50000e2c
	[1]		50000d3c
ARR 50000e0b (sz=24, trace=300000, nelems=2, elem type=java.lang.Object[]@5000010a)
	[0]		50000e2a
	[1]		50000d39
ARR 50000e0c (sz=24, trace=300000, nelems=2, elem type=java.lang.Object[]@5000010a)
	[0]		50000e28
	[1]		50000d2e
ARR 50000e0d (sz=24, trace=300000, nelems=2, elem type=java.lang.Object[]@5000010a)
	[0]		50000e26
	[1]		50000d2b
ARR 50000e0e (sz=24, trace=300000, nelems=2, elem type=java.lang.Object[]@5000010a)
	[0]		50000e24
	[1]		50000ce0
ARR 50000e0f (sz=24, trace=300000, nelems=2, elem type=java.lang.Object[]@5000010a)
	[0]		50000e22
	[1]		50000d22
ARR 50000e10 (sz=24, trace=300000, nelems=2, elem type=java.lang.Object[]@5000010a)
	[0]		50000e20
	[1]		50000d1e
ARR 50000e11 (sz=24, trace=300000, nelems=2, elem type=java.lang.Object[]@5000010a)
	[0]		50000e1e
	[1]		50000ca9
ARR 50000e12 (sz=24, trace=300000, nelems=2, elem type=java.lang.Object[]@5000010a)
	[0]		50000e1c
	[1]		50000d25
ARR 50000e13 (sz=24, trace=300000, nelems=2, elem type=java.lang.Object[]@5000010a)
	[0]		50000e1a
	[1]		50000cef
ARR 50000e14 (sz=24, trace=300000, nelems=2, elem type=java.lang.Object[]@5000010a)
	[0]		50000e18
	[1]		50000cc7
ARR 50000e15 (sz=24, trace=300000, nelems=2, elem type=java.lang.Object[]@5000010a)
	[0]		50000e16
	[1]		50000d45
OBJ 50000e16 (sz=24, trace=300000, class=java.lang.String@5000016f)
	value		50000e17
ARR 50000e17 (sz=12, trace=300000, nelems=6, elem type=char[])
OBJ 50000e18 (sz=24, trace=300000, class=java.lang.String@5000016f)
	value		50000e19
ARR 50000e19 (sz=24, trace=300000, nelems=12, elem type=char[])
OBJ 50000e1a (sz=24, trace=300000, class=java.lang.String@5000016f)
	value		50000e1b
ARR 50000e1b (sz=38, trace=300000, nelems=19, elem type=char[])
OBJ 50000e1c (sz=24, trace=300000, class=java.lang.String@5000016f)
	value		50000e1d
ARR 50000e1d (sz=12, trace=300000, nelems=6, elem type=char[])
OBJ 50000e1e (sz=24, trace=300000, class=java.lang.String@5000016f)
	value		50000e1f
ARR 50000e1f (sz=16, trace=300000, nelems=8, elem type=char[])
OBJ 50000e20 (sz=24, trace=300000, class=java.lang.String@5000016f)
	value		50000e21
ARR 50000e21 (sz=12, trace=300000, nelems=6, elem type=char[])
OBJ 50000e22 (sz=24, trace=300000, class=java.lang.String@5000016f)
	value		50000e23
ARR 50000e23 (sz=12, trace=300000, nelems=6, elem type=char[])
OBJ 50000e24 (sz=24, trace=300000, class=java.lang.String@5000016f)
	value		50000e25
ARR 50000e25 (sz=32, trace=300000, nelems=16, elem type=char[])
OBJ 50000e26 (sz=24, trace=300000, class=java.lang.String@5000016f)
	value		50000e27
ARR 50000e27 (sz=12, trace=300000, nelems=6, elem type=char[])
OBJ 50000e28 (sz=24, trace=300000, class=java.lang.String@5000016f)
	value		50000e29
ARR 50000e29 (sz=12, trace=300000, nelems=6, elem type=char[])
OBJ 50000e2a (sz=24, trace=300000, class=java.lang.String@5000016f)
	value		50000e2b
ARR 50000e2b (sz=12, trace=300000, nelems=6, elem type=char[])
OBJ 50000e2c (sz=24, trace=300000, class=java.lang.String@5000016f)
	value		50000e2d
ARR 50000e2d (sz=12, trace=300000, nelems=6, elem type=char[])
OBJ 50000e2e (sz=24, trace=300000, class=java.lang.String@5000016f)
	value		50000e2f
ARR 50000e2f (sz=32, trace=300000, nelems=16, elem type=char[])
OBJ 50000e30 (sz=24, trace=300000, class=java.lang.String@5000016f)
	value		50000e31
ARR 50000e31 (sz=8, trace=300000, nelems=4, elem type=char[])
OBJ 50000e32 (sz=24, trace=300000, class=java.lang.String@5000016f)
	value		50000e33
ARR 50000e33 (sz=16, trace=300000, nelems=8, elem type=char[])
OBJ 50000e34 (sz=24, trace=300000, class=java.lang.String@5000016f)
	value		50000e35
ARR 50000e35 (sz=10, trace=300000, nelems=5, elem type=char[])
OBJ 50000e36 (sz=24, trace=300000, class=java.lang.String@5000016f)
	value		50000e37
ARR 50000e37 (sz=22, trace=300000, nelems=11, elem type=char[])
OBJ 50000e38 (sz=24, trace=300000, class=java.lang.String@5000016f)
	value		50000e39
ARR 50000e39 (sz=16, trace=300000, nelems=8, elem type=char[])
OBJ 50000e3a (sz=24, trace=300000, class=java.lang.String@5000016f)
	value		50000e3b
ARR 50000e3b (sz=20, trace=300000, nelems=10, elem type=char[])
OBJ 50000e3c (sz=24, trace=300000, class=java.lang.String@5000016f)
	value		50000e40
ARR 50000e3d (sz=24, trace=300000, nelems=2, elem type=java.lang.Object[]@5000010a)
	[0]		50000e3e
	[1]		50000cfe
OBJ 50000e3e (sz=24, trace=300000, class=java.lang.String@5000016f)
	value		50000e3f
ARR 50000e3f (sz=20, trace=300000, nelems=10, elem type=char[])
ARR 50000e40 (sz=16, trace=300000, nelems=8, elem type=char[])
OBJ 50000e41 (sz=24, trace=300000, class=java.lang.String@5000016f)
	value		50000e42
ARR 50000e42 (sz=20, trace=300000, nelems=10, elem type=char[])
OBJ 50000e43 (sz=24, trace=300000, class=java.lang.String@5000016f)
	value		50000e44
ARR 50000e44 (sz=20, trace=300000, nelems=10, elem type=char[])
OBJ 50000e45 (sz=24, trace=300000, class=java.lang.String@5000016f)
	value		50000e46
ARR 50000e46 (sz=24, trace=300000, nelems=12, elem type=char[])
OBJ 50000e47 (sz=24, trace=300000, class=java.lang.String@5000016f)
	value		50000e4b
ARR 50000e48 (sz=24, trace=300000, nelems=2, elem type=java.lang.Object[]@5000010a)
	[0]		50000e49
	[1]		50000d1a
OBJ 50000e49 (sz=24, trace=300000, class=java.lang.String@5000016f)
	value		50000e4a
ARR 50000e4a (sz=20, trace=300000, nelems=10, elem type=char[])
ARR 50000e4b (sz=20, trace=300000, nelems=10, elem type=char[])
OBJ 50000e4c (sz=24, trace=300000, class=java.lang.String@5000016f)
	value		50000e4d
ARR 50000e4d (sz=20, trace=300000, nelems=10, elem type=char[])
OBJ 50000e4e (sz=24, trace=300000, class=java.lang.String@5000016f)
	value		50000e4f
ARR 50000e4f (sz=12, trace=300000, nelems=6, elem type=char[])
OBJ 50000e50 (sz=24, trace=300000, class=java.lang.String@5000016f)
	value		50000e51
ARR 50000e51 (sz=36, trace=300000, nelems=18, elem type=char[])
OBJ 50000e52 (sz=24, trace=300000, class=java.lang.String@5000016f)
	value		50000e53
ARR 50000e53 (sz=20, trace=300000, nelems=10, elem type=char[])
OBJ 50000e54 (sz=24, trace=300000, class=java.lang.String@5000016f)
	value		50000e55
ARR 50000e55 (sz=18, trace=300000, nelems=9, elem type=char[])
OBJ 50000e56 (sz=24, trace=300000, class=java.lang.String@5000016f)
	value		50000e57
ARR 50000e57 (sz=18, trace=300000, nelems=9, elem type=char[])
OBJ 50000e58 (sz=24, trace=300000, class=java.lang.String@5000016f)
	value		50000e59
ARR 50000e59 (sz=18, trace=300000, nelems=9, elem type=char[])
OBJ 50000e5a (sz=24, trace=300000, class=java.lang.String@5000016f)
	value		50000e5b
ARR 50000e5b (sz=18, trace=300000, nelems=9, elem type=char[])
OBJ 50000e5c (sz=24, trace=300000, class=java.lang.String@5000016f)
	value		50000e5d
ARR 50000e5d (sz=14, trace=300000, nelems=7, elem type=char[])
OBJ 50000e5e (sz=24, trace=300000, class=java.lang.String@5000016f)
	value		50000e5f
ARR 50000e5f (sz=18, trace=300000, nelems=9, elem type=char[])
OBJ 50000e60 (sz=24, trace=300000, class=java.lang.String@5000016f)
	value		50000e61
ARR 50000e61 (sz=18, trace=300000, nelems=9, elem type=char[])
OBJ 50000e62 (sz=24, trace=300000, class=java.lang.String@5000016f)
	value		50000e63
ARR 50000e63 (sz=12, trace=300000, nelems=6, elem type=char[])
OBJ 50000e64 (sz=24, trace=300000, class=java.lang.String@5000016f)
	value		50000e65
ARR 50000e65 (sz=10, trace=300000, nelems=5, elem type=char[])
OBJ 50000e66 (sz=24, trace=300000, class=java.lang.String@5000016f)
	value		50000e67
ARR 50000e67 (sz=14, trace=300000, nelems=7, elem type=char[])
OBJ 50000e68 (sz=24, trace=300000, class=java.lang.String@5000016f)
	value		50000e69
ARR 50000e69 (sz=30, trace=300000, nelems=15, elem type=char[])
OBJ 50000e6a (sz=24, trace=300000, class=java.lang.String@5000016f)
	value		50000e6b
ARR 50000e6b (sz=20, trace=300000, nelems=10, elem type=char[])
OBJ 50000e6c (sz=24, trace=300000, class=java.lang.String@5000016f)
	value		50000e6d
ARR 50000e6d (sz=20, trace=300000, nelems=10, elem type=char[])
OBJ 50000e6e (sz=24, trace=300000, class=java.lang.String@5000016f)
	value		50000e6f
ARR 50000e6f (sz=14, trace=300000, nelems=7, elem type=char[])
OBJ 50000e70 (sz=24, trace=300000, class=java.lang.String@5000016f)
	value		50000e71
ARR 50000e71 (sz=30, trace=300000, nelems=15, elem type=char[])
OBJ 50000e72 (sz=24, trace=300000, class=java.lang.String@5000016f)
	value		50000e73
ARR 50000e73 (sz=10, trace=300000, nelems=5, elem type=char[])
OBJ 50000e74 (sz=24, trace=300000, class=java.lang.String@5000016f)
	value		50000e75
ARR 50000e75 (sz=14, trace=300000, nelems=7, elem type=char[])
OBJ 50000e76 (sz=24, trace=300000, class=java.lang.String@5000016f)
	value		50000e77
ARR 50000e77 (sz=4, trace=300000, nelems=2, elem type=char[])
OBJ 50000e78 (sz=24, trace=300000, class=java.lang.String@5000016f)
	value		50000e79
ARR 50000e79 (sz=14, trace=300000, nelems=7, elem type=char[])
OBJ 50000e7a (sz=24, trace=300000, class=java.lang.String@5000016f)
	value		50000e7b
ARR 50000e7b (sz=14, trace=300000, nelems=7, elem type=char[])
OBJ 50000e7c (sz=24, trace=300000, class=java.lang.String@5000016f)
	value		50000e7d
ARR 50000e7d (sz=14, trace=300000, nelems=7, elem type=char[])
OBJ 50000e7e (sz=24, trace=300000, class=java.lang.String@5000016f)
	value		50000e7f
ARR 50000e7f (sz=24, trace=300000, nelems=12, elem type=char[])
OBJ 50000e80 (sz=24, trace=300000, class=java.lang.String@5000016f)
	value		50000e84
ARR 50000e81 (sz=24, trace=300000, nelems=2, elem type=java.lang.Object[]@5000010a)
	[0]		50000e82
	[1]		50000d31
OBJ 50000e82 (sz=24, trace=300000, class=java.lang.String@5000016f)
	value		50000e83
ARR 50000e83 (sz=16, trace=300000, nelems=8, elem type=char[])
ARR 50000e84 (sz=20, trace=300000, nelems=10, elem type=char[])
OBJ 50000e85 (sz=24, trace=300000, class=java.lang.String@5000016f)
	value		50000e86
ARR 50000e86 (sz=20, trace=300000, nelems=10, elem type=char[])
OBJ 50000e87 (sz=24, trace=300000, class=java.lang.String@5000016f)
	value		50000e8b
ARR 50000e88 (sz=24, trace=300000, nelems=2, elem type=java.lang.Object[]@5000010a)
	[0]		50000e89
	[1]		50000cb9
OBJ 50000e89 (sz=24, trace=300000, class=java.lang.String@5000016f)
	value		50000e8a
ARR 50000e8a (sz=10, trace=300000, nelems=5, elem type=char[])
ARR 50000e8b (sz=16, trace=300000, nelems=8, elem type=char[])
OBJ 50000e8c (sz=24, trace=300000, class=java.lang.String@5000016f)
	value		50000e90
ARR 50000e8d (sz=24, trace=300000, nelems=2, elem type=java.lang.Object[]@5000010a)
	[0]		50000e8e
	[1]		50000d1e
OBJ 50000e8e (sz=24, trace=300000, class=java.lang.String@5000016f)
	value		50000e8f
ARR 50000e8f (sz=12, trace=300000, nelems=6, elem type=char[])
ARR 50000e90 (sz=16, trace=300000, nelems=8, elem type=char[])
OBJ 50000e91 (sz=24, trace=300000, class=java.lang.String@5000016f)
	value		50000e92
ARR 50000e92 (sz=12, trace=300000, nelems=6, elem type=char[])
OBJ 50000e93 (sz=24, trace=300000, class=java.lang.String@5000016f)
	value		50000e94
ARR 50000e94 (sz=12, trace=300000, nelems=6, elem type=char[])
OBJ 50000e95 (sz=24, trace=300000, class=java.lang.String@5000016f)
	value		50000e96
ARR 50000e96 (sz=12, trace=300000, nelems=6, elem type=char[])
OBJ 50000e97 (sz=24, trace=300000, class=java.lang.String@5000016f)
	value		50000e98
ARR 50000e98 (sz=12, trace=300000, nelems=6, elem type=char[])
OBJ 50000e99 (sz=24, trace=300000, class=java.lang.String@5000016f)
	value		50000e9a
ARR 50000e9a (sz=12, trace=300000, nelems=6, elem type=char[])
OBJ 50000e9b (sz=24, trace=300000, class=java.lang.String@5000016f)
	value		50000e9c
ARR 50000e9c (sz=16, trace=300000, nelems=8, elem type=char[])
OBJ 50000e9d (sz=24, trace=300000, class=java.lang.String@5000016f)
	value		50000e9e
ARR 50000e9e (sz=30, trace=300000, nelems=15, elem type=char[])
OBJ 50000e9f (sz=24, trace=300000, class=java.lang.String@5000016f)
	value		50000ea0
ARR 50000ea0 (sz=16, trace=300000, nelems=8, elem type=char[])
OBJ 50000ea1 (sz=24, trace=300000, class=java.lang.String@5000016f)
	value		50000ea2
ARR 50000ea2 (sz=48, trace=300000, nelems=24, elem type=char[])
OBJ 50000ea3 (sz=24, trace=300000, class=java.lang.String@5000016f)
	value		50000ea4
ARR 50000ea4 (sz=10, trace=300000, nelems=5, elem type=char[])
OBJ 50000ea5 (sz=24, trace=300000, class=java.lang.String@5000016f)
	value		50000ea6
ARR 50000ea6 (sz=14, trace=300000, nelems=7, elem type=char[])
OBJ 50000ea7 (sz=24, trace=300000, class=java.lang.String@5000016f)
	value		50000ea8
ARR 50000ea8 (sz=30, trace=300000, nelems=15, elem type=char[])
OBJ 50000ea9 (sz=24, trace=300000, class=java.lang.String@5000016f)
	value		50000eaa
ARR 50000eaa (sz=14, trace=300000, nelems=7, elem type=char[])
OBJ 50000eab (sz=24, trace=300000, class=java.lang.String@5000016f)
	value		50000eac
ARR 50000eac (sz=20, trace=300000, nelems=10, elem type=char[])
OBJ 50000ead (sz=24, trace=300000, class=java.lang.String@5000016f)
	value		50000eae
ARR 50000eae (sz=12, trace=300000, nelems=6, elem type=char[])
OBJ 50000eaf (sz=24, trace=300000, class=java.lang.String@5000016f)
	value		50000eb0
ARR 50000eb0 (sz=14, trace=300000, nelems=7, elem type=char[])
OBJ 50000eb1 (sz=24, trace=300000, class=java.lang.String@5000016f)
	value		50000eb2
ARR 50000eb2 (sz=14, trace=300000, nelems=7, elem type=char[])
OBJ 50000eb3 (sz=24, trace=300000, class=java.lang.String@5000016f)
	value		50000eb4
ARR 50000eb4 (sz=20, trace=300000, nelems=10, elem type=char[])
OBJ 50000eb5 (sz=24, trace=300000, class=java.lang.String@5000016f)
	value		50000eb6
ARR 50000eb6 (sz=20, trace=300000, nelems=10, elem type=char[])
OBJ 50000eb7 (sz=24, trace=300000, class=java.lang.String@5000016f)
	value		50000eb8
ARR 50000eb8 (sz=10, trace=300000, nelems=5, elem type=char[])
OBJ 50000eb9 (sz=24, trace=300000, class=java.lang.String@5000016f)
	value		50000eba
ARR 50000eba (sz=10, trace=300000, nelems=5, elem type=char[])
OBJ 50000ebb (sz=24, trace=300000, class=java.lang.String@5000016f)
	value		50000ebc
ARR 50000ebc (sz=36, trace=300000, nelems=18, elem type=char[])
OBJ 50000ebd (sz=24, trace=300000, class=java.lang.String@5000016f)
	value		50000ebe
ARR 50000ebe (sz=14, trace=300000, nelems=7, elem type=char[])
OBJ 50000ebf (sz=24, trace=300000, class=java.lang.String@5000016f)
	value		50000ec0
ARR 50000ec0 (sz=14, trace=300000, nelems=7, elem type=char[])
OBJ 50000ec1 (sz=24, trace=300000, class=java.lang.String@5000016f)
	value		50000ec2
ARR 50000ec2 (sz=14, trace=300000, nelems=7, elem type=char[])
OBJ 50000ec3 (sz=24, trace=300000, class=java.lang.String@5000016f)
	value		50000ec4
ARR 50000ec4 (sz=14, trace=300000, nelems=7, elem type=char[])
OBJ 50000ec5 (sz=24, trace=300000, class=java.lang.String@5000016f)
	value		50000ec6
ARR 50000ec6 (sz=14, trace=300000, nelems=7, elem type=char[])
OBJ 50000ec7 (sz=24, trace=300000, class=java.lang.String@5000016f)
	value		50000ec8
ARR 50000ec8 (sz=16, trace=300000, nelems=8, elem type=char[])
OBJ 50000ec9 (sz=24, trace=300000, class=java.lang.String@5000016f)
	value		50000eca
ARR 50000eca (sz=12, trace=300000, nelems=6, elem type=char[])
OBJ 50000ecb (sz=24, trace=300000, class=java.lang.String@5000016f)
	value		50000ecc
ARR 50000ecc (sz=20, trace=300000, nelems=10, elem type=char[])
OBJ 50000ecd (sz=24, trace=300000, class=java.lang.String@5000016f)
	value		50000ece
ARR 50000ece (sz=10, trace=300000, nelems=5, elem type=char[])
OBJ 50000ecf (sz=24, trace=300000, class=java.lang.String@5000016f)
	value		50000ed0
ARR 50000ed0 (sz=24, trace=300000, nelems=12, elem type=char[])
OBJ 50000ed1 (sz=24, trace=300000, class=java.lang.String@5000016f)
	value		50000ed2
ARR 50000ed2 (sz=28, trace=300000, nelems=14, elem type=char[])
OBJ 50000ed3 (sz=24, trace=300000, class=java.lang.String@5000016f)
	value		50000ed4
ARR 50000ed4 (sz=12, trace=300000, nelems=6, elem type=char[])
OBJ 50000ed5 (sz=24, trace=300000, class=java.lang.String@5000016f)
	value		50000ed6
ARR 50000ed6 (sz=20, trace=300000, nelems=10, elem type=char[])
OBJ 50000ed7 (sz=24, trace=300000, class=java.lang.String@5000016f)
	value		50000ed8
ARR 50000ed8 (sz=12, trace=300000, nelems=6, elem type=char[])
OBJ 50000ed9 (sz=24, trace=300000, class=java.lang.String@5000016f)
	value		50000eda
ARR 50000eda (sz=12, trace=300000, nelems=6, elem type=char[])
OBJ 50000edb (sz=24, trace=300000, class=java.lang.String@5000016f)
	value		50000edc
ARR 50000edc (sz=12, trace=300000, nelems=6, elem type=char[])
OBJ 50000edd (sz=24, trace=300000, class=java.lang.String@5000016f)
	value		50000ede
ARR 50000ede (sz=12, trace=300000, nelems=6, elem type=char[])
OBJ 50000edf (sz=24, trace=300000, class=java.lang.String@5000016f)
	value		50000ee0
ARR 50000ee0 (sz=12, trace=300000, nelems=6, elem type=char[])
OBJ 50000ee1 (sz=24, trace=300000, class=java.lang.String@5000016f)
	value		50000ee2
ARR 50000ee2 (sz=6, trace=300000, nelems=3, elem type=char[])
OBJ 50000ee3 (sz=24, trace=300000, class=java.lang.String@5000016f)
	value		50000ee4
ARR 50000ee4 (sz=20, trace=300000, nelems=10, elem type=char[])
OBJ 50000ee5 (sz=24, trace=300000, class=java.lang.String@5000016f)
	value		50000ee6
ARR 50000ee6 (sz=20, trace=300000, nelems=10, elem type=char[])
OBJ 50000ee7 (sz=24, trace=300000, class=java.lang.String@5000016f)
	value		50000ee8
ARR 50000ee8 (sz=10, trace=300000, nelems=5, elem type=char[])
OBJ 50000ee9 (sz=24, trace=300000, class=java.lang.String@5000016f)
	value		50000eea
ARR 50000eea (sz=14, trace=300000, nelems=7, elem type=char[])
OBJ 50000eeb (sz=24, trace=300000, class=java.lang.String@5000016f)
	value		50000eec
ARR 50000eec (sz=14, trace=300000, nelems=7, elem type=char[])
OBJ 50000eed (sz=24, trace=300000, class=java.lang.String@5000016f)
	value		50000eee
ARR 50000eee (sz=28, trace=300000, nelems=14, elem type=char[])
OBJ 50000eef (sz=24, trace=300000, class=java.lang.String@5000016f)
	value		50000ef0
ARR 50000ef0 (sz=12, trace=300000, nelems=6, elem type=char[])
OBJ 50000ef1 (sz=24, trace=300000, class=java.lang.String@5000016f)
	value		50000ef2
ARR 50000ef2 (sz=10, trace=300000, nelems=5, elem type=char[])
OBJ 50000ef3 (sz=24, trace=300000, class=java.lang.String@5000016f)
	value		50000ef4
ARR 50000ef4 (sz=10, trace=300000, nelems=5, elem type=char[])
OBJ 50000ef5 (sz=24, trace=300000, class=java.lang.String@5000016f)
	value		50000ef6
ARR 50000ef6 (sz=12, trace=300000, nelems=6, elem type=char[])
OBJ 50000ef7 (sz=24, trace=300000, class=java.lang.String@5000016f)
	value		50000ef8
ARR 50000ef8 (sz=14, trace=300000, nelems=7, elem type=char[])
OBJ 50000ef9 (sz=24, trace=300000, class=java.lang.String@5000016f)
	value		50000efa
ARR 50000efa (sz=14, trace=300000, nelems=7, elem type=char[])
OBJ 50000efb (sz=24, trace=300000, class=java.lang.String@5000016f)
	value		50000efc
ARR 50000efc (sz=30, trace=300000, nelems=15, elem type=char[])
OBJ 50000efd (sz=24, trace=300000, class=java.lang.String@5000016f)
	value		50000efe
ARR 50000efe (sz=6, trace=300000, nelems=3, elem type=char[])
OBJ 50000eff (sz=24, trace=300000, class=java.lang.String@5000016f)
	value		50000f00
ARR 50000f00 (sz=8, trace=300000, nelems=4, elem type=char[])
OBJ 50000f01 (sz=24, trace=300000, class=java.lang.String@5000016f)
	value		50000f02
ARR 50000f02 (sz=20, trace=300000, nelems=10, elem type=char[])
OBJ 50000f03 (sz=24, trace=300000, class=java.lang.String@5000016f)
	value		50000f07
ARR 50000f04 (sz=24, trace=300000, nelems=2, elem type=java.lang.Object[]@5000010a)
	[0]		50000f05
	[1]		50000cf3
OBJ 50000f05 (sz=24, trace=300000, class=java.lang.String@5000016f)
	value		50000f06
ARR 50000f06 (sz=10, trace=300000, nelems=5, elem type=char[])
ARR 50000f07 (sz=10, trace=300000, nelems=5, elem type=char[])
OBJ 50000f08 (sz=24, trace=300000, class=java.lang.String@5000016f)
	value		50000f0c
ARR 50000f09 (sz=24, trace=300000, nelems=2, elem type=java.lang.Object[]@5000010a)
	[0]		50000f0a
	[1]		50000cd5
OBJ 50000f0a (sz=24, trace=300000, class=java.lang.String@5000016f)
	value		50000f0b
ARR 50000f0b (sz=4, trace=300000, nelems=2, elem type=char[])
ARR 50000f0c (sz=10, trace=300000, nelems=5, elem type=char[])
OBJ 50000f0d (sz=24, trace=300000, class=java.lang.String@5000016f)
	value		50000f0e
ARR 50000f0e (sz=10, trace=300000, nelems=5, elem type=char[])
OBJ 50000f0f (sz=24, trace=300000, class=java.lang.String@5000016f)
	value		50000f10
ARR 50000f10 (sz=4, trace=300000, nelems=2, elem type=char[])
OBJ 50000f11 (sz=24, trace=300000, class=java.lang.String@5000016f)
	value		50000f15
ARR 50000f12 (sz=24, trace=300000, nelems=2, elem type=java.lang.Object[]@5000010a)
	[0]		50000f13
	[1]		50000d08
OBJ 50000f13 (sz=24, trace=300000, class=java.lang.String@5000016f)
	value		50000f14
ARR 50000f14 (sz=4, trace=300000, nelems=2, elem type=char[])
ARR 50000f15 (sz=10, trace=300000, nelems=5, elem type=char[])
OBJ 50000f16 (sz=24, trace=300000, class=java.lang.String@5000016f)
	value		50000f17
ARR 50000f17 (sz=16, trace=300000, nelems=8, elem type=char[])
OBJ 50000f18 (sz=24, trace=300000, class=java.lang.String@5000016f)
	value		50000f1f
ARR 50000f19 (sz=32, trace=300000, nelems=3, elem type=java.lang.Object[]@5000010a)
	[0]		50000f1a
	[1]		50000cd5
	[2]		50000f1b
OBJ 50000f1a (sz=24, trace=300000, class=java.lang.String@5000016f)
	value		50000f1e
ARR 50000f1b (sz=24, trace=300000, nelems=2, elem type=java.lang.Object[]@5000010a)
	[0]		50000f1c
	[1]		50000d11
OBJ 50000f1c (sz=24, trace=300000, class=java.lang.String@5000016f)
	value		50000f1d
ARR 50000f1d (sz=4, trace=300000, nelems=2, elem type=char[])
ARR 50000f1e (sz=12, trace=300000, nelems=6, elem type=char[])
ARR 50000f1f (sz=10, trace=300000, nelems=5, elem type=char[])
OBJ 50000f20 (sz=24, trace=300000, class=java.lang.String@5000016f)
	value		50000f21
ARR 50000f21 (sz=4, trace=300000, nelems=2, elem type=char[])
OBJ 50000f22 (sz=24, trace=300000, class=java.lang.String@5000016f)
	value		50000f23
ARR 50000f23 (sz=14, trace=300000, nelems=7, elem type=char[])
OBJ 50000f24 (sz=24, trace=300000, class=java.lang.String@5000016f)
	value		50000f28
ARR 50000f25 (sz=24, trace=300000, nelems=2, elem type=java.lang.Object[]@5000010a)
	[0]		50000f26
	[1]		50000d08
OBJ 50000f26 (sz=24, trace=300000, class=java.lang.String@5000016f)
	value		50000f27
ARR 50000f27 (sz=14, trace=300000, nelems=7, elem type=char[])
ARR 50000f28 (sz=12, trace=300000, nelems=6, elem type=char[])
OBJ 50000f29 (sz=24, trace=300000, class=java.lang.String@5000016f)
	value		50000f2a
ARR 50000f2a (sz=14, trace=300000, nelems=7, elem type=char[])
OBJ 50000f2b (sz=24, trace=300000, class=java.lang.String@5000016f)
	value		50000f2f
ARR 50000f2c (sz=24, trace=300000, nelems=2, elem type=java.lang.Object[]@5000010a)
	[0]		50000f2d
	[1]		50000ce0
OBJ 50000f2d (sz=24, trace=300000, class=java.lang.String@5000016f)
	value		50000f2e
ARR 50000f2e (sz=6, trace=300000, nelems=3, elem type=char[])
ARR 50000f2f (sz=12, trace=300000, nelems=6, elem type=char[])
OBJ 50000f30 (sz=24, trace=300000, class=java.lang.String@5000016f)
	value		50000f31
ARR 50000f31 (sz=22, trace=300000, nelems=11, elem type=char[])
OBJ 50000f32 (sz=24, trace=300000, class=java.lang.String@5000016f)
	value		50000f33
ARR 50000f33 (sz=22, trace=300000, nelems=11, elem type=char[])
OBJ 50000f34 (sz=24, trace=300000, class=java.lang.String@5000016f)
	value		50000f35
ARR 50000f35 (sz=12, trace=300000, nelems=6, elem type=char[])
OBJ 50000f36 (sz=24, trace=300000, class=java.lang.String@5000016f)
	value		50000f37
ARR 50000f37 (sz=12, trace=300000, nelems=6, elem type=char[])
OBJ 50000f38 (sz=24, trace=300000, class=java.lang.String@5000016f)
	value		50000f39
ARR 50000f39 (sz=12, trace=300000, nelems=6, elem type=char[])
OBJ 50000f3a (sz=24, trace=300000, class=java.lang.String@5000016f)
	value		50000f3b
ARR 50000f3b (sz=18, trace=300000, nelems=9, elem type=char[])
OBJ 50000f3c (sz=24, trace=300000, class=java.lang.String@5000016f)
	value		50000f3d
ARR 50000f3d (sz=18, trace=300000, nelems=9, elem type=char[])
OBJ 50000f3e (sz=24, trace=300000, class=java.lang.String@5000016f)
	value		50000f3f
ARR 50000f3f (sz=18, trace=300000, nelems=9, elem type=char[])
OBJ 50000f40 (sz=24, trace=300000, class=java.lang.String@5000016f)
	value		50000f41
ARR 50000f41 (sz=18, trace=300000, nelems=9, elem type=char[])
OBJ 50000f42 (sz=24, trace=300000, class=java.lang.String@5000016f)
	value		50000f43
ARR 50000f43 (sz=18, trace=300000, nelems=9, elem type=char[])
OBJ 50000f44 (sz=24, trace=300000, class=java.lang.String@5000016f)
	value		50000f45
ARR 50000f45 (sz=18, trace=300000, nelems=9, elem type=char[])
OBJ 50000f46 (sz=24, trace=300000, class=java.lang.String@5000016f)
	value		50000f47
ARR 50000f47 (sz=42, trace=300000, nelems=21, elem type=char[])
OBJ 50000f48 (sz=24, trace=300000, class=java.lang.String@5000016f)
	value		50000f49
ARR 50000f49 (sz=6, trace=300000, nelems=3, elem type=char[])
OBJ 50000f4a (sz=24, trace=300000, class=java.lang.String@5000016f)
	value		50000f4b
ARR 50000f4b (sz=30, trace=300000, nelems=15, elem type=char[])
OBJ 50000f4c (sz=24, trace=300000, class=java.lang.String@5000016f)
	value		50000f4d
ARR 50000f4d (sz=20, trace=300000, nelems=10, elem type=char[])
OBJ 50000f4e (sz=24, trace=300000, class=java.lang.String@5000016f)
	value		50000f4f
ARR 50000f4f (sz=30, trace=300000, nelems=15, elem type=char[])
OBJ 50000f50 (sz=24, trace=300000, class=java.lang.String@5000016f)
	value		50000f51
ARR 50000f51 (sz=20, trace=300000, nelems=10, elem type=char[])
OBJ 50000f52 (sz=24, trace=300000, class=java.lang.String@5000016f)
	value		50000f53
ARR 50000f53 (sz=6, trace=300000, nelems=3, elem type=char[])
OBJ 50000f54 (sz=24, trace=300000, class=java.lang.String@5000016f)
	value		50000f55
ARR 50000f55 (sz=6, trace=300000, nelems=3, elem type=char[])
OBJ 50000f56 (sz=24, trace=300000, class=java.lang.String@5000016f)
	value		50000f57
ARR 50000f57 (sz=14, trace=300000, nelems=7, elem type=char[])
OBJ 50000f58 (sz=24, trace=300000, class=java.lang.String@5000016f)
	value		50000f5c
ARR 50000f59 (sz=24, trace=300000, nelems=2, elem type=java.lang.Object[]@5000010a)
	[0]		50000f5a
	[1]		50000cf3
OBJ 50000f5a (sz=24, trace=300000, class=java.lang.String@5000016f)
	value		50000f5b
ARR 50000f5b (sz=6, trace=300000, nelems=3, elem type=char[])
ARR 50000f5c (sz=6, trace=300000, nelems=3, elem type=char[])
OBJ 50000f5d (sz=24, trace=300000, class=java.lang.String@5000016f)
	value		50000f61
ARR 50000f5e (sz=24, trace=300000, nelems=2, elem type=java.lang.Object[]@5000010a)
	[0]		50000f5f
	[1]		50000ce0
OBJ 50000f5f (sz=24, trace=300000, class=java.lang.String@5000016f)
	value		50000f60
ARR 50000f60 (sz=16, trace=300000, nelems=8, elem type=char[])
ARR 50000f61 (sz=6, trace=300000, nelems=3, elem type=char[])
OBJ 50000f62 (sz=24, trace=300000, class=java.lang.String@5000016f)
	value		50000f63
ARR 50000f63 (sz=6, trace=300000, nelems=3, elem type=char[])
OBJ 50000f64 (sz=24, trace=300000, class=java.lang.String@5000016f)
	value		50000f65
ARR 50000f65 (sz=6, trace=300000, nelems=3, elem type=char[])
OBJ 50000f66 (sz=24, trace=300000, class=java.lang.String@5000016f)
	value		50000f6a
ARR 50000f67 (sz=24, trace=300000, nelems=2, elem type=java.lang.Object[]@5000010a)
	[0]		50000f68
	[1]		50000d14
OBJ 50000f68 (sz=24, trace=300000, class=java.lang.String@5000016f)
	value		50000f69
ARR 50000f69 (sz=10, trace=300000, nelems=5, elem type=char[])
ARR 50000f6a (sz=6, trace=300000, nelems=3, elem type=char[])
OBJ 50000f6b (sz=24, trace=300000, class=java.lang.String@5000016f)
	value		50000f6c
ARR 50000f6c (sz=10, trace=300000, nelems=5, elem type=char[])
OBJ 50000f6d (sz=24, trace=300000, class=java.lang.String@5000016f)
	value		50000f71
ARR 50000f6e (sz=24, trace=300000, nelems=2, elem type=java.lang.Object[]@5000010a)
	[0]		50000f6f
	[1]		50000d39
OBJ 50000f6f (sz=24, trace=300000, class=java.lang.String@5000016f)
	value		50000f70
ARR 50000f70 (sz=18, trace=300000, nelems=9, elem type=char[])
ARR 50000f71 (sz=32, trace=300000, nelems=16, elem type=char[])
OBJ 50000f72 (sz=24, trace=300000, class=java.lang.String@5000016f)
	value		50000f73
ARR 50000f73 (sz=16, trace=300000, nelems=8, elem type=char[])
OBJ 50000f74 (sz=24, trace=300000, class=java.lang.String@5000016f)
	value		50000f75
ARR 50000f75 (sz=24, trace=300000, nelems=12, elem type=char[])
OBJ 50000f76 (sz=24, trace=300000, class=java.lang.String@5000016f)
	value		50000f77
ARR 50000f77 (sz=10, trace=300000, nelems=5, elem type=char[])
OBJ 50000f78 (sz=24, trace=300000, class=java.lang.String@5000016f)
	value		50000f79
ARR 50000f79 (sz=10, trace=300000, nelems=5, elem type=char[])
OBJ 50000f7a (sz=24, trace=300000, class=java.lang.String@5000016f)
	value		50000f7b
ARR 50000f7b (sz=10, trace=300000, nelems=5, elem type=char[])
OBJ 50000f7c (sz=24, trace=300000, class=java.lang.String@5000016f)
	value		50000f7d
ARR 50000f7d (sz=10, trace=300000, nelems=5, elem type=char[])
OBJ 50000f7e (sz=24, trace=300000, class=java.lang.String@5000016f)
	value		50000f7f
ARR 50000f7f (sz=10, trace=300000, nelems=5, elem type=char[])
OBJ 50000f80 (sz=24, trace=300000, class=java.lang.String@5000016f)
	value		50000f81
ARR 50000f81 (sz=12, trace=300000, nelems=6, elem type=char[])
OBJ 50000f82 (sz=24, trace=300000, class=java.lang.String@5000016f)
	value		50000f83
ARR 50000f83 (sz=12, trace=300000, nelems=6, elem type=char[])
OBJ 50000f84 (sz=24, trace=300000, class=java.lang.String@5000016f)
	value		50000f85
ARR 50000f85 (sz=16, trace=300000, nelems=8, elem type=char[])
OBJ 50000f86 (sz=24, trace=300000, class=java.lang.String@5000016f)
	value		50000f87
ARR 50000f87 (sz=20, trace=300000, nelems=10, elem type=char[])
OBJ 50000f88 (sz=24, trace=300000, class=java.lang.String@5000016f)
	value		50000f89
ARR 50000f89 (sz=34, trace=300000, nelems=17, elem type=char[])
OBJ 50000f8a (sz=24, trace=300000, class=java.lang.String@5000016f)
	value		50000f8b
ARR 50000f8b (sz=6, trace=300000, nelems=3, elem type=char[])
OBJ 50000f8c (sz=24, trace=300000, class=java.lang.String@5000016f)
	value		50000f8d
ARR 50000f8d (sz=30, trace=300000, nelems=15, elem type=char[])
OBJ 50000f8e (sz=24, trace=300000, class=java.lang.String@5000016f)
	value		50000f8f
ARR 50000f8f (sz=12, trace=300000, nelems=6, elem type=char[])
OBJ 50000f90 (sz=24, trace=300000, class=java.lang.String@5000016f)
	value		50000f91
ARR 50000f91 (sz=12, trace=300000, nelems=6, elem type=char[])
OBJ 50000f92 (sz=24, trace=300000, class=java.lang.String@5000016f)
	value		50000f96
ARR 50000f93 (sz=24, trace=300000, nelems=2, elem type=java.lang.Object[]@5000010a)
	[0]		50000f94
	[1]		50000d04
OBJ 50000f94 (sz=24, trace=300000, class=java.lang.String@5000016f)
	value		50000f95
ARR 50000f95 (sz=12, trace=300000, nelems=6, elem type=char[])
ARR 50000f96 (sz=6, trace=300000, nelems=3, elem type=char[])
OBJ 50000f97 (sz=24, trace=300000, class=java.lang.String@5000016f)
	value		50000f98
ARR 50000f98 (sz=12, trace=300000, nelems=6, elem type=char[])
OBJ 50000f99 (sz=24, trace=300000, class=java.lang.String@5000016f)
	value		50000f9a
ARR 50000f9a (sz=12, trace=300000, nelems=6, elem type=char[])
OBJ 50000f9b (sz=24, trace=300000, class=java.lang.String@5000016f)
	value		50000f9f
ARR 50000f9c (sz=24, trace=300000, nelems=2, elem type=java.lang.Object[]@5000010a)
	[0]		50000f9d
	[1]		50000d14
OBJ 50000f9d (sz=24, trace=300000, class=java.lang.String@5000016f)
	value		50000f9e
ARR 50000f9e (sz=12, trace=300000, nelems=6, elem type=char[])
ARR 50000f9f (sz=36, trace=300000, nelems=18, elem type=char[])
OBJ 50000fa0 (sz=24, trace=300000, class=java.lang.String@5000016f)
	value		50000fa1
ARR 50000fa1 (sz=6, trace=300000, nelems=3, elem type=char[])
OBJ 50000fa2 (sz=24, trace=300000, class=java.lang.String@5000016f)
	value		50000fa3
ARR 50000fa3 (sz=6, trace=300000, nelems=3, elem type=char[])
OBJ 50000fa4 (sz=24, trace=300000, class=java.lang.String@5000016f)
	value		50000fa5
ARR 50000fa5 (sz=6, trace=300000, nelems=3, elem type=char[])
OBJ 50000fa6 (sz=24, trace=300000, class=java.lang.String@5000016f)
	value		50000fa7
ARR 50000fa7 (sz=6, trace=300000, nelems=3, elem type=char[])
OBJ 50000fa8 (sz=24, trace=300000, class=java.lang.String@5000016f)
	value		50000fa9
ARR 50000fa9 (sz=6, trace=300000, nelems=3, elem type=char[])
OBJ 50000faa (sz=24, trace=300000, class=java.lang.String@5000016f)
	value		50000fab
ARR 50000fab (sz=30, trace=300000, nelems=15, elem type=char[])
OBJ 50000fac (sz=24, trace=300000, class=java.lang.String@5000016f)
	value		50000fad
ARR 50000fad (sz=18, trace=300000, nelems=9, elem type=char[])
OBJ 50000fae (sz=24, trace=300000, class=java.lang.String@5000016f)
	value		50000faf
ARR 50000faf (sz=26, trace=300000, nelems=13, elem type=char[])
OBJ 50000fb0 (sz=24, trace=300000, class=java.lang.String@5000016f)
	value		50000fb1
ARR 50000fb1 (sz=22, trace=300000, nelems=11, elem type=char[])
OBJ 50000fb2 (sz=24, trace=300000, class=java.lang.String@5000016f)
	value		50000fb3
ARR 50000fb3 (sz=22, trace=300000, nelems=11, elem type=char[])
OBJ 50000fb4 (sz=24, trace=300000, class=java.lang.String@5000016f)
	value		50000fb5
ARR 50000fb5 (sz=22, trace=300000, nelems=11, elem type=char[])
OBJ 50000fb6 (sz=24, trace=300000, class=java.lang.String@5000016f)
	value		50000fb7
ARR 50000fb7 (sz=22, trace=300000, nelems=11, elem type=char[])
OBJ 50000fb8 (sz=24, trace=300000, class=java.lang.String@5000016f)
	value		50000fb9
ARR 50000fb9 (sz=22, trace=300000, nelems=11, elem type=char[])
OBJ 50000fba (sz=24, trace=300000, class=java.lang.String@5000016f)
	value		50000fbb
ARR 50000fbb (sz=22, trace=300000, nelems=11, elem type=char[])
ARR 50000fbc (sz=144, trace=300000, nelems=32, elem type=java.lang.Object[]@5000010a)
	[0]		50000fbd
	[2]		50000fbe
	[3]		50000fbf
	[4]		50000fc0
	[5]		50000fc1
	[6]		50000fc2
	[7]		50000fc3
	[8]		50000fc4
	[9]		50000fc5
	[10]		50000fc6
	[11]		50000fc7
	[12]		50000fc8
	[14]		50000fc9
	[15]		50000fca
	[16]		50000fcb
	[17]		50000fcc
	[18]		50000fcd
	[19]		50000fce
	[22]		50000fcf
	[23]		50000fd0
	[24]		50000fd1
	[28]		50000fd2
	[29]		50000fd3
	[31]		50000fd4
ARR 50000fbd (sz=24, trace=300000, nelems=1, elem type=java.lang.Object[]@5000010a)
	[0]		50000d50
ARR 50000fbe (sz=32, trace=300000, nelems=3, elem type=java.lang.Object[]@5000010a)
	[0]		50000d42
	[2]		5000109d
ARR 50000fbf (sz=32, trace=300000, nelems=3, elem type=java.lang.Object[]@5000010a)
	[0]		50000d39
	[2]		5000109c
ARR 50000fc0 (sz=32, trace=300000, nelems=3, elem type=java.lang.Object[]@5000010a)
	[0]		50000d2b
	[2]		5000109a
ARR 50000fc1 (sz=32, trace=300000, nelems=3, elem type=java.lang.Object[]@5000010a)
	[0]		50000d22
	[2]		50001099
ARR 50000fc2 (sz=24, trace=300000, nelems=1, elem type=java.lang.Object[]@5000010a)
	[0]		50000d1e
ARR 50000fc3 (sz=24, trace=300000, nelems=1, elem type=java.lang.Object[]@5000010a)
	[0]		50000d1a
ARR 50000fc4 (sz=32, trace=300000, nelems=3, elem type=java.lang.Object[]@5000010a)
	[0]		50000d11
	[2]		50001098
ARR 50000fc5 (sz=32, trace=300000, nelems=3, elem type=java.lang.Object[]@5000010a)
	[0]		50000d08
	[2]		50000fdc
ARR 50000fc6 (sz=24, trace=300000, nelems=1, elem type=java.lang.Object[]@5000010a)
	[0]		50000d04
ARR 50000fc7 (sz=32, trace=300000, nelems=3, elem type=java.lang.Object[]@5000010a)
	[0]		50000cfb
	[2]		50000fdb
ARR 50000fc8 (sz=24, trace=300000, nelems=1, elem type=java.lang.Object[]@5000010a)
	[0]		50000cf7
ARR 50000fc9 (sz=24, trace=300000, nelems=1, elem type=java.lang.Object[]@5000010a)
	[0]		50000cf3
ARR 50000fca (sz=24, trace=300000, nelems=1, elem type=java.lang.Object[]@5000010a)
	[0]		50000cef
ARR 50000fcb (sz=32, trace=300000, nelems=3, elem type=java.lang.Object[]@5000010a)
	[0]		50000ce6
	[2]		50000fda
ARR 50000fcc (sz=32, trace=300000, nelems=3, elem type=java.lang.Object[]@5000010a)
	[0]		50000cdd
	[2]		50000fd9
ARR 50000fcd (sz=32, trace=300000, nelems=3, elem type=java.lang.Object[]@5000010a)
	[0]		50000ccf
	[2]		50000fd7
ARR 50000fce (sz=32, trace=300000, nelems=3, elem type=java.lang.Object[]@5000010a)
	[0]		50000cc1
	[2]		50000fd5
ARR 50000fcf (sz=24, trace=300000, nelems=1, elem type=java.lang.Object[]@5000010a)
	[0]		50000cbd
ARR 50000fd0 (sz=24, trace=300000, nelems=1, elem type=java.lang.Object[]@5000010a)
	[0]		50000cb9
ARR 50000fd1 (sz=24, trace=300000, nelems=1, elem type=java.lang.Object[]@5000010a)
	[0]		50000cb5
ARR 50000fd2 (sz=24, trace=300000, nelems=1, elem type=java.lang.Object[]@5000010a)
	[0]		50000cb1
ARR 50000fd3 (sz=24, trace=300000, nelems=1, elem type=java.lang.Object[]@5000010a)
	[0]		50000cad
ARR 50000fd4 (sz=24, trace=300000, nelems=1, elem type=java.lang.Object[]@5000010a)
	[0]		50000ca9
ARR 50000fd5 (sz=32, trace=300000, nelems=3, elem type=java.lang.Object[]@5000010a)
	[0]		50000cc4
	[2]		50000fd6
ARR 50000fd6 (sz=24, trace=300000, nelems=1, elem type=java.lang.Object[]@5000010a)
	[0]		50000cc7
ARR 50000fd7 (sz=32, trace=300000, nelems=3, elem type=java.lang.Object[]@5000010a)
	[0]		50000cd2
	[2]		50000fd8
ARR 50000fd8 (sz=24, trace=300000, nelems=1, elem type=java.lang.Object[]@5000010a)
	[0]		50000cd5
ARR 50000fd9 (sz=24, trace=300000, nelems=1, elem type=java.lang.Object[]@5000010a)
	[0]		50000ce0
ARR 50000fda (sz=24, trace=300000, nelems=1, elem type=java.lang.Object[]@5000010a)
	[0]		50000ce9
ARR 50000fdb (sz=24, trace=300000, nelems=1, elem type=java.lang.Object[]@5000010a)
	[0]		50000cfe
ARR 50000fdc (sz=24, trace=300000, nelems=2, elem type=java.lang.Object[]@5000010a)
	[0]		50000d0b
	[1]		50000c88
ARR 50000fdd (sz=24, trace=300000, nelems=2, elem type=java.lang.String[]@500000cf)
	[0]		50000fe0
	[1]		50000f88
OBJ 50000fde (sz=24, trace=300000, class=java.lang.String@5000016f)
	value		50000fdf
ARR 50000fdf (sz=10, trace=300000, nelems=5, elem type=char[])
OBJ 50000fe0 (sz=24, trace=300000, class=java.lang.String@5000016f)
	value		50000fe1
ARR 50000fe1 (sz=8, trace=300000, nelems=4, elem type=char[])
OBJ 50000fe2 (sz=24, trace=300000, class=java.lang.String@5000016f)
	value		50001050
OBJ 50000fe3 (sz=24, trace=300000, class=java.lang.String@5000016f)
	value		5000104f
OBJ 50000fe4 (sz=24, trace=300000, class=java.lang.String@5000016f)
	value		5000104e
OBJ 50000fe5 (sz=24, trace=300000, class=java.lang.String@5000016f)
	value		5000104d
OBJ 50000fe6 (sz=24, trace=300000, class=java.lang.String@5000016f)
	value		5000104c
OBJ 50000fe7 (sz=24, trace=300000, class=java.lang.String@5000016f)
	value		5000104b
OBJ 50000fe8 (sz=24, trace=300000, class=java.lang.String@5000016f)
	value		5000104a
OBJ 50000fe9 (sz=24, trace=300000, class=java.lang.String@5000016f)
	value		50001052
OBJ 50000fea (sz=24, trace=300000, class=java.lang.String@5000016f)
	value		50001051
OBJ 50000feb (sz=24, trace=300000, class=java.lang.String@5000016f)
	value		50001053
OBJ 50000fec (sz=24, trace=300000, class=java.lang.String@5000016f)
	value		50001056
OBJ 50000fed (sz=24, trace=300000, class=java.lang.String@5000016f)
	value		50001055
OBJ 50000fee (sz=24, trace=300000, class=java.lang.String@5000016f)
	value		50001054
OBJ 50000fef (sz=24, trace=300000, class=java.lang.String@5000016f)
	value		50001058
OBJ 50000ff0 (sz=24, trace=300000, class=java.lang.String@5000016f)
	value		50001057
OBJ 50000ff1 (sz=24, trace=300000, class=java.lang.String@5000016f)
	value		50001059
OBJ 50000ff2 (sz=24, trace=300000, class=java.lang.String@5000016f)
	value		5000105a
OBJ 50000ff3 (sz=24, trace=300000, class=java.lang.String@5000016f)
	value		5000105b
OBJ 50000ff4 (sz=24, trace=300000, class=java.lang.String@5000016f)
	value		5000105c
OBJ 50000ff5 (sz=24, trace=300000, class=java.lang.String@5000016f)
	value		5000105d
OBJ 50000ff6 (sz=24, trace=300000, class=java.lang.String@5000016f)
	value		5000105e
OBJ 50000ff7 (sz=24, trace=300000, class=java.lang.String@5000016f)
	value		50001065
OBJ 50000ff8 (sz=24, trace=300000, class=java.lang.String@5000016f)
	value		50001064
OBJ 50000ff9 (sz=24, trace=300000, class=java.lang.String@5000016f)
	value		50001063
OBJ 50000ffa (sz=24, trace=300000, class=java.lang.String@5000016f)
	value		50001062
OBJ 50000ffb (sz=24, trace=300000, class=java.lang.String@5000016f)
	value		50001061
OBJ 50000ffc (sz=24, trace=300000, class=java.lang.String@5000016f)
	value		50001060
OBJ 50000ffd (sz=24, trace=300000, class=java.lang.String@5000016f)
	value		5000105f
OBJ 50000ffe (sz=24, trace=300000, class=java.lang.String@5000016f)
	value		50001069
OBJ 50000fff (sz=24, trace=300000, class=java.lang.String@5000016f)
	value		50001068
OBJ 50001000 (sz=24, trace=300000, class=java.lang.String@5000016f)
	value		50001067
OBJ 50001001 (sz=24, trace=300000, class=java.lang.String@5000016f)
	value		50001066
OBJ 50001002 (sz=24, trace=300000, class=java.lang.String@5000016f)
	value		5000106c
OBJ 50001003 (sz=24, trace=300000, class=java.lang.String@5000016f)
	value		5000106b
OBJ 50001004 (sz=24, trace=300000, class=java.lang.String@5000016f)
	value		5000106a
OBJ 50001005 (sz=24, trace=300000, class=java.lang.String@5000016f)
	value		50001070
OBJ 50001006 (sz=24, trace=300000, class=java.lang.String@5000016f)
	value		5000106f
OBJ 50001007 (sz=24, trace=300000, class=java.lang.String@5000016f)
	value		5000106e
OBJ 50001008 (sz=24, trace=300000, class=java.lang.String@5000016f)
	value		5000106d
OBJ 50001009 (sz=24, trace=300000, class=java.lang.String@5000016f)
	value		50001075
OBJ 5000100a (sz=24, trace=300000, class=java.lang.String@5000016f)
	value		50001074
OBJ 5000100b (sz=24, trace=300000, class=java.lang.String@5000016f)
	value		50001073
OBJ 5000100c (sz=24, trace=300000, class=java.lang.String@5000016f)
	value		50001072
OBJ 5000100d (sz=24, trace=300000, class=java.lang.String@5000016f)
	value		50001071
OBJ 5000100e (sz=24, trace=300000, class=java.lang.String@5000016f)
	value		50001079
OBJ 5000100f (sz=24, trace=300000, class=java.lang.String@5000016f)
	value		50001078
OBJ 50001010 (sz=24, trace=300000, class=java.lang.String@5000016f)
	value		50001077
OBJ 50001011 (sz=24, trace=300000, class=java.lang.String@5000016f)
	value		50001076
OBJ 50001012 (sz=24, trace=300000, class=java.lang.String@5000016f)
	value		5000107a
OBJ 50001013 (sz=24, trace=300000, class=java.lang.String@5000016f)
	value		50001086
OBJ 50001014 (sz=24, trace=300000, class=java.lang.String@5000016f)
	value		50001085
OBJ 50001015 (sz=24, trace=300000, class=java.lang.String@5000016f)
	value		50001084
OBJ 50001016 (sz=24, trace=300000, class=java.lang.String@5000016f)
	value		50001083
OBJ 50001017 (sz=24, trace=300000, class=java.lang.String@5000016f)
	value		50001082
OBJ 50001018 (sz=24, trace=300000, class=java.lang.String@5000016f)
	value		50001081
OBJ 50001019 (sz=24, trace=300000, class=java.lang.String@5000016f)
	value		50001080
OBJ 5000101a (sz=24, trace=300000, class=java.lang.String@5000016f)
	value		5000107f
OBJ 5000101b (sz=24, trace=300000, class=java.lang.String@5000016f)
	value		5000107e
OBJ 5000101c (sz=24, trace=300000, class=java.lang.String@5000016f)
	value		5000107d
OBJ 5000101d (sz=24, trace=300000, class=java.lang.String@5000016f)
	value		5000107c
OBJ 5000101e (sz=24, trace=300000, class=java.lang.String@5000016f)
	value		5000107b
OBJ 5000101f (sz=24, trace=300000, class=java.lang.String@5000016f)
	value		50001087
OBJ 50001020 (sz=24, trace=300000, class=java.lang.String@5000016f)
	value		50001088
OBJ 50001021 (sz=24, trace=300000, class=java.lang.String@5000016f)
	value		50001089
OBJ 50001022 (sz=24, trace=300000, class=java.lang.String@5000016f)
	value		5000108a
OBJ 50001023 (sz=24, trace=300000, class=java.lang.String@5000016f)
	value		5000108b
ARR 50001024 (sz=32, trace=300000, nelems=4, elem type=java.lang.String[]@500000cf)
	[0]		50000ee7
	[1]		50000ead
	[2]		50000ea9
	[3]		50000f48
ARR 50001025 (sz=40, trace=300000, nelems=5, elem type=java.lang.String[]@500000cf)
	[0]		50000ef1
	[1]		50000d42
	[2]		50000eaf
	[3]		50000f52
	[4]		50001023
ARR 50001026 (sz=40, trace=300000, nelems=6, elem type=java.lang.String[]@500000cf)
	[0]		50000ef3
	[1]		50000d50
	[2]		50000eb1
	[3]		50000f54
	[4]		50001022
	[5]		50000e50
ARR 50001027 (sz=40, trace=300000, nelems=5, elem type=java.lang.String[]@500000cf)
	[0]		50000f03
	[1]		50000e52
	[2]		50000e7a
	[3]		50000f58
	[4]		50001021
ARR 50001028 (sz=40, trace=300000, nelems=5, elem type=java.lang.String[]@500000cf)
	[0]		50000f08
	[1]		50000cc4
	[2]		50000ebf
	[3]		50000f5d
	[4]		50001020
ARR 50001029 (sz=40, trace=300000, nelems=5, elem type=java.lang.String[]@500000cf)
	[0]		50000f0d
	[1]		50000ec1
	[2]		50000ccf
	[3]		50000f62
	[4]		50000e38
ARR 5000102a (sz=40, trace=300000, nelems=5, elem type=java.lang.String[]@500000cf)
	[0]		50000f11
	[1]		50000ce6
	[2]		50000ec3
	[3]		50000f64
	[4]		5000101f
ARR 5000102b (sz=40, trace=300000, nelems=5, elem type=java.lang.String[]@500000cf)
	[0]		50000f18
	[1]		50000ec5
	[2]		50000cef
	[3]		50000f66
	[4]		50000e1a
ARR 5000102c (sz=32, trace=300000, nelems=4, elem type=java.lang.String[]@500000cf)
	[0]		50000ecd
	[1]		50000ce9
	[2]		50000e7c
	[3]		50000efd
ARR 5000102d (sz=32, trace=300000, nelems=4, elem type=java.lang.String[]@500000cf)
	[0]		50000f05
	[1]		50000ec9
	[2]		50000ebd
	[3]		50000f5a
ARR 5000102e (sz=40, trace=300000, nelems=6, elem type=java.lang.String[]@500000cf)
	[0]		50000eb9
	[1]		50000cd2
	[2]		50000e6e
	[3]		50000ee1
	[4]		50000f6d
	[5]		50000e36
ARR 5000102f (sz=24, trace=300000, nelems=2, elem type=java.lang.String[]@500000cf)
	[0]		50000e8e
	[1]		50000e20
ARR 50001030 (sz=24, trace=300000, nelems=2, elem type=java.lang.String[]@500000cf)
	[0]		50000e91
	[1]		50000e22
ARR 50001031 (sz=24, trace=300000, nelems=2, elem type=java.lang.String[]@500000cf)
	[0]		50000e93
	[1]		50000e26
ARR 50001032 (sz=24, trace=300000, nelems=2, elem type=java.lang.String[]@500000cf)
	[0]		50000e95
	[1]		50000e28
ARR 50001033 (sz=32, trace=300000, nelems=3, elem type=java.lang.String[]@500000cf)
	[0]		50000e97
	[1]		50000e2a
	[2]		50000f6f
ARR 50001034 (sz=24, trace=300000, nelems=2, elem type=java.lang.String[]@500000cf)
	[0]		50000e99
	[1]		50000e2c
ARR 50001035 (sz=24, trace=300000, nelems=1, elem type=java.lang.String[]@500000cf)
	[0]		50000f80
ARR 50001036 (sz=32, trace=300000, nelems=3, elem type=java.lang.String[]@500000cf)
	[0]		50000f82
	[1]		50000eff
	[2]		50000e5c
ARR 50001037 (sz=80, trace=300000, nelems=15, elem type=java.lang.String[]@500000cf)
	[0]		50001013
	[1]		50000e74
	[2]		50001014
	[3]		50001015
	[4]		50001016
	[5]		50001017
	[6]		50001018
	[7]		50000f76
	[8]		50000fa0
	[9]		50001019
	[10]		5000101a
	[11]		5000101b
	[12]		5000101c
	[13]		5000101d
	[14]		5000101e
ARR 50001038 (sz=32, trace=300000, nelems=4, elem type=java.lang.String[]@500000cf)
	[0]		50000e85
	[1]		50000e78
	[2]		50000f32
	[3]		50001012
ARR 50001039 (sz=72, trace=300000, nelems=13, elem type=java.lang.String[]@500000cf)
	[0]		50000f3a
	[1]		50000f8e
	[2]		50000eb3
	[3]		5000100e
	[4]		5000100f
	[5]		50001010
	[6]		50000ed7
	[7]		50000f0f
	[8]		50000f24
	[9]		50000ef9
	[10]		50000fa2
	[11]		50000f78
	[12]		50001011
ARR 5000103a (sz=80, trace=300000, nelems=16, elem type=java.lang.String[]@500000cf)
	[0]		50000f3c
	[1]		50000f90
	[2]		50000ecb
	[3]		50001009
	[4]		5000100a
	[5]		5000100b
	[6]		5000100c
	[7]		50000e64
	[8]		50000f2b
	[9]		5000100d
	[10]		50000e45
	[11]		50000ef5
	[12]		50000eeb
	[13]		50000f92
	[14]		50000f6b
	[15]		50000e56
ARR 5000103b (sz=64, trace=300000, nelems=12, elem type=java.lang.String[]@500000cf)
	[0]		50000f3e
	[1]		50000f94
	[2]		50000eb5
	[3]		50001005
	[4]		50001006
	[5]		50001007
	[6]		50000f16
	[7]		50000f34
	[8]		50000f22
	[9]		50000f7a
	[10]		50000fa4
	[11]		50001008
ARR 5000103c (sz=72, trace=300000, nelems=13, elem type=java.lang.String[]@500000cf)
	[0]		50000f40
	[1]		50000e5a
	[2]		50000f97
	[3]		50000ed5
	[4]		50001002
	[5]		50001003
	[6]		50000ed9
	[7]		50000f13
	[8]		50000f36
	[9]		50000f26
	[10]		50000f7c
	[11]		50000fa6
	[12]		50001004
ARR 5000103d (sz=72, trace=300000, nelems=13, elem type=java.lang.String[]@500000cf)
	[0]		50000f42
	[1]		50000f99
	[2]		50000ee3
	[3]		50000ffe
	[4]		50000fff
	[5]		50001000
	[6]		50000edb
	[7]		50000f1c
	[8]		50000f38
	[9]		50000f29
	[10]		50000f7e
	[11]		50000fa8
	[12]		50001001
ARR 5000103e (sz=72, trace=300000, nelems=14, elem type=java.lang.String[]@500000cf)
	[0]		50000ee5
	[1]		50000ff7
	[2]		50000edd
	[3]		50000f20
	[4]		50000ff8
	[5]		50000f68
	[6]		50000ff9
	[7]		50000f8a
	[8]		50000ffa
	[9]		50000ffb
	[10]		50000ffc
	[11]		50000d15
	[12]		50000f9d
	[13]		50000ffd
ARR 5000103f (sz=24, trace=300000, nelems=2, elem type=java.lang.String[]@500000cf)
	[0]		50000cb6
	[1]		50000ff6
ARR 50001040 (sz=24, trace=300000, nelems=2, elem type=java.lang.String[]@500000cf)
	[0]		50000cc8
	[1]		50000ff5
ARR 50001041 (sz=24, trace=300000, nelems=2, elem type=java.lang.String[]@500000cf)
	[0]		50000d32
	[1]		50000ff4
ARR 50001042 (sz=24, trace=300000, nelems=2, elem type=java.lang.String[]@500000cf)
	[0]		50000caa
	[1]		50000ff3
ARR 50001043 (sz=24, trace=300000, nelems=2, elem type=java.lang.String[]@500000cf)
	[0]		50000d46
	[1]		50000ff2
ARR 50001044 (sz=24, trace=300000, nelems=1, elem type=java.lang.String[]@500000cf)
	[0]		50000ff1
ARR 50001045 (sz=32, trace=300000, nelems=3, elem type=java.lang.String[]@500000cf)
	[0]		50000d49
	[1]		50000fef
	[2]		50000ff0
ARR 50001046 (sz=32, trace=300000, nelems=4, elem type=java.lang.String[]@500000cf)
	[0]		50000d1b
	[1]		50000fec
	[2]		50000fed
	[3]		50000fee
ARR 50001047 (sz=32, trace=300000, nelems=4, elem type=java.lang.String[]@500000cf)
	[0]		50000d26
	[1]		50000eb7
	[2]		50000e66
	[3]		50000feb
ARR 50001048 (sz=24, trace=300000, nelems=2, elem type=java.lang.String[]@500000cf)
	[0]		50000fe9
	[1]		50000fea
ARR 50001049 (sz=72, trace=300000, nelems=14, elem type=java.lang.String[]@500000cf)
	[0]		50000f5f
	[1]		50000fe2
	[2]		50000fe3
	[3]		50000fe4
	[4]		50000fe5
	[5]		50000e76
	[6]		50000fe6
	[7]		50000e72
	[8]		50000fe7
	[9]		50000ea5
	[10]		50000f2d
	[11]		50000e2e
	[12]		50000fe8
	[13]		50000e62
ARR 5000104a (sz=28, trace=300000, nelems=14, elem type=char[])
ARR 5000104b (sz=14, trace=300000, nelems=7, elem type=char[])
ARR 5000104c (sz=12, trace=300000, nelems=6, elem type=char[])
ARR 5000104d (sz=18, trace=300000, nelems=9, elem type=char[])
ARR 5000104e (sz=10, trace=300000, nelems=5, elem type=char[])
ARR 5000104f (sz=32, trace=300000, nelems=16, elem type=char[])
ARR 50001050 (sz=28, trace=300000, nelems=14, elem type=char[])
ARR 50001051 (sz=16, trace=300000, nelems=8, elem type=char[])
ARR 50001052 (sz=10, trace=300000, nelems=5, elem type=char[])
ARR 50001053 (sz=20, trace=300000, nelems=10, elem type=char[])
ARR 50001054 (sz=36, trace=300000, nelems=18, elem type=char[])
ARR 50001055 (sz=20, trace=300000, nelems=10, elem type=char[])
ARR 50001056 (sz=30, trace=300000, nelems=15, elem type=char[])
ARR 50001057 (sz=42, trace=300000, nelems=21, elem type=char[])
ARR 50001058 (sz=20, trace=300000, nelems=10, elem type=char[])
ARR 50001059 (sz=26, trace=300000, nelems=13, elem type=char[])
ARR 5000105a (sz=10, trace=300000, nelems=5, elem type=char[])
ARR 5000105b (sz=20, trace=300000, nelems=10, elem type=char[])
ARR 5000105c (sz=20, trace=300000, nelems=10, elem type=char[])
ARR 5000105d (sz=24, trace=300000, nelems=12, elem type=char[])
ARR 5000105e (sz=24, trace=300000, nelems=12, elem type=char[])
ARR 5000105f (sz=18, trace=300000, nelems=9, elem type=char[])
ARR 50001060 (sz=30, trace=300000, nelems=15, elem type=char[])
ARR 50001061 (sz=18, trace=300000, nelems=9, elem type=char[])
ARR 50001062 (sz=14, trace=300000, nelems=7, elem type=char[])
ARR 50001063 (sz=22, trace=300000, nelems=11, elem type=char[])
ARR 50001064 (sz=12, trace=300000, nelems=6, elem type=char[])
ARR 50001065 (sz=20, trace=300000, nelems=10, elem type=char[])
ARR 50001066 (sz=22, trace=300000, nelems=11, elem type=char[])
ARR 50001067 (sz=18, trace=300000, nelems=9, elem type=char[])
ARR 50001068 (sz=30, trace=300000, nelems=15, elem type=char[])
ARR 50001069 (sz=20, trace=300000, nelems=10, elem type=char[])
ARR 5000106a (sz=22, trace=300000, nelems=11, elem type=char[])
ARR 5000106b (sz=30, trace=300000, nelems=15, elem type=char[])
ARR 5000106c (sz=20, trace=300000, nelems=10, elem type=char[])
ARR 5000106d (sz=36, trace=300000, nelems=18, elem type=char[])
ARR 5000106e (sz=18, trace=300000, nelems=9, elem type=char[])
ARR 5000106f (sz=30, trace=300000, nelems=15, elem type=char[])
ARR 50001070 (sz=20, trace=300000, nelems=10, elem type=char[])
ARR 50001071 (sz=30, trace=300000, nelems=15, elem type=char[])
ARR 50001072 (sz=16, trace=300000, nelems=8, elem type=char[])
ARR 50001073 (sz=16, trace=300000, nelems=8, elem type=char[])
ARR 50001074 (sz=30, trace=300000, nelems=15, elem type=char[])
ARR 50001075 (sz=20, trace=300000, nelems=10, elem type=char[])
ARR 50001076 (sz=22, trace=300000, nelems=11, elem type=char[])
ARR 50001077 (sz=18, trace=300000, nelems=9, elem type=char[])
ARR 50001078 (sz=30, trace=300000, nelems=15, elem type=char[])
ARR 50001079 (sz=20, trace=300000, nelems=10, elem type=char[])
ARR 5000107a (sz=20, trace=300000, nelems=10, elem type=char[])
ARR 5000107b (sz=30, trace=300000, nelems=15, elem type=char[])
ARR 5000107c (sz=22, trace=300000, nelems=11, elem type=char[])
ARR 5000107d (sz=22, trace=300000, nelems=11, elem type=char[])
ARR 5000107e (sz=4, trace=300000, nelems=2, elem type=char[])
ARR 5000107f (sz=12, trace=300000, nelems=6, elem type=char[])
ARR 50001080 (sz=12, trace=300000, nelems=6, elem type=char[])
ARR 50001081 (sz=14, trace=300000, nelems=7, elem type=char[])
ARR 50001082 (sz=12, trace=300000, nelems=6, elem type=char[])
ARR 50001083 (sz=20, trace=300000, nelems=10, elem type=char[])
ARR 50001084 (sz=20, trace=300000, nelems=10, elem type=char[])
ARR 50001085 (sz=22, trace=300000, nelems=11, elem type=char[])
ARR 50001086 (sz=22, trace=300000, nelems=11, elem type=char[])
ARR 50001087 (sz=16, trace=300000, nelems=8, elem type=char[])
ARR 50001088 (sz=16, trace=300000, nelems=8, elem type=char[])
ARR 50001089 (sz=48, trace=300000, nelems=24, elem type=char[])
ARR 5000108a (sz=16, trace=300000, nelems=8, elem type=char[])
ARR 5000108b (sz=16, trace=300000, nelems=8, elem type=char[])
ARR 5000108c (sz=20, trace=300000, nelems=10, elem type=char[])
ARR 5000108d (sz=32, trace=300000, nelems=4, elem type=java.lang.String[]@500000cf)
	[0]		50000c7d
	[1]		50000c7e
	[2]		50000c7f
	[3]		50000c80
OBJ 5000108e (sz=24, trace=300000, class=java.lang.String@5000016f)
	value		50001094
OBJ 5000108f (sz=24, trace=300000, class=java.lang.String@5000016f)
	value		50001095
OBJ 50001090 (sz=24, trace=300000, class=java.lang.String@5000016f)
	value		50001096
OBJ 50001091 (sz=16, trace=300000, class=java.nio.charset.CodingErrorAction@50000093)
	name		50001090
OBJ 50001092 (sz=16, trace=300000, class=java.nio.charset.CodingErrorAction@50000093)
	name		5000108f
OBJ 50001093 (sz=16, trace=300000, class=java.nio.charset.CodingErrorAction@50000093)
	name		5000108e
ARR 50001094 (sz=12, trace=300000, nelems=6, elem type=char[])
ARR 50001095 (sz=14, trace=300000, nelems=7, elem type=char[])
ARR 50001096 (sz=12, trace=300000, nelems=6, elem type=char[])
ARR 50001097 (sz=6, trace=300000, nelems=3, elem type=char[])
ARR 50001098 (sz=24, trace=300000, nelems=1, elem type=java.lang.Object[]@5000010a)
	[0]		50000d14
ARR 50001099 (sz=24, trace=300000, nelems=1, elem type=java.lang.Object[]@5000010a)
	[0]		50000d25
ARR 5000109a (sz=32, trace=300000, nelems=3, elem type=java.lang.Object[]@5000010a)
	[0]		50000d2e
	[2]		5000109b
ARR 5000109b (sz=24, trace=300000, nelems=1, elem type=java.lang.Object[]@5000010a)
	[0]		50000d31
ARR 5000109c (sz=24, trace=300000, nelems=1, elem type=java.lang.Object[]@5000010a)
	[0]		50000d3c
ARR 5000109d (sz=32, trace=300000, nelems=3, elem type=java.lang.Object[]@5000010a)
	[0]		50000d45
	[2]		5000109e
ARR 5000109e (sz=24, trace=300000, nelems=1, elem type=java.lang.Object[]@5000010a)
	[0]		50000d48
OBJ 5000109f (sz=16, trace=300000, class=java.util.concurrent.atomic.AtomicInteger@500000c8)
OBJ 500010a0 (sz=24, trace=300000, class=java.lang.String@5000016f)
	value		500010a5
OBJ 500010a1 (sz=32, trace=300000, class=java.lang.ref.ReferenceQueue$Null@500000dd)
	lock		500010a4
OBJ 500010a2 (sz=32, trace=300000, class=java.lang.ref.ReferenceQueue$Null@500000dd)
	lock		500010a3
OBJ 500010a3 (sz=16, trace=300000, class=java.lang.ref.ReferenceQueue$Lock@500000dc)
OBJ 500010a4 (sz=16, trace=300000, class=java.lang.ref.ReferenceQueue$Lock@500000dc)
ARR 500010a5 (sz=34, trace=300000, nelems=17, elem type=char[])
ARR 500010a6 (sz=26, trace=300000, nelems=13, elem type=char[])
ARR 500010a7 (sz=38, trace=300000, nelems=19, elem type=char[])
ARR 500010a8 (sz=2, trace=300000, nelems=1, elem type=char[])
ARR 500010a9 (sz=20, trace=300000, nelems=10, elem type=char[])
OBJ 500010aa (sz=24, trace=300000, class=java.lang.String@5000016f)
	value		500010c2
OBJ 500010ab (sz=24, trace=300000, class=java.lang.String@5000016f)
	value		500010c1
OBJ 500010ac (sz=24, trace=300000, class=java.lang.String@5000016f)
	value		500010c0
OBJ 500010ad (sz=24, trace=300000, class=java.lang.String@5000016f)
	value		500010bf
OBJ 500010ae (sz=24, trace=300000, class=java.lang.String@5000016f)
	value		500010be
OBJ 500010af (sz=24, trace=300000, class=java.lang.String@5000016f)
	value		500010bd
OBJ 500010b0 (sz=24, trace=300000, class=java.lang.String@5000016f)
	value		500010bc
OBJ 500010b1 (sz=24, trace=300000, class=java.lang.String@5000016f)
	value		500010bb
ARR 500010b2 (sz=32, trace=300000, nelems=16, elem type=char[])
OBJ 500010b3 (sz=24, trace=300000, class=java.util.BitSet@5000002c)
	words		500010b4
ARR 500010b4 (sz=32, trace=300000, nelems=4, elem type=long[])
OBJ 500010b5 (sz=24, trace=300000, class=java.lang.String@5000016f)
	value		500010b9
ARR 500010b6 (sz=24, trace=300000, nelems=1, elem type=java.io.ObjectStreamField[]@500000fc)
	[0]		500010b7
OBJ 500010b7 (sz=40, trace=300000, class=java.io.ObjectStreamField@500000fe)
	name		500010b5
	signature	500010b8
	type		50000174
OBJ 500010b8 (sz=24, trace=300000, class=java.lang.String@5000016f)
	value		500010ba
ARR 500010b9 (sz=8, trace=300000, nelems=4, elem type=char[])
ARR 500010ba (sz=4, trace=300000, nelems=2, elem type=char[])
ARR 500010bb (sz=10, trace=300000, nelems=5, elem type=char[])
ARR 500010bc (sz=16, trace=300000, nelems=8, elem type=char[])
ARR 500010bd (sz=14, trace=300000, nelems=7, elem type=char[])
ARR 500010be (sz=4, trace=300000, nelems=2, elem type=char[])
ARR 500010bf (sz=14, trace=300000, nelems=7, elem type=char[])
ARR 500010c0 (sz=2, trace=300000, nelems=1, elem type=char[])
ARR 500010c1 (sz=24, trace=300000, nelems=12, elem type=char[])
ARR 500010c2 (sz=18, trace=300000, nelems=9, elem type=char[])
ARR 500010c3 (sz=16, trace=300000, nelems=0, elem type=java.lang.Throwable[]@50000102)
OBJ 500010c4 (sz=24, trace=300000, class=java.lang.String@5000016f)
	value		500010ce
OBJ 500010c5 (sz=24, trace=300000, class=java.lang.String@5000016f)
	value		500010cd
OBJ 500010c6 (sz=24, trace=300000, class=java.lang.String@5000016f)
	value		500010cc
OBJ 500010c7 (sz=24, trace=300000, class=java.lang.String@5000016f)
	value		500010cb
OBJ 500010c8 (sz=24, trace=300000, class=java.util.Collections$UnmodifiableRandomAccessList@500000bc)
	c		500010ca
	list		500010ca
ARR 500010c9 (sz=16, trace=300000, nelems=0, elem type=java.lang.StackTraceElement[]@500000f6)
OBJ 500010ca (sz=24, trace=300000, class=java.util.ArrayList@500000c5)
	elementData	50000c0b
ARR 500010cb (sz=66, trace=300000, nelems=33, elem type=char[])
ARR 500010cc (sz=60, trace=300000, nelems=30, elem type=char[])
ARR 500010cd (sz=22, trace=300000, nelems=11, elem type=char[])
ARR 500010ce (sz=24, trace=300000, nelems=12, elem type=char[])
OBJ 500010cf (sz=24, trace=300000, class=java.lang.String@5000016f)
	value		500010de
OBJ 500010d0 (sz=24, trace=300000, class=java.lang.String@5000016f)
	value		500010dd
OBJ 500010d1 (sz=24, trace=300000, class=java.lang.String@5000016f)
	value		500010dc
OBJ 500010d2 (sz=24, trace=300000, class=java.lang.String@5000016f)
	value		500010db
OBJ 500010d3 (sz=24, trace=300000, class=java.lang.String@5000016f)
	value		500010d6
OBJ 500010d4 (sz=24, trace=300000, class=java.lang.String@5000016f)
	value		500010d5
ARR 500010d5 (sz=30, trace=300000, nelems=15, elem type=char[])
ARR 500010d6 (sz=16, trace=300000, nelems=8, elem type=char[])
OBJ 500010d7 (sz=24, trace=300000, class=java.lang.String@5000016f)
	value		500010d8
ARR 500010d8 (sz=6, trace=300000, nelems=3, elem type=char[])
ARR 500010d9 (sz=62, trace=300000, nelems=31, elem type=char[])
ARR 500010da (sz=8, trace=300000, nelems=4, elem type=char[])
ARR 500010db (sz=80, trace=300000, nelems=40, elem type=char[])
ARR 500010dc (sz=76, trace=300000, nelems=38, elem type=char[])
ARR 500010dd (sz=54, trace=300000, nelems=27, elem type=char[])
ARR 500010de (sz=24, trace=300000, nelems=12, elem type=char[])
OBJ 500010df (sz=24, trace=300000, class=java.lang.String@5000016f)
	value		500010e0
ARR 500010e0 (sz=4, trace=300000, nelems=2, elem type=char[])
OBJ 500010e1 (sz=32, trace=300000, class=java.lang.ref.ReferenceQueue@500000de)
	lock		500010e3
ARR 500010e2 (sz=80, trace=300000, nelems=0, elem type=java.util.WeakHashMap$Entry[]@50000045)
OBJ 500010e3 (sz=16, trace=300000, class=java.lang.ref.ReferenceQueue$Lock@500000dc)
OBJ 500010e4 (sz=16, trace=300000, class=java.lang.Object@50000173)
OBJ 500010e5 (sz=24, trace=300000, class=java.lang.String@5000016f)
	value		500010f0
OBJ 500010e6 (sz=24, trace=300000, class=java.lang.String@5000016f)
	value		500010ef
OBJ 500010e7 (sz=24, trace=300000, class=java.lang.String@5000016f)
	value		500010ee
OBJ 500010e8 (sz=16, trace=300000, class=sun.misc.Launcher@50000119)
	loader		500007bd
OBJ 500010e9 (sz=16, trace=300000, class=sun.misc.Launcher$Factory@50000049)
OBJ 500010ea (sz=24, trace=300000, class=java.lang.String@5000016f)
	value		500010ed
OBJ 500010eb (sz=24, trace=300000, class=java.lang.String@5000016f)
	value		500010ec
ARR 500010ec (sz=6, trace=300000, nelems=3, elem type=char[])
ARR 500010ed (sz=30, trace=300000, nelems=15, elem type=char[])
ARR 500010ee (sz=38, trace=300000, nelems=19, elem type=char[])
ARR 500010ef (sz=42, trace=300000, nelems=21, elem type=char[])
ARR 500010f0 (sz=26, trace=300000, nelems=13, elem type=char[])
ARR 500010f1 (sz=56, trace=300000, nelems=0, elem type=java.lang.Object[]@5000010a)
OBJ 500010f2 (sz=16, trace=300000, class=java.security.ProtectionDomain$Key@50000008)
	this$0		50000a00
ARR 500010f3 (sz=16, trace=300000, nelems=0, elem type=java.security.Principal[]@50000006)
OBJ 500010f4 (sz=32, trace=300000, class=java.security.CodeSource@50000116)
OBJ 500010f5 (sz=16, trace=300000, class=java.util.HashSet@50000005)
	map		500010f6
OBJ 500010f6 (sz=48, trace=300000, class=java.util.HashMap@500000ba)
ARR 500010f7 (sz=56, trace=300000, nelems=0, elem type=java.lang.Object[]@5000010a)
OBJ 500010f8 (sz=16, trace=300000, class=sun.net.www.protocol.jar.Handler@50000003)
OBJ 500010f9 (sz=48, trace=300000, class=java.util.HashMap@500000ba)
	table		500002c8
OBJ 500010fa (sz=24, trace=300000, class=java.util.ArrayList@500000c5)
	elementData	500002c7
OBJ 500010fb (sz=32, trace=300000, class=java.util.Stack@500000e4)
	elementData	50001101
OBJ 500010fc (sz=24, trace=300000, class=java.util.ArrayList@500000c5)
	elementData	500010fd
ARR 500010fd (sz=56, trace=300000, nelems=1, elem type=java.lang.Object[]@5000010a)
	[0]		500010fe
OBJ 500010fe (sz=64, trace=300000, class=java.net.URL@5000011b)
	protocol	50000bdd
	host		5000089c
	file		500010ff
	authority	5000089c
	path		500010ff
	handler		50000bdb
OBJ 500010ff (sz=24, trace=300000, class=java.lang.String@5000016f)
	value		50001100
ARR 50001100 (sz=80, trace=300000, nelems=40, elem type=char[])
ARR 50001101 (sz=56, trace=300000, nelems=0, elem type=java.lang.Object[]@5000010a)
OBJ 50001102 (sz=32, trace=300000, class=java.lang.ref.ReferenceQueue@500000de)
	lock		50001104
ARR 50001103 (sz=80, trace=300000, nelems=0, elem type=java.util.WeakHashMap$Entry[]@50000045)
OBJ 50001104 (sz=16, trace=300000, class=java.lang.ref.ReferenceQueue$Lock@500000dc)
ARR 50001105 (sz=56, trace=300000, nelems=1, elem type=java.lang.Object[]@5000010a)
	[0]		50000b89
ARR 50001106 (sz=56, trace=300000, nelems=1, elem type=java.lang.Object[]@5000010a)
	[0]		50001107
OBJ 50001107 (sz=40, trace=300000, class=java.lang.ClassLoader$NativeLibrary@5000005f)
	fromClass	50000168
	name		50000b89
ARR 50001108 (sz=56, trace=300000, nelems=0, elem type=java.lang.Object[]@5000010a)
OBJ 50001109 (sz=24, trace=300000, class=java.lang.String@5000016f)
	value		50001112
OBJ 5000110a (sz=24, trace=300000, class=java.lang.String@5000016f)
	value		50001111
OBJ 5000110b (sz=24, trace=300000, class=java.lang.String@5000016f)
	value		50001110
OBJ 5000110c (sz=24, trace=300000, class=java.lang.String@5000016f)
	value		5000110f
OBJ 5000110d (sz=24, trace=300000, class=java.lang.String@5000016f)
	value		5000110e
ARR 5000110e (sz=16, trace=300000, nelems=8, elem type=char[])
ARR 5000110f (sz=8, trace=300000, nelems=4, elem type=char[])
ARR 50001110 (sz=12, trace=300000, nelems=6, elem type=char[])
ARR 50001111 (sz=20, trace=300000, nelems=10, elem type=char[])
ARR 50001112 (sz=56, trace=300000, nelems=28, elem type=char[])
OBJ 50001113 (sz=24, trace=300000, class=java.util.Collections$SetFromMap@50000044)
	m		50001115
	s		50001114
OBJ 50001114 (sz=16, trace=300000, class=java.util.WeakHashMap$KeySet@50000043)
	this$0		50001115
OBJ 50001115 (sz=48, trace=300000, class=java.util.WeakHashMap@500000ac)
	keySet		50001114
	table		50001117
	queue		50001116
OBJ 50001116 (sz=32, trace=300000, class=java.lang.ref.ReferenceQueue@500000de)
	lock		5000111c
ARR 50001117 (sz=80, trace=300000, nelems=10, elem type=java.util.WeakHashMap$Entry[]@50000045)
	[1]		50001118
	[4]		50001119
	[6]		5000111a
	[9]		5000111b
OBJ 50001118 (sz=40, trace=300000, class=java.util.WeakHashMap$Entry@50000046)
	referent	50000118
	queue		50001116
	value		500009cb
OBJ 50001119 (sz=40, trace=300000, class=java.util.WeakHashMap$Entry@50000046)
	referent	50000117
	queue		50001116
	value		500009cb
OBJ 5000111a (sz=40, trace=300000, class=java.util.WeakHashMap$Entry@50000046)
	referent	5000011c
	queue		50001116
	value		500009cb
	next		5000111d
OBJ 5000111b (sz=40, trace=300000, class=java.util.WeakHashMap$Entry@50000046)
	referent	50000169
	queue		50001116
	value		500009cb
OBJ 5000111c (sz=16, trace=300000, class=java.lang.ref.ReferenceQueue$Lock@500000dc)
OBJ 5000111d (sz=40, trace=300000, class=java.util.WeakHashMap$Entry@50000046)
	referent	5000015f
	queue		50001116
	value		500009cb
ARR 5000111e (sz=42, trace=300000, nelems=21, elem type=char[])
ARR 5000111f (sz=34, trace=300000, nelems=17, elem type=char[])
OBJ 50001120 (sz=24, trace=300000, class=java.lang.String@5000016f)
	value		50001121
ARR 50001121 (sz=48, trace=300000, nelems=24, elem type=char[])
OBJ 50001122 (sz=24, trace=300000, class=java.lang.String@5000016f)
	value		50001127
OBJ 50001123 (sz=24, trace=300000, class=java.lang.String@5000016f)
	value		50001126
OBJ 50001124 (sz=24, trace=300000, class=java.lang.String@5000016f)
	value		50001125
ARR 50001125 (sz=28, trace=300000, nelems=14, elem type=char[])
ARR 50001126 (sz=28, trace=300000, nelems=14, elem type=char[])
ARR 50001127 (sz=28, trace=300000, nelems=14, elem type=char[])
OBJ 50001128 (sz=24, trace=300000, class=java.lang.String@5000016f)
	value		50001129
ARR 50001129 (sz=40, trace=300000, nelems=20, elem type=char[])
ARR 5000112a (sz=14, trace=300000, nelems=7, elem type=char[])
ARR 5000112b (sz=44, trace=300000, nelems=22, elem type=char[])
ARR 5000112c (sz=56, trace=300000, nelems=28, elem type=char[])
ARR 5000112d (sz=74, trace=300000, nelems=37, elem type=char[])
ARR 5000112e (sz=58, trace=300000, nelems=29, elem type=char[])
ARR 5000112f (sz=4, trace=300000, nelems=2, elem type=char[])
ARR 50001130 (sz=54, trace=300000, nelems=27, elem type=char[])
OBJ 50001131 (sz=24, trace=300000, class=java.lang.String@5000016f)
	value		50001135
OBJ 50001132 (sz=32, trace=300000, class=java.util.concurrent.atomic.AtomicReferenceFieldUpdater$AtomicReferenceFieldUpdaterImpl@5000007e)
	tclass		50000080
	vclass		50000177
OBJ 50001133 (sz=24, trace=300000, class=java.lang.String@5000016f)
	value		50001134
ARR 50001134 (sz=26, trace=300000, nelems=13, elem type=char[])
ARR 50001135 (sz=6, trace=300000, nelems=3, elem type=char[])
OBJ 50001136 (sz=24, trace=300000, class=java.io.OutputStreamWriter@50000076)
	lock		500008a4
	se		5000113b
OBJ 50001137 (sz=40, trace=300000, class=java.io.BufferedWriter@5000006a)
	lock		50001136
	out		50001136
	cb		5000113a
	lineSeparator	500008a1
OBJ 50001138 (sz=24, trace=300000, class=java.io.BufferedOutputStream@50000078)
	out		500008ac
	buf		50001139
ARR 50001139 (sz=128, trace=300000, nelems=128, elem type=byte[])
ARR 5000113a (sz=16384, trace=300000, nelems=8192, elem type=char[])
OBJ 5000113b (sz=48, trace=300000, class=sun.nio.cs.StreamEncoder@50000075)
	lock		50001136
	cs		50000c88
	encoder		5000113d
	bb		5000113c
	out		500008a4
OBJ 5000113c (sz=48, trace=300000, class=java.nio.HeapByteBuffer@5000006f)
	hb		5000113f
OBJ 5000113d (sz=56, trace=300000, class=sun.nio.cs.UTF_8$Encoder@50000071)
	charset		50000c88
	replacement	5000113e
	malformedInputAction	50001092
	unmappableCharacterAction	50001092
ARR 5000113e (sz=1, trace=300000, nelems=1, elem type=byte[])
ARR 5000113f (sz=8192, trace=300000, nelems=8192, elem type=byte[])
ARR 50001140 (sz=28, trace=300000, nelems=14, elem type=char[])
OBJ 50001141 (sz=24, trace=300000, class=java.lang.String@5000016f)
	value		50001142
ARR 50001142 (sz=36, trace=300000, nelems=18, elem type=char[])
OBJ 50001143 (sz=24, trace=300000, class=java.io.OutputStreamWriter@50000076)
	lock		500008a3
	se		50001148
OBJ 50001144 (sz=40, trace=300000, class=java.io.BufferedWriter@5000006a)
	lock		50001143
	out		50001143
	cb		50001147
	lineSeparator	500008a1
OBJ 50001145 (sz=24, trace=300000, class=java.io.BufferedOutputStream@50000078)
	out		500008ae
	buf		50001146
ARR 50001146 (sz=128, trace=300000, nelems=128, elem type=byte[])
ARR 50001147 (sz=16384, trace=300000, nelems=8192, elem type=char[])
OBJ 50001148 (sz=48, trace=300000, class=sun.nio.cs.StreamEncoder@50000075)
	lock		50001143
	cs		50000c88
	encoder		5000114a
	bb		50001149
	out		500008a3
OBJ 50001149 (sz=48, trace=300000, class=java.nio.HeapByteBuffer@5000006f)
	hb		5000114c
OBJ 5000114a (sz=56, trace=300000, class=sun.nio.cs.UTF_8$Encoder@50000071)
	charset		50000c88
	replacement	5000114b
	malformedInputAction	50001092
	unmappableCharacterAction	50001092
ARR 5000114b (sz=1, trace=300000, nelems=1, elem type=byte[])
ARR 5000114c (sz=8192, trace=300000, nelems=8192, elem type=byte[])
OBJ 5000114d (sz=24, trace=300000, class=java.util.Collections$SynchronizedSet@50000090)
	c		5000118d
	mutex		500008a2
ARR 5000114e (sz=400, trace=300000, nelems=92, elem type=java.util.Hashtable$Entry[]@500000d6)
	[0]		5000114f
	[2]		50001150
	[9]		50001151
	[11]		50001152
	[13]		50001153
	[16]		50001154
	[17]		50001155
	[18]		50001156
	[19]		50001157
	[21]		50001158
	[22]		50001159
	[24]		5000115a
	[26]		5000115b
	[27]		5000115c
	[33]		5000115d
	[38]		5000115e
	[39]		5000115f
	[40]		50001160
	[41]		50001161
	[44]		50001162
	[47]		50001163
	[49]		50001164
	[54]		50001165
	[57]		50001166
	[63]		50001167
	[65]		50001168
	[67]		50001169
	[70]		5000116a
	[72]		5000116b
	[74]		5000116c
	[76]		5000116d
	[79]		5000116e
	[80]		5000116f
	[81]		50001170
	[82]		50001171
	[88]		50001172
	[91]		50001173
OBJ 5000114f (sz=32, trace=300000, class=java.util.Hashtable$Entry@500000d8)
	key		500009c2
	value		500009c1
OBJ 50001150 (sz=32, trace=300000, class=java.util.Hashtable$Entry@500000d8)
	key		500009be
	value		500009bd
OBJ 50001151 (sz=32, trace=300000, class=java.util.Hashtable$Entry@500000d8)
	key		500009ba
	value		500009b9
	next		5000118c
OBJ 50001152 (sz=32, trace=300000, class=java.util.Hashtable$Entry@500000d8)
	key		500009ad
	value		500009ac
OBJ 50001153 (sz=32, trace=300000, class=java.util.Hashtable$Entry@500000d8)
	key		500009a9
	value		500009a8
OBJ 50001154 (sz=32, trace=300000, class=java.util.Hashtable$Entry@500000d8)
	key		500009a5
	value		500009a4
OBJ 50001155 (sz=32, trace=300000, class=java.util.Hashtable$Entry@500000d8)
	key		500009a1
	value		500009a0
OBJ 50001156 (sz=32, trace=300000, class=java.util.Hashtable$Entry@500000d8)
	key		5000099d
	value		5000099c
OBJ 50001157 (sz=32, trace=300000, class=java.util.Hashtable$Entry@500000d8)
	key		50000999
	value		500010d3
OBJ 50001158 (sz=32, trace=300000, class=java.util.Hashtable$Entry@500000d8)
	key		50000991
	value		5000118a
OBJ 50001159 (sz=32, trace=300000, class=java.util.Hashtable$Entry@500000d8)
	key		5000098c
	value		5000098b
OBJ 5000115a (sz=32, trace=300000, class=java.util.Hashtable$Entry@500000d8)
	key		50000988
	value		50000987
	next		50001189
OBJ 5000115b (sz=32, trace=300000, class=java.util.Hashtable$Entry@500000d8)
	key		5000097b
	value		5000097a
	next		50001187
OBJ 5000115c (sz=32, trace=300000, class=java.util.Hashtable$Entry@500000d8)
	key		50000971
	value		50000970
OBJ 5000115d (sz=32, trace=300000, class=java.util.Hashtable$Entry@500000d8)
	key		5000096d
	value		5000096c
	next		50001186
OBJ 5000115e (sz=32, trace=300000, class=java.util.Hashtable$Entry@500000d8)
	key		50000960
	value		5000095f
	next		50001185
OBJ 5000115f (sz=32, trace=300000, class=java.util.Hashtable$Entry@500000d8)
	key		5000095b
	value		5000095a
OBJ 50001160 (sz=32, trace=300000, class=java.util.Hashtable$Entry@500000d8)
	key		50000957
	value		50000956
OBJ 50001161 (sz=32, trace=300000, class=java.util.Hashtable$Entry@500000d8)
	key		50000953
	value		50000952
OBJ 50001162 (sz=32, trace=300000, class=java.util.Hashtable$Entry@500000d8)
	key		5000094f
	value		5000094e
OBJ 50001163 (sz=32, trace=300000, class=java.util.Hashtable$Entry@500000d8)
	key		5000094b
	value		5000094a
OBJ 50001164 (sz=32, trace=300000, class=java.util.Hashtable$Entry@500000d8)
	key		50000943
	value		50000942
	next		50001184
OBJ 50001165 (sz=32, trace=300000, class=java.util.Hashtable$Entry@500000d8)
	key		5000093e
	value		5000093d
OBJ 50001166 (sz=32, trace=300000, class=java.util.Hashtable$Entry@500000d8)
	key		5000093a
	value		500007bc
OBJ 50001167 (sz=32, trace=300000, class=java.util.Hashtable$Entry@500000d8)
	key		50000937
	value		50000936
OBJ 50001168 (sz=32, trace=300000, class=java.util.Hashtable$Entry@500000d8)
	key		50000933
	value		50000932
OBJ 50001169 (sz=32, trace=300000, class=java.util.Hashtable$Entry@500000d8)
	key		5000092c
	value		5000092b
	next		50001183
OBJ 5000116a (sz=32, trace=300000, class=java.util.Hashtable$Entry@500000d8)
	key		50000923
	value		50000922
	next		50001182
OBJ 5000116b (sz=32, trace=300000, class=java.util.Hashtable$Entry@500000d8)
	key		5000091e
	value		5000091d
OBJ 5000116c (sz=32, trace=300000, class=java.util.Hashtable$Entry@500000d8)
	key		5000117f
	value		5000117e
OBJ 5000116d (sz=32, trace=300000, class=java.util.Hashtable$Entry@500000d8)
	key		50000916
	value		50000915
	next		5000117d
OBJ 5000116e (sz=32, trace=300000, class=java.util.Hashtable$Entry@500000d8)
	key		50000908
	value		50000907
	next		5000117b
OBJ 5000116f (sz=32, trace=300000, class=java.util.Hashtable$Entry@500000d8)
	key		500008ff
	value		500008fe
	next		5000117a
OBJ 50001170 (sz=32, trace=300000, class=java.util.Hashtable$Entry@500000d8)
	key		500008fa
	value		500008f9
OBJ 50001171 (sz=32, trace=300000, class=java.util.Hashtable$Entry@500000d8)
	key		500008f2
	value		500008f1
	next		50001179
OBJ 50001172 (sz=32, trace=300000, class=java.util.Hashtable$Entry@500000d8)
	key		500008e9
	value		500008e8
	next		50001178
OBJ 50001173 (sz=32, trace=300000, class=java.util.Hashtable$Entry@500000d8)
	key		50001175
	value		50001174
OBJ 50001174 (sz=24, trace=300000, class=java.lang.String@5000016f)
	value		50001177
OBJ 50001175 (sz=24, trace=300000, class=java.lang.String@5000016f)
	value		50001176
ARR 50001176 (sz=34, trace=300000, nelems=17, elem type=char[])
ARR 50001177 (sz=54, trace=300000, nelems=27, elem type=char[])
OBJ 50001178 (sz=32, trace=300000, class=java.util.Hashtable$Entry@500000d8)
	key		500008ed
	value		500008ec
OBJ 50001179 (sz=32, trace=300000, class=java.util.Hashtable$Entry@500000d8)
	key		500008f6
	value		500008f5
OBJ 5000117a (sz=32, trace=300000, class=java.util.Hashtable$Entry@500000d8)
	key		50000903
	value		50000902
OBJ 5000117b (sz=32, trace=300000, class=java.util.Hashtable$Entry@500000d8)
	key		5000090d
	value		5000090c
	next		5000117c
OBJ 5000117c (sz=32, trace=300000, class=java.util.Hashtable$Entry@500000d8)
	key		50000911
	value		50000910
OBJ 5000117d (sz=32, trace=300000, class=java.util.Hashtable$Entry@500000d8)
	key		5000091a
	value		50000919
OBJ 5000117e (sz=24, trace=300000, class=java.lang.String@5000016f)
	value		50001181
OBJ 5000117f (sz=24, trace=300000, class=java.lang.String@5000016f)
	value		50001180
ARR 50001180 (sz=40, trace=300000, nelems=20, elem type=char[])
ARR 50001181 (sz=24, trace=300000, nelems=12, elem type=char[])
OBJ 50001182 (sz=32, trace=300000, class=java.util.Hashtable$Entry@500000d8)
	key		50000927
	value		50000926
OBJ 50001183 (sz=32, trace=300000, class=java.util.Hashtable$Entry@500000d8)
	key		5000092f
	value		500008a1
OBJ 50001184 (sz=32, trace=300000, class=java.util.Hashtable$Entry@500000d8)
	key		50000947
	value		50000946
OBJ 50001185 (sz=32, trace=300000, class=java.util.Hashtable$Entry@500000d8)
	key		50000964
	value		50000963
OBJ 50001186 (sz=32, trace=300000, class=java.util.Hashtable$Entry@500000d8)
	key		50000969
	value		50000968
OBJ 50001187 (sz=32, trace=300000, class=java.util.Hashtable$Entry@500000d8)
	key		5000097f
	value		5000097e
	next		50001188
OBJ 50001188 (sz=32, trace=300000, class=java.util.Hashtable$Entry@500000d8)
	key		50000976
	value		50000975
OBJ 50001189 (sz=32, trace=300000, class=java.util.Hashtable$Entry@500000d8)
	key		50000984
	value		50000983
OBJ 5000118a (sz=24, trace=300000, class=java.lang.String@5000016f)
	value		5000118b
ARR 5000118b (sz=20, trace=300000, nelems=10, elem type=char[])
OBJ 5000118c (sz=32, trace=300000, class=java.util.Hashtable$Entry@500000d8)
	key		500009b6
	value		500009b5
OBJ 5000118d (sz=16, trace=300000, class=java.util.Hashtable$EntrySet@50000092)
	this$0		500008a2
OBJ 5000118e (sz=24, trace=300000, class=java.lang.String@5000016f)
	value		50001196
OBJ 5000118f (sz=24, trace=300000, class=java.lang.String@5000016f)
	value		50001195
OBJ 50001190 (sz=24, trace=300000, class=java.lang.String@5000016f)
	value		50001194
OBJ 50001191 (sz=16, trace=300000, class=java.lang.Terminator$1@50000056)
OBJ 50001192 (sz=24, trace=300000, class=sun.misc.NativeSignalHandler@50000054)
OBJ 50001193 (sz=24, trace=300000, class=sun.misc.NativeSignalHandler@50000054)
ARR 50001194 (sz=8, trace=300000, nelems=4, elem type=char[])
ARR 50001195 (sz=6, trace=300000, nelems=3, elem type=char[])
ARR 50001196 (sz=6, trace=300000, nelems=3, elem type=char[])
OBJ 50001197 (sz=48, trace=300000, class=java.util.Hashtable@50000147)
	table		500011a0
OBJ 50001198 (sz=48, trace=300000, class=java.util.Hashtable@50000147)
	table		50001199
ARR 50001199 (sz=32, trace=300000, nelems=4, elem type=java.util.Hashtable$Entry[]@500000d6)
	[1]		5000119a
	[2]		5000119b
	[3]		5000119c
OBJ 5000119a (sz=32, trace=300000, class=java.util.Hashtable$Entry@500000d8)
	key		5000119f
	value		50001191
OBJ 5000119b (sz=32, trace=300000, class=java.util.Hashtable$Entry@500000d8)
	key		5000119e
	value		50001191
OBJ 5000119c (sz=32, trace=300000, class=java.util.Hashtable$Entry@500000d8)
	key		5000119d
	value		50001191
OBJ 5000119d (sz=24, trace=300000, class=sun.misc.Signal@50000055)
	name		50001190
OBJ 5000119e (sz=24, trace=300000, class=sun.misc.Signal@50000055)
	name		5000118f
OBJ 5000119f (sz=24, trace=300000, class=sun.misc.Signal@50000055)
	name		5000118e
ARR 500011a0 (sz=32, trace=300000, nelems=4, elem type=java.util.Hashtable$Entry[]@500000d6)
	[1]		500011a1
	[2]		500011a2
	[3]		500011a3
OBJ 500011a1 (sz=32, trace=300000, class=java.util.Hashtable$Entry@500000d8)
	key		50000aae
	value		5000119f
OBJ 500011a2 (sz=32, trace=300000, class=java.util.Hashtable$Entry@500000d8)
	key		50000aaf
	value		5000119e
OBJ 500011a3 (sz=32, trace=300000, class=java.util.Hashtable$Entry@500000d8)
	key		50000abc
	value		5000119d
OBJ 500011a4 (sz=24, trace=300000, class=java.lang.String@5000016f)
	value		500011a5
ARR 500011a5 (sz=14, trace=300000, nelems=7, elem type=char[])
ARR 500011a6 (sz=6, trace=300000, nelems=3, elem type=char[])
ARR 500011a7 (sz=38, trace=300000, nelems=19, elem type=char[])
ARR 500011a8 (sz=38, trace=300000, nelems=19, elem type=char[])
ARR 500011a9 (sz=12, trace=300000, nelems=6, elem type=char[])
OBJ 500011aa (sz=24, trace=300000, class=java.lang.String@5000016f)
	value		500012f6
OBJ 500011ab (sz=24, trace=300000, class=java.lang.String@5000016f)
	value		500011f2
OBJ 500011ac (sz=24, trace=300000, class=java.lang.String@5000016f)
	value		500012f5
OBJ 500011ad (sz=24, trace=300000, class=java.lang.String@5000016f)
	value		500012f4
OBJ 500011ae (sz=24, trace=300000, class=java.lang.String@5000016f)
	value		500012f3
OBJ 500011af (sz=24, trace=300000, class=java.lang.String@5000016f)
	value		500012f2
OBJ 500011b0 (sz=24, trace=300000, class=java.lang.String@5000016f)
	value		500012dc
OBJ 500011b1 (sz=24, trace=300000, class=java.lang.String@5000016f)
	value		500012d8
OBJ 500011b2 (sz=24, trace=300000, class=java.lang.String@5000016f)
	value		500012db
OBJ 500011b3 (sz=24, trace=300000, class=java.lang.String@5000016f)
	value		500012da
OBJ 500011b4 (sz=24, trace=300000, class=java.lang.String@5000016f)
	value		500012d6
OBJ 500011b5 (sz=24, trace=300000, class=java.lang.String@5000016f)
	value		500012d9
OBJ 500011b6 (sz=24, trace=300000, class=java.lang.String@5000016f)
	value		50001222
OBJ 500011b7 (sz=24, trace=300000, class=java.lang.String@5000016f)
	value		50001244
OBJ 500011b8 (sz=24, trace=300000, class=java.lang.String@5000016f)
	value		500012f1
OBJ 500011b9 (sz=24, trace=300000, class=java.lang.String@5000016f)
	value		5000120f
OBJ 500011ba (sz=24, trace=300000, class=java.lang.String@5000016f)
	value		5000123b
OBJ 500011bb (sz=24, trace=300000, class=java.lang.String@5000016f)
	value		5000124d
OBJ 500011bc (sz=24, trace=300000, class=java.lang.String@5000016f)
	value		50001219
OBJ 500011bd (sz=24, trace=300000, class=java.lang.String@5000016f)
	value		5000122a
OBJ 500011be (sz=24, trace=300000, class=java.lang.String@5000016f)
	value		5000129b
OBJ 500011bf (sz=24, trace=300000, class=java.lang.String@5000016f)
	value		50001263
OBJ 500011c0 (sz=24, trace=300000, class=java.lang.String@5000016f)
	value		5000126c
OBJ 500011c1 (sz=24, trace=300000, class=java.lang.String@5000016f)
	value		5000123c
OBJ 500011c2 (sz=24, trace=300000, class=java.lang.String@5000016f)
	value		50001284
OBJ 500011c3 (sz=24, trace=300000, class=java.lang.String@5000016f)
	value		5000121a
OBJ 500011c4 (sz=24, trace=300000, class=java.lang.String@5000016f)
	value		500011f3
OBJ 500011c5 (sz=24, trace=300000, class=java.lang.String@5000016f)
	value		50001275
OBJ 500011c6 (sz=24, trace=300000, class=java.lang.String@5000016f)
	value		50001210
ARR 500011c7 (sz=40, trace=300000, nelems=6, elem type=java.io.ObjectStreamField[]@500000fc)
	[0]		500012cf
	[1]		500012d0
	[2]		500012d1
	[3]		500012d2
	[4]		500012d3
	[5]		500012d4
OBJ 500011c8 (sz=32, trace=300000, class=java.util.Locale@5000002b)
	baseLocale	5000126d
OBJ 500011c9 (sz=32, trace=300000, class=java.util.Locale@5000002b)
	baseLocale	500012a3
OBJ 500011ca (sz=32, trace=300000, class=java.util.Locale@5000002b)
	baseLocale	50001211
OBJ 500011cb (sz=32, trace=300000, class=java.util.Locale@5000002b)
	baseLocale	5000127d
OBJ 500011cc (sz=32, trace=300000, class=java.util.Locale@5000002b)
	baseLocale	50001276
OBJ 500011cd (sz=32, trace=300000, class=java.util.Locale@5000002b)
	baseLocale	500011f1
OBJ 500011ce (sz=32, trace=300000, class=java.util.Locale@5000002b)
	baseLocale	50001264
OBJ 500011cf (sz=32, trace=300000, class=java.util.Locale@5000002b)
	baseLocale	5000129c
OBJ 500011d0 (sz=32, trace=300000, class=java.util.Locale@5000002b)
	baseLocale	5000121b
OBJ 500011d1 (sz=32, trace=300000, class=java.util.Locale@5000002b)
	baseLocale	50001245
OBJ 500011d2 (sz=32, trace=300000, class=java.util.Locale@5000002b)
	baseLocale	50001285
OBJ 500011d3 (sz=32, trace=300000, class=java.util.Locale@5000002b)
	baseLocale	5000123d
OBJ 500011d4 (sz=32, trace=300000, class=java.util.Locale@5000002b)
	baseLocale	5000122b
OBJ 500011d5 (sz=32, trace=300000, class=java.util.Locale@5000002b)
	baseLocale	5000128c
OBJ 500011d6 (sz=32, trace=300000, class=java.util.Locale@5000002b)
	baseLocale	50001223
OBJ 500011d7 (sz=32, trace=300000, class=java.util.Locale@5000002b)
	baseLocale	5000124e
OBJ 500011d8 (sz=32, trace=300000, class=java.util.Locale@5000002b)
	baseLocale	50001293
OBJ 500011d9 (sz=32, trace=300000, class=java.util.Locale@5000002b)
	baseLocale	50001233
OBJ 500011da (sz=32, trace=300000, class=java.util.Locale@5000002b)
	baseLocale	5000125b
OBJ 500011db (sz=24, trace=300000, class=java.util.Locale$Cache@50000029)
	map		500011dd
	queue		500011dc
OBJ 500011dc (sz=32, trace=300000, class=java.lang.ref.ReferenceQueue@500000de)
	lock		500012a7
OBJ 500011dd (sz=64, trace=300000, class=java.util.concurrent.ConcurrentHashMap@50000027)
	table		500011de
ARR 500011de (sz=144, trace=300000, nelems=31, elem type=java.util.concurrent.ConcurrentHashMap$Node[]@5000001f)
	[0]		500011df
	[1]		500011e0
	[2]		500011e1
	[4]		500011e2
	[5]		500011e3
	[8]		500011e4
	[9]		500011e5
	[10]		500011e6
	[14]		500011e7
	[16]		500011e8
	[20]		500011e9
	[22]		500011ea
	[23]		500011eb
	[26]		500011ec
	[27]		500011ed
	[30]		500011ee
OBJ 500011df (sz=32, trace=300000, class=java.util.concurrent.ConcurrentHashMap$Node@50000020)
	key		500012cc
	val		500012cb
	next		500012ca
OBJ 500011e0 (sz=32, trace=300000, class=java.util.concurrent.ConcurrentHashMap$Node@50000020)
	key		500012c9
	val		500012c8
OBJ 500011e1 (sz=32, trace=300000, class=java.util.concurrent.ConcurrentHashMap$Node@50000020)
	key		500012c7
	val		500012c6
OBJ 500011e2 (sz=32, trace=300000, class=java.util.concurrent.ConcurrentHashMap$Node@50000020)
	key		500012c5
	val		500012c4
OBJ 500011e3 (sz=32, trace=300000, class=java.util.concurrent.ConcurrentHashMap$Node@50000020)
	key		500012c3
	val		500012c2
OBJ 500011e4 (sz=32, trace=300000, class=java.util.concurrent.ConcurrentHashMap$Node@50000020)
	key		500012bf
	val		500012be
	next		500012bd
OBJ 500011e5 (sz=32, trace=300000, class=java.util.concurrent.ConcurrentHashMap$Node@50000020)
	key		500012bc
	val		500012bb
OBJ 500011e6 (sz=32, trace=300000, class=java.util.concurrent.ConcurrentHashMap$Node@50000020)
	key		500012ba
	val		500012b9
OBJ 500011e7 (sz=32, trace=300000, class=java.util.concurrent.ConcurrentHashMap$Node@50000020)
	key		500012b8
	val		500012b7
OBJ 500011e8 (sz=32, trace=300000, class=java.util.concurrent.ConcurrentHashMap$Node@50000020)
	key		500012b6
	val		500012b5
OBJ 500011e9 (sz=32, trace=300000, class=java.util.concurrent.ConcurrentHashMap$Node@50000020)
	key		500012b4
	val		500012b3
OBJ 500011ea (sz=32, trace=300000, class=java.util.concurrent.ConcurrentHashMap$Node@50000020)
	key		500012b2
	val		500012b1
OBJ 500011eb (sz=32, trace=300000, class=java.util.concurrent.ConcurrentHashMap$Node@50000020)
	key		500012b0
	val		500012af
OBJ 500011ec (sz=32, trace=300000, class=java.util.concurrent.ConcurrentHashMap$Node@50000020)
	key		500012ae
	val		500012ad
OBJ 500011ed (sz=32, trace=300000, class=java.util.concurrent.ConcurrentHashMap$Node@50000020)
	key		500012aa
	val		500012a9
	next		500012a8
OBJ 500011ee (sz=32, trace=300000, class=java.util.concurrent.ConcurrentHashMap$Node@50000020)
	key		500011f0
	val		500011ef
OBJ 500011ef (sz=48, trace=300000, class=sun.util.locale.LocaleObjectCache$CacheEntry@50000015)
	referent	500011cd
	queue		500011dc
	key		500011f0
OBJ 500011f0 (sz=24, trace=300000, class=java.util.Locale$LocaleKey@50000014)
	base		500011f1
OBJ 500011f1 (sz=32, trace=300000, class=sun.util.locale.BaseLocale@50000018)
	language	500011ab
	script		5000089c
	region		500011c4
	variant		5000089c
ARR 500011f2 (sz=4, trace=300000, nelems=2, elem type=char[])
ARR 500011f3 (sz=4, trace=300000, nelems=2, elem type=char[])
OBJ 500011f4 (sz=24, trace=300000, class=java.lang.String@5000016f)
	value		500012a6
OBJ 500011f5 (sz=24, trace=300000, class=java.lang.String@5000016f)
	value		500012a5
OBJ 500011f6 (sz=24, trace=300000, class=java.lang.String@5000016f)
	value		500012a4
OBJ 500011f7 (sz=24, trace=300000, class=sun.util.locale.BaseLocale$Cache@50000017)
	map		500011fb
	queue		500011fa
OBJ 500011f8 (sz=24, trace=300000, class=java.lang.String@5000016f)
	value		500011f9
ARR 500011f9 (sz=2, trace=300000, nelems=1, elem type=char[])
OBJ 500011fa (sz=32, trace=300000, class=java.lang.ref.ReferenceQueue@500000de)
	lock		50001212
OBJ 500011fb (sz=64, trace=300000, class=java.util.concurrent.ConcurrentHashMap@50000027)
	table		500011fc
ARR 500011fc (sz=144, trace=300000, nelems=27, elem type=java.util.concurrent.ConcurrentHashMap$Node[]@5000001f)
	[0]		500011fd
	[1]		500011fe
	[4]		500011ff
	[7]		50001200
	[8]		50001201
	[9]		50001202
	[11]		50001203
	[12]		50001204
	[14]		50001205
	[23]		50001206
	[25]		50001207
	[26]		50001208
OBJ 500011fd (sz=32, trace=300000, class=java.util.concurrent.ConcurrentHashMap$Node@50000020)
	key		50001296
	val		50001295
	next		50001294
OBJ 500011fe (sz=32, trace=300000, class=java.util.concurrent.ConcurrentHashMap$Node@50000020)
	key		5000128e
	val		5000128d
OBJ 500011ff (sz=32, trace=300000, class=java.util.concurrent.ConcurrentHashMap$Node@50000020)
	key		50001287
	val		50001286
OBJ 50001200 (sz=32, trace=300000, class=java.util.concurrent.ConcurrentHashMap$Node@50000020)
	key		5000127f
	val		5000127e
OBJ 50001201 (sz=32, trace=300000, class=java.util.concurrent.ConcurrentHashMap$Node@50000020)
	key		5000125e
	val		5000125d
	next		5000125c
OBJ 50001202 (sz=32, trace=300000, class=java.util.concurrent.ConcurrentHashMap$Node@50000020)
	key		50001256
	val		50001255
OBJ 50001203 (sz=32, trace=300000, class=java.util.concurrent.ConcurrentHashMap$Node@50000020)
	key		50001248
	val		50001247
	next		50001246
OBJ 50001204 (sz=32, trace=300000, class=java.util.concurrent.ConcurrentHashMap$Node@50000020)
	key		5000122e
	val		5000122d
	next		5000122c
OBJ 50001205 (sz=32, trace=300000, class=java.util.concurrent.ConcurrentHashMap$Node@50000020)
	key		50001225
	val		50001224
OBJ 50001206 (sz=32, trace=300000, class=java.util.concurrent.ConcurrentHashMap$Node@50000020)
	key		5000121d
	val		5000121c
OBJ 50001207 (sz=32, trace=300000, class=java.util.concurrent.ConcurrentHashMap$Node@50000020)
	key		50001214
	val		50001213
OBJ 50001208 (sz=32, trace=300000, class=java.util.concurrent.ConcurrentHashMap$Node@50000020)
	key		5000120a
	val		50001209
OBJ 50001209 (sz=48, trace=300000, class=sun.util.locale.LocaleObjectCache$CacheEntry@50000015)
	referent	50001211
	queue		500011fa
	key		5000120a
OBJ 5000120a (sz=40, trace=300000, class=sun.util.locale.BaseLocale$Key@50000016)
	lang		5000120e
	scrt		5000120d
	regn		5000120c
	vart		5000120b
OBJ 5000120b (sz=40, trace=300000, class=java.lang.ref.SoftReference@50000153)
	referent	5000089c
	queue		500010a2
OBJ 5000120c (sz=40, trace=300000, class=java.lang.ref.SoftReference@50000153)
	referent	500011c6
	queue		500010a2
OBJ 5000120d (sz=40, trace=300000, class=java.lang.ref.SoftReference@50000153)
	referent	5000089c
	queue		500010a2
OBJ 5000120e (sz=40, trace=300000, class=java.lang.ref.SoftReference@50000153)
	referent	500011b9
	queue		500010a2
ARR 5000120f (sz=4, trace=300000, nelems=2, elem type=char[])
ARR 50001210 (sz=4, trace=300000, nelems=2, elem type=char[])
OBJ 50001211 (sz=32, trace=300000, class=sun.util.locale.BaseLocale@50000018)
	language	500011b9
	script		5000089c
	region		500011c6
	variant		5000089c
OBJ 50001212 (sz=16, trace=300000, class=java.lang.ref.ReferenceQueue$Lock@500000dc)
OBJ 50001213 (sz=48, trace=300000, class=sun.util.locale.LocaleObjectCache$CacheEntry@50000015)
	referent	5000121b
	queue		500011fa
	key		50001214
OBJ 50001214 (sz=40, trace=300000, class=sun.util.locale.BaseLocale$Key@50000016)
	lang		50001218
	scrt		50001217
	regn		50001216
	vart		50001215
OBJ 50001215 (sz=40, trace=300000, class=java.lang.ref.SoftReference@50000153)
	referent	5000089c
	queue		500010a2
OBJ 50001216 (sz=40, trace=300000, class=java.lang.ref.SoftReference@50000153)
	referent	500011c3
	queue		500010a2
OBJ 50001217 (sz=40, trace=300000, class=java.lang.ref.SoftReference@50000153)
	referent	5000089c
	queue		500010a2
OBJ 50001218 (sz=40, trace=300000, class=java.lang.ref.SoftReference@50000153)
	referent	500011bc
	queue		500010a2
ARR 50001219 (sz=4, trace=300000, nelems=2, elem type=char[])
ARR 5000121a (sz=4, trace=300000, nelems=2, elem type=char[])
OBJ 5000121b (sz=32, trace=300000, class=sun.util.locale.BaseLocale@50000018)
	language	500011bc
	script		5000089c
	region		500011c3
	variant		5000089c
OBJ 5000121c (sz=48, trace=300000, class=sun.util.locale.LocaleObjectCache$CacheEntry@50000015)
	referent	50001223
	queue		500011fa
	key		5000121d
OBJ 5000121d (sz=40, trace=300000, class=sun.util.locale.BaseLocale$Key@50000016)
	lang		50001221
	scrt		50001220
	regn		5000121f
	vart		5000121e
OBJ 5000121e (sz=40, trace=300000, class=java.lang.ref.SoftReference@50000153)
	referent	5000089c
	queue		500010a2
OBJ 5000121f (sz=40, trace=300000, class=java.lang.ref.SoftReference@50000153)
	referent	5000089c
	queue		500010a2
OBJ 50001220 (sz=40, trace=300000, class=java.lang.ref.SoftReference@50000153)
	referent	5000089c
	queue		500010a2
OBJ 50001221 (sz=40, trace=300000, class=java.lang.ref.SoftReference@50000153)
	referent	500011b6
	queue		500010a2
ARR 50001222 (sz=4, trace=300000, nelems=2, elem type=char[])
OBJ 50001223 (sz=32, trace=300000, class=sun.util.locale.BaseLocale@50000018)
	language	500011b6
	script		5000089c
	region		5000089c
	variant		5000089c
OBJ 50001224 (sz=48, trace=300000, class=sun.util.locale.LocaleObjectCache$CacheEntry@50000015)
	referent	5000122b
	queue		500011fa
	key		50001225
OBJ 50001225 (sz=40, trace=300000, class=sun.util.locale.BaseLocale$Key@50000016)
	lang		50001229
	scrt		50001228
	regn		50001227
	vart		50001226
OBJ 50001226 (sz=40, trace=300000, class=java.lang.ref.SoftReference@50000153)
	referent	5000089c
	queue		500010a2
OBJ 50001227 (sz=40, trace=300000, class=java.lang.ref.SoftReference@50000153)
	referent	5000089c
	queue		500010a2
OBJ 50001228 (sz=40, trace=300000, class=java.lang.ref.SoftReference@50000153)
	referent	5000089c
	queue		500010a2
OBJ 50001229 (sz=40, trace=300000, class=java.lang.ref.SoftReference@50000153)
	referent	500011bd
	queue		500010a2
ARR 5000122a (sz=4, trace=300000, nelems=2, elem type=char[])
OBJ 5000122b (sz=32, trace=300000, class=sun.util.locale.BaseLocale@50000018)
	language	500011bd
	script		5000089c
	region		5000089c
	variant		5000089c
OBJ 5000122c (sz=32, trace=300000, class=java.util.concurrent.ConcurrentHashMap$Node@50000020)
	key		50001236
	val		50001235
	next		50001234
OBJ 5000122d (sz=48, trace=300000, class=sun.util.locale.LocaleObjectCache$CacheEntry@50000015)
	referent	50001233
	queue		500011fa
	key		5000122e
OBJ 5000122e (sz=40, trace=300000, class=sun.util.locale.BaseLocale$Key@50000016)
	lang		50001232
	scrt		50001231
	regn		50001230
	vart		5000122f
OBJ 5000122f (sz=40, trace=300000, class=java.lang.ref.SoftReference@50000153)
	referent	5000089c
	queue		500010a2
OBJ 50001230 (sz=40, trace=300000, class=java.lang.ref.SoftReference@50000153)
	referent	5000089c
	queue		500010a2
OBJ 50001231 (sz=40, trace=300000, class=java.lang.ref.SoftReference@50000153)
	referent	5000089c
	queue		500010a2
OBJ 50001232 (sz=40, trace=300000, class=java.lang.ref.SoftReference@50000153)
	referent	500011b9
	queue		500010a2
OBJ 50001233 (sz=32, trace=300000, class=sun.util.locale.BaseLocale@50000018)
	language	500011b9
	script		5000089c
	region		5000089c
	variant		5000089c
OBJ 50001234 (sz=32, trace=300000, class=java.util.concurrent.ConcurrentHashMap$Node@50000020)
	key		5000123f
	val		5000123e
OBJ 50001235 (sz=48, trace=300000, class=sun.util.locale.LocaleObjectCache$CacheEntry@50000015)
	referent	5000123d
	queue		500011fa
	key		50001236
OBJ 50001236 (sz=40, trace=300000, class=sun.util.locale.BaseLocale$Key@50000016)
	lang		5000123a
	scrt		50001239
	regn		50001238
	vart		50001237
OBJ 50001237 (sz=40, trace=300000, class=java.lang.ref.SoftReference@50000153)
	referent	5000089c
	queue		500010a2
OBJ 50001238 (sz=40, trace=300000, class=java.lang.ref.SoftReference@50000153)
	referent	500011c1
	queue		500010a2
OBJ 50001239 (sz=40, trace=300000, class=java.lang.ref.SoftReference@50000153)
	referent	5000089c
	queue		500010a2
OBJ 5000123a (sz=40, trace=300000, class=java.lang.ref.SoftReference@50000153)
	referent	500011ba
	queue		500010a2
ARR 5000123b (sz=4, trace=300000, nelems=2, elem type=char[])
ARR 5000123c (sz=4, trace=300000, nelems=2, elem type=char[])
OBJ 5000123d (sz=32, trace=300000, class=sun.util.locale.BaseLocale@50000018)
	language	500011ba
	script		5000089c
	region		500011c1
	variant		5000089c
OBJ 5000123e (sz=48, trace=300000, class=sun.util.locale.LocaleObjectCache$CacheEntry@50000015)
	referent	50001245
	queue		500011fa
	key		5000123f
OBJ 5000123f (sz=40, trace=300000, class=sun.util.locale.BaseLocale$Key@50000016)
	lang		50001243
	scrt		50001242
	regn		50001241
	vart		50001240
OBJ 50001240 (sz=40, trace=300000, class=java.lang.ref.SoftReference@50000153)
	referent	5000089c
	queue		500010a2
OBJ 50001241 (sz=40, trace=300000, class=java.lang.ref.SoftReference@50000153)
	referent	500011b7
	queue		500010a2
OBJ 50001242 (sz=40, trace=300000, class=java.lang.ref.SoftReference@50000153)
	referent	5000089c
	queue		500010a2
OBJ 50001243 (sz=40, trace=300000, class=java.lang.ref.SoftReference@50000153)
	referent	500011b6
	queue		500010a2
ARR 50001244 (sz=4, trace=300000, nelems=2, elem type=char[])
OBJ 50001245 (sz=32, trace=300000, class=sun.util.locale.BaseLocale@50000018)
	language	500011b6
	script		5000089c
	region		500011b7
	variant		5000089c
OBJ 50001246 (sz=32, trace=300000, class=java.util.concurrent.ConcurrentHashMap$Node@50000020)
	key		50001250
	val		5000124f
OBJ 50001247 (sz=48, trace=300000, class=sun.util.locale.LocaleObjectCache$CacheEntry@50000015)
	referent	5000124e
	queue		500011fa
	key		50001248
OBJ 50001248 (sz=40, trace=300000, class=sun.util.locale.BaseLocale$Key@50000016)
	lang		5000124c
	scrt		5000124b
	regn		5000124a
	vart		50001249
OBJ 50001249 (sz=40, trace=300000, class=java.lang.ref.SoftReference@50000153)
	referent	5000089c
	queue		500010a2
OBJ 5000124a (sz=40, trace=300000, class=java.lang.ref.SoftReference@50000153)
	referent	5000089c
	queue		500010a2
OBJ 5000124b (sz=40, trace=300000, class=java.lang.ref.SoftReference@50000153)
	referent	5000089c
	queue		500010a2
OBJ 5000124c (sz=40, trace=300000, class=java.lang.ref.SoftReference@50000153)
	referent	500011bb
	queue		500010a2
ARR 5000124d (sz=4, trace=300000, nelems=2, elem type=char[])
OBJ 5000124e (sz=32, trace=300000, class=sun.util.locale.BaseLocale@50000018)
	language	500011bb
	script		5000089c
	region		5000089c
	variant		5000089c
OBJ 5000124f (sz=48, trace=300000, class=sun.util.locale.LocaleObjectCache$CacheEntry@50000015)
	referent	500011f1
	queue		500011fa
	key		50001250
OBJ 50001250 (sz=40, trace=300000, class=sun.util.locale.BaseLocale$Key@50000016)
	lang		50001254
	scrt		50001253
	regn		50001252
	vart		50001251
OBJ 50001251 (sz=40, trace=300000, class=java.lang.ref.SoftReference@50000153)
	referent	5000089c
	queue		500010a2
OBJ 50001252 (sz=40, trace=300000, class=java.lang.ref.SoftReference@50000153)
	referent	500011c4
	queue		500010a2
OBJ 50001253 (sz=40, trace=300000, class=java.lang.ref.SoftReference@50000153)
	referent	5000089c
	queue		500010a2
OBJ 50001254 (sz=40, trace=300000, class=java.lang.ref.SoftReference@50000153)
	referent	500011ab
	queue		500010a2
OBJ 50001255 (sz=48, trace=300000, class=sun.util.locale.LocaleObjectCache$CacheEntry@50000015)
	referent	5000125b
	queue		500011fa
	key		50001256
OBJ 50001256 (sz=40, trace=300000, class=sun.util.locale.BaseLocale$Key@50000016)
	lang		5000125a
	scrt		50001259
	regn		50001258
	vart		50001257
OBJ 50001257 (sz=40, trace=300000, class=java.lang.ref.SoftReference@50000153)
	referent	5000089c
	queue		500010a2
OBJ 50001258 (sz=40, trace=300000, class=java.lang.ref.SoftReference@50000153)
	referent	5000089c
	queue		500010a2
OBJ 50001259 (sz=40, trace=300000, class=java.lang.ref.SoftReference@50000153)
	referent	5000089c
	queue		500010a2
OBJ 5000125a (sz=40, trace=300000, class=java.lang.ref.SoftReference@50000153)
	referent	500011ab
	queue		500010a2
OBJ 5000125b (sz=32, trace=300000, class=sun.util.locale.BaseLocale@50000018)
	language	500011ab
	script		5000089c
	region		5000089c
	variant		5000089c
OBJ 5000125c (sz=32, trace=300000, class=java.util.concurrent.ConcurrentHashMap$Node@50000020)
	key		50001267
	val		50001266
	next		50001265
OBJ 5000125d (sz=48, trace=300000, class=sun.util.locale.LocaleObjectCache$CacheEntry@50000015)
	referent	50001264
	queue		500011fa
	key		5000125e
OBJ 5000125e (sz=40, trace=300000, class=sun.util.locale.BaseLocale$Key@50000016)
	lang		50001262
	scrt		50001261
	regn		50001260
	vart		5000125f
OBJ 5000125f (sz=40, trace=300000, class=java.lang.ref.SoftReference@50000153)
	referent	5000089c
	queue		500010a2
OBJ 50001260 (sz=40, trace=300000, class=java.lang.ref.SoftReference@50000153)
	referent	500011bf
	queue		500010a2
OBJ 50001261 (sz=40, trace=300000, class=java.lang.ref.SoftReference@50000153)
	referent	5000089c
	queue		500010a2
OBJ 50001262 (sz=40, trace=300000, class=java.lang.ref.SoftReference@50000153)
	referent	500011bd
	queue		500010a2
ARR 50001263 (sz=4, trace=300000, nelems=2, elem type=char[])
OBJ 50001264 (sz=32, trace=300000, class=sun.util.locale.BaseLocale@50000018)
	language	500011bd
	script		5000089c
	region		500011bf
	variant		5000089c
OBJ 50001265 (sz=32, trace=300000, class=java.util.concurrent.ConcurrentHashMap$Node@50000020)
	key		50001270
	val		5000126f
	next		5000126e
OBJ 50001266 (sz=48, trace=300000, class=sun.util.locale.LocaleObjectCache$CacheEntry@50000015)
	referent	5000126d
	queue		500011fa
	key		50001267
OBJ 50001267 (sz=40, trace=300000, class=sun.util.locale.BaseLocale$Key@50000016)
	lang		5000126b
	scrt		5000126a
	regn		50001269
	vart		50001268
OBJ 50001268 (sz=40, trace=300000, class=java.lang.ref.SoftReference@50000153)
	referent	5000089c
	queue		500010a2
OBJ 50001269 (sz=40, trace=300000, class=java.lang.ref.SoftReference@50000153)
	referent	500011c0
	queue		500010a2
OBJ 5000126a (sz=40, trace=300000, class=java.lang.ref.SoftReference@50000153)
	referent	5000089c
	queue		500010a2
OBJ 5000126b (sz=40, trace=300000, class=java.lang.ref.SoftReference@50000153)
	referent	500011b9
	queue		500010a2
ARR 5000126c (sz=4, trace=300000, nelems=2, elem type=char[])
OBJ 5000126d (sz=32, trace=300000, class=sun.util.locale.BaseLocale@50000018)
	language	500011b9
	script		5000089c
	region		500011c0
	variant		5000089c
OBJ 5000126e (sz=32, trace=300000, class=java.util.concurrent.ConcurrentHashMap$Node@50000020)
	key		50001278
	val		50001277
OBJ 5000126f (sz=48, trace=300000, class=sun.util.locale.LocaleObjectCache$CacheEntry@50000015)
	referent	50001276
	queue		500011fa
	key		50001270
OBJ 50001270 (sz=40, trace=300000, class=sun.util.locale.BaseLocale$Key@50000016)
	lang		50001274
	scrt		50001273
	regn		50001272
	vart		50001271
OBJ 50001271 (sz=40, trace=300000, class=java.lang.ref.SoftReference@50000153)
	referent	5000089c
	queue		500010a2
OBJ 50001272 (sz=40, trace=300000, class=java.lang.ref.SoftReference@50000153)
	referent	500011c5
	queue		500010a2
OBJ 50001273 (sz=40, trace=300000, class=java.lang.ref.SoftReference@50000153)
	referent	5000089c
	queue		500010a2
OBJ 50001274 (sz=40, trace=300000, class=java.lang.ref.SoftReference@50000153)
	referent	500011ab
	queue		500010a2
ARR 50001275 (sz=4, trace=300000, nelems=2, elem type=char[])
OBJ 50001276 (sz=32, trace=300000, class=sun.util.locale.BaseLocale@50000018)
	language	500011ab
	script		5000089c
	region		500011c5
	variant		5000089c
OBJ 50001277 (sz=48, trace=300000, class=sun.util.locale.LocaleObjectCache$CacheEntry@50000015)
	referent	5000127d
	queue		500011fa
	key		50001278
OBJ 50001278 (sz=40, trace=300000, class=sun.util.locale.BaseLocale$Key@50000016)
	lang		5000127c
	scrt		5000127b
	regn		5000127a
	vart		50001279
OBJ 50001279 (sz=40, trace=300000, class=java.lang.ref.SoftReference@50000153)
	referent	5000089c
	queue		500010a2
OBJ 5000127a (sz=40, trace=300000, class=java.lang.ref.SoftReference@50000153)
	referent	500011c6
	queue		500010a2
OBJ 5000127b (sz=40, trace=300000, class=java.lang.ref.SoftReference@50000153)
	referent	5000089c
	queue		500010a2
OBJ 5000127c (sz=40, trace=300000, class=java.lang.ref.SoftReference@50000153)
	referent	500011ab
	queue		500010a2
OBJ 5000127d (sz=32, trace=300000, class=sun.util.locale.BaseLocale@50000018)
	language	500011ab
	script		5000089c
	region		500011c6
	variant		5000089c
OBJ 5000127e (sz=48, trace=300000, class=sun.util.locale.LocaleObjectCache$CacheEntry@50000015)
	referent	50001285
	queue		500011fa
	key		5000127f
OBJ 5000127f (sz=40, trace=300000, class=sun.util.locale.BaseLocale$Key@50000016)
	lang		50001283
	scrt		50001282
	regn		50001281
	vart		50001280
OBJ 50001280 (sz=40, trace=300000, class=java.lang.ref.SoftReference@50000153)
	referent	5000089c
	queue		500010a2
OBJ 50001281 (sz=40, trace=300000, class=java.lang.ref.SoftReference@50000153)
	referent	500011c2
	queue		500010a2
OBJ 50001282 (sz=40, trace=300000, class=java.lang.ref.SoftReference@50000153)
	referent	5000089c
	queue		500010a2
OBJ 50001283 (sz=40, trace=300000, class=java.lang.ref.SoftReference@50000153)
	referent	500011bb
	queue		500010a2
ARR 50001284 (sz=4, trace=300000, nelems=2, elem type=char[])
OBJ 50001285 (sz=32, trace=300000, class=sun.util.locale.BaseLocale@50000018)
	language	500011bb
	script		5000089c
	region		500011c2
	variant		5000089c
OBJ 50001286 (sz=48, trace=300000, class=sun.util.locale.LocaleObjectCache$CacheEntry@50000015)
	referent	5000128c
	queue		500011fa
	key		50001287
OBJ 50001287 (sz=40, trace=300000, class=sun.util.locale.BaseLocale$Key@50000016)
	lang		5000128b
	scrt		5000128a
	regn		50001289
	vart		50001288
OBJ 50001288 (sz=40, trace=300000, class=java.lang.ref.SoftReference@50000153)
	referent	5000089c
	queue		500010a2
OBJ 50001289 (sz=40, trace=300000, class=java.lang.ref.SoftReference@50000153)
	referent	5000089c
	queue		500010a2
OBJ 5000128a (sz=40, trace=300000, class=java.lang.ref.SoftReference@50000153)
	referent	5000089c
	queue		500010a2
OBJ 5000128b (sz=40, trace=300000, class=java.lang.ref.SoftReference@50000153)
	referent	500011bc
	queue		500010a2
OBJ 5000128c (sz=32, trace=300000, class=sun.util.locale.BaseLocale@50000018)
	language	500011bc
	script		5000089c
	region		5000089c
	variant		5000089c
OBJ 5000128d (sz=48, trace=300000, class=sun.util.locale.LocaleObjectCache$CacheEntry@50000015)
	referent	50001293
	queue		500011fa
	key		5000128e
OBJ 5000128e (sz=40, trace=300000, class=sun.util.locale.BaseLocale$Key@50000016)
	lang		50001292
	scrt		50001291
	regn		50001290
	vart		5000128f
OBJ 5000128f (sz=40, trace=300000, class=java.lang.ref.SoftReference@50000153)
	referent	5000089c
	queue		500010a2
OBJ 50001290 (sz=40, trace=300000, class=java.lang.ref.SoftReference@50000153)
	referent	5000089c
	queue		500010a2
OBJ 50001291 (sz=40, trace=300000, class=java.lang.ref.SoftReference@50000153)
	referent	5000089c
	queue		500010a2
OBJ 50001292 (sz=40, trace=300000, class=java.lang.ref.SoftReference@50000153)
	referent	500011ba
	queue		500010a2
OBJ 50001293 (sz=32, trace=300000, class=sun.util.locale.BaseLocale@50000018)
	language	500011ba
	script		5000089c
	region		5000089c
	variant		5000089c
OBJ 50001294 (sz=32, trace=300000, class=java.util.concurrent.ConcurrentHashMap$Node@50000020)
	key		5000129e
	val		5000129d
OBJ 50001295 (sz=48, trace=300000, class=sun.util.locale.LocaleObjectCache$CacheEntry@50000015)
	referent	5000129c
	queue		500011fa
	key		50001296
OBJ 50001296 (sz=40, trace=300000, class=sun.util.locale.BaseLocale$Key@50000016)
	lang		5000129a
	scrt		50001299
	regn		50001298
	vart		50001297
OBJ 50001297 (sz=40, trace=300000, class=java.lang.ref.SoftReference@50000153)
	referent	5000089c
	queue		500010a2
OBJ 50001298 (sz=40, trace=300000, class=java.lang.ref.SoftReference@50000153)
	referent	500011be
	queue		500010a2
OBJ 50001299 (sz=40, trace=300000, class=java.lang.ref.SoftReference@50000153)
	referent	5000089c
	queue		500010a2
OBJ 5000129a (sz=40, trace=300000, class=java.lang.ref.SoftReference@50000153)
	referent	500011bd
	queue		500010a2
ARR 5000129b (sz=4, trace=300000, nelems=2, elem type=char[])
OBJ 5000129c (sz=32, trace=300000, class=sun.util.locale.BaseLocale@50000018)
	language	500011bd
	script		5000089c
	region		500011be
	variant		5000089c
OBJ 5000129d (sz=48, trace=300000, class=sun.util.locale.LocaleObjectCache$CacheEntry@50000015)
	referent	500012a3
	queue		500011fa
	key		5000129e
OBJ 5000129e (sz=40, trace=300000, class=sun.util.locale.BaseLocale$Key@50000016)
	lang		500012a2
	scrt		500012a1
	regn		500012a0
	vart		5000129f
OBJ 5000129f (sz=40, trace=300000, class=java.lang.ref.SoftReference@50000153)
	referent	5000089c
	queue		500010a2
OBJ 500012a0 (sz=40, trace=300000, class=java.lang.ref.SoftReference@50000153)
	referent	5000089c
	queue		500010a2
OBJ 500012a1 (sz=40, trace=300000, class=java.lang.ref.SoftReference@50000153)
	referent	5000089c
	queue		500010a2
OBJ 500012a2 (sz=40, trace=300000, class=java.lang.ref.SoftReference@50000153)
	referent	5000089c
	queue		500010a2
OBJ 500012a3 (sz=32, trace=300000, class=sun.util.locale.BaseLocale@50000018)
	language	5000089c
	script		5000089c
	region		5000089c
	variant		5000089c
ARR 500012a4 (sz=4, trace=300000, nelems=2, elem type=char[])
ARR 500012a5 (sz=4, trace=300000, nelems=2, elem type=char[])
ARR 500012a6 (sz=4, trace=300000, nelems=2, elem type=char[])
OBJ 500012a7 (sz=16, trace=300000, class=java.lang.ref.ReferenceQueue$Lock@500000dc)
OBJ 500012a8 (sz=32, trace=300000, class=java.util.concurrent.ConcurrentHashMap$Node@50000020)
	key		500012ac
	val		500012ab
OBJ 500012a9 (sz=48, trace=300000, class=sun.util.locale.LocaleObjectCache$CacheEntry@50000015)
	referent	500011cc
	queue		500011dc
	key		500012aa
OBJ 500012aa (sz=24, trace=300000, class=java.util.Locale$LocaleKey@50000014)
	base		50001276
OBJ 500012ab (sz=48, trace=300000, class=sun.util.locale.LocaleObjectCache$CacheEntry@50000015)
	referent	500011cb
	queue		500011dc
	key		500012ac
OBJ 500012ac (sz=24, trace=300000, class=java.util.Locale$LocaleKey@50000014)
	base		5000127d
OBJ 500012ad (sz=48, trace=300000, class=sun.util.locale.LocaleObjectCache$CacheEntry@50000015)
	referent	500011c8
	queue		500011dc
	key		500012ae
OBJ 500012ae (sz=24, trace=300000, class=java.util.Locale$LocaleKey@50000014)
	base		5000126d
OBJ 500012af (sz=48, trace=300000, class=sun.util.locale.LocaleObjectCache$CacheEntry@50000015)
	referent	500011d2
	queue		500011dc
	key		500012b0
OBJ 500012b0 (sz=24, trace=300000, class=java.util.Locale$LocaleKey@50000014)
	base		50001285
OBJ 500012b1 (sz=48, trace=300000, class=sun.util.locale.LocaleObjectCache$CacheEntry@50000015)
	referent	500011da
	queue		500011dc
	key		500012b2
OBJ 500012b2 (sz=24, trace=300000, class=java.util.Locale$LocaleKey@50000014)
	base		5000125b
OBJ 500012b3 (sz=48, trace=300000, class=sun.util.locale.LocaleObjectCache$CacheEntry@50000015)
	referent	500011d4
	queue		500011dc
	key		500012b4
OBJ 500012b4 (sz=24, trace=300000, class=java.util.Locale$LocaleKey@50000014)
	base		5000122b
OBJ 500012b5 (sz=48, trace=300000, class=sun.util.locale.LocaleObjectCache$CacheEntry@50000015)
	referent	500011d8
	queue		500011dc
	key		500012b6
OBJ 500012b6 (sz=24, trace=300000, class=java.util.Locale$LocaleKey@50000014)
	base		50001293
OBJ 500012b7 (sz=48, trace=300000, class=sun.util.locale.LocaleObjectCache$CacheEntry@50000015)
	referent	500011d3
	queue		500011dc
	key		500012b8
OBJ 500012b8 (sz=24, trace=300000, class=java.util.Locale$LocaleKey@50000014)
	base		5000123d
OBJ 500012b9 (sz=48, trace=300000, class=sun.util.locale.LocaleObjectCache$CacheEntry@50000015)
	referent	500011d5
	queue		500011dc
	key		500012ba
OBJ 500012ba (sz=24, trace=300000, class=java.util.Locale$LocaleKey@50000014)
	base		5000128c
OBJ 500012bb (sz=48, trace=300000, class=sun.util.locale.LocaleObjectCache$CacheEntry@50000015)
	referent	500011d7
	queue		500011dc
	key		500012bc
OBJ 500012bc (sz=24, trace=300000, class=java.util.Locale$LocaleKey@50000014)
	base		5000124e
OBJ 500012bd (sz=32, trace=300000, class=java.util.concurrent.ConcurrentHashMap$Node@50000020)
	key		500012c1
	val		500012c0
OBJ 500012be (sz=48, trace=300000, class=sun.util.locale.LocaleObjectCache$CacheEntry@50000015)
	referent	500011d6
	queue		500011dc
	key		500012bf
OBJ 500012bf (sz=24, trace=300000, class=java.util.Locale$LocaleKey@50000014)
	base		50001223
OBJ 500012c0 (sz=48, trace=300000, class=sun.util.locale.LocaleObjectCache$CacheEntry@50000015)
	referent	500011ce
	queue		500011dc
	key		500012c1
OBJ 500012c1 (sz=24, trace=300000, class=java.util.Locale$LocaleKey@50000014)
	base		50001264
OBJ 500012c2 (sz=48, trace=300000, class=sun.util.locale.LocaleObjectCache$CacheEntry@50000015)
	referent	500011d9
	queue		500011dc
	key		500012c3
OBJ 500012c3 (sz=24, trace=300000, class=java.util.Locale$LocaleKey@50000014)
	base		50001233
OBJ 500012c4 (sz=48, trace=300000, class=sun.util.locale.LocaleObjectCache$CacheEntry@50000015)
	referent	500011ca
	queue		500011dc
	key		500012c5
OBJ 500012c5 (sz=24, trace=300000, class=java.util.Locale$LocaleKey@50000014)
	base		50001211
OBJ 500012c6 (sz=48, trace=300000, class=sun.util.locale.LocaleObjectCache$CacheEntry@50000015)
	referent	500011d0
	queue		500011dc
	key		500012c7
OBJ 500012c7 (sz=24, trace=300000, class=java.util.Locale$LocaleKey@50000014)
	base		5000121b
OBJ 500012c8 (sz=48, trace=300000, class=sun.util.locale.LocaleObjectCache$CacheEntry@50000015)
	referent	500011d1
	queue		500011dc
	key		500012c9
OBJ 500012c9 (sz=24, trace=300000, class=java.util.Locale$LocaleKey@50000014)
	base		50001245
OBJ 500012ca (sz=32, trace=300000, class=java.util.concurrent.ConcurrentHashMap$Node@50000020)
	key		500012ce
	val		500012cd
OBJ 500012cb (sz=48, trace=300000, class=sun.util.locale.LocaleObjectCache$CacheEntry@50000015)
	referent	500011cf
	queue		500011dc
	key		500012cc
OBJ 500012cc (sz=24, trace=300000, class=java.util.Locale$LocaleKey@50000014)
	base		5000129c
OBJ 500012cd (sz=48, trace=300000, class=sun.util.locale.LocaleObjectCache$CacheEntry@50000015)
	referent	500011c9
	queue		500011dc
	key		500012ce
OBJ 500012ce (sz=24, trace=300000, class=java.util.Locale$LocaleKey@50000014)
	base		500012a3
OBJ 500012cf (sz=40, trace=300000, class=java.io.ObjectStreamField@500000fe)
	name		500011b0
	signature	500012d5
	type		5000016f
OBJ 500012d0 (sz=40, trace=300000, class=java.io.ObjectStreamField@500000fe)
	name		500011b2
	signature	500012d5
	type		5000016f
OBJ 500012d1 (sz=40, trace=300000, class=java.io.ObjectStreamField@500000fe)
	name		500011b3
	signature	500012d5
	type		5000016f
OBJ 500012d2 (sz=40, trace=300000, class=java.io.ObjectStreamField@500000fe)
	name		500011b5
	signature	50000a1f
	type		50000878
OBJ 500012d3 (sz=40, trace=300000, class=java.io.ObjectStreamField@500000fe)
	name		500011b1
	signature	500012d5
	type		5000016f
OBJ 500012d4 (sz=40, trace=300000, class=java.io.ObjectStreamField@500000fe)
	name		500011b4
	signature	500012d5
	type		5000016f
OBJ 500012d5 (sz=24, trace=300000, class=java.lang.String@5000016f)
	value		500012d7
ARR 500012d6 (sz=20, trace=300000, nelems=10, elem type=char[])
ARR 500012d7 (sz=36, trace=300000, nelems=18, elem type=char[])
ARR 500012d8 (sz=12, trace=300000, nelems=6, elem type=char[])
ARR 500012d9 (sz=16, trace=300000, nelems=8, elem type=char[])
ARR 500012da (sz=14, trace=300000, nelems=7, elem type=char[])
ARR 500012db (sz=14, trace=300000, nelems=7, elem type=char[])
ARR 500012dc (sz=16, trace=300000, nelems=8, elem type=char[])
OBJ 500012dd (sz=24, trace=300000, class=java.lang.String@5000016f)
	value		500012e7
OBJ 500012de (sz=24, trace=300000, class=java.lang.String@5000016f)
	value		500012e8
OBJ 500012df (sz=24, trace=300000, class=java.lang.String@5000016f)
	value		500012e9
OBJ 500012e0 (sz=24, trace=300000, class=java.lang.String@5000016f)
	value		500012ea
OBJ 500012e1 (sz=24, trace=300000, class=java.lang.String@5000016f)
	value		500012eb
OBJ 500012e2 (sz=24, trace=300000, class=java.lang.String@5000016f)
	value		500012ec
OBJ 500012e3 (sz=24, trace=300000, class=java.lang.String@5000016f)
	value		500012ed
OBJ 500012e4 (sz=24, trace=300000, class=java.lang.String@5000016f)
	value		500012ee
OBJ 500012e5 (sz=24, trace=300000, class=java.lang.String@5000016f)
	value		500012ef
OBJ 500012e6 (sz=24, trace=300000, class=java.lang.String@5000016f)
	value		500012f0
ARR 500012e7 (sz=14, trace=300000, nelems=7, elem type=char[])
ARR 500012e8 (sz=42, trace=300000, nelems=21, elem type=char[])
ARR 500012e9 (sz=38, trace=300000, nelems=19, elem type=char[])
ARR 500012ea (sz=40, trace=300000, nelems=20, elem type=char[])
ARR 500012eb (sz=40, trace=300000, nelems=20, elem type=char[])
ARR 500012ec (sz=12, trace=300000, nelems=6, elem type=char[])
ARR 500012ed (sz=40, trace=300000, nelems=20, elem type=char[])
ARR 500012ee (sz=36, trace=300000, nelems=18, elem type=char[])
ARR 500012ef (sz=38, trace=300000, nelems=19, elem type=char[])
ARR 500012f0 (sz=38, trace=300000, nelems=19, elem type=char[])
ARR 500012f1 (sz=4, trace=300000, nelems=2, elem type=char[])
ARR 500012f2 (sz=24, trace=300000, nelems=12, elem type=char[])
ARR 500012f3 (sz=24, trace=300000, nelems=12, elem type=char[])
ARR 500012f4 (sz=22, trace=300000, nelems=11, elem type=char[])
ARR 500012f5 (sz=22, trace=300000, nelems=11, elem type=char[])
ARR 500012f6 (sz=26, trace=300000, nelems=13, elem type=char[])
OBJ 500012f7 (sz=16, trace=300000, class=java.lang.ThreadLocal@500000c9)
OBJ 500012f8 (sz=16, trace=300000, class=java.lang.ThreadLocal@500000c9)
ARR 500012f9 (sz=32, trace=300000, nelems=1, elem type=java.lang.ThreadGroup[]@500000f7)
	[0]		5000088d
ARR 500012fa (sz=32, trace=300000, nelems=3, elem type=java.lang.Thread[]@500000df)
	[0]		500007b7
	[1]		500007b3
	[2]		500007b2
OBJ 500012fb (sz=16, trace=300000, class=java.lang.Object@50000173)
OBJ 500012fc (sz=40, trace=300000, class=java.security.AccessControlContext@50000160)
ARR 500012fd (sz=34, trace=300000, nelems=17, elem type=char[])
OBJ 500012fe (sz=16, trace=300000, class=java.lang.Object@50000173)
OBJ 500012ff (sz=40, trace=300000, class=java.security.AccessControlContext@50000160)
ARR 50001300 (sz=18, trace=300000, nelems=9, elem type=char[])
OBJ 50001301 (sz=24, trace=300000, class=java.lang.String@5000016f)
	value		5000130d
OBJ 50001302 (sz=16, trace=300000, class=java.lang.Object@50000173)
OBJ 50001303 (sz=40, trace=300000, class=java.lang.ref.Finalizer@5000014e)
	referent	50001305
	queue		500007b4
	next		50001304
	prev		5000033a
OBJ 50001304 (sz=40, trace=300000, class=java.lang.ref.Finalizer@5000014e)
	referent	50001107
	queue		500007b4
	next		5000130a
	prev		50001303
OBJ 50001305 (sz=32, trace=300000, class=java.io.FileInputStream@50000089)
	fd		50001308
	path		50001307
	closeLock	50001306
OBJ 50001306 (sz=16, trace=300000, class=java.lang.Object@50000173)
OBJ 50001307 (sz=24, trace=300000, class=java.lang.String@5000016f)
	value		50001309
OBJ 50001308 (sz=32, trace=300000, class=java.io.FileDescriptor@50000088)
	parent		50001305
ARR 50001309 (sz=140, trace=300000, nelems=70, elem type=char[])
OBJ 5000130a (sz=40, trace=300000, class=java.lang.ref.Finalizer@5000014e)
	referent	500008ae
	queue		500007b4
	next		5000130b
	prev		50001304
OBJ 5000130b (sz=40, trace=300000, class=java.lang.ref.Finalizer@5000014e)
	referent	500008ac
	queue		500007b4
	next		5000130c
	prev		5000130a
OBJ 5000130c (sz=40, trace=300000, class=java.lang.ref.Finalizer@5000014e)
	referent	500008a7
	queue		500007b4
	prev		5000130b
ARR 5000130d (sz=18, trace=300000, nelems=9, elem type=char[])
OBJ 5000130e (sz=16, trace=300000, class=java.lang.Object@50000173)
OBJ 5000130f (sz=40, trace=300000, class=java.security.AccessControlContext@50000160)
ARR 50001310 (sz=34, trace=300000, nelems=17, elem type=char[])
ARR 50001311 (sz=32, trace=300000, nelems=1, elem type=java.lang.Thread[]@500000df)
	[0]		500007b9
OBJ 50001312 (sz=24, trace=300000, class=java.lang.String@5000016f)
	value		50001313
ARR 50001313 (sz=8, trace=300000, nelems=4, elem type=char[])
OBJ 50001314 (sz=16, trace=300000, class=java.lang.Object@50000173)
OBJ 50001315 (sz=24, trace=300000, class=java.lang.ThreadLocal$ThreadLocalMap@5000009c)
	table		50001318
OBJ 50001316 (sz=40, trace=300000, class=java.security.AccessControlContext@50000160)
ARR 50001317 (sz=8, trace=300000, nelems=4, elem type=char[])
ARR 50001318 (sz=80, trace=300000, nelems=15, elem type=java.lang.ThreadLocal$ThreadLocalMap$Entry[]@50000098)
	[7]		50001319
	[14]		5000131a
OBJ 50001319 (sz=32, trace=300000, class=java.lang.ThreadLocal$ThreadLocalMap$Entry@5000009b)
	referent	500012f8
	queue		500010a2
	value		5000131f
OBJ 5000131a (sz=32, trace=300000, class=java.lang.ThreadLocal$ThreadLocalMap$Entry@5000009b)
	referent	500012f7
	queue		500010a2
	value		5000131b
OBJ 5000131b (sz=40, trace=300000, class=java.lang.ref.SoftReference@50000153)
	referent	5000131c
	queue		500010a2
OBJ 5000131c (sz=32, trace=300000, class=java.lang.StringCoding$StringEncoder@5000005e)
	cs		50000c88
	ce		5000131d
	requestedCharsetName	500007bc
OBJ 5000131d (sz=56, trace=300000, class=sun.nio.cs.UTF_8$Encoder@50000071)
	charset		50000c88
	replacement	5000131e
	malformedInputAction	50001092
	unmappableCharacterAction	50001092
ARR 5000131e (sz=1, trace=300000, nelems=1, elem type=byte[])
OBJ 5000131f (sz=40, trace=300000, class=java.lang.ref.SoftReference@50000153)
	referent	50001320
	queue		500010a2
OBJ 50001320 (sz=32, trace=300000, class=java.lang.StringCoding$StringDecoder@50000097)
	requestedCharsetName	500007bc
	cs		50000c88
	cd		50001321
OBJ 50001321 (sz=40, trace=300000, class=sun.nio.cs.UTF_8$Decoder@50000094)
	charset		50000c88
	replacement	50000c7c
	malformedInputAction	50001092
	unmappableCharacterAction	50001092
OBJ 50001322 (sz=24, trace=300000, class=java.lang.String@5000016f)
	value		50001323
ARR 50001323 (sz=18, trace=300000, nelems=9, elem type=char[])
OBJ 50001324 (sz=32, trace=300000, class=java.lang.OutOfMemoryError@50000157)
OBJ 50001325 (sz=32, trace=300000, class=java.lang.OutOfMemoryError@50000157)
OBJ 50001326 (sz=32, trace=300000, class=java.lang.OutOfMemoryError@50000157)
OBJ 50001327 (sz=32, trace=300000, class=java.lang.OutOfMemoryError@50000157)
OBJ 50001328 (sz=24, trace=300000, class=java.lang.String@5000016f)
	value		50001329
ARR 50001329 (sz=126, trace=300000, nelems=63, elem type=char[])
OBJ 5000132a (sz=24, trace=300000, class=java.lang.String@5000016f)
	value		5000132b
ARR 5000132b (sz=52, trace=300000, nelems=26, elem type=char[])
OBJ 5000132c (sz=24, trace=300000, class=java.lang.String@5000016f)
	value		5000132d
ARR 5000132d (sz=74, trace=300000, nelems=37, elem type=char[])
OBJ 5000132e (sz=24, trace=300000, class=java.lang.String@5000016f)
	value		5000132f
ARR 5000132f (sz=44, trace=300000, nelems=22, elem type=char[])
OBJ 50001330 (sz=24, trace=300000, class=java.lang.String@5000016f)
	value		50001331
ARR 50001331 (sz=18, trace=300000, nelems=9, elem type=char[])
OBJ 50001332 (sz=24, trace=300000, class=java.lang.String@5000016f)
	value		50001333
ARR 50001333 (sz=30, trace=300000, nelems=15, elem type=char[])
ARR 50001334 (sz=22, trace=300000, nelems=11, elem type=char[])
ARR 50001335 (sz=8, trace=300000, nelems=4, elem type=char[])
OBJ 50001336 (sz=24, trace=300000, class=java.lang.String@5000016f)
	value		50001349
OBJ 50001337 (sz=24, trace=300000, class=java.lang.String@5000016f)
	value		50001344
OBJ 50001338 (sz=24, trace=300000, class=java.lang.String@5000016f)
	value		50001343
OBJ 50001339 (sz=24, trace=300000, class=java.lang.String@5000016f)
	value		50001342
OBJ 5000133a (sz=24, trace=300000, class=java.lang.String@5000016f)
	value		50001341
OBJ 5000133b (sz=24, trace=300000, class=java.lang.String@5000016f)
	value		50001340
OBJ 5000133c (sz=24, trace=300000, class=java.lang.String@5000016f)
	value		5000133f
OBJ 5000133d (sz=24, trace=300000, class=java.lang.String@5000016f)
	value		5000133e
ARR 5000133e (sz=86, trace=300000, nelems=43, elem type=char[])
ARR 5000133f (sz=102, trace=300000, nelems=51, elem type=char[])
ARR 50001340 (sz=94, trace=300000, nelems=47, elem type=char[])
ARR 50001341 (sz=100, trace=300000, nelems=50, elem type=char[])
ARR 50001342 (sz=94, trace=300000, nelems=47, elem type=char[])
ARR 50001343 (sz=92, trace=300000, nelems=46, elem type=char[])
ARR 50001344 (sz=82, trace=300000, nelems=41, elem type=char[])
OBJ 50001345 (sz=24, trace=300000, class=java.lang.String@5000016f)
	value		50001346
ARR 50001346 (sz=12, trace=300000, nelems=6, elem type=char[])
OBJ 50001347 (sz=24, trace=300000, class=java.lang.String@5000016f)
	value		50001348
ARR 50001348 (sz=20, trace=300000, nelems=10, elem type=char[])
ARR 50001349 (sz=8, trace=300000, nelems=4, elem type=char[])
OBJ 5000134a (sz=24, trace=300000, class=java.lang.String@5000016f)
	value		5000134f
OBJ 5000134b (sz=24, trace=300000, class=java.lang.String@5000016f)
	value		5000134e
OBJ 5000134c (sz=24, trace=300000, class=java.lang.String@5000016f)
	value		5000134d
ARR 5000134d (sz=14, trace=300000, nelems=7, elem type=char[])
ARR 5000134e (sz=24, trace=300000, nelems=12, elem type=char[])
ARR 5000134f (sz=26, trace=300000, nelems=13, elem type=char[])
OBJ 50001350 (sz=24, trace=300000, class=java.lang.String@5000016f)
	value		500013d7
OBJ 50001351 (sz=24, trace=300000, class=java.lang.String@5000016f)
	value		500013d6
OBJ 50001352 (sz=24, trace=300000, class=java.lang.String@5000016f)
	value		5000135f
OBJ 50001353 (sz=24, trace=300000, class=java.lang.String@5000016f)
	value		50001359
OBJ 50001354 (sz=24, trace=300000, class=java.lang.String@5000016f)
	value		5000135e
OBJ 50001355 (sz=24, trace=300000, class=java.lang.String@5000016f)
	value		5000135d
OBJ 50001356 (sz=24, trace=300000, class=java.lang.String@5000016f)
	value		5000135c
OBJ 50001357 (sz=24, trace=300000, class=java.lang.String@5000016f)
	value		5000135b
OBJ 50001358 (sz=24, trace=300000, class=java.lang.String@5000016f)
	value		5000135a
ARR 50001359 (sz=16, trace=300000, nelems=8, elem type=char[])
ARR 5000135a (sz=20, trace=300000, nelems=10, elem type=char[])
ARR 5000135b (sz=8, trace=300000, nelems=4, elem type=char[])
ARR 5000135c (sz=24, trace=300000, nelems=12, elem type=char[])
ARR 5000135d (sz=36, trace=300000, nelems=18, elem type=char[])
ARR 5000135e (sz=32, trace=300000, nelems=16, elem type=char[])
ARR 5000135f (sz=32, trace=300000, nelems=16, elem type=char[])
OBJ 50001360 (sz=24, trace=300000, class=java.lang.String@5000016f)
	value		5000136c
OBJ 50001361 (sz=24, trace=300000, class=java.lang.String@5000016f)
	value		5000136b
OBJ 50001362 (sz=24, trace=300000, class=java.lang.String@5000016f)
	value		5000136a
OBJ 50001363 (sz=24, trace=300000, class=java.lang.String@5000016f)
	value		50001369
OBJ 50001364 (sz=24, trace=300000, class=java.lang.String@5000016f)
	value		5000136f
OBJ 50001365 (sz=24, trace=300000, class=java.lang.String@5000016f)
	value		5000136e
OBJ 50001366 (sz=24, trace=300000, class=java.lang.String@5000016f)
	value		5000136d
OBJ 50001367 (sz=24, trace=300000, class=java.lang.String@5000016f)
	value		50001371
OBJ 50001368 (sz=24, trace=300000, class=java.lang.String@5000016f)
	value		50001370
ARR 50001369 (sz=12, trace=300000, nelems=6, elem type=char[])
ARR 5000136a (sz=8, trace=300000, nelems=4, elem type=char[])
ARR 5000136b (sz=8, trace=300000, nelems=4, elem type=char[])
ARR 5000136c (sz=12, trace=300000, nelems=6, elem type=char[])
ARR 5000136d (sz=14, trace=300000, nelems=7, elem type=char[])
ARR 5000136e (sz=14, trace=300000, nelems=7, elem type=char[])
ARR 5000136f (sz=16, trace=300000, nelems=8, elem type=char[])
ARR 50001370 (sz=8, trace=300000, nelems=4, elem type=char[])
ARR 50001371 (sz=12, trace=300000, nelems=6, elem type=char[])
OBJ 50001372 (sz=24, trace=300000, class=java.lang.String@5000016f)
	value		50001373
ARR 50001373 (sz=44, trace=300000, nelems=22, elem type=char[])
OBJ 50001374 (sz=24, trace=300000, class=java.lang.String@5000016f)
	value		50001377
OBJ 50001375 (sz=24, trace=300000, class=java.lang.String@5000016f)
	value		50001376
ARR 50001376 (sz=40, trace=300000, nelems=20, elem type=char[])
ARR 50001377 (sz=14, trace=300000, nelems=7, elem type=char[])
OBJ 50001378 (sz=56, trace=300000, class=java.util.ResourceBundle$CacheKey@5000068c)
	name		50000a11
	locale		500011c8
	loaderRef	50000738
	format		50001379
OBJ 50001379 (sz=24, trace=300000, class=java.lang.String@5000016f)
	value		5000137a
ARR 5000137a (sz=20, trace=300000, nelems=10, elem type=char[])
OBJ 5000137b (sz=56, trace=300000, class=java.util.ResourceBundle$CacheKey@5000068c)
	name		50000a11
	locale		500011c9
	loaderRef	500006ba
	format		50001379
OBJ 5000137c (sz=56, trace=300000, class=java.util.ResourceBundle$CacheKey@5000068c)
	name		50000a11
	locale		500011d9
	loaderRef	500006d1
	format		50001379
OBJ 5000137d (sz=24, trace=300000, class=java.lang.String@5000016f)
	value		50001380
OBJ 5000137e (sz=24, trace=300000, class=java.lang.String@5000016f)
	value		5000137f
ARR 5000137f (sz=48, trace=300000, nelems=24, elem type=char[])
ARR 50001380 (sz=306, trace=300000, nelems=153, elem type=char[])
OBJ 50001381 (sz=24, trace=300000, class=java.lang.String@5000016f)
	value		50001384
OBJ 50001382 (sz=24, trace=300000, class=java.lang.String@5000016f)
	value		50001383
ARR 50001383 (sz=48, trace=300000, nelems=24, elem type=char[])
ARR 50001384 (sz=84, trace=300000, nelems=42, elem type=char[])
OBJ 50001385 (sz=24, trace=300000, class=java.lang.String@5000016f)
	value		50001388
OBJ 50001386 (sz=24, trace=300000, class=java.lang.String@5000016f)
	value		50001387
ARR 50001387 (sz=48, trace=300000, nelems=24, elem type=char[])
ARR 50001388 (sz=354, trace=300000, nelems=177, elem type=char[])
OBJ 50001389 (sz=24, trace=300000, class=java.lang.String@5000016f)
	value		5000138c
OBJ 5000138a (sz=24, trace=300000, class=java.lang.String@5000016f)
	value		5000138b
ARR 5000138b (sz=48, trace=300000, nelems=24, elem type=char[])
ARR 5000138c (sz=416, trace=300000, nelems=208, elem type=char[])
OBJ 5000138d (sz=24, trace=300000, class=java.lang.String@5000016f)
	value		50001390
OBJ 5000138e (sz=24, trace=300000, class=java.lang.String@5000016f)
	value		5000138f
ARR 5000138f (sz=48, trace=300000, nelems=24, elem type=char[])
ARR 50001390 (sz=206, trace=300000, nelems=103, elem type=char[])
OBJ 50001391 (sz=24, trace=300000, class=java.lang.String@5000016f)
	value		50001394
OBJ 50001392 (sz=24, trace=300000, class=java.lang.String@5000016f)
	value		50001393
ARR 50001393 (sz=54, trace=300000, nelems=27, elem type=char[])
ARR 50001394 (sz=144, trace=300000, nelems=72, elem type=char[])
OBJ 50001395 (sz=24, trace=300000, class=java.lang.String@5000016f)
	value		50001398
OBJ 50001396 (sz=24, trace=300000, class=java.lang.String@5000016f)
	value		50001397
ARR 50001397 (sz=48, trace=300000, nelems=24, elem type=char[])
ARR 50001398 (sz=418, trace=300000, nelems=209, elem type=char[])
OBJ 50001399 (sz=24, trace=300000, class=java.lang.String@5000016f)
	value		5000139c
OBJ 5000139a (sz=24, trace=300000, class=java.lang.String@5000016f)
	value		5000139b
ARR 5000139b (sz=54, trace=300000, nelems=27, elem type=char[])
ARR 5000139c (sz=302, trace=300000, nelems=151, elem type=char[])
OBJ 5000139d (sz=24, trace=300000, class=java.lang.String@5000016f)
	value		500013a0
OBJ 5000139e (sz=24, trace=300000, class=java.lang.String@5000016f)
	value		5000139f
ARR 5000139f (sz=52, trace=300000, nelems=26, elem type=char[])
ARR 500013a0 (sz=110, trace=300000, nelems=55, elem type=char[])
OBJ 500013a1 (sz=24, trace=300000, class=java.lang.String@5000016f)
	value		500013a4
OBJ 500013a2 (sz=24, trace=300000, class=java.lang.String@5000016f)
	value		500013a3
ARR 500013a3 (sz=54, trace=300000, nelems=27, elem type=char[])
ARR 500013a4 (sz=140, trace=300000, nelems=70, elem type=char[])
OBJ 500013a5 (sz=24, trace=300000, class=java.lang.String@5000016f)
	value		500013a8
OBJ 500013a6 (sz=24, trace=300000, class=java.lang.String@5000016f)
	value		500013a7
ARR 500013a7 (sz=56, trace=300000, nelems=28, elem type=char[])
ARR 500013a8 (sz=772, trace=300000, nelems=386, elem type=char[])
OBJ 500013a9 (sz=24, trace=300000, class=java.lang.String@5000016f)
	value		500013ac
OBJ 500013aa (sz=24, trace=300000, class=java.lang.String@5000016f)
	value		500013ab
ARR 500013ab (sz=54, trace=300000, nelems=27, elem type=char[])
ARR 500013ac (sz=114, trace=300000, nelems=57, elem type=char[])
OBJ 500013ad (sz=24, trace=300000, class=java.lang.String@5000016f)
	value		500013b0
OBJ 500013ae (sz=24, trace=300000, class=java.lang.String@5000016f)
	value		500013af
ARR 500013af (sz=42, trace=300000, nelems=21, elem type=char[])
ARR 500013b0 (sz=5258, trace=300000, nelems=2629, elem type=char[])
OBJ 500013b1 (sz=24, trace=300000, class=java.lang.String@5000016f)
	value		500013b4
OBJ 500013b2 (sz=24, trace=300000, class=java.lang.String@5000016f)
	value		500013b3
ARR 500013b3 (sz=48, trace=300000, nelems=24, elem type=char[])
ARR 500013b4 (sz=46, trace=300000, nelems=23, elem type=char[])
OBJ 500013b5 (sz=24, trace=300000, class=java.lang.String@5000016f)
	value		500013b8
OBJ 500013b6 (sz=24, trace=300000, class=java.lang.String@5000016f)
	value		500013b7
ARR 500013b7 (sz=50, trace=300000, nelems=25, elem type=char[])
ARR 500013b8 (sz=162, trace=300000, nelems=81, elem type=char[])
OBJ 500013b9 (sz=24, trace=300000, class=java.lang.String@5000016f)
	value		500013bc
OBJ 500013ba (sz=24, trace=300000, class=java.lang.String@5000016f)
	value		500013bb
ARR 500013bb (sz=48, trace=300000, nelems=24, elem type=char[])
ARR 500013bc (sz=4364, trace=300000, nelems=2182, elem type=char[])
OBJ 500013bd (sz=24, trace=300000, class=java.lang.String@5000016f)
	value		500013c0
OBJ 500013be (sz=24, trace=300000, class=java.lang.String@5000016f)
	value		500013bf
ARR 500013bf (sz=48, trace=300000, nelems=24, elem type=char[])
ARR 500013c0 (sz=184, trace=300000, nelems=92, elem type=char[])
OBJ 500013c1 (sz=24, trace=300000, class=java.lang.String@5000016f)
	value		500013c3
ARR 500013c2 (sz=48, trace=300000, nelems=24, elem type=char[])
ARR 500013c3 (sz=132, trace=300000, nelems=66, elem type=char[])
OBJ 500013c4 (sz=24, trace=300000, class=java.lang.String@5000016f)
	value		500013c7
OBJ 500013c5 (sz=24, trace=300000, class=java.lang.String@5000016f)
	value		500013c6
ARR 500013c6 (sz=48, trace=300000, nelems=24, elem type=char[])
ARR 500013c7 (sz=76, trace=300000, nelems=38, elem type=char[])
OBJ 500013c8 (sz=24, trace=300000, class=java.lang.String@5000016f)
	value		500013cb
OBJ 500013c9 (sz=24, trace=300000, class=java.lang.String@5000016f)
	value		500013ca
ARR 500013ca (sz=36, trace=300000, nelems=18, elem type=char[])
ARR 500013cb (sz=64, trace=300000, nelems=32, elem type=char[])
OBJ 500013cc (sz=24, trace=300000, class=java.lang.String@5000016f)
	value		500013ce
OBJ 500013cd (sz=24, trace=300000, class=java.lang.String@5000016f)
	value		500013d5
ARR 500013ce (sz=30, trace=300000, nelems=15, elem type=char[])
OBJ 500013cf (sz=24, trace=300000, class=java.lang.String@5000016f)
	value		500013d4
OBJ 500013d0 (sz=24, trace=300000, class=java.lang.String@5000016f)
	value		500013d3
OBJ 500013d1 (sz=24, trace=300000, class=java.lang.String@5000016f)
	value		500013d2
ARR 500013d2 (sz=4, trace=300000, nelems=2, elem type=char[])
ARR 500013d3 (sz=4, trace=300000, nelems=2, elem type=char[])
ARR 500013d4 (sz=4, trace=300000, nelems=2, elem type=char[])
ARR 500013d5 (sz=20, trace=300000, nelems=10, elem type=char[])
ARR 500013d6 (sz=8, trace=300000, nelems=4, elem type=char[])
ARR 500013d7 (sz=14, trace=300000, nelems=7, elem type=char[])
OBJ 500013d8 (sz=16, trace=300000, class=java.lang.Object@50000173)
ARR 500013d9 (sz=46, trace=300000, nelems=23, elem type=char[])
CLS 50000173 (name=java.lang.Object, trace=300000)
	constant pool entry 88	500000f9
	constant pool entry 18	50000173
CLS 50000001 (name=java.lang.SystemClassLoaderAction, trace=300000)
	super		50000173
	constant pool entry 46	50000168
	constant pool entry 14	50000001
	constant pool entry 9	50000173
	constant pool entry 3	50001120
CLS 50000002 (name=sun.misc.Launcher$AppClassLoader$1, trace=300000)
	super		50000173
	constant pool entry 46	50000119
	constant pool entry 11	50000173
	constant pool entry 10	50000002
	constant pool entry 7	50000118
CLS 5000000f (name=java.net.URLStreamHandler, trace=300000)
	super		50000173
	constant pool entry 176	5000016f
	constant pool entry 167	5000011b
	constant pool entry 73	50000173
	constant pool entry 72	5000000f
	constant pool entry 64	50000be5
	constant pool entry 61	50000124
	constant pool entry 43	50000be4
	constant pool entry 41	50000be3
	constant pool entry 39	50000be2
	constant pool entry 36	50000be1
	constant pool entry 34	50000be0
	constant pool entry 29	5000089c
	constant pool entry 21	50000123
CLS 50000003 (name=sun.net.www.protocol.jar.Handler, trace=300000)
	super		5000000f
	static separator	50000c10
	constant pool entry 50	5000000f
CLS 50000004 (name=sun.misc.URLClassPath, trace=300000)
	super		50000173
	static USER_AGENT_JAVA_VERSION	500010d4
	static JAVA_VERSION	500010d3
	constant pool entry 446	500000da
	constant pool entry 395	500000f1
	constant pool entry 376	500001c8
	constant pool entry 348	50000168
	constant pool entry 326	5000004a
	constant pool entry 138	50000173
	constant pool entry 137	50000004
	constant pool entry 135	500008bf
	constant pool entry 133	500008ba
	constant pool entry 132	500010d2
	constant pool entry 131	500010d1
	constant pool entry 130	500010d0
	constant pool entry 128	5000016f
	constant pool entry 125	500010cf
	constant pool entry 124	50000074
	constant pool entry 90	500005de
	constant pool entry 87	500001ce
	constant pool entry 54	50000580
	constant pool entry 51	50000584
	constant pool entry 38	5000011b
	constant pool entry 31	500005db
	constant pool entry 29	500001d0
	constant pool entry 20	50000c0e
	constant pool entry 14	500000ba
	constant pool entry 10	500000e4
	constant pool entry 7	500000c5
CLS 500000e7 (name=java.util.AbstractCollection, trace=300000)
	super		50000173
	constant pool entry 7	50000173
CLS 500000c2 (name=java.util.AbstractSet, trace=300000)
	super		500000e7
	constant pool entry 19	500000e7
CLS 50000005 (name=java.util.HashSet, trace=300000)
	super		500000c2
	static PRESENT	50000bcb
	constant pool entry 60	500000c2
	constant pool entry 58	50000173
	constant pool entry 23	50000005
	constant pool entry 2	500000ba
CLS 50000006 (name=java.security.Principal[], trace=300000)
	super		50000173
CLS 50000007 (name=java.security.Principal, trace=300000)
CLS 50000008 (name=java.security.ProtectionDomain$Key, trace=300000)
	super		50000173
	constant pool entry 4	50000173
	constant pool entry 3	50000008
CLS 50000009 (name=java.security.ProtectionDomain$3, trace=300000)
	super		50000173
	constant pool entry 5	50000173
CLS 5000000a (name=sun.misc.JavaSecurityProtectionDomainAccess, trace=300000)
CLS 5000000b (name=java.security.ProtectionDomain$1, trace=300000)
	super		50000173
	constant pool entry 12	50000173
CLS 5000000c (name=sun.misc.JavaSecurityAccess, trace=300000)
CLS 5000000d (name=java.net.URL[], trace=300000)
	super		50000173
CLS 5000000e (name=sun.net.www.protocol.file.Handler, trace=300000)
	super		5000000f
	constant pool entry 93	5000016f
	constant pool entry 37	5000000f
	constant pool entry 12	5000011d
CLS 50000010 (name=java.net.Parts, trace=300000)
	super		50000173
	constant pool entry 36	5000016f
	constant pool entry 10	50000173
	constant pool entry 9	50000010
CLS 50000012 (name=java.lang.CharacterData, trace=300000)
	super		50000173
	constant pool entry 54	50000011
	constant pool entry 11	50000173
CLS 50000011 (name=java.lang.CharacterDataLatin1, trace=300000)
	super		50000012
	static sharpsMap	50000b34
	static instance	50000b33
	static A	50000b32
	static A_DATA	50000b30
	static B	50000b31
	constant pool entry 118	500000f9
	constant pool entry 106	5000016f
	constant pool entry 101	5000016b
	constant pool entry 24	50000012
	constant pool entry 21	50000b30
	constant pool entry 19	50000b2f
	constant pool entry 14	50000011
CLS 50000013 (name=sun.util.locale.LocaleUtils, trace=300000)
	super		50000173
	constant pool entry 18	50000013
	constant pool entry 9	5000016f
CLS 50000014 (name=java.util.Locale$LocaleKey, trace=300000)
	super		50000173
	constant pool entry 57	50000018
	constant pool entry 11	50000173
	constant pool entry 8	50000014
CLS 50000154 (name=java.lang.ref.Reference, trace=300000)
	super		50000173
	static lock	500007b8
	constant pool entry 102	5000014a
	constant pool entry 92	500000de
	constant pool entry 24	50000173
	constant pool entry 23	50000154
	constant pool entry 19	5000014c
	constant pool entry 17	500010a0
	constant pool entry 16	500000e1
	constant pool entry 11	500000e2
CLS 50000153 (name=java.lang.ref.SoftReference, trace=300000)
	super		50000154
	constant pool entry 7	50000154
	constant pool entry 6	50000153
CLS 50000015 (name=sun.util.locale.LocaleObjectCache$CacheEntry, trace=300000)
	super		50000153
	constant pool entry 4	50000153
	constant pool entry 3	50000015
CLS 50000016 (name=sun.util.locale.BaseLocale$Key, trace=300000)
	super		50000173
	constant pool entry 128	5000016b
	constant pool entry 115	50000013
	constant pool entry 31	50000173
	constant pool entry 29	50000018
	constant pool entry 23	5000016f
	constant pool entry 21	50000016
	constant pool entry 13	5000089c
	constant pool entry 11	50000153
CLS 5000002a (name=sun.util.locale.LocaleObjectCache, trace=300000)
	super		50000173
	constant pool entry 82	50000028
	constant pool entry 23	50000173
	constant pool entry 22	5000002a
	constant pool entry 12	50000015
	constant pool entry 7	50000027
	constant pool entry 4	500000de
CLS 50000017 (name=sun.util.locale.BaseLocale$Cache, trace=300000)
	super		5000002a
	constant pool entry 61	5000016b
	constant pool entry 19	5000002a
	constant pool entry 18	50000017
	constant pool entry 11	50000018
CLS 50000018 (name=sun.util.locale.BaseLocale, trace=300000)
	super		50000173
	static SEP	500011f8
	static CACHE	500011f7
	constant pool entry 116	5000016f
	constant pool entry 114	50000013
	constant pool entry 42	50000173
	constant pool entry 40	50000017
	constant pool entry 24	500011f6
	constant pool entry 22	500011f5
	constant pool entry 19	500011f4
	constant pool entry 16	50000016
	constant pool entry 13	50000018
	constant pool entry 5	5000089c
CLS 5000001c (name=java.util.concurrent.ConcurrentHashMap$CollectionView, trace=300000)
	super		50000173
CLS 50000019 (name=java.util.concurrent.ConcurrentHashMap$EntrySetView, trace=300000)
	super		5000001c
CLS 5000001a (name=java.util.concurrent.ConcurrentHashMap$ValuesView, trace=300000)
	super		5000001c
CLS 5000001b (name=java.util.concurrent.ConcurrentHashMap$KeySetView, trace=300000)
	super		5000001c
CLS 5000001d (name=java.util.concurrent.ConcurrentHashMap$CounterCell[], trace=300000)
	super		50000173
CLS 5000001e (name=java.util.concurrent.ConcurrentHashMap$CounterCell, trace=300000)
	super		50000173
CLS 5000001f (name=java.util.concurrent.ConcurrentHashMap$Node[], trace=300000)
	super		50000173
CLS 50000020 (name=java.util.concurrent.ConcurrentHashMap$Node, trace=300000)
	super		50000173
	constant pool entry 20	50000173
	constant pool entry 19	50000020
CLS 50000021 (name=java.util.concurrent.ConcurrentHashMap$Segment[], trace=300000)
	super		50000173
CLS 50000022 (name=java.util.concurrent.locks.ReentrantLock[], trace=300000)
	super		50000173
CLS 50000023 (name=java.util.concurrent.locks.Lock[], trace=300000)
	super		50000173
CLS 50000025 (name=java.util.concurrent.locks.ReentrantLock, trace=300000)
	super		50000173
CLS 50000024 (name=java.util.concurrent.ConcurrentHashMap$Segment, trace=300000)
	super		50000025
CLS 50000026 (name=java.util.concurrent.locks.Lock, trace=300000)
CLS 500000ce (name=java.util.AbstractMap, trace=300000)
	super		50000173
	constant pool entry 41	50000173
CLS 50000027 (name=java.util.concurrent.ConcurrentHashMap, trace=300000)
	super		500000ce
	static serialPersistentFields	50000a1b
	static U	500008b5
	constant pool entry 1216	500000f9
	constant pool entry 1052	5000008b
	constant pool entry 854	50000122
	constant pool entry 845	5000016b
	constant pool entry 842	50000173
	constant pool entry 286	500000ce
	constant pool entry 278	50000a1a
	constant pool entry 277	50000a19
	constant pool entry 276	50000a18
	constant pool entry 275	50000a17
	constant pool entry 272	50000a16
	constant pool entry 267	500000fe
	constant pool entry 156	5000001e
	constant pool entry 110	5000001f
	constant pool entry 103	50000a15
	constant pool entry 101	50000a14
	constant pool entry 99	50000a13
	constant pool entry 95	50000021
	constant pool entry 30	5000010c
	constant pool entry 16	50000020
	constant pool entry 1	50000027
CLS 50000028 (name=java.util.concurrent.ConcurrentMap, trace=300000)
CLS 50000029 (name=java.util.Locale$Cache, trace=300000)
	super		5000002a
	constant pool entry 10	5000002a
	constant pool entry 9	50000029
	constant pool entry 7	50000014
	constant pool entry 3	5000002b
CLS 5000002b (name=java.util.Locale, trace=300000)
	super		50000173
	static LOCALECACHE	500011db
	static ENGLISH	500011da
	static FRENCH	500011d9
	static GERMAN	500011d8
	static ITALIAN	500011d7
	static JAPANESE	500011d6
	static KOREAN	500011d5
	static CHINESE	500011d4
	static SIMPLIFIED_CHINESE	500011cf
	static TRADITIONAL_CHINESE	500011ce
	static FRANCE	500011c8
	static GERMANY	500011d3
	static ITALY	500011d2
	static JAPAN	500011d1
	static KOREA	500011d0
	static CHINA	500011cf
	static PRC	500011cf
	static TAIWAN	500011ce
	static UK	500011cd
	static US	500011cc
	static CANADA	500011cb
	static CANADA_FRENCH	500011ca
	static ROOT	500011c9
	static defaultLocale	500011c8
	static defaultFormatLocale	500011c8
	static serialPersistentFields	500011c7
	constant pool entry 1016	500000f9
	constant pool entry 819	5000016b
	constant pool entry 783	50000013
	constant pool entry 641	500000f1
	constant pool entry 615	50000018
	constant pool entry 284	50000770
	constant pool entry 276	50000775
	constant pool entry 270	500000fe
	constant pool entry 265	500011c6
	constant pool entry 263	500011c5
	constant pool entry 261	500011c4
	constant pool entry 256	500011c3
	constant pool entry 253	500011c2
	constant pool entry 251	500011c1
	constant pool entry 249	500011c0
	constant pool entry 247	500011bf
	constant pool entry 245	500011be
	constant pool entry 243	500011bd
	constant pool entry 241	500011bc
	constant pool entry 238	500011bb
	constant pool entry 236	500011ba
	constant pool entry 234	500011b9
	constant pool entry 230	50000029
	constant pool entry 219	500011b8
	constant pool entry 216	500011b7
	constant pool entry 213	500011b6
	constant pool entry 195	500011b5
	constant pool entry 194	500011b4
	constant pool entry 193	500011b3
	constant pool entry 192	500011b2
	constant pool entry 191	500011b1
	constant pool entry 189	500011b0
	constant pool entry 167	5000010c
	constant pool entry 144	50000173
	constant pool entry 45	500011af
	constant pool entry 44	500011ae
	constant pool entry 43	500011ad
	constant pool entry 38	500011ac
	constant pool entry 37	5000016f
	constant pool entry 34	500011ab
	constant pool entry 33	500011aa
	constant pool entry 32	50000074
	constant pool entry 20	5000002b
	constant pool entry 16	50000014
	constant pool entry 10	5000089c
CLS 5000002c (name=java.util.BitSet, trace=300000)
	super		50000173
	static serialPersistentFields	500010b6
	constant pool entry 449	500000f9
	constant pool entry 354	5000016b
	constant pool entry 97	50000173
	constant pool entry 94	500000fe
	constant pool entry 76	500010b5
	constant pool entry 71	50000174
	constant pool entry 1	5000002c
CLS 5000002d (name=sun.net.www.ParseUtil, trace=300000)
	super		50000173
	static encodedInPath	500010b3
	static hexDigits	500010b2
	constant pool entry 586	500000f9
	constant pool entry 458	5000016b
	constant pool entry 455	500000d5
	constant pool entry 338	5000011d
	constant pool entry 156	500010b1
	constant pool entry 155	500010b0
	constant pool entry 154	500010af
	constant pool entry 153	500010ae
	constant pool entry 150	500010ad
	constant pool entry 147	500010ac
	constant pool entry 144	500010ab
	constant pool entry 137	500010aa
	constant pool entry 126	5000002c
	constant pool entry 105	5000002d
	constant pool entry 66	5000089c
	constant pool entry 65	50000bdd
	constant pool entry 64	5000011b
	constant pool entry 61	50000b9c
	constant pool entry 18	50000123
	constant pool entry 12	5000016f
CLS 5000002e (name=java.io.FileInputStream$1, trace=300000)
	super		50000173
	constant pool entry 24	50000089
	constant pool entry 5	50000173
	constant pool entry 4	5000002e
CLS 500000b9 (name=java.util.HashMap$Node, trace=300000)
	super		50000173
	constant pool entry 18	50000173
	constant pool entry 17	500000b9
CLS 50000059 (name=java.util.LinkedHashMap$Entry, trace=300000)
	super		500000b9
	constant pool entry 3	500000b9
CLS 5000002f (name=java.util.HashMap$TreeNode, trace=300000)
	super		50000059
CLS 50000030 (name=java.lang.reflect.Array, trace=300000)
	super		50000173
	constant pool entry 4	50000030
CLS 50000033 (name=java.nio.charset.CoderResult$Cache, trace=300000)
	super		50000173
	constant pool entry 20	50000173
	constant pool entry 19	50000033
CLS 50000031 (name=java.nio.charset.CoderResult$2, trace=300000)
	super		50000033
	constant pool entry 5	50000033
CLS 50000032 (name=java.nio.charset.CoderResult$1, trace=300000)
	super		50000033
	constant pool entry 5	50000033
CLS 50000034 (name=java.nio.charset.CoderResult, trace=300000)
	super		50000173
	static names	50000c70
	static UNDERFLOW	50000c6f
	static OVERFLOW	50000c6e
	static malformedCache	50000c6d
	static unmappableCache	50000c6c
	constant pool entry 149	500000f9
	constant pool entry 128	5000016b
	constant pool entry 43	50000173
	constant pool entry 41	50000031
	constant pool entry 39	50000032
	constant pool entry 36	50000c6b
	constant pool entry 35	50000c6a
	constant pool entry 34	50000c69
	constant pool entry 33	50000c68
	constant pool entry 32	5000016f
	constant pool entry 14	50000034
CLS 50000114 (name=java.nio.Buffer, trace=300000)
	super		50000173
	constant pool entry 29	50000173
	constant pool entry 28	50000114
CLS 50000036 (name=java.nio.CharBuffer, trace=300000)
	super		50000114
	constant pool entry 53	50000114
	constant pool entry 42	50000036
	constant pool entry 7	50000035
CLS 50000035 (name=java.nio.HeapCharBuffer, trace=300000)
	super		50000036
	constant pool entry 40	50000036
CLS 5000003b (name=java.io.Reader, trace=300000)
	super		50000173
	constant pool entry 20	50000173
	constant pool entry 12	5000003b
CLS 50000037 (name=sun.nio.cs.StreamDecoder, trace=300000)
	super		5000003b
	constant pool entry 278	5000016b
	constant pool entry 265	50000034
	constant pool entry 261	50000036
	constant pool entry 250	5000011f
	constant pool entry 239	50000070
	constant pool entry 230	50000095
	constant pool entry 228	50000093
	constant pool entry 196	500000d4
	constant pool entry 87	5000003b
	constant pool entry 8	50000037
CLS 50000039 (name=java.io.InputStreamReader, trace=300000)
	super		5000003b
	constant pool entry 71	50000037
	constant pool entry 21	5000003b
	constant pool entry 20	50000039
CLS 50000038 (name=java.io.FileReader, trace=300000)
	super		50000039
	constant pool entry 7	50000039
	constant pool entry 1	50000089
CLS 5000003a (name=java.io.BufferedReader, trace=300000)
	super		5000003b
	constant pool entry 215	500000f9
	constant pool entry 48	5000003b
	constant pool entry 31	5000016f
	constant pool entry 2	5000003a
CLS 5000003c (name=java.lang.Readable, trace=300000)
CLS 5000003d (name=sun.misc.MetaIndex, trace=300000)
	super		50000173
	static jarMap	50000c18
	constant pool entry 182	500000f9
	constant pool entry 146	5000016b
	constant pool entry 126	500000e9
	constant pool entry 107	50000149
	constant pool entry 45	50000173
	constant pool entry 39	500000ba
	constant pool entry 37	500000cf
	constant pool entry 35	5000016f
	constant pool entry 28	50000c17
	constant pool entry 16	50000c16
	constant pool entry 12	500000c5
	constant pool entry 9	50000038
	constant pool entry 8	5000003a
	constant pool entry 5	50000c15
	constant pool entry 4	5000011d
	constant pool entry 3	5000003d
CLS 5000003e (name=sun.misc.Launcher$ExtClassLoader$1, trace=300000)
	super		50000173
	constant pool entry 39	5000003d
	constant pool entry 8	50000173
	constant pool entry 7	5000003e
	constant pool entry 4	50000117
CLS 5000003f (name=java.io.File[], trace=300000)
	super		50000173
CLS 50000040 (name=java.util.StringTokenizer, trace=300000)
	super		50000173
	constant pool entry 97	5000016f
	constant pool entry 34	50000173
	constant pool entry 33	50000040
	constant pool entry 5	50000112
CLS 50000041 (name=java.net.URLClassLoader$7, trace=300000)
	super		50000173
	constant pool entry 21	5000011c
	constant pool entry 4	50000173
CLS 50000042 (name=sun.misc.JavaNetAccess, trace=300000)
CLS 50000043 (name=java.util.WeakHashMap$KeySet, trace=300000)
	super		500000c2
	constant pool entry 13	500000c2
	constant pool entry 12	50000043
CLS 50000044 (name=java.util.Collections$SetFromMap, trace=300000)
	super		500000c2
	constant pool entry 140	50000113
	constant pool entry 128	50000149
	constant pool entry 31	500000c2
	constant pool entry 30	50000044
CLS 50000045 (name=java.util.WeakHashMap$Entry[], trace=300000)
	super		50000173
CLS 50000152 (name=java.lang.ref.WeakReference, trace=300000)
	super		50000154
	constant pool entry 4	50000154
CLS 50000046 (name=java.util.WeakHashMap$Entry, trace=300000)
	super		50000152
	constant pool entry 21	50000152
	constant pool entry 20	50000046
CLS 50000047 (name=java.lang.ClassLoader$ParallelLoaders, trace=300000)
	super		50000173
	static loaderTypes	50001113
	constant pool entry 48	500000c4
	constant pool entry 44	500000c3
	constant pool entry 42	5000016b
	constant pool entry 10	50000047
	constant pool entry 9	50000169
	constant pool entry 6	500000ac
CLS 50000048 (name=sun.security.util.Debug, trace=300000)
	super		50000173
	static hexDigits	50000bc4
	constant pool entry 272	500000f1
	constant pool entry 108	50000bc3
	constant pool entry 102	50000bc2
	constant pool entry 101	5000016f
	constant pool entry 98	50000bc1
	constant pool entry 97	50000074
	constant pool entry 47	50000048
CLS 50000049 (name=sun.misc.Launcher$Factory, trace=300000)
	super		50000173
	static PREFIX	50000be9
	constant pool entry 61	5000016b
	constant pool entry 20	50000173
	constant pool entry 19	50000049
	constant pool entry 18	50000be9
	constant pool entry 12	5000000f
	constant pool entry 8	50000beb
	constant pool entry 7	50000bea
	constant pool entry 3	50000123
CLS 5000004a (name=java.net.URLStreamHandlerFactory, trace=300000)
CLS 5000004b (name=java.lang.Compiler$1, trace=300000)
	super		50000173
	constant pool entry 56	50000168
	constant pool entry 24	50000173
	constant pool entry 23	5000004b
	constant pool entry 21	5000134c
	constant pool entry 18	5000134b
	constant pool entry 11	50000123
	constant pool entry 2	5000134a
CLS 5000004c (name=java.lang.Compiler, trace=300000)
	super		50000173
	constant pool entry 37	500000f1
	constant pool entry 7	5000004c
	constant pool entry 4	5000004b
CLS 50000167 (name=java.lang.Throwable, trace=300000)
	super		50000173
	static UNASSIGNED_STACK	500010c9
	static SUPPRESSED_SENTINEL	500010c8
	static NULL_CAUSE_MESSAGE	500010c7
	static SELF_SUPPRESSION_MESSAGE	500010c6
	static CAUSE_CAPTION	500010c5
	static SUPPRESSED_CAPTION	500010c4
	static EMPTY_THROWABLE_ARRAY	500010c3
	constant pool entry 374	500000f9
	constant pool entry 254	500000c4
	constant pool entry 243	5000016b
	constant pool entry 95	50000173
	constant pool entry 75	500000c5
	constant pool entry 67	50000115
	constant pool entry 42	50000167
CLS 50000164 (name=java.lang.Exception, trace=300000)
	super		50000167
	constant pool entry 7	50000167
CLS 50000163 (name=java.lang.RuntimeException, trace=300000)
	super		50000164
CLS 5000004d (name=java.lang.IllegalArgumentException, trace=300000)
	super		50000163
CLS 5000004e (name=java.lang.System$2, trace=300000)
	super		50000173
	constant pool entry 21	50000173
CLS 5000004f (name=sun.misc.JavaLangAccess, trace=300000)
CLS 50000050 (name=sun.misc.OSEnvironment, trace=300000)
	super		50000173
CLS 50000051 (name=java.lang.Integer[], trace=300000)
	super		50000173
CLS 50000052 (name=java.lang.Number[], trace=300000)
	super		50000173
CLS 50000053 (name=java.lang.Integer$IntegerCache, trace=300000)
	super		50000173
	static cache	50000a2c
	constant pool entry 83	500000f9
	constant pool entry 55	500000da
	constant pool entry 51	5000016b
	constant pool entry 9	50000053
	constant pool entry 5	500008bc
	constant pool entry 2	5000010c
CLS 50000054 (name=sun.misc.NativeSignalHandler, trace=300000)
	super		50000173
	constant pool entry 6	50000173
	constant pool entry 5	50000054
CLS 50000055 (name=sun.misc.Signal, trace=300000)
	super		50000173
	static handlers	50001198
	static signals	50001197
	constant pool entry 126	5000010c
	constant pool entry 44	50000173
	constant pool entry 42	50000147
	constant pool entry 29	50000057
	constant pool entry 15	50000054
	constant pool entry 3	50000055
CLS 50000056 (name=java.lang.Terminator$1, trace=300000)
	super		50000173
	constant pool entry 5	50000173
CLS 50000057 (name=sun.misc.SignalHandler, trace=300000)
	static SIG_DFL	50001193
	static SIG_IGN	50001192
	constant pool entry 5	50000057
	constant pool entry 1	50000054
CLS 50000058 (name=java.lang.Terminator, trace=300000)
	super		50000173
	static handler	50001191
	constant pool entry 12	50000058
	constant pool entry 11	50001190
	constant pool entry 10	5000118f
	constant pool entry 6	5000118e
	constant pool entry 5	50000055
	constant pool entry 3	50000056
CLS 5000005a (name=java.io.ExpiringCache$Entry, trace=300000)
	super		50000173
	constant pool entry 5	50000173
	constant pool entry 4	5000005a
CLS 5000005b (name=java.io.File$PathStatus[], trace=300000)
	super		50000173
CLS 5000005c (name=java.lang.Enum[], trace=300000)
	super		50000173
CLS 5000005d (name=java.lang.ClassLoader$3, trace=300000)
	super		50000173
	constant pool entry 33	50000113
	constant pool entry 31	5000011d
	constant pool entry 6	50000173
	constant pool entry 5	5000005d
CLS 5000005e (name=java.lang.StringCoding$StringEncoder, trace=300000)
	super		50000173
	constant pool entry 176	500000f9
	constant pool entry 110	5000009d
	constant pool entry 103	5000016b
	constant pool entry 98	50000072
	constant pool entry 96	50000093
	constant pool entry 94	500000d4
	constant pool entry 33	50000173
	constant pool entry 32	5000005e
	constant pool entry 18	50000073
CLS 5000005f (name=java.lang.ClassLoader$NativeLibrary, trace=300000)
	super		50000173
	constant pool entry 81	500000e4
	constant pool entry 69	50000169
	constant pool entry 18	50000173
	constant pool entry 17	5000005f
CLS 50000060 (name=java.nio.file.Path, trace=300000)
CLS 50000061 (name=java.nio.file.Watchable, trace=300000)
CLS 50000063 (name=java.lang.Enum, trace=300000)
	super		50000173
	constant pool entry 31	50000173
	constant pool entry 12	50000063
CLS 50000062 (name=java.io.File$PathStatus, trace=300000)
	super		50000063
	static INVALID	50000bb3
	static CHECKED	50000bb2
	static $VALUES	50000bb1
	constant pool entry 53	500000f9
	constant pool entry 12	50000063
	constant pool entry 10	50000bb0
	constant pool entry 7	50000baf
	constant pool entry 4	50000062
CLS 500000ba (name=java.util.HashMap, trace=300000)
	super		500000ce
	constant pool entry 569	500000f9
	constant pool entry 409	50000110
	constant pool entry 389	50000173
	constant pool entry 110	50000149
	constant pool entry 109	500000ce
	constant pool entry 61	500000b8
	constant pool entry 60	500000b9
	constant pool entry 50	5000002f
	constant pool entry 10	500000ba
CLS 50000065 (name=java.util.LinkedHashMap, trace=300000)
	super		500000ba
	constant pool entry 97	500000b9
	constant pool entry 46	500000ba
	constant pool entry 45	50000065
	constant pool entry 37	500002fa
	constant pool entry 6	50000059
CLS 50000064 (name=java.io.ExpiringCache$1, trace=300000)
	super		50000065
	constant pool entry 33	50000066
	constant pool entry 6	50000065
	constant pool entry 5	50000064
CLS 50000066 (name=java.io.ExpiringCache, trace=300000)
	super		50000173
	constant pool entry 104	50000149
	constant pool entry 98	50000168
	constant pool entry 32	50000173
	constant pool entry 31	50000066
	constant pool entry 18	5000005a
	constant pool entry 8	50000064
CLS 50000068 (name=java.io.FileSystem, trace=300000)
	super		50000173
	constant pool entry 96	50000168
	constant pool entry 11	50000173
	constant pool entry 10	50000068
	constant pool entry 9	50000b9f
	constant pool entry 7	50000b9e
CLS 50000067 (name=java.io.UnixFileSystem, trace=300000)
	super		50000068
	constant pool entry 214	50000168
	constant pool entry 186	500000f1
	constant pool entry 66	50000067
	constant pool entry 55	50000068
	constant pool entry 48	5000011d
	constant pool entry 37	50000b9d
	constant pool entry 28	50000123
	constant pool entry 26	5000089c
	constant pool entry 18	50000124
	constant pool entry 17	50000b9c
	constant pool entry 15	50000b9b
	constant pool entry 13	50000b9a
	constant pool entry 10	5000016f
	constant pool entry 7	50000b99
	constant pool entry 6	50000074
	constant pool entry 2	50000066
CLS 50000069 (name=java.io.DefaultFileSystem, trace=300000)
	super		50000173
	constant pool entry 2	50000067
CLS 50000077 (name=java.io.Writer, trace=300000)
	super		50000173
	constant pool entry 83	5000016f
	constant pool entry 19	50000173
	constant pool entry 6	50000077
CLS 5000006a (name=java.io.BufferedWriter, trace=300000)
	super		50000077
	constant pool entry 137	500000f9
	constant pool entry 98	500000f1
	constant pool entry 35	50000077
	constant pool entry 34	5000006a
	constant pool entry 15	5000016f
	constant pool entry 12	5000089d
	constant pool entry 11	50000074
CLS 5000006b (name=java.nio.Bits$1, trace=300000)
	super		50000173
	constant pool entry 8	50000173
CLS 5000006c (name=sun.misc.JavaNioAccess, trace=300000)
CLS 5000006d (name=java.nio.ByteOrder, trace=300000)
	super		50000173
	static BIG_ENDIAN	50000c78
	static LITTLE_ENDIAN	50000c77
	constant pool entry 10	50000173
	constant pool entry 8	50000c76
	constant pool entry 5	50000c75
	constant pool entry 4	5000006d
CLS 5000006e (name=java.nio.Bits, trace=300000)
	super		50000173
	static unsafe	500008b5
	static byteOrder	50000c77
	constant pool entry 523	50000085
	constant pool entry 518	5000006d
	constant pool entry 513	5000016b
	constant pool entry 495	500000da
	constant pool entry 471	50000122
	constant pool entry 158	5000006b
	constant pool entry 122	5000006e
CLS 50000070 (name=java.nio.ByteBuffer, trace=300000)
	super		50000114
	constant pool entry 204	5000006d
	constant pool entry 202	5000006e
	constant pool entry 58	50000114
	constant pool entry 50	50000070
	constant pool entry 13	5000006f
CLS 5000006f (name=java.nio.HeapByteBuffer, trace=300000)
	super		50000070
	constant pool entry 287	500000f9
	constant pool entry 203	50000168
	constant pool entry 72	50000070
	constant pool entry 2	5000006f
CLS 50000072 (name=java.nio.charset.CharsetEncoder, trace=300000)
	super		50000173
	static stateNames	5000108d
	constant pool entry 404	500000f9
	constant pool entry 334	5000016b
	constant pool entry 278	50000034
	constant pool entry 255	500000a7
	constant pool entry 247	500000d4
	constant pool entry 234	50000093
	constant pool entry 110	50000173
	constant pool entry 109	50000c80
	constant pool entry 108	50000c7f
	constant pool entry 107	50000c7e
	constant pool entry 106	50000c7d
	constant pool entry 105	5000016f
	constant pool entry 13	50000c7b
	constant pool entry 5	50000072
CLS 50000071 (name=sun.nio.cs.UTF_8$Encoder, trace=300000)
	super		50000072
	constant pool entry 125	500000d5
	constant pool entry 123	50000070
	constant pool entry 117	50000036
	constant pool entry 115	50000034
	constant pool entry 113	500000a4
	constant pool entry 41	50000072
	constant pool entry 40	50000071
CLS 50000073 (name=sun.nio.cs.ArrayEncoder, trace=300000)
CLS 50000074 (name=sun.security.action.GetPropertyAction, trace=300000)
	super		50000173
	constant pool entry 33	50000168
	constant pool entry 7	50000173
	constant pool entry 6	50000074
CLS 50000075 (name=sun.nio.cs.StreamEncoder, trace=300000)
	super		50000077
	constant pool entry 254	5000016b
	constant pool entry 240	50000034
	constant pool entry 233	50000036
	constant pool entry 230	50000083
	constant pool entry 217	50000070
	constant pool entry 206	50000072
	constant pool entry 204	50000093
	constant pool entry 179	500000d4
	constant pool entry 78	50000077
	constant pool entry 8	50000075
CLS 50000076 (name=java.io.OutputStreamWriter, trace=300000)
	super		50000077
	constant pool entry 77	50000075
	constant pool entry 23	50000077
	constant pool entry 22	50000076
CLS 50000083 (name=java.io.OutputStream, trace=300000)
	super		50000173
	constant pool entry 9	50000173
CLS 5000007a (name=java.io.FilterOutputStream, trace=300000)
	super		50000083
	constant pool entry 14	50000083
	constant pool entry 13	5000007a
CLS 50000078 (name=java.io.BufferedOutputStream, trace=300000)
	super		5000007a
	constant pool entry 69	500000f9
	constant pool entry 57	50000168
	constant pool entry 54	50000083
	constant pool entry 14	5000007a
	constant pool entry 13	50000078
CLS 50000079 (name=java.io.PrintStream, trace=300000)
	super		5000007a
	constant pool entry 259	5000016f
	constant pool entry 87	5000007a
	constant pool entry 40	50000079
	constant pool entry 24	50000083
	constant pool entry 23	50001141
	constant pool entry 17	5000006a
	constant pool entry 14	50000076
CLS 5000007b (name=sun.reflect.misc.ReflectUtil, trace=300000)
	super		50000173
	static PROXY_PACKAGE	50001133
	constant pool entry 171	500000bb
	constant pool entry 7	500000aa
CLS 5000007c (name=java.util.concurrent.atomic.AtomicReferenceFieldUpdater$AtomicReferenceFieldUpdaterImpl$1, trace=300000)
	super		50000173
	constant pool entry 43	5000016b
	constant pool entry 8	50000173
	constant pool entry 7	5000007c
CLS 5000007d (name=java.security.PrivilegedExceptionAction, trace=300000)
CLS 5000007f (name=java.util.concurrent.atomic.AtomicReferenceFieldUpdater, trace=300000)
	super		50000173
	constant pool entry 76	500000bb
	constant pool entry 10	50000173
	constant pool entry 1	5000007e
CLS 5000007e (name=java.util.concurrent.atomic.AtomicReferenceFieldUpdater$AtomicReferenceFieldUpdaterImpl, trace=300000)
	super		5000007f
	static unsafe	500008b5
	constant pool entry 173	50000122
	constant pool entry 164	500000aa
	constant pool entry 149	5000016b
	constant pool entry 147	5000007b
	constant pool entry 143	500000f1
	constant pool entry 56	5000007f
	constant pool entry 55	5000007e
	constant pool entry 28	50000173
	constant pool entry 5	50000143
	constant pool entry 2	5000007c
CLS 5000011f (name=java.io.InputStream, trace=300000)
	super		50000173
	constant pool entry 15	50000173
CLS 50000081 (name=java.io.FilterInputStream, trace=300000)
	super		5000011f
	constant pool entry 13	5000011f
	constant pool entry 12	50000081
CLS 50000080 (name=java.io.BufferedInputStream, trace=300000)
	super		50000081
	static bufUpdater	50001132
	constant pool entry 156	500000f9
	constant pool entry 127	5000007f
	constant pool entry 41	50000081
	constant pool entry 39	50001131
	constant pool entry 38	50000177
	constant pool entry 37	50000080
CLS 50000082 (name=java.io.FileOutputStream, trace=300000)
	super		50000083
	constant pool entry 121	50000168
	constant pool entry 44	50000083
	constant pool entry 43	50000082
	constant pool entry 19	50000088
	constant pool entry 6	50000173
CLS 50000084 (name=java.io.Flushable, trace=300000)
CLS 50000085 (name=sun.misc.SharedSecrets, trace=300000)
	super		50000173
	static unsafe	500008b5
	static javaLangAccess	500007b6
	static javaNetAccess	500008b4
	static javaNioAccess	500008b3
	static javaIOFileDescriptorAccess	500008b2
	static javaSecurityProtectionDomainAccess	500008b1
	static javaSecurityAccess	500008b0
	static javaUtilZipFileAccess	500001d6
	constant pool entry 117	50000122
	constant pool entry 24	50000085
	constant pool entry 21	500001d3
CLS 50000086 (name=java.io.FileDescriptor$1, trace=300000)
	super		50000173
	constant pool entry 7	50000173
CLS 50000087 (name=sun.misc.JavaIOFileDescriptorAccess, trace=300000)
CLS 50000088 (name=java.io.FileDescriptor, trace=300000)
	super		50000173
	static in	500008a9
	static out	500008ab
	static err	500008aa
	constant pool entry 105	50000085
	constant pool entry 27	50000173
	constant pool entry 24	50000086
	constant pool entry 18	50000088
	constant pool entry 12	50000120
CLS 50000089 (name=java.io.FileInputStream, trace=300000)
	super		5000011f
	constant pool entry 118	50000168
	constant pool entry 41	5000011f
	constant pool entry 40	50000089
	constant pool entry 31	5000002e
	constant pool entry 20	50000088
	constant pool entry 7	50000173
	constant pool entry 2	5000011d
CLS 5000008a (name=sun.misc.Version, trace=300000)
	super		50000173
	static launcher_name	500011a4
	static java_version	500010d3
	static java_runtime_name	50001174
	static java_profile_name	5000089c
	static java_runtime_version	5000117e
	constant pool entry 158	50000168
	constant pool entry 9	50001174
	constant pool entry 8	50001175
	constant pool entry 7	5000117e
	constant pool entry 6	5000117f
	constant pool entry 4	500010d3
	constant pool entry 3	5000008a
	constant pool entry 2	500010cf
CLS 5000008b (name=java.lang.Runtime, trace=300000)
	super		50000173
	static currentRuntime	500007ba
	constant pool entry 195	50000169
	constant pool entry 156	500007a9
	constant pool entry 152	50000168
	constant pool entry 55	50000173
	constant pool entry 53	5000008b
	constant pool entry 38	5000011d
	constant pool entry 25	5000016f
CLS 5000008c (name=java.util.Hashtable$Enumerator, trace=300000)
	super		50000173
	constant pool entry 36	500000d8
	constant pool entry 32	50000173
	constant pool entry 31	5000008c
	constant pool entry 1	50000147
CLS 5000008d (name=java.util.Iterator, trace=300000)
CLS 5000008e (name=java.util.Enumeration, trace=300000)
CLS 5000008f (name=java.util.Objects, trace=300000)
	super		50000173
CLS 50000091 (name=java.util.Collections$SynchronizedCollection, trace=300000)
	super		50000173
	constant pool entry 128	5000008f
	constant pool entry 27	50000173
	constant pool entry 26	50000091
	constant pool entry 3	500000ea
CLS 50000090 (name=java.util.Collections$SynchronizedSet, trace=300000)
	super		50000091
	constant pool entry 8	50000091
CLS 50000092 (name=java.util.Hashtable$EntrySet, trace=300000)
	super		500000c2
	constant pool entry 22	500000c2
	constant pool entry 21	50000092
	constant pool entry 1	50000147
CLS 50000093 (name=java.nio.charset.CodingErrorAction, trace=300000)
	super		50000173
	static IGNORE	50001093
	static REPLACE	50001092
	static REPORT	50001091
	constant pool entry 11	50000173
	constant pool entry 9	50001090
	constant pool entry 7	5000108f
	constant pool entry 4	5000108e
	constant pool entry 3	50000093
CLS 50000095 (name=java.nio.charset.CharsetDecoder, trace=300000)
	super		50000173
	static stateNames	50000c81
	constant pool entry 306	500000f9
	constant pool entry 257	5000016b
	constant pool entry 219	50000034
	constant pool entry 196	500000d4
	constant pool entry 184	50000093
	constant pool entry 83	50000173
	constant pool entry 82	50000c80
	constant pool entry 81	50000c7f
	constant pool entry 80	50000c7e
	constant pool entry 79	50000c7d
	constant pool entry 78	5000016f
	constant pool entry 19	50000c7c
	constant pool entry 12	50000c7b
	constant pool entry 5	50000095
CLS 50000094 (name=sun.nio.cs.UTF_8$Decoder, trace=300000)
	super		50000095
	constant pool entry 206	5000016b
	constant pool entry 174	500000d5
	constant pool entry 172	50000036
	constant pool entry 156	50000034
	constant pool entry 153	50000070
	constant pool entry 58	50000095
	constant pool entry 57	50000094
	constant pool entry 55	500000a4
CLS 50000096 (name=sun.nio.cs.ArrayDecoder, trace=300000)
CLS 50000097 (name=java.lang.StringCoding$StringDecoder, trace=300000)
	super		50000173
	constant pool entry 176	500000f9
	constant pool entry 110	5000009d
	constant pool entry 103	5000016b
	constant pool entry 98	50000095
	constant pool entry 96	50000093
	constant pool entry 94	500000d4
	constant pool entry 33	50000173
	constant pool entry 32	50000097
	constant pool entry 18	50000096
CLS 50000098 (name=java.lang.ThreadLocal$ThreadLocalMap$Entry[], trace=300000)
	super		50000173
CLS 50000099 (name=java.lang.ref.WeakReference[], trace=300000)
	super		50000173
CLS 5000009a (name=java.lang.ref.Reference[], trace=300000)
	super		50000173
CLS 5000009b (name=java.lang.ThreadLocal$ThreadLocalMap$Entry, trace=300000)
	super		50000152
	constant pool entry 4	50000152
	constant pool entry 3	5000009b
CLS 5000009c (name=java.lang.ThreadLocal$ThreadLocalMap, trace=300000)
	super		50000173
	constant pool entry 164	500000f9
	constant pool entry 28	50000173
	constant pool entry 15	500000c9
	constant pool entry 9	5000009b
	constant pool entry 8	5000009c
CLS 5000009d (name=java.lang.StringCoding, trace=300000)
	super		50000173
	static decoder	500012f8
	static encoder	500012f7
	constant pool entry 235	5000016f
	constant pool entry 216	500000d4
	constant pool entry 213	500000a7
	constant pool entry 88	5000009d
	constant pool entry 86	500000c9
	constant pool entry 67	5000005e
	constant pool entry 28	50000097
	constant pool entry 6	50000153
CLS 5000013e (name=sun.reflect.MagicAccessorImpl, trace=300000)
	super		50000173
	constant pool entry 3	50000173
CLS 5000013a (name=sun.reflect.ConstructorAccessorImpl, trace=300000)
	super		5000013e
	constant pool entry 3	5000013e
CLS 5000009e (name=sun.reflect.DelegatingConstructorAccessorImpl, trace=300000)
	super		5000013a
	constant pool entry 6	5000013a
	constant pool entry 5	5000009e
CLS 5000009f (name=sun.reflect.NativeConstructorAccessorImpl, trace=300000)
	super		5000013a
	constant pool entry 56	500000e3
	constant pool entry 17	5000009f
	constant pool entry 13	5000013a
CLS 500000a0 (name=sun.reflect.ReflectionFactory$1, trace=300000)
	super		50000173
	constant pool entry 46	50000168
	constant pool entry 43	500000e3
	constant pool entry 18	50000173
	constant pool entry 17	500000a0
	constant pool entry 8	500009ed
	constant pool entry 3	500009ec
CLS 500000a1 (name=java.lang.Class$1, trace=300000)
	super		50000173
	constant pool entry 35	5000013f
	constant pool entry 7	50000173
	constant pool entry 6	500000a1
CLS 500000a2 (name=java.lang.reflect.Constructor[], trace=300000)
	super		50000173
CLS 500000a3 (name=java.lang.reflect.Executable[], trace=300000)
	super		50000173
CLS 500000d4 (name=java.nio.charset.Charset, trace=300000)
	super		50000173
	static bugLevel	5000089c
	static standardProvider	50000c8b
	static cache1	50000c8a
	static gate	50000c89
	static defaultCharset	50000c88
	constant pool entry 365	500000f9
	constant pool entry 255	500000d3
	constant pool entry 234	500000f1
	constant pool entry 228	500000da
	constant pool entry 86	500000c9
	constant pool entry 84	500000d1
	constant pool entry 52	50000c87
	constant pool entry 29	500000d4
	constant pool entry 21	50000173
	constant pool entry 14	50000c7b
	constant pool entry 11	5000016f
	constant pool entry 8	5000089c
	constant pool entry 7	50000c86
	constant pool entry 6	50000074
CLS 500000a5 (name=sun.nio.cs.Unicode, trace=300000)
	super		500000d4
	constant pool entry 57	500000d4
CLS 500000a4 (name=sun.nio.cs.UTF_8, trace=300000)
	super		500000a5
	constant pool entry 55	50000114
	constant pool entry 48	500000d1
	constant pool entry 13	500000a5
	constant pool entry 12	500000a4
	constant pool entry 8	50000071
	constant pool entry 6	50000094
	constant pool entry 2	50000fde
CLS 500000a6 (name=sun.nio.cs.HistoricallyNamedCharset, trace=300000)
CLS 500000a7 (name=java.util.Arrays, trace=300000)
	super		50000173
	constant pool entry 902	500000f9
	constant pool entry 642	500000d5
	constant pool entry 601	50000168
	constant pool entry 586	50000030
	constant pool entry 584	5000016b
	constant pool entry 103	5000067d
	constant pool entry 102	50000891
	constant pool entry 99	50000173
	constant pool entry 54	5000010a
	constant pool entry 22	500000a7
CLS 500000a8 (name=java.lang.reflect.ReflectAccess, trace=300000)
	super		50000173
	constant pool entry 21	50000173
	constant pool entry 6	5000013f
	constant pool entry 2	50000143
CLS 500000a9 (name=sun.reflect.LangReflectAccess, trace=300000)
CLS 500000aa (name=java.lang.reflect.Modifier, trace=300000)
	super		50000173
	constant pool entry 144	500000f1
	constant pool entry 27	500000a8
	constant pool entry 26	500000e3
	constant pool entry 23	500000ee
CLS 500000ac (name=java.util.WeakHashMap, trace=300000)
	super		500000ce
	static NULL_KEY	500010e4
	constant pool entry 383	500000f9
	constant pool entry 270	50000110
	constant pool entry 80	500000ce
	constant pool entry 78	50000173
	constant pool entry 64	50000043
	constant pool entry 15	500000ac
	constant pool entry 4	500000de
	constant pool entry 2	50000045
	constant pool entry 1	50000046
CLS 500000ab (name=java.lang.ClassValue$ClassValueMap, trace=300000)
	super		500000ac
CLS 500000ad (name=sun.reflect.annotation.AnnotationType, trace=300000)
	super		50000173
CLS 500000ae (name=java.lang.Class$AnnotationData, trace=300000)
	super		50000173
CLS 500000b1 (name=sun.reflect.generics.repository.AbstractRepository, trace=300000)
	super		50000173
CLS 500000b0 (name=sun.reflect.generics.repository.GenericDeclRepository, trace=300000)
	super		500000b1
CLS 500000af (name=sun.reflect.generics.repository.ClassRepository, trace=300000)
	super		500000b0
CLS 500000b2 (name=java.lang.reflect.Field[], trace=300000)
	super		50000173
CLS 500000b3 (name=java.lang.reflect.Member[], trace=300000)
	super		50000173
CLS 500000b4 (name=java.lang.reflect.AccessibleObject[], trace=300000)
	super		50000173
CLS 500000b5 (name=java.lang.Class$Atomic, trace=300000)
	super		50000173
	static unsafe	500008b5
	constant pool entry 90	50000122
	constant pool entry 24	500000b5
	constant pool entry 23	50001124
	constant pool entry 22	50001123
	constant pool entry 20	50001122
	constant pool entry 18	5000016b
CLS 500000b6 (name=java.lang.Class$ReflectionData, trace=300000)
	super		50000173
	constant pool entry 4	50000173
	constant pool entry 3	500000b6
CLS 500000b7 (name=java.lang.Class$3, trace=300000)
	super		50000173
	constant pool entry 36	50000168
	constant pool entry 33	5000016b
	constant pool entry 11	50000173
	constant pool entry 10	500000b7
	constant pool entry 3	50001128
CLS 500000b8 (name=java.util.HashMap$Node[], trace=300000)
	super		50000173
CLS 500000bb (name=sun.reflect.Reflection, trace=300000)
	super		50000173
	static fieldFilterMap	500009da
	static methodFilterMap	500009d9
	constant pool entry 289	500000f9
	constant pool entry 217	50000149
	constant pool entry 187	500000aa
	constant pool entry 65	500009d8
	constant pool entry 64	5000016b
	constant pool entry 63	500009d7
	constant pool entry 62	50000168
	constant pool entry 61	500009d6
	constant pool entry 60	500009d5
	constant pool entry 59	5000016f
	constant pool entry 58	500000bb
	constant pool entry 45	500000b2
	constant pool entry 40	500000ba
CLS 500000be (name=java.util.Collections$UnmodifiableCollection, trace=300000)
	super		50000173
	constant pool entry 22	500000ea
	constant pool entry 21	50000173
	constant pool entry 20	500000be
CLS 500000bd (name=java.util.Collections$UnmodifiableList, trace=300000)
	super		500000be
	constant pool entry 20	500000e9
	constant pool entry 19	500000be
	constant pool entry 13	500000bd
CLS 500000bc (name=java.util.Collections$UnmodifiableRandomAccessList, trace=300000)
	super		500000bd
	constant pool entry 6	500000bd
CLS 500000bf (name=java.util.Collections$EmptyMap, trace=300000)
	super		500000ce
	constant pool entry 11	500000ce
	constant pool entry 10	500000bf
CLS 500000e6 (name=java.util.AbstractList, trace=300000)
	super		500000e7
	constant pool entry 46	500000e7
	constant pool entry 45	500000e6
CLS 500000c0 (name=java.util.Collections$EmptyList, trace=300000)
	super		500000e6
	constant pool entry 21	500000e6
	constant pool entry 20	500000c0
CLS 500000c1 (name=java.util.Collections$EmptySet, trace=300000)
	super		500000c2
	constant pool entry 10	500000c2
	constant pool entry 9	500000c1
CLS 500000c3 (name=java.util.Set, trace=300000)
CLS 500000c4 (name=java.util.Collections, trace=300000)
	super		50000173
	static EMPTY_SET	500009c8
	static EMPTY_LIST	500009c7
	static EMPTY_MAP	500009c6
	constant pool entry 159	500000bf
	constant pool entry 157	500000c0
	constant pool entry 155	500000c1
	constant pool entry 151	50000044
	constant pool entry 66	50000090
	constant pool entry 53	500000bc
	constant pool entry 5	500000c4
	constant pool entry 3	500000e8
CLS 500000c5 (name=java.util.ArrayList, trace=300000)
	super		500000e6
	static EMPTY_ELEMENTDATA	50000c0b
	static DEFAULTCAPACITY_EMPTY_ELEMENTDATA	50000c0a
	constant pool entry 412	500000f9
	constant pool entry 297	500000d5
	constant pool entry 291	500000a7
	constant pool entry 288	500000ea
	constant pool entry 81	500000e6
	constant pool entry 21	500000c5
	constant pool entry 17	5000010a
	constant pool entry 3	50000173
CLS 50000166 (name=java.lang.Error, trace=300000)
	super		50000167
	constant pool entry 7	50000167
CLS 5000015c (name=java.lang.LinkageError, trace=300000)
	super		50000166
	constant pool entry 5	50000166
CLS 500000c7 (name=java.lang.IncompatibleClassChangeError, trace=300000)
	super		5000015c
	constant pool entry 4	5000015c
CLS 500000c6 (name=java.lang.NoSuchMethodError, trace=300000)
	super		500000c7
	constant pool entry 4	500000c7
CLS 50000111 (name=java.lang.Number, trace=300000)
	super		50000173
	constant pool entry 4	50000173
CLS 500000c8 (name=java.util.concurrent.atomic.AtomicInteger, trace=300000)
	super		50000111
	static unsafe	500008b5
	constant pool entry 110	5000016b
	constant pool entry 95	50000122
	constant pool entry 22	50000111
	constant pool entry 16	50000a1a
	constant pool entry 15	500000c8
CLS 500000c9 (name=java.lang.ThreadLocal, trace=300000)
	super		50000173
	static nextHashCode	5000109f
	constant pool entry 109	5000014c
	constant pool entry 62	5000009b
	constant pool entry 27	50000173
	constant pool entry 25	500000c8
	constant pool entry 20	5000009c
	constant pool entry 3	500000c9
CLS 500000cd (name=sun.util.PreHashedMap, trace=300000)
	super		500000ce
	constant pool entry 109	500000f9
	constant pool entry 23	500000ce
	constant pool entry 22	500000cd
	constant pool entry 20	5000016f
	constant pool entry 10	5000010a
	constant pool entry 7	50000173
CLS 500000ca (name=sun.nio.cs.StandardCharsets$Cache, trace=300000)
	super		500000cd
	constant pool entry 125	500000f9
	constant pool entry 44	500000cd
	constant pool entry 43	50000ca9
	constant pool entry 42	50000cad
	constant pool entry 41	50000cb1
	constant pool entry 40	50000cb5
	constant pool entry 39	50000cb9
	constant pool entry 38	50000cbd
	constant pool entry 37	50000cc7
	constant pool entry 36	50000cc4
	constant pool entry 35	50000cc1
	constant pool entry 34	50000cd5
	constant pool entry 33	50000cd2
	constant pool entry 32	50000ccf
	constant pool entry 31	50000ce0
	constant pool entry 30	50000cdd
	constant pool entry 29	50000ce9
	constant pool entry 28	50000ce6
	constant pool entry 27	50000cef
	constant pool entry 26	50000cf3
	constant pool entry 25	50000cf7
	constant pool entry 24	50000cfe
	constant pool entry 23	50000cfb
	constant pool entry 22	50000d04
	constant pool entry 21	50000d0b
	constant pool entry 20	50000d08
	constant pool entry 19	50000d14
	constant pool entry 18	50000d11
	constant pool entry 17	50000d1a
	constant pool entry 16	50000d1e
	constant pool entry 15	50000d25
	constant pool entry 14	50000d22
	constant pool entry 13	50000d31
	constant pool entry 12	50000d2e
	constant pool entry 11	50000d2b
	constant pool entry 10	50000d3c
	constant pool entry 9	50000d39
	constant pool entry 8	50000d48
	constant pool entry 7	50000d45
	constant pool entry 6	50000d42
	constant pool entry 5	50000d50
	constant pool entry 4	50000173
	constant pool entry 2	500000ca
CLS 500000cb (name=sun.nio.cs.StandardCharsets$Classes, trace=300000)
	super		500000cd
	constant pool entry 203	500000f9
	constant pool entry 83	500000cd
	constant pool entry 82	50000caa
	constant pool entry 81	50000ca9
	constant pool entry 80	50000cae
	constant pool entry 79	50000cad
	constant pool entry 78	50000cb2
	constant pool entry 77	50000cb1
	constant pool entry 76	50000cb6
	constant pool entry 75	50000cb5
	constant pool entry 74	50000cba
	constant pool entry 73	50000cb9
	constant pool entry 72	50000cbe
	constant pool entry 71	50000cbd
	constant pool entry 70	50000cc8
	constant pool entry 69	50000cc7
	constant pool entry 68	50000cc5
	constant pool entry 67	50000cc4
	constant pool entry 66	50000cc2
	constant pool entry 65	50000cc1
	constant pool entry 64	50000cd6
	constant pool entry 63	50000cd5
	constant pool entry 62	50000cd3
	constant pool entry 61	50000cd2
	constant pool entry 60	50000cd0
	constant pool entry 59	50000ccf
	constant pool entry 58	50000ce1
	constant pool entry 57	50000ce0
	constant pool entry 56	50000cde
	constant pool entry 55	50000cdd
	constant pool entry 54	50000cea
	constant pool entry 53	50000ce9
	constant pool entry 52	50000ce7
	constant pool entry 51	50000ce6
	constant pool entry 50	50000cf0
	constant pool entry 49	50000cef
	constant pool entry 48	50000cf4
	constant pool entry 47	50000cf3
	constant pool entry 46	50000cf8
	constant pool entry 45	50000cf7
	constant pool entry 44	50000cff
	constant pool entry 43	50000cfe
	constant pool entry 42	50000cfc
	constant pool entry 41	50000cfb
	constant pool entry 40	50000d05
	constant pool entry 39	50000d04
	constant pool entry 38	50000d0c
	constant pool entry 37	50000d0b
	constant pool entry 36	50000d09
	constant pool entry 35	50000d08
	constant pool entry 34	50000d15
	constant pool entry 33	50000d14
	constant pool entry 32	50000d12
	constant pool entry 31	50000d11
	constant pool entry 30	50000d1b
	constant pool entry 29	50000d1a
	constant pool entry 28	50000d1f
	constant pool entry 27	50000d1e
	constant pool entry 26	50000d26
	constant pool entry 25	50000d25
	constant pool entry 24	50000d23
	constant pool entry 23	50000d22
	constant pool entry 22	50000d32
	constant pool entry 21	50000d31
	constant pool entry 20	50000d2f
	constant pool entry 19	50000d2e
	constant pool entry 18	50000d2c
	constant pool entry 17	50000d2b
	constant pool entry 16	50000d3d
	constant pool entry 15	50000d3c
	constant pool entry 14	50000d3a
	constant pool entry 13	50000d39
	constant pool entry 12	50000d49
	constant pool entry 11	50000d48
	constant pool entry 10	50000d46
	constant pool entry 9	50000d45
	constant pool entry 8	50000d43
	constant pool entry 7	50000d42
	constant pool entry 6	50000d51
	constant pool entry 5	50000d50
	constant pool entry 4	50000173
	constant pool entry 2	500000cb
CLS 500000cc (name=sun.nio.cs.StandardCharsets$Aliases, trace=300000)
	super		500000cd
	constant pool entry 529	500000f9
	constant pool entry 246	500000cd
	constant pool entry 245	50000e16
	constant pool entry 244	50000e18
	constant pool entry 243	50000e1a
	constant pool entry 242	50000e1c
	constant pool entry 241	50000e1e
	constant pool entry 240	50000e20
	constant pool entry 239	50000e22
	constant pool entry 238	50000e24
	constant pool entry 237	50000e26
	constant pool entry 236	50000e28
	constant pool entry 235	50000e2a
	constant pool entry 234	50000e2c
	constant pool entry 233	50000e2e
	constant pool entry 232	50000e30
	constant pool entry 231	50000e32
	constant pool entry 230	50000e34
	constant pool entry 229	50000e36
	constant pool entry 228	50000e38
	constant pool entry 227	50000e3a
	constant pool entry 226	50000e3e
	constant pool entry 225	50000e3c
	constant pool entry 224	50000e41
	constant pool entry 223	50000e43
	constant pool entry 222	50000e45
	constant pool entry 221	50000e49
	constant pool entry 220	50000e47
	constant pool entry 219	50000e4c
	constant pool entry 218	50000e4e
	constant pool entry 217	50000e50
	constant pool entry 216	50000e52
	constant pool entry 215	50000e54
	constant pool entry 214	50000e56
	constant pool entry 213	50000e58
	constant pool entry 212	50000e5a
	constant pool entry 211	50000e5c
	constant pool entry 210	50000e5e
	constant pool entry 209	50000e60
	constant pool entry 208	50000e62
	constant pool entry 207	50000e64
	constant pool entry 206	50000e66
	constant pool entry 205	50000e68
	constant pool entry 204	50000e6a
	constant pool entry 203	50000e6c
	constant pool entry 202	50000e6e
	constant pool entry 201	50000e70
	constant pool entry 200	50000e72
	constant pool entry 199	50000e74
	constant pool entry 198	50000e76
	constant pool entry 197	50000e78
	constant pool entry 196	50000e7a
	constant pool entry 195	50000e7c
	constant pool entry 194	50000e7e
	constant pool entry 193	50000e82
	constant pool entry 192	50000e80
	constant pool entry 191	50000e85
	constant pool entry 190	50000cb9
	constant pool entry 189	50000e89
	constant pool entry 188	50000e87
	constant pool entry 187	50000d1e
	constant pool entry 186	50000e8e
	constant pool entry 185	50000e8c
	constant pool entry 184	50000d22
	constant pool entry 183	50000e91
	constant pool entry 182	50000d2b
	constant pool entry 181	50000e93
	constant pool entry 180	50000d2e
	constant pool entry 179	50000e95
	constant pool entry 178	50000e97
	constant pool entry 177	50000d3c
	constant pool entry 176	50000e99
	constant pool entry 175	50000e9b
	constant pool entry 174	50000e9d
	constant pool entry 173	50000e9f
	constant pool entry 172	50000ea1
	constant pool entry 171	50000d45
	constant pool entry 170	50000ea3
	constant pool entry 169	50000ea5
	constant pool entry 168	50000ea7
	constant pool entry 167	50000ea9
	constant pool entry 166	50000ca9
	constant pool entry 165	50000eab
	constant pool entry 164	50000ead
	constant pool entry 163	50000eaf
	constant pool entry 162	50000eb1
	constant pool entry 161	50000eb3
	constant pool entry 160	50000eb5
	constant pool entry 159	50000eb7
	constant pool entry 158	50000eb9
	constant pool entry 157	50000ebb
	constant pool entry 156	50000ebd
	constant pool entry 155	50000ebf
	constant pool entry 154	50000ec1
	constant pool entry 153	50000ec3
	constant pool entry 152	50000ec5
	constant pool entry 151	50000ec7
	constant pool entry 150	50000ec9
	constant pool entry 149	50000ecb
	constant pool entry 148	50000ecd
	constant pool entry 147	50000cb5
	constant pool entry 146	50000ecf
	constant pool entry 145	50000ed1
	constant pool entry 144	50000ed3
	constant pool entry 143	50000ed5
	constant pool entry 142	50000ed7
	constant pool entry 141	50000ed9
	constant pool entry 140	50000edb
	constant pool entry 139	50000edd
	constant pool entry 138	50000edf
	constant pool entry 137	50000ee1
	constant pool entry 136	50000ee3
	constant pool entry 135	50000ee5
	constant pool entry 134	50000ee7
	constant pool entry 133	50000ee9
	constant pool entry 132	50000eeb
	constant pool entry 131	50000eed
	constant pool entry 130	50000eef
	constant pool entry 129	50000ef1
	constant pool entry 128	50000ef3
	constant pool entry 127	50000ef5
	constant pool entry 126	50000ef7
	constant pool entry 125	50000ef9
	constant pool entry 124	50000efb
	constant pool entry 123	50000ce9
	constant pool entry 122	50000efd
	constant pool entry 121	50000eff
	constant pool entry 120	50000f01
	constant pool entry 119	50000f05
	constant pool entry 118	50000f03
	constant pool entry 117	50000f0a
	constant pool entry 116	50000f08
	constant pool entry 115	50000f0d
	constant pool entry 114	50000f0f
	constant pool entry 113	50000f13
	constant pool entry 112	50000f11
	constant pool entry 111	50000f16
	constant pool entry 110	50000f1c
	constant pool entry 109	50000f1a
	constant pool entry 108	50000f18
	constant pool entry 107	50000f20
	constant pool entry 106	50000f22
	constant pool entry 105	50000f26
	constant pool entry 104	50000f24
	constant pool entry 103	50000f29
	constant pool entry 102	50000f2d
	constant pool entry 101	50000f2b
	constant pool entry 100	50000f30
	constant pool entry 99	50000cdd
	constant pool entry 98	50000f32
	constant pool entry 97	50000f34
	constant pool entry 96	50000f36
	constant pool entry 95	50000f38
	constant pool entry 94	50000f3a
	constant pool entry 93	50000f3c
	constant pool entry 92	50000f3e
	constant pool entry 91	50000f40
	constant pool entry 90	50000f42
	constant pool entry 89	50000f44
	constant pool entry 88	50000f46
	constant pool entry 87	50000cfb
	constant pool entry 86	50000f48
	constant pool entry 85	50000f4a
	constant pool entry 84	50000d25
	constant pool entry 83	50000f4c
	constant pool entry 82	50000f4e
	constant pool entry 81	50000d31
	constant pool entry 80	50000f50
	constant pool entry 79	50000d42
	constant pool entry 78	50000f52
	constant pool entry 77	50000d50
	constant pool entry 76	50000f54
	constant pool entry 75	50000f56
	constant pool entry 74	50000cf3
	constant pool entry 73	50000f5a
	constant pool entry 72	50000cc1
	constant pool entry 71	50000f58
	constant pool entry 70	50000f5f
	constant pool entry 69	50000cc4
	constant pool entry 68	50000f5d
	constant pool entry 67	50000ccf
	constant pool entry 66	50000f62
	constant pool entry 65	50000ce6
	constant pool entry 64	50000f64
	constant pool entry 63	50000f68
	constant pool entry 62	50000cef
	constant pool entry 61	50000f66
	constant pool entry 60	50000f6b
	constant pool entry 59	50000d39
	constant pool entry 58	50000f6f
	constant pool entry 57	50000cd2
	constant pool entry 56	50000f6d
	constant pool entry 55	50000d1a
	constant pool entry 54	50000f72
	constant pool entry 53	50000cc7
	constant pool entry 52	50000f74
	constant pool entry 51	50000f76
	constant pool entry 50	50000f78
	constant pool entry 49	50000f7a
	constant pool entry 48	50000f7c
	constant pool entry 47	50000f7e
	constant pool entry 46	50000cad
	constant pool entry 45	50000f80
	constant pool entry 44	50000cb1
	constant pool entry 43	50000f82
	constant pool entry 42	50000f84
	constant pool entry 41	50000d48
	constant pool entry 40	50000f86
	constant pool entry 39	50000d0b
	constant pool entry 38	50000f88
	constant pool entry 37	50000f8a
	constant pool entry 36	50000f8c
	constant pool entry 35	50000f8e
	constant pool entry 34	50000f90
	constant pool entry 33	50000f94
	constant pool entry 32	50000f92
	constant pool entry 31	50000f97
	constant pool entry 30	50000f99
	constant pool entry 29	50000f9d
	constant pool entry 28	50000f9b
	constant pool entry 27	50000fa0
	constant pool entry 26	50000fa2
	constant pool entry 25	50000d04
	constant pool entry 24	50000fa4
	constant pool entry 23	50000fa6
	constant pool entry 22	50000fa8
	constant pool entry 21	50000cfe
	constant pool entry 20	50000faa
	constant pool entry 19	50000ce0
	constant pool entry 18	50000fac
	constant pool entry 17	50000cbd
	constant pool entry 16	50000fae
	constant pool entry 15	50000fb0
	constant pool entry 14	50000cf7
	constant pool entry 13	50000fb2
	constant pool entry 12	50000d08
	constant pool entry 11	50000fb4
	constant pool entry 10	50000d11
	constant pool entry 9	50000fb6
	constant pool entry 8	50000d14
	constant pool entry 7	50000fb8
	constant pool entry 6	50000cd5
	constant pool entry 5	50000fba
	constant pool entry 4	50000173
	constant pool entry 2	500000cc
CLS 500000cf (name=java.lang.String[], trace=300000)
	super		50000173
CLS 500000d0 (name=java.lang.CharSequence[], trace=300000)
	super		50000173
CLS 500000d3 (name=java.nio.charset.spi.CharsetProvider, trace=300000)
	super		50000173
	constant pool entry 30	50000168
	constant pool entry 8	50000173
CLS 500000d2 (name=sun.nio.cs.FastCharsetProvider, trace=300000)
	super		500000d3
	constant pool entry 169	500000f9
	constant pool entry 127	5000016b
	constant pool entry 125	50000173
	constant pool entry 108	50000149
	constant pool entry 35	500000d3
	constant pool entry 34	500000d2
	constant pool entry 23	50000bea
	constant pool entry 20	50000123
	constant pool entry 15	50000ce1
	constant pool entry 14	500000d4
	constant pool entry 8	5000016f
CLS 500000d1 (name=sun.nio.cs.StandardCharsets, trace=300000)
	super		500000d2
	static aliases_US_ASCII	50001049
	static aliases_UTF_8	50000fdd
	static aliases_CESU_8	50001048
	static aliases_UTF_16	50001047
	static aliases_UTF_16BE	50001046
	static aliases_UTF_16LE	50001045
	static aliases_UTF_16LE_BOM	50001044
	static aliases_UTF_32	50001043
	static aliases_UTF_32LE	50001042
	static aliases_UTF_32BE	50001041
	static aliases_UTF_32LE_BOM	50001040
	static aliases_UTF_32BE_BOM	5000103f
	static aliases_ISO_8859_1	5000103e
	static aliases_ISO_8859_2	5000103d
	static aliases_ISO_8859_4	5000103c
	static aliases_ISO_8859_5	5000103b
	static aliases_ISO_8859_7	5000103a
	static aliases_ISO_8859_9	50001039
	static aliases_ISO_8859_13	50001038
	static aliases_ISO_8859_15	50001037
	static aliases_KOI8_R	50001036
	static aliases_KOI8_U	50001035
	static aliases_MS1250	50001034
	static aliases_MS1251	50001033
	static aliases_MS1252	50001032
	static aliases_MS1253	50001031
	static aliases_MS1254	50001030
	static aliases_MS1257	5000102f
	static aliases_IBM437	5000102e
	static aliases_IBM737	5000102d
	static aliases_IBM775	5000102c
	static aliases_IBM850	5000102b
	static aliases_IBM852	5000102a
	static aliases_IBM855	50001029
	static aliases_IBM857	50001028
	static aliases_IBM858	50001027
	static aliases_IBM862	50001026
	static aliases_IBM866	50001025
	static aliases_IBM874	50001024
	constant pool entry 580	500000f9
	constant pool entry 261	500000d2
	constant pool entry 260	500000d1
	constant pool entry 258	50000f48
	constant pool entry 257	50000ea9
	constant pool entry 256	50000ead
	constant pool entry 255	50000ee7
	constant pool entry 253	50001023
	constant pool entry 252	50000f52
	constant pool entry 251	50000eaf
	constant pool entry 250	50000d42
	constant pool entry 249	50000ef1
	constant pool entry 247	50000e50
	constant pool entry 246	50001022
	constant pool entry 245	50000f54
	constant pool entry 244	50000eb1
	constant pool entry 243	50000d50
	constant pool entry 242	50000ef3
	constant pool entry 240	50001021
	constant pool entry 239	50000f58
	constant pool entry 238	50000e7a
	constant pool entry 237	50000e52
	constant pool entry 236	50000f03
	constant pool entry 234	50001020
	constant pool entry 233	50000f5d
	constant pool entry 232	50000ebf
	constant pool entry 231	50000cc4
	constant pool entry 230	50000f08
	constant pool entry 228	50000e38
	constant pool entry 227	50000f62
	constant pool entry 226	50000ccf
	constant pool entry 225	50000ec1
	constant pool entry 224	50000f0d
	constant pool entry 222	5000101f
	constant pool entry 221	50000f64
	constant pool entry 220	50000ec3
	constant pool entry 219	50000ce6
	constant pool entry 218	50000f11
	constant pool entry 216	50000e1a
	constant pool entry 215	50000f66
	constant pool entry 214	50000cef
	constant pool entry 213	50000ec5
	constant pool entry 212	50000f18
	constant pool entry 210	50000efd
	constant pool entry 209	50000e7c
	constant pool entry 208	50000ce9
	constant pool entry 207	50000ecd
	constant pool entry 205	50000f5a
	constant pool entry 204	50000ebd
	constant pool entry 203	50000ec9
	constant pool entry 202	50000f05
	constant pool entry 200	50000e36
	constant pool entry 199	50000f6d
	constant pool entry 198	50000ee1
	constant pool entry 197	50000e6e
	constant pool entry 196	50000cd2
	constant pool entry 195	50000eb9
	constant pool entry 193	50000e20
	constant pool entry 192	50000e8e
	constant pool entry 190	50000e22
	constant pool entry 189	50000e91
	constant pool entry 187	50000e26
	constant pool entry 186	50000e93
	constant pool entry 184	50000e28
	constant pool entry 183	50000e95
	constant pool entry 181	50000f6f
	constant pool entry 180	50000e2a
	constant pool entry 179	50000e97
	constant pool entry 177	50000e2c
	constant pool entry 176	50000e99
	constant pool entry 174	50000f80
	constant pool entry 172	50000e5c
	constant pool entry 171	50000eff
	constant pool entry 170	50000f82
	constant pool entry 168	5000101e
	constant pool entry 167	5000101d
	constant pool entry 166	5000101c
	constant pool entry 165	5000101b
	constant pool entry 164	5000101a
	constant pool entry 163	50001019
	constant pool entry 162	50000fa0
	constant pool entry 161	50000f76
	constant pool entry 160	50001018
	constant pool entry 159	50001017
	constant pool entry 158	50001016
	constant pool entry 157	50001015
	constant pool entry 156	50001014
	constant pool entry 155	50000e74
	constant pool entry 154	50001013
	constant pool entry 152	50001012
	constant pool entry 151	50000f32
	constant pool entry 150	50000e78
	constant pool entry 149	50000e85
	constant pool entry 147	50001011
	constant pool entry 146	50000f78
	constant pool entry 145	50000fa2
	constant pool entry 144	50000ef9
	constant pool entry 143	50000f24
	constant pool entry 142	50000f0f
	constant pool entry 141	50000ed7
	constant pool entry 140	50001010
	constant pool entry 139	5000100f
	constant pool entry 138	5000100e
	constant pool entry 137	50000eb3
	constant pool entry 136	50000f8e
	constant pool entry 135	50000f3a
	constant pool entry 133	50000e56
	constant pool entry 132	50000f6b
	constant pool entry 131	50000f92
	constant pool entry 130	50000eeb
	constant pool entry 129	50000ef5
	constant pool entry 128	50000e45
	constant pool entry 127	5000100d
	constant pool entry 126	50000f2b
	constant pool entry 125	50000e64
	constant pool entry 124	5000100c
	constant pool entry 123	5000100b
	constant pool entry 122	5000100a
	constant pool entry 121	50001009
	constant pool entry 120	50000ecb
	constant pool entry 119	50000f90
	constant pool entry 118	50000f3c
	constant pool entry 116	50001008
	constant pool entry 115	50000fa4
	constant pool entry 114	50000f7a
	constant pool entry 113	50000f22
	constant pool entry 112	50000f34
	constant pool entry 111	50000f16
	constant pool entry 110	50001007
	constant pool entry 109	50001006
	constant pool entry 108	50001005
	constant pool entry 107	50000eb5
	constant pool entry 106	50000f94
	constant pool entry 105	50000f3e
	constant pool entry 103	50001004
	constant pool entry 102	50000fa6
	constant pool entry 101	50000f7c
	constant pool entry 100	50000f26
	constant pool entry 99	50000f36
	constant pool entry 98	50000f13
	constant pool entry 97	50000ed9
	constant pool entry 96	50001003
	constant pool entry 95	50001002
	constant pool entry 94	50000ed5
	constant pool entry 93	50000f97
	constant pool entry 92	50000e5a
	constant pool entry 91	50000f40
	constant pool entry 89	50001001
	constant pool entry 88	50000fa8
	constant pool entry 87	50000f7e
	constant pool entry 86	50000f29
	constant pool entry 85	50000f38
	constant pool entry 84	50000f1c
	constant pool entry 83	50000edb
	constant pool entry 82	50001000
	constant pool entry 81	50000fff
	constant pool entry 80	50000ffe
	constant pool entry 79	50000ee3
	constant pool entry 78	50000f99
	constant pool entry 77	50000f42
	constant pool entry 75	50000ffd
	constant pool entry 74	50000f9d
	constant pool entry 73	50000d15
	constant pool entry 72	50000ffc
	constant pool entry 71	50000ffb
	constant pool entry 70	50000ffa
	constant pool entry 69	50000f8a
	constant pool entry 68	50000ff9
	constant pool entry 67	50000f68
	constant pool entry 66	50000ff8
	constant pool entry 65	50000f20
	constant pool entry 64	50000edd
	constant pool entry 63	50000ff7
	constant pool entry 62	50000ee5
	constant pool entry 60	50000ff6
	constant pool entry 59	50000cb6
	constant pool entry 57	50000ff5
	constant pool entry 56	50000cc8
	constant pool entry 54	50000ff4
	constant pool entry 53	50000d32
	constant pool entry 51	50000ff3
	constant pool entry 50	50000caa
	constant pool entry 48	50000ff2
	constant pool entry 47	50000d46
	constant pool entry 45	50000ff1
	constant pool entry 43	50000ff0
	constant pool entry 42	50000fef
	constant pool entry 41	50000d49
	constant pool entry 39	50000fee
	constant pool entry 38	50000fed
	constant pool entry 37	50000fec
	constant pool entry 36	50000d1b
	constant pool entry 34	50000feb
	constant pool entry 33	50000e66
	constant pool entry 32	50000eb7
	constant pool entry 31	50000d26
	constant pool entry 29	50000fea
	constant pool entry 28	50000fe9
	constant pool entry 26	50000f88
	constant pool entry 25	50000fe0
	constant pool entry 23	50000e62
	constant pool entry 22	50000fe8
	constant pool entry 21	50000e2e
	constant pool entry 20	50000f2d
	constant pool entry 19	50000ea5
	constant pool entry 18	50000fe7
	constant pool entry 17	50000e72
	constant pool entry 16	50000fe6
	constant pool entry 15	50000e76
	constant pool entry 14	50000fe5
	constant pool entry 13	50000fe4
	constant pool entry 12	50000fe3
	constant pool entry 11	50000fe2
	constant pool entry 10	50000f5f
	constant pool entry 9	5000016f
	constant pool entry 6	500000ca
	constant pool entry 4	500000cb
	constant pool entry 2	500000cc
	constant pool entry 1	50000c8c
CLS 500000d5 (name=java.lang.Math, trace=300000)
	super		50000173
	constant pool entry 303	5000016b
	constant pool entry 99	50000110
	constant pool entry 64	5000010f
	constant pool entry 10	500000d5
CLS 500000d6 (name=java.util.Hashtable$Entry[], trace=300000)
	super		50000173
CLS 500000d7 (name=java.util.Map$Entry[], trace=300000)
	super		50000173
CLS 500000d8 (name=java.util.Hashtable$Entry, trace=300000)
	super		50000173
	constant pool entry 22	50000173
	constant pool entry 6	500000d8
CLS 500000d9 (name=java.util.Map$Entry, trace=300000)
CLS 500000da (name=sun.misc.VM, trace=300000)
	super		50000173
	static lock	500008c1
	static savedProps	500008c0
	constant pool entry 198	50000050
	constant pool entry 183	5000008b
	constant pool entry 51	50000146
	constant pool entry 48	50000173
	constant pool entry 38	500008bf
	constant pool entry 37	500008be
	constant pool entry 36	500008bd
	constant pool entry 35	500008bc
	constant pool entry 32	500008bb
	constant pool entry 31	500008ba
	constant pool entry 30	500008b9
	constant pool entry 23	500008b8
	constant pool entry 22	5000016f
	constant pool entry 20	500008b7
	constant pool entry 4	500000da
CLS 5000014c (name=java.lang.Thread, trace=300000)
	super		50000173
	static EMPTY_STACK_TRACE	50000897
	static SUBCLASS_IMPLEMENTATION_PERMISSION	50000896
	constant pool entry 606	500000f9
	constant pool entry 425	500000f1
	constant pool entry 411	5000014a
	constant pool entry 407	50000168
	constant pool entry 145	50000895
	constant pool entry 144	50000115
	constant pool entry 109	500000f2
	constant pool entry 88	5000016f
	constant pool entry 83	5000014c
	constant pool entry 50	50000173
CLS 500000db (name=java.lang.ref.Finalizer$FinalizerThread, trace=300000)
	super		5000014c
	constant pool entry 48	500000de
	constant pool entry 45	50000085
	constant pool entry 41	500000da
	constant pool entry 13	5000014c
	constant pool entry 12	500000db
	constant pool entry 10	5000014e
	constant pool entry 1	50001301
CLS 500000dc (name=java.lang.ref.ReferenceQueue$Lock, trace=300000)
	super		50000173
	constant pool entry 4	50000173
	constant pool entry 3	500000dc
CLS 500000de (name=java.lang.ref.ReferenceQueue, trace=300000)
	super		50000173
	static NULL	500010a2
	static ENQUEUED	500010a1
	constant pool entry 110	5000016b
	constant pool entry 30	50000173
	constant pool entry 28	500000dd
	constant pool entry 26	500000de
	constant pool entry 2	500000dc
CLS 500000dd (name=java.lang.ref.ReferenceQueue$Null, trace=300000)
	super		500000de
	constant pool entry 4	500000de
	constant pool entry 3	500000dd
CLS 500000df (name=java.lang.Thread[], trace=300000)
	super		50000173
CLS 500000e0 (name=java.lang.Runnable[], trace=300000)
	super		50000173
CLS 500000e1 (name=java.lang.ref.Reference$ReferenceHandler, trace=300000)
	super		5000014c
	constant pool entry 55	50000173
	constant pool entry 49	50000154
	constant pool entry 16	5000014c
CLS 500000e2 (name=java.lang.ref.Reference$Lock, trace=300000)
	super		50000173
	constant pool entry 4	50000173
	constant pool entry 3	500000e2
CLS 500000e3 (name=sun.reflect.ReflectionFactory, trace=300000)
	super		50000173
	static reflectionFactoryAccessPerm	500009d0
	static soleInstance	500009cc
	static langReflectAccess	500009cf
	constant pool entry 263	500000f1
	constant pool entry 245	500000a9
	constant pool entry 235	500000bb
	constant pool entry 228	5000013f
	constant pool entry 202	50000168
	constant pool entry 76	50000173
	constant pool entry 74	500000e3
	constant pool entry 72	500009ce
	constant pool entry 71	500000f2
	constant pool entry 69	500000aa
	constant pool entry 66	500000a0
	constant pool entry 44	5000009e
	constant pool entry 42	5000009f
	constant pool entry 34	5000013a
	constant pool entry 32	5000016b
CLS 500000e5 (name=java.util.Vector, trace=300000)
	super		500000e6
	constant pool entry 424	500000f9
	constant pool entry 311	50000168
	constant pool entry 90	500000e6
	constant pool entry 25	500000e5
	constant pool entry 10	50000173
CLS 500000e4 (name=java.util.Stack, trace=300000)
	super		500000e5
	constant pool entry 11	500000e5
	constant pool entry 10	500000e4
CLS 500000e8 (name=java.util.RandomAccess, trace=300000)
CLS 500000e9 (name=java.util.List, trace=300000)
CLS 500000ea (name=java.util.Collection, trace=300000)
CLS 500000eb (name=java.lang.Iterable, trace=300000)
CLS 500000ec (name=java.security.cert.Certificate[], trace=300000)
	super		50000173
CLS 500000ed (name=java.security.cert.Certificate, trace=300000)
	super		50000173
CLS 500000ee (name=sun.reflect.ReflectionFactory$GetReflectionFactoryAction, trace=300000)
	super		50000173
	constant pool entry 24	500000e3
	constant pool entry 5	50000173
	constant pool entry 4	500000ee
CLS 500000ef (name=java.security.PrivilegedAction, trace=300000)
CLS 500000f4 (name=java.security.Permission, trace=300000)
	super		50000173
	constant pool entry 17	50000173
	constant pool entry 16	500000f4
CLS 500000f3 (name=java.security.BasicPermission, trace=300000)
	super		500000f4
	constant pool entry 87	5000016f
	constant pool entry 28	500000f4
	constant pool entry 20	500000f3
	constant pool entry 13	50000899
CLS 500000f0 (name=java.lang.reflect.ReflectPermission, trace=300000)
	super		500000f3
	constant pool entry 4	500000f3
CLS 500000f1 (name=java.security.AccessController, trace=300000)
	super		50000173
	constant pool entry 48	500000f1
	constant pool entry 22	50000160
CLS 500000f2 (name=java.lang.RuntimePermission, trace=300000)
	super		500000f3
	constant pool entry 4	500000f3
CLS 500000f5 (name=java.security.Guard, trace=300000)
CLS 500000f6 (name=java.lang.StackTraceElement[], trace=300000)
	super		50000173
CLS 500000f7 (name=java.lang.ThreadGroup[], trace=300000)
	super		50000173
CLS 500000f8 (name=java.lang.Thread$UncaughtExceptionHandler[], trace=300000)
	super		50000173
CLS 500000f9 (name=com.sun.demo.jvmti.hprof.Tracker, trace=300000)
	super		50000173
	constant pool entry 49	5000014c
	constant pool entry 13	500000f9
	constant pool entry 4	50000890
CLS 500000fa (name=java.lang.String$CaseInsensitiveComparator, trace=300000)
	super		50000173
	constant pool entry 12	50000173
	constant pool entry 11	500000fa
CLS 500000fb (name=java.util.Comparator, trace=300000)
CLS 500000fc (name=java.io.ObjectStreamField[], trace=300000)
	super		50000173
CLS 500000fd (name=java.lang.Comparable[], trace=300000)
	super		50000173
CLS 500000fe (name=java.io.ObjectStreamField, trace=300000)
	super		50000173
	constant pool entry 152	5000016b
	constant pool entry 144	5000010f
	constant pool entry 143	50000110
	constant pool entry 142	5000010b
	constant pool entry 141	5000010c
	constant pool entry 140	5000010d
	constant pool entry 139	50000112
	constant pool entry 138	5000010e
	constant pool entry 136	50000113
	constant pool entry 131	5000016f
	constant pool entry 37	50000123
	constant pool entry 35	500000fe
	constant pool entry 22	50000173
CLS 500000ff (name=java.lang.OutOfMemoryError[], trace=300000)
	super		50000173
CLS 50000100 (name=java.lang.VirtualMachineError[], trace=300000)
	super		50000173
CLS 50000101 (name=java.lang.Error[], trace=300000)
	super		50000173
CLS 50000102 (name=java.lang.Throwable[], trace=300000)
	super		50000173
CLS 50000103 (name=java.lang.ArithmeticException, trace=300000)
	super		50000163
CLS 50000104 (name=java.lang.NullPointerException, trace=300000)
	super		50000163
CLS 50000105 (name=java.lang.Class[], trace=300000)
	super		50000173
CLS 50000106 (name=java.io.Serializable[], trace=300000)
	super		50000173
CLS 50000107 (name=java.lang.reflect.GenericDeclaration[], trace=300000)
	super		50000173
CLS 50000108 (name=java.lang.reflect.AnnotatedElement[], trace=300000)
	super		50000173
CLS 50000109 (name=java.lang.reflect.Type[], trace=300000)
	super		50000173
CLS 5000010a (name=java.lang.Object[], trace=300000)
	super		50000173
CLS 5000010b (name=java.lang.Long, trace=300000)
	super		50000111
	static TYPE	50000877
	constant pool entry 365	5000016b
	constant pool entry 112	50000a24
	constant pool entry 26	5000010b
CLS 5000010c (name=java.lang.Integer, trace=300000)
	super		50000111
	static TYPE	50000878
	static digits	50000a2a
	static DigitTens	50000a29
	static DigitOnes	50000a28
	static sizeTable	50000a27
	constant pool entry 358	500000f9
	constant pool entry 320	5000016b
	constant pool entry 300	50000168
	constant pool entry 93	50000111
	constant pool entry 84	50000a26
	constant pool entry 50	50000053
	constant pool entry 9	5000010c
	constant pool entry 4	5000016f
	constant pool entry 1	50000112
CLS 5000010d (name=java.lang.Short, trace=300000)
	super		50000111
	static TYPE	50000879
	constant pool entry 154	5000016b
	constant pool entry 33	50000b38
	constant pool entry 3	5000010d
CLS 5000010e (name=java.lang.Byte, trace=300000)
	super		50000111
	static TYPE	5000087a
	constant pool entry 148	5000016b
	constant pool entry 30	50000b3a
	constant pool entry 4	5000010e
CLS 5000010f (name=java.lang.Double, trace=300000)
	super		50000111
	static TYPE	5000087b
	constant pool entry 223	5000016b
	constant pool entry 60	50000a22
	constant pool entry 36	5000010f
CLS 50000110 (name=java.lang.Float, trace=300000)
	super		50000111
	static TYPE	5000087c
	constant pool entry 170	5000016b
	constant pool entry 33	500009e6
	constant pool entry 11	50000110
CLS 50000112 (name=java.lang.Character, trace=300000)
	super		50000173
	static TYPE	5000087d
	constant pool entry 458	5000016b
	constant pool entry 410	50000012
	constant pool entry 102	50000b2e
	constant pool entry 4	50000112
CLS 50000113 (name=java.lang.Boolean, trace=300000)
	super		50000173
	static TRUE	500009cb
	static FALSE	500009ca
	static TYPE	5000087e
	constant pool entry 109	5000016b
	constant pool entry 102	50000168
	constant pool entry 21	50000173
	constant pool entry 18	500009c9
	constant pool entry 11	50000113
CLS 50000115 (name=java.lang.StackTraceElement, trace=300000)
	super		50000173
CLS 50000116 (name=java.security.CodeSource, trace=300000)
	super		50000173
	constant pool entry 108	50000173
	constant pool entry 11	50000116
CLS 50000169 (name=java.lang.ClassLoader, trace=300000)
	super		50000173
	static nocerts	500009f7
	static scl	500007bd
	static loadedLibraryNames	500009f6
	static systemNativeLibraries	500009f5
	static nativeLibraryContext	500009f4
	static usr_paths	500009f3
	static sys_paths	500009f2
	constant pool entry 973	500000f9
	constant pool entry 713	50000119
	constant pool entry 707	50000004
	constant pool entry 701	500000bb
	constant pool entry 675	500000da
	constant pool entry 637	500000f1
	constant pool entry 628	5000016b
	constant pool entry 600	500000c4
	constant pool entry 576	50000168
	constant pool entry 253	50000047
	constant pool entry 249	500000e4
	constant pool entry 248	500000ed
	constant pool entry 219	5000005f
	constant pool entry 212	5000005d
	constant pool entry 195	5000011d
	constant pool entry 194	500009f1
	constant pool entry 191	500009f0
	constant pool entry 187	5000016f
	constant pool entry 152	50000001
	constant pool entry 137	50000582
	constant pool entry 130	50000169
	constant pool entry 126	50000588
	constant pool entry 122	50000305
	constant pool entry 121	5000008e
	constant pool entry 106	5000089c
	constant pool entry 46	5000015d
	constant pool entry 36	50000147
	constant pool entry 34	50000173
	constant pool entry 30	50000005
	constant pool entry 26	50000027
	constant pool entry 16	500000ba
	constant pool entry 11	50000116
	constant pool entry 10	50000161
	constant pool entry 8	500000e5
CLS 5000015f (name=java.security.SecureClassLoader, trace=300000)
	super		50000169
	constant pool entry 118	50000048
	constant pool entry 96	50000168
	constant pool entry 36	50000169
	constant pool entry 35	5000015f
	constant pool entry 32	500010eb
	constant pool entry 2	500000ba
CLS 5000011c (name=java.net.URLClassLoader, trace=300000)
	super		5000015f
	constant pool entry 481	50000169
	constant pool entry 479	50000085
	constant pool entry 339	500000f1
	constant pool entry 333	50000168
	constant pool entry 146	5000015f
	constant pool entry 142	50000041
	constant pool entry 139	5000011c
	constant pool entry 108	50000586
	constant pool entry 102	50000715
	constant pool entry 49	5000015d
	constant pool entry 43	500001c4
	constant pool entry 10	50000004
	constant pool entry 5	500000ac
CLS 50000117 (name=sun.misc.Launcher$ExtClassLoader, trace=300000)
	super		5000011c
	constant pool entry 249	500000f9
	constant pool entry 187	50000169
	constant pool entry 161	5000016f
	constant pool entry 148	50000168
	constant pool entry 145	50000004
	constant pool entry 143	50000042
	constant pool entry 141	50000085
	constant pool entry 132	50000119
	constant pool entry 130	500000f1
	constant pool entry 56	5000011c
	constant pool entry 34	5000011b
	constant pool entry 28	50000c15
	constant pool entry 25	500000e5
	constant pool entry 22	5000011d
	constant pool entry 18	50000040
	constant pool entry 16	500010e5
	constant pool entry 5	50000117
	constant pool entry 2	5000003e
CLS 50000118 (name=sun.misc.Launcher$AppClassLoader, trace=300000)
	super		5000011c
	constant pool entry 171	5000016b
	constant pool entry 136	5000016f
	constant pool entry 134	50000004
	constant pool entry 131	50000042
	constant pool entry 129	50000085
	constant pool entry 124	500000f1
	constant pool entry 118	50000168
	constant pool entry 51	5000011c
	constant pool entry 50	50000118
	constant pool entry 47	50000119
	constant pool entry 8	50000169
	constant pool entry 5	50000002
	constant pool entry 1	500010ea
CLS 50000119 (name=sun.misc.Launcher, trace=300000)
	super		50000173
	static factory	500010e9
	static launcher	500010e8
	static bootClassPath	500009a0
	constant pool entry 251	500000f9
	constant pool entry 191	5000002d
	constant pool entry 161	5000016f
	constant pool entry 158	50000168
	constant pool entry 154	5000014c
	constant pool entry 66	50000117
	constant pool entry 64	50000118
	constant pool entry 62	50000307
	constant pool entry 58	50000173
	constant pool entry 57	500010e7
	constant pool entry 55	50000119
	constant pool entry 53	50000049
	constant pool entry 42	5000011d
	constant pool entry 38	5000011b
	constant pool entry 17	500010e6
CLS 5000011a (name=java.util.jar.Manifest, trace=300000)
	super		50000173
CLS 5000011b (name=java.net.URL, trace=300000)
	super		50000173
	static protocolPathProp	50000be7
	static handlers	50000bed
	static streamHandlerLock	50000bec
	constant pool entry 416	5000016b
	constant pool entry 405	500000f1
	constant pool entry 299	50000168
	constant pool entry 131	50000173
	constant pool entry 129	50000147
	constant pool entry 118	50000beb
	constant pool entry 117	50000bea
	constant pool entry 112	50000040
	constant pool entry 111	50000be9
	constant pool entry 110	50000be8
	constant pool entry 109	5000016f
	constant pool entry 106	5000089c
	constant pool entry 105	50000be7
	constant pool entry 104	50000074
	constant pool entry 102	5000000f
	constant pool entry 63	5000011b
	constant pool entry 47	50000b9c
	constant pool entry 42	50000be6
	constant pool entry 25	50000010
	constant pool entry 13	50000123
CLS 5000011d (name=java.io.File, trace=300000)
	super		50000173
	static fs	50000b45
	static separator	50000b44
	static pathSeparator	50000b43
	static UNSAFE	500008b5
	constant pool entry 524	50000069
	constant pool entry 522	5000016b
	constant pool entry 513	50000122
	constant pool entry 446	50000168
	constant pool entry 171	50000062
	constant pool entry 165	50000173
	constant pool entry 163	50000b42
	constant pool entry 141	50000b41
	constant pool entry 97	5000016f
	constant pool entry 80	50000068
	constant pool entry 59	50000123
	constant pool entry 46	5000011d
	constant pool entry 11	5000089c
CLS 5000011e (name=java.io.ByteArrayInputStream, trace=300000)
	super		5000011f
CLS 50000120 (name=java.io.Closeable, trace=300000)
CLS 50000121 (name=java.lang.AutoCloseable, trace=300000)
CLS 50000122 (name=sun.misc.Unsafe, trace=300000)
	super		50000173
	static theUnsafe	500008b5
	constant pool entry 421	500000f9
	constant pool entry 323	500000da
	constant pool entry 321	5000016b
	constant pool entry 319	500000bb
	constant pool entry 80	50000173
	constant pool entry 66	5000010a
	constant pool entry 64	50000178
	constant pool entry 62	50000179
	constant pool entry 60	50000174
	constant pool entry 58	50000175
	constant pool entry 56	5000017a
	constant pool entry 54	50000176
	constant pool entry 52	50000177
	constant pool entry 49	5000017b
	constant pool entry 46	500008b6
	constant pool entry 45	5000016f
	constant pool entry 44	50000122
CLS 50000125 (name=java.lang.AbstractStringBuilder, trace=300000)
	super		50000173
	constant pool entry 366	500000f9
	constant pool entry 242	500000a7
	constant pool entry 92	50000173
	constant pool entry 33	50000125
	constant pool entry 32	5000016f
CLS 50000123 (name=java.lang.StringBuilder, trace=300000)
	super		50000125
	constant pool entry 96	50000125
	constant pool entry 95	50000123
	constant pool entry 41	5000016f
CLS 50000124 (name=java.lang.StringBuffer, trace=300000)
	super		50000125
	static serialPersistentFields	500001d9
	constant pool entry 420	500000f9
	constant pool entry 384	50000113
	constant pool entry 382	5000010c
	constant pool entry 334	500000a7
	constant pool entry 106	50000125
	constant pool entry 105	50000124
	constant pool entry 100	500000fe
	constant pool entry 69	5000017a
	constant pool entry 64	50000ba5
	constant pool entry 62	50000ba4
	constant pool entry 60	50000a1a
	constant pool entry 57	5000016f
CLS 50000126 (name=java.lang.Appendable, trace=300000)
CLS 5000012a (name=java.lang.invoke.CallSite, trace=300000)
	super		50000173
CLS 50000127 (name=java.lang.invoke.VolatileCallSite, trace=300000)
	super		5000012a
CLS 50000128 (name=java.lang.invoke.MutableCallSite, trace=300000)
	super		5000012a
CLS 50000129 (name=java.lang.invoke.ConstantCallSite, trace=300000)
	super		5000012a
CLS 5000012b (name=java.lang.BootstrapMethodError, trace=300000)
	super		5000015c
CLS 5000012c (name=java.lang.invoke.MethodType, trace=300000)
	super		50000173
CLS 5000012d (name=java.lang.invoke.LambdaForm, trace=300000)
	super		50000173
CLS 5000012e (name=java.lang.invoke.MethodHandleNatives, trace=300000)
	super		50000173
	constant pool entry 414	50000186
	constant pool entry 124	5000012e
	constant pool entry 43	5000016b
CLS 5000012f (name=java.lang.invoke.MemberName, trace=300000)
	super		50000173
	static CONSTRUCTOR_NAME	50001345
	constant pool entry 55	5000012f
	constant pool entry 35	5000016b
CLS 50000131 (name=java.lang.invoke.MethodHandle, trace=300000)
	super		50000173
	constant pool entry 363	50000122
	constant pool entry 303	500001ab
	constant pool entry 288	50000186
	constant pool entry 101	50001336
	constant pool entry 98	50000131
	constant pool entry 33	5000016b
CLS 50000130 (name=java.lang.invoke.DirectMethodHandle, trace=300000)
	super		50000131
CLS 50000132 (name=sun.reflect.CallerSensitive, trace=300000)
CLS 50000133 (name=java.lang.annotation.Annotation, trace=300000)
CLS 50000136 (name=sun.reflect.FieldAccessorImpl, trace=300000)
	super		5000013e
CLS 50000135 (name=sun.reflect.UnsafeFieldAccessorImpl, trace=300000)
	super		50000136
CLS 50000134 (name=sun.reflect.UnsafeStaticFieldAccessorImpl, trace=300000)
	super		50000135
CLS 50000137 (name=sun.reflect.FieldAccessor, trace=300000)
CLS 50000138 (name=sun.reflect.ConstantPool, trace=300000)
	super		50000173
CLS 50000139 (name=sun.reflect.DelegatingClassLoader, trace=300000)
	super		50000169
CLS 5000013b (name=sun.reflect.ConstructorAccessor, trace=300000)
CLS 5000013c (name=sun.reflect.MethodAccessorImpl, trace=300000)
	super		5000013e
CLS 5000013d (name=sun.reflect.MethodAccessor, trace=300000)
CLS 50000145 (name=java.lang.reflect.AccessibleObject, trace=300000)
	super		50000173
	static ACCESS_PERMISSION	500009d3
	static reflectionFactory	500009cc
	constant pool entry 147	500000f1
	constant pool entry 114	50000168
	constant pool entry 35	50000173
	constant pool entry 34	50000145
	constant pool entry 32	500000e3
	constant pool entry 29	500000ee
	constant pool entry 27	500009d2
	constant pool entry 26	500000f0
	constant pool entry 7	5000016b
	constant pool entry 5	5000013f
CLS 50000141 (name=java.lang.reflect.Executable, trace=300000)
	super		50000145
	constant pool entry 102	50000145
CLS 5000013f (name=java.lang.reflect.Constructor, trace=300000)
	super		50000141
	constant pool entry 267	500000e3
	constant pool entry 261	5000013b
	constant pool entry 237	50000105
	constant pool entry 231	5000016b
	constant pool entry 75	50000141
	constant pool entry 30	50000105
	constant pool entry 20	5000013f
CLS 50000140 (name=java.lang.reflect.Method, trace=300000)
	super		50000141
CLS 50000142 (name=java.lang.reflect.Parameter, trace=300000)
	super		50000173
CLS 50000143 (name=java.lang.reflect.Field, trace=300000)
	super		50000145
	constant pool entry 86	50000145
	constant pool entry 20	50000143
CLS 50000144 (name=java.lang.reflect.Member, trace=300000)
CLS 50000148 (name=java.util.Dictionary, trace=300000)
	super		50000173
	constant pool entry 3	50000173
CLS 50000147 (name=java.util.Hashtable, trace=300000)
	super		50000148
	constant pool entry 478	500000f9
	constant pool entry 386	500000c4
	constant pool entry 368	5000008d
	constant pool entry 366	500000c3
	constant pool entry 355	50000173
	constant pool entry 345	500000d5
	constant pool entry 338	50000110
	constant pool entry 101	50000148
	constant pool entry 78	50000149
	constant pool entry 73	50000092
	constant pool entry 67	5000008c
	constant pool entry 47	500000d9
	constant pool entry 19	50000147
	constant pool entry 18	500000d8
CLS 50000146 (name=java.util.Properties, trace=300000)
	super		50000147
	static hexDigit	500009c5
	constant pool entry 343	500000f9
	constant pool entry 75	50000146
	constant pool entry 64	50000147
	constant pool entry 17	5000016f
CLS 50000149 (name=java.util.Map, trace=300000)
CLS 5000014a (name=java.lang.ThreadGroup, trace=300000)
	super		50000173
	constant pool entry 303	500000f9
	constant pool entry 216	50000168
	constant pool entry 75	50000173
	constant pool entry 45	5000014a
	constant pool entry 5	5000014c
	constant pool entry 3	5000089b
CLS 5000014b (name=java.lang.Thread$UncaughtExceptionHandler, trace=300000)
CLS 5000014d (name=java.lang.Runnable, trace=300000)
CLS 50000151 (name=java.lang.ref.FinalReference, trace=300000)
	super		50000154
	constant pool entry 3	50000154
CLS 5000014e (name=java.lang.ref.Finalizer, trace=300000)
	super		50000151
	static queue	500007b4
	static unfinalized	5000033a
	static lock	50001302
	constant pool entry 134	5000014a
	constant pool entry 40	50000151
	constant pool entry 36	5000014c
	constant pool entry 34	500000db
	constant pool entry 29	50000173
	constant pool entry 27	500000de
	constant pool entry 9	5000014e
CLS 50000150 (name=java.lang.ref.PhantomReference, trace=300000)
	super		50000154
CLS 5000014f (name=sun.misc.Cleaner, trace=300000)
	super		50000150
CLS 50000155 (name=java.lang.IllegalMonitorStateException, trace=300000)
	super		50000163
CLS 50000158 (name=java.lang.VirtualMachineError, trace=300000)
	super		50000166
CLS 50000156 (name=java.lang.StackOverflowError, trace=300000)
	super		50000158
CLS 50000157 (name=java.lang.OutOfMemoryError, trace=300000)
	super		50000158
CLS 50000159 (name=java.lang.ArrayStoreException, trace=300000)
	super		50000163
CLS 5000015a (name=java.lang.ClassCastException, trace=300000)
	super		50000163
CLS 5000015b (name=java.lang.NoClassDefFoundError, trace=300000)
	super		5000015c
CLS 5000015e (name=java.lang.ReflectiveOperationException, trace=300000)
	super		50000164
	constant pool entry 6	50000164
CLS 5000015d (name=java.lang.ClassNotFoundException, trace=300000)
	super		5000015e
	constant pool entry 6	5000015e
CLS 50000160 (name=java.security.AccessControlContext, trace=300000)
	super		50000173
	constant pool entry 255	500000f1
	constant pool entry 88	50000173
	constant pool entry 79	50000160
CLS 50000161 (name=java.security.ProtectionDomain, trace=300000)
	super		50000173
	constant pool entry 317	500000f9
	constant pool entry 250	50000048
	constant pool entry 247	50000085
	constant pool entry 80	50000173
	constant pool entry 79	50000161
	constant pool entry 76	50000009
	constant pool entry 74	50000bc0
	constant pool entry 71	5000000b
	constant pool entry 12	50000007
	constant pool entry 3	50000008
CLS 50000162 (name=java.lang.SecurityManager, trace=300000)
	super		50000173
CLS 50000165 (name=java.lang.ThreadDeath, trace=300000)
	super		50000166
CLS 50000168 (name=java.lang.System, trace=300000)
	super		50000173
	static in	500008a5
	static out	500008a4
	static err	500008a3
	static props	500008a2
	static lineSeparator	500008a1
	constant pool entry 323	5000014a
	constant pool entry 320	5000014c
	constant pool entry 317	50000058
	constant pool entry 304	50000088
	constant pool entry 301	5000008a
	constant pool entry 298	500000da
	constant pool entry 288	500000bb
	constant pool entry 282	5000008b
	constant pool entry 227	50000085
	constant pool entry 99	5000004e
	constant pool entry 90	500008a0
	constant pool entry 89	5000089f
	constant pool entry 87	5000089e
	constant pool entry 85	50000080
	constant pool entry 81	50000082
	constant pool entry 78	50000089
	constant pool entry 76	5000089d
	constant pool entry 70	50000078
	constant pool entry 69	50000079
	constant pool entry 48	5000089c
	constant pool entry 43	5000016f
	constant pool entry 31	50000146
	constant pool entry 7	50000168
CLS 5000016a (name=java.lang.Cloneable, trace=300000)
CLS 5000016b (name=java.lang.Class, trace=300000)
	super		50000173
	static serialPersistentFields	500009cd
	static reflectionFactory	500009cc
	constant pool entry 1351	500000f9
	constant pool entry 911	5000016f
	constant pool entry 868	500000f1
	constant pool entry 850	50000168
	constant pool entry 847	50000169
	constant pool entry 845	500000bb
	constant pool entry 341	500000b5
	constant pool entry 331	500000fe
	constant pool entry 267	500000b7
	constant pool entry 266	500000e3
	constant pool entry 264	500000ee
	constant pool entry 216	5000013f
	constant pool entry 211	50000143
	constant pool entry 187	50000153
	constant pool entry 183	500000b6
	constant pool entry 48	500000a1
	constant pool entry 43	5000016b
CLS 5000016c (name=java.lang.reflect.Type, trace=300000)
CLS 5000016d (name=java.lang.reflect.GenericDeclaration, trace=300000)
CLS 5000016e (name=java.lang.reflect.AnnotatedElement, trace=300000)
CLS 5000016f (name=java.lang.String, trace=300000)
	super		50000173
	static serialPersistentFields	50000894
	static CASE_INSENSITIVE_ORDER	50000893
	constant pool entry 679	500000f9
	constant pool entry 547	5000002b
	constant pool entry 490	500000d5
	constant pool entry 475	50000168
	constant pool entry 460	5000009d
	constant pool entry 445	500000a7
	constant pool entry 146	50000173
	constant pool entry 144	500000fa
	constant pool entry 142	500000fe
	constant pool entry 108	50000170
	constant pool entry 60	50000112
	constant pool entry 42	5000016f
CLS 50000170 (name=java.lang.CharSequence, trace=300000)
CLS 50000171 (name=java.lang.Comparable, trace=300000)
CLS 50000172 (name=java.io.Serializable, trace=300000)
CLS 50000174 (name=long[], trace=300000)
	super		50000173
CLS 50000175 (name=int[], trace=300000)
	super		50000173
CLS 50000176 (name=short[], trace=300000)
	super		50000173
CLS 50000177 (name=byte[], trace=300000)
	super		50000173
CLS 50000178 (name=double[], trace=300000)
	super		50000173
CLS 50000179 (name=float[], trace=300000)
	super		50000173
CLS 5000017a (name=char[], trace=300000)
	super		50000173
CLS 5000017b (name=boolean[], trace=300000)
	super		50000173
CLS 50000186 (name=java.lang.invoke.MethodHandleImpl, trace=300004)
	super		50000173
	static PRODUCE_BLOCK_INLINING_FORM	50000194
	static PRODUCE_REINVOKER_FORM	50000196
	static FAKE_METHOD_HANDLE_INVOKE	50000198
	static NO_ARGS_ARRAY	50000199
	static FILL_ARRAY_TO_RIGHT	5000019a
	static TYPED_COLLECTORS	500001a2
	constant pool entry 1124	500000f9
	constant pool entry 874	500000f1
	constant pool entry 630	500001a9
	constant pool entry 246	5000019c
	constant pool entry 244	50000195
	constant pool entry 242	50000193
	constant pool entry 239	50000189
	constant pool entry 206	5000010c
	constant pool entry 188	50000186
	constant pool entry 43	50000131
	constant pool entry 40	5000016b
	constant pool entry 29	50000173
CLS 50000189 (name=java.lang.invoke.MethodHandleImpl$1, trace=300007)
	super		50000173
	constant pool entry 42	5000010c
	constant pool entry 37	5000016b
	constant pool entry 13	50000173
	constant pool entry 12	50000189
	constant pool entry 8	50001347
	constant pool entry 5	50000186
	constant pool entry 3	50000123
CLS 50000192 (name=java.util.function.Function, trace=300015)
CLS 50000193 (name=java.lang.invoke.MethodHandleImpl$2, trace=300015)
	super		50000173
	constant pool entry 11	50000173
CLS 50000195 (name=java.lang.invoke.MethodHandleImpl$3, trace=300017)
	super		50000173
	constant pool entry 9	50000173
CLS 50000197 (name=java.lang.invoke.MethodHandle[], trace=300019)
	super		50000173
CLS 5000019b (name=java.lang.ClassValue, trace=300022)
	super		50000173
	static EMPTY_CACHE	5000019f
	static nextHashCode	500001a0
	static CRITICAL_SECTION	500001a1
	constant pool entry 194	500000f9
	constant pool entry 42	50000173
	constant pool entry 40	500000c8
	constant pool entry 38	5000019d
	constant pool entry 11	500001a5
	constant pool entry 8	500001a3
	constant pool entry 3	5000019b
CLS 5000019c (name=java.lang.invoke.MethodHandleImpl$4, trace=300022)
	super		5000019b
	constant pool entry 5	5000019b
CLS 5000019d (name=java.lang.ClassValue$Entry, trace=300023)
	super		50000152
	static DEAD_ENTRY	500001a7
	constant pool entry 87	5000016b
	constant pool entry 19	50000152
	constant pool entry 16	5000019b
	constant pool entry 14	5000019d
CLS 5000019e (name=java.lang.ClassValue$Entry[], trace=300024)
	super		50000173
CLS 500001a3 (name=java.lang.ClassValue$Identity, trace=300028)
	super		50000173
	constant pool entry 3	50000173
CLS 500001a5 (name=java.lang.ClassValue$Version, trace=300030)
	super		50000173
	constant pool entry 8	50000173
	constant pool entry 7	500001a5
	constant pool entry 2	5000019d
CLS 500001a9 (name=java.lang.invoke.MemberName$Factory, trace=300034)
	super		50000173
	static INSTANCE	500001aa
	constant pool entry 204	5000016b
	constant pool entry 59	50000173
	constant pool entry 55	500001a9
	constant pool entry 1	5000012f
CLS 500001ab (name=java.lang.invoke.MethodHandleStatics, trace=300036)
	super		50000173
	static UNSAFE	500008b5
	constant pool entry 208	500000f9
	constant pool entry 165	500000f1
	constant pool entry 159	50000122
	constant pool entry 52	500001ab
	constant pool entry 47	5000010c
	constant pool entry 45	50000113
	constant pool entry 42	500001ad
	constant pool entry 41	50000173
CLS 500001ad (name=java.lang.invoke.MethodHandleStatics$1, trace=300038)
	super		50000173
	constant pool entry 46	5000010c
	constant pool entry 39	50000113
	constant pool entry 15	50000173
	constant pool entry 14	500001ad
	constant pool entry 12	5000133d
	constant pool entry 11	5000133c
	constant pool entry 9	5000133b
	constant pool entry 8	5000133a
	constant pool entry 7	50001339
	constant pool entry 6	50001338
	constant pool entry 3	50001337
CLS 500001b6 (name=sun.launcher.LauncherHelper, trace=300000)
	super		50000063
	static INSTANCE	500001b7
	static MAIN_CLASS	50001358
	static outBuf	500001ba
	static INDENT	50001357
	static VM_SETTINGS	50001356
	static PROP_SETTINGS	50001355
	static LOCALE_SETTINGS	50001354
	static diagprop	500008be
	static defaultBundleName	50000a11
	static ostream	500008a3
	static scloader	500007bd
	static encprop	50001352
	static encoding	500007bc
	static $VALUES	500001b9
	constant pool entry 810	500000f9
	constant pool entry 657	500000da
	constant pool entry 627	500000d4
	constant pool entry 592	50000169
	constant pool entry 537	50000766
	constant pool entry 535	500002ec
	constant pool entry 479	50000168
	constant pool entry 460	50000079
	constant pool entry 222	500002eb
	constant pool entry 216	50000063
	constant pool entry 213	500008be
	constant pool entry 210	50001353
	constant pool entry 176	50001352
	constant pool entry 154	500007bb
	constant pool entry 148	5000015d
	constant pool entry 147	5000015b
	constant pool entry 141	5000089c
	constant pool entry 111	50001351
	constant pool entry 110	50001350
	constant pool entry 67	50000173
	constant pool entry 53	5000016f
	constant pool entry 25	50000123
	constant pool entry 6	500001b6
CLS 500001b8 (name=sun.launcher.LauncherHelper[], trace=300044)
	super		50000173
CLS 500001c4 (name=java.net.URLClassLoader$1, trace=300053)
	super		50000173
	constant pool entry 60	50000004
	constant pool entry 55	5000016f
	constant pool entry 50	5000011c
	constant pool entry 15	50000173
	constant pool entry 14	500001c4
	constant pool entry 5	50000c17
CLS 500001c8 (name=sun.net.util.URLUtil, trace=300057)
	super		50000173
	constant pool entry 73	5000016f
	constant pool entry 26	5000011b
	constant pool entry 7	500010d7
	constant pool entry 2	50000123
CLS 500001ce (name=sun.misc.URLClassPath$3, trace=300062)
	super		50000173
	constant pool entry 58	5000016f
	constant pool entry 55	5000011b
	constant pool entry 50	50000004
	constant pool entry 20	50000173
	constant pool entry 19	500001ce
	constant pool entry 14	500001d1
	constant pool entry 10	500002b5
	constant pool entry 7	50000bdd
	constant pool entry 5	50000b9c
CLS 500001d0 (name=sun.misc.URLClassPath$Loader, trace=300064)
	super		50000173
	constant pool entry 29	50000173
	constant pool entry 28	500001d0
CLS 500001d1 (name=sun.misc.URLClassPath$JarLoader, trace=300064)
	super		500001d0
	static zipAccess	500001d6
	constant pool entry 396	50000085
	constant pool entry 322	500000f1
	constant pool entry 313	5000003d
	constant pool entry 309	5000002d
	constant pool entry 120	500001d0
	constant pool entry 94	500001d1
	constant pool entry 89	5000016f
	constant pool entry 49	500005dc
	constant pool entry 46	500005d4
	constant pool entry 38	500005db
	constant pool entry 36	500005de
	constant pool entry 33	500005d2
	constant pool entry 30	50000bdd
	constant pool entry 25	5000011d
	constant pool entry 15	50000c10
	constant pool entry 12	50000123
	constant pool entry 11	5000089c
	constant pool entry 10	50000c0e
	constant pool entry 9	5000011b
CLS 500001d2 (name=java.util.zip.ZipConstants, trace=300065)
CLS 500001d3 (name=java.util.zip.ZipFile, trace=300065)
	super		50000173
	constant pool entry 464	50000085
	constant pool entry 457	500000da
	constant pool entry 140	500001d5
	constant pool entry 135	500008bd
	constant pool entry 20	500001d3
CLS 500001d4 (name=sun.misc.JavaUtilZipFileAccess, trace=300066)
CLS 500001d5 (name=java.util.zip.ZipFile$1, trace=300066)
	super		50000173
	constant pool entry 4	50000173
CLS 500002b5 (name=sun.misc.URLClassPath$FileLoader, trace=300098)
	super		500001d0
	constant pool entry 97	50000004
	constant pool entry 83	5000002d
	constant pool entry 76	5000016f
	constant pool entry 34	500001d0
	constant pool entry 33	500002b5
	constant pool entry 25	500010df
	constant pool entry 20	50000bea
	constant pool entry 18	5000011b
	constant pool entry 12	5000011d
	constant pool entry 2	50000bdd
CLS 500002eb (name=sun.launcher.LauncherHelper$ResourceBundleHolder, trace=300133)
	super		50000173
	static RB	500006d0
	constant pool entry 28	500002ec
	constant pool entry 6	500002eb
	constant pool entry 4	50000a11
CLS 500002ec (name=java.util.ResourceBundle, trace=300134)
	super		50000173
	static NONEXISTENT_BUNDLE	500002ee
	static cacheList	500002ef
	static referenceQueue	500002f0
	constant pool entry 467	500002f3
	constant pool entry 376	50000028
	constant pool entry 367	5000008d
	constant pool entry 365	500000e9
	constant pool entry 358	500000bb
	constant pool entry 347	5000016b
	constant pool entry 155	5000066a
	constant pool entry 144	50000173
	constant pool entry 137	500000de
	constant pool entry 135	50000027
	constant pool entry 133	500002ed
	constant pool entry 104	5000067b
	constant pool entry 66	5000002b
	constant pool entry 46	500002ec
	constant pool entry 44	500006bb
	constant pool entry 40	5000068c
	constant pool entry 37	500002f2
	constant pool entry 7	5000016f
CLS 500002ed (name=java.util.ResourceBundle$1, trace=300135)
	super		500002ec
	constant pool entry 4	500002ec
CLS 500002f2 (name=java.util.spi.ResourceBundleControlProvider, trace=300140)
CLS 500002f3 (name=java.util.ServiceLoader, trace=300141)
	super		50000173
	static PREFIX	500013c9
	constant pool entry 209	50000168
	constant pool entry 207	50000169
	constant pool entry 204	5000008f
	constant pool entry 74	50000173
	constant pool entry 66	500002f3
	constant pool entry 64	500002f8
	constant pool entry 17	5000016b
	constant pool entry 15	500013c8
	constant pool entry 13	50000065
	constant pool entry 8	500002f6
CLS 500002f6 (name=java.util.ServiceLoader$LazyIterator, trace=300144)
	super		50000173
	constant pool entry 157	5000008e
	constant pool entry 150	50000169
	constant pool entry 147	5000016b
	constant pool entry 58	50000173
	constant pool entry 57	500002f6
	constant pool entry 14	500013c9
	constant pool entry 12	50000123
	constant pool entry 1	500002f3
CLS 500002f8 (name=java.util.ServiceLoader$1, trace=300146)
	super		50000173
	constant pool entry 58	500002f6
	constant pool entry 54	500000c3
	constant pool entry 52	50000065
	constant pool entry 47	500002f3
	constant pool entry 18	5000008d
	constant pool entry 17	50000173
	constant pool entry 16	500002f8
CLS 500002fa (name=java.util.LinkedHashMap$LinkedEntrySet, trace=300148)
	super		500000c2
	constant pool entry 25	500000c2
	constant pool entry 24	500002fa
	constant pool entry 5	500002fd
CLS 500002fc (name=java.util.LinkedHashMap$LinkedHashIterator, trace=300150)
	super		50000173
	constant pool entry 65	50000065
	constant pool entry 19	50000173
	constant pool entry 18	500002fc
CLS 500002fd (name=java.util.LinkedHashMap$LinkedEntryIterator, trace=300150)
	super		500002fc
	constant pool entry 6	500002fc
	constant pool entry 5	500002fd
CLS 50000305 (name=java.util.Enumeration[], trace=300156)
	super		50000173
CLS 50000307 (name=sun.misc.Launcher$BootClassPathHolder, trace=300157)
	super		50000173
	static bcp	50000573
	constant pool entry 36	500000f1
	constant pool entry 33	50000119
	constant pool entry 13	50000307
	constant pool entry 8	50000004
	constant pool entry 6	5000000d
	constant pool entry 3	50000308
CLS 50000308 (name=sun.misc.Launcher$BootClassPathHolder$1, trace=300158)
	super		50000173
	constant pool entry 59	5000003d
	constant pool entry 57	500000c3
	constant pool entry 54	5000011d
	constant pool entry 50	50000119
	constant pool entry 13	50000173
	constant pool entry 12	50000308
	constant pool entry 4	50000005
CLS 50000580 (name=sun.misc.URLClassPath$2, trace=300237)
	super		50000173
	constant pool entry 56	50000004
	constant pool entry 41	500001d0
	constant pool entry 16	50000173
	constant pool entry 15	50000580
CLS 50000582 (name=java.lang.ClassLoader$2, trace=300239)
	super		50000173
	constant pool entry 10	5000008e
	constant pool entry 9	50000173
	constant pool entry 8	50000582
CLS 50000584 (name=sun.misc.URLClassPath$1, trace=300241)
	super		50000173
	constant pool entry 56	50000004
	constant pool entry 41	500001d0
	constant pool entry 16	50000173
	constant pool entry 15	50000584
CLS 50000586 (name=java.net.URLClassLoader$3, trace=300243)
	super		50000173
	constant pool entry 56	500000f1
	constant pool entry 47	5000011c
	constant pool entry 17	50000173
	constant pool entry 16	50000586
	constant pool entry 5	50000668
CLS 50000588 (name=sun.misc.CompoundEnumeration, trace=300245)
	super		50000173
	constant pool entry 11	5000008e
	constant pool entry 10	50000173
	constant pool entry 9	50000588
CLS 500005d2 (name=sun.misc.URLClassPath$JarLoader$1, trace=300247)
	super		50000173
	constant pool entry 72	50000004
	constant pool entry 34	500001d1
	constant pool entry 31	50000173
	constant pool entry 30	500005d2
CLS 500005d4 (name=sun.misc.FileURLMapper, trace=300249)
	super		50000173
	constant pool entry 51	5000002d
	constant pool entry 46	5000016f
	constant pool entry 43	5000011b
	constant pool entry 16	50000173
	constant pool entry 15	500005d4
	constant pool entry 12	5000011d
	constant pool entry 5	5000089c
CLS 500005db (name=java.io.IOException, trace=300252)
	super		50000164
	constant pool entry 6	50000164
CLS 500005dc (name=java.io.FileNotFoundException, trace=300252)
	super		500005db
	constant pool entry 11	500005db
CLS 500005de (name=java.security.PrivilegedActionException, trace=300254)
	super		50000164
	constant pool entry 13	50000164
	constant pool entry 12	500005de
CLS 50000668 (name=java.net.URLClassLoader$3$1, trace=300256)
	super		50000173
	constant pool entry 35	5000008e
	constant pool entry 12	50000586
	constant pool entry 9	50000173
	constant pool entry 8	50000668
CLS 5000066a (name=java.util.ResourceBundle$RBClassLoader, trace=300258)
	super		50000169
	static INSTANCE	5000066d
	static loader	500007bd
	constant pool entry 62	500000f1
	constant pool entry 16	50000169
	constant pool entry 14	5000066a
	constant pool entry 11	5000066b
CLS 5000066b (name=java.util.ResourceBundle$RBClassLoader$1, trace=300259)
	super		50000173
	constant pool entry 6	50000173
	constant pool entry 5	5000066b
	constant pool entry 2	5000066a
CLS 5000067b (name=java.util.ResourceBundle$Control, trace=300273)
	super		50000173
	static FORMAT_DEFAULT	5000067f
	static FORMAT_CLASS	50000682
	static FORMAT_PROPERTIES	50000685
	static INSTANCE	50000686
	static CANDIDATES_CACHE	50000688
	constant pool entry 376	500000f9
	constant pool entry 287	500000c4
	constant pool entry 285	500000a7
	constant pool entry 248	500000f1
	constant pool entry 232	5000016b
	constant pool entry 229	50000169
	constant pool entry 221	5000002b
	constant pool entry 89	50000173
	constant pool entry 87	50000687
	constant pool entry 83	5000016f
	constant pool entry 80	500010d7
	constant pool entry 74	5000089c
	constant pool entry 55	5000067b
	constant pool entry 43	50000713
	constant pool entry 41	500013cd
	constant pool entry 40	500013cc
	constant pool entry 39	5000015d
	constant pool entry 32	50000123
	constant pool entry 28	500002ec
	constant pool entry 25	50001379
	constant pool entry 20	500000ea
	constant pool entry 16	500000c5
CLS 5000067d (name=java.util.Arrays$ArrayList, trace=300275)
	super		500000e6
	constant pool entry 95	5000008f
	constant pool entry 18	500000e6
	constant pool entry 17	5000067d
	constant pool entry 3	5000010a
CLS 50000687 (name=java.util.ResourceBundle$Control$CandidateListCache, trace=300281)
	super		5000002a
	constant pool entry 118	500000e9
	constant pool entry 47	5000002a
	constant pool entry 46	50000687
	constant pool entry 44	50000018
	constant pool entry 42	5000016f
	constant pool entry 31	500011bd
	constant pool entry 27	500013d1
	constant pool entry 19	5000002b
	constant pool entry 14	50000694
	constant pool entry 12	500013d0
	constant pool entry 11	5000089c
	constant pool entry 7	500013cf
CLS 5000068c (name=java.util.ResourceBundle$CacheKey, trace=300286)
	super		50000173
	constant pool entry 145	5000002b
	constant pool entry 143	5000016f
	constant pool entry 138	500002ec
	constant pool entry 47	50000173
	constant pool entry 17	5000068c
	constant pool entry 16	50000169
	constant pool entry 9	5000068f
CLS 5000068e (name=java.util.ResourceBundle$CacheKeyReference, trace=300288)
CLS 5000068f (name=java.util.ResourceBundle$LoaderReference, trace=300288)
	super		50000152
	constant pool entry 4	50000152
	constant pool entry 3	5000068f
CLS 50000691 (name=java.util.Queue, trace=300290)
CLS 50000692 (name=java.util.Deque, trace=300290)
CLS 50000693 (name=java.util.AbstractSequentialList, trace=300290)
	super		500000e6
	constant pool entry 21	500000e6
CLS 50000694 (name=java.util.LinkedList, trace=300290)
	super		50000693
	constant pool entry 337	500000f9
	constant pool entry 69	50000693
	constant pool entry 56	50000173
	constant pool entry 51	50000694
	constant pool entry 6	5000069c
CLS 5000069c (name=java.util.LinkedList$Node, trace=300298)
	super		50000173
	constant pool entry 6	50000173
	constant pool entry 5	5000069c
CLS 500006b0 (name=java.util.ListResourceBundle, trace=300308)
	super		500002ec
	constant pool entry 70	50000149
	constant pool entry 18	500002ec
	constant pool entry 17	500006b0
	constant pool entry 15	5000016f
	constant pool entry 13	500000ba
CLS 500006b1 (name=sun.launcher.resources.launcher, trace=300308)
	super		500006b0
	constant pool entry 43	500006b0
CLS 500006bb (name=java.util.ResourceBundle$BundleReference, trace=300316)
	super		50000153
	constant pool entry 4	50000153
	constant pool entry 3	500006bb
CLS 500006c8 (name=sun.launcher.resources.launcher_fr, trace=300308)
	super		500006b0
	constant pool entry 99	500000f9
	constant pool entry 43	500006b0
	constant pool entry 41	5000139d
	constant pool entry 40	5000139e
	constant pool entry 39	500013b5
	constant pool entry 38	500013b6
	constant pool entry 37	50001395
	constant pool entry 36	50001396
	constant pool entry 35	500013b9
	constant pool entry 34	500013ba
	constant pool entry 33	50001391
	constant pool entry 32	50001392
	constant pool entry 31	50001399
	constant pool entry 30	5000139a
	constant pool entry 29	50001381
	constant pool entry 28	50001382
	constant pool entry 27	500013c4
	constant pool entry 26	500013c5
	constant pool entry 25	500013bd
	constant pool entry 24	500013be
	constant pool entry 23	500013b1
	constant pool entry 22	500013b2
	constant pool entry 21	500013a1
	constant pool entry 20	500013a2
	constant pool entry 19	500013a9
	constant pool entry 18	500013aa
	constant pool entry 17	5000138d
	constant pool entry 16	5000138e
	constant pool entry 15	50001389
	constant pool entry 14	5000138a
	constant pool entry 13	50001385
	constant pool entry 12	50001386
	constant pool entry 11	5000137d
	constant pool entry 10	5000137e
	constant pool entry 9	500013c1
	constant pool entry 8	500007bb
	constant pool entry 7	500013ad
	constant pool entry 6	500013ae
	constant pool entry 5	500013a5
	constant pool entry 4	500013a6
	constant pool entry 3	50000173
	constant pool entry 2	5000010a
CLS 50000713 (name=java.util.ResourceBundle$Control$1, trace=300334)
	super		50000173
	constant pool entry 58	50000169
	constant pool entry 13	50000173
	constant pool entry 12	50000713
CLS 50000715 (name=java.net.URLClassLoader$2, trace=300336)
	super		50000173
	constant pool entry 36	50000004
	constant pool entry 30	5000011c
	constant pool entry 8	50000173
	constant pool entry 7	50000715
CLS 5000073b (name=java.lang.Object[][], trace=300345)
	super		50000173
CLS 50000765 (name=java.text.Format, trace=300367)
	super		50000173
	constant pool entry 29	50000173
	constant pool entry 28	50000765
	constant pool entry 4	50000792
	constant pool entry 2	50000124
CLS 50000766 (name=java.text.MessageFormat, trace=300367)
	super		50000765
	static TYPE_KEYWORDS	50000767
	static NUMBER_MODIFIER_KEYWORDS	50000768
	static DATE_TIME_MODIFIER_KEYWORDS	50000769
	static DATE_TIME_MODIFIERS	5000076a
	constant pool entry 615	500000f9
	constant pool entry 485	50000792
	constant pool entry 481	5000010c
	constant pool entry 387	5000002b
	constant pool entry 385	50000770
	constant pool entry 162	50000799
	constant pool entry 161	50001368
	constant pool entry 160	50000a24
	constant pool entry 159	50001367
	constant pool entry 158	50000b38
	constant pool entry 157	50001366
	constant pool entry 156	50001365
	constant pool entry 155	50001364
	constant pool entry 154	50001363
	constant pool entry 153	50001362
	constant pool entry 152	50001361
	constant pool entry 151	50001360
	constant pool entry 110	5000016f
	constant pool entry 108	50000795
	constant pool entry 107	50000111
	constant pool entry 59	50000124
	constant pool entry 58	5000010a
	constant pool entry 14	50000123
	constant pool entry 5	50000765
	constant pool entry 4	50000766
	constant pool entry 2	5000089c
CLS 5000076c (name=java.text.Format[], trace=300373)
	super		50000173
CLS 50000770 (name=java.util.Locale$Category, trace=300376)
	super		50000063
	static DISPLAY	50000771
	static FORMAT	50000772
	static $VALUES	50000774
	constant pool entry 84	500000f9
	constant pool entry 56	50000773
	constant pool entry 24	50000063
	constant pool entry 22	500012e6
	constant pool entry 21	500012e5
	constant pool entry 20	500012e4
	constant pool entry 19	500012e3
	constant pool entry 18	500012e2
	constant pool entry 15	500012e1
	constant pool entry 14	500012e0
	constant pool entry 13	500012df
	constant pool entry 12	500012de
	constant pool entry 11	500012dd
	constant pool entry 4	50000770
	constant pool entry 3	50000773
CLS 50000773 (name=java.util.Locale$Category[], trace=300379)
	super		50000173
CLS 50000775 (name=java.util.Locale$1, trace=300380)
	super		50000173
	static $SwitchMap$java$util$Locale$Category	50000776
	constant pool entry 43	500000f9
	constant pool entry 22	50000770
	constant pool entry 7	50000775
CLS 50000781 (name=java.lang.StringBuilder[], trace=300386)
	super		50000173
CLS 50000792 (name=java.text.FieldPosition, trace=300398)
	super		50000173
	constant pool entry 26	50000173
	constant pool entry 11	50000792
CLS 50000795 (name=java.util.Date, trace=300400)
	super		50000173
CLS 50000797 (name=java.text.AttributedCharacterIterator$Attribute, trace=300401)
	super		50000173
	static instanceMap	5000079a
	static LANGUAGE	5000079b
	static READING	5000079e
	static INPUT_METHOD_SEGMENT	500007a0
	constant pool entry 82	50000149
	constant pool entry 31	50000173
	constant pool entry 29	50001375
	constant pool entry 27	50001374
	constant pool entry 24	500011b0
	constant pool entry 22	500000ba
	constant pool entry 4	50000797
CLS 50000798 (name=java.text.Format$Field, trace=300401)
	super		50000797
	constant pool entry 3	50000797
CLS 50000799 (name=java.text.MessageFormat$Field, trace=300401)
	super		50000798
	static ARGUMENT	500007a2
	constant pool entry 10	50000798
	constant pool entry 8	50001372
	constant pool entry 3	50000799
CLS 500007a9 (name=java.lang.Shutdown, trace=300412)
	super		50000173
	static hooks	500007aa
	static lock	500007ac
	static haltLock	500007ad
	constant pool entry 133	500000f9
	constant pool entry 30	500007ab
	constant pool entry 29	5000014d
	constant pool entry 18	500007a9
CLS 500007ab (name=java.lang.Shutdown$Lock, trace=300414)
	super		50000173
	constant pool entry 4	50000173
	constant pool entry 3	500007ab
CLS 500007ae (name=java.lang.AbstractStringBuilder[], trace=300000)
	super		50000173
CLS 500007af (name=java.lang.Appendable[], trace=300000)
	super		50000173
CLS 500007b0 (name=java.lang.Cloneable[], trace=300000)
	super		50000173
HEAP DUMP END
SITES BEGIN (ordered by live bytes) Tue Jun  7 10:32:48 2016
          percent          live          alloc'ed  stack class
 rank   self  accum     bytes objs     bytes  objs trace name
    1 15,66% 15,66%     89120  817     89120   817 300000 char[]
    2  4,48% 20,14%     25512    9     25512     9 300000 byte[]
    3  4,34% 24,48%     24680  491     24680   491 300000 java.lang.Object[]
    4  3,47% 27,95%     19752  802     19752   802 300000 java.lang.String
    5  2,92% 30,87%     16616   92     16616    92 300011 char[]
    6  2,88% 33,75%     16400    1     16400     1 300185 char[]
    7  1,61% 35,36%      9184   42      9184    42 300088 byte[]
    8  1,44% 36,81%      8208    1      8208     1 300182 byte[]
    9  0,93% 37,74%      5320   24      5320    24 300129 char[]
   10  0,92% 38,66%      5256   85      5256    85 300193 char[]
   11  0,81% 39,48%      4624  257      4624   257 300000 java.lang.Integer
   12  0,72% 40,19%      4080  112      4080   112 300000 java.util.Hashtable$Entry
   13  0,69% 40,89%      3952   47      3952    47 300089 byte[]
   14  0,64% 41,53%      3648   79      3648    79 300000 java.lang.ref.SoftReference
   15  0,51% 42,04%      2896   62      2896    62 300000 java.lang.String[]
   16  0,50% 42,53%      2824   17      2824    17 300061 char[]
   17  0,48% 43,01%      2712   16      2712    16 300083 char[]
   18  0,47% 43,48%      2648   16      2648    16 300079 char[]
   19  0,47% 43,94%      2648   16      2648    16 300080 char[]
   20  0,43% 44,37%      2472    8      2472     8 300209 char[]
   21  0,42% 44,80%      2408    6      2408     6 300000 java.lang.Thread
   22  0,41% 45,21%      2352   39      2352    39 300000 sun.util.locale.LocaleObjectCache$CacheEntry
   23  0,35% 45,57%      2016   84      2016    84 300194 java.lang.String
   24  0,31% 45,87%      1744   39      1744    39 300000 java.util.concurrent.ConcurrentHashMap$Node
   25  0,29% 46,17%      1672   42      1672    42 300091 char[]
   26  0,29% 46,45%      1640    4      1640     4 300000 int[]
   27  0,28% 46,73%      1584   13      1584    13 300108 char[]
   28  0,28% 47,01%      1568    2      1568     2 300000 java.lang.Integer[]
   29  0,27% 47,28%      1544   10      1544    10 300131 char[]
   30  0,26% 47,54%      1504    4      1504     4 300001 java.lang.Thread
   31  0,26% 47,80%      1464   10      1464    10 300000 java.lang.Class
   32  0,26% 48,06%      1456    6      1456     6 300000 java.util.Hashtable$Entry[]
   33  0,23% 48,28%      1288   20      1288    20 300000 sun.util.locale.BaseLocale$Key
   34  0,21% 48,49%      1184    8      1184     8 300210 char[]
   35  0,21% 48,70%      1184    8      1184     8 300212 char[]
   36  0,20% 48,90%      1136   20      1136    20 300000 sun.util.locale.BaseLocale
   37  0,20% 49,10%      1136   20      1136    20 300000 java.util.Locale
   38  0,19% 49,29%      1104   10      1104    10 300000 java.net.URL
   39  0,19% 49,48%      1056   12      1056    12 300000 java.util.HashMap
   40  0,18% 49,66%      1048   14      1048    14 300000 java.util.LinkedHashMap$Entry
   41  0,18% 49,85%      1048    7      1048     7 300162 char[]
   42  0,18% 50,03%      1040    1      1040     1 300021 java.lang.invoke.MethodHandle[]
   43  0,18% 50,21%      1024   16      1024    16 300084 java.net.URL
   44  0,18% 50,39%      1024   32      1024    32 300094 java.util.HashMap$Node
   45  0,18% 50,57%      1016    8      1016     8 300170 char[]
   46  0,18% 50,74%      1008   42      1008    42 300090 java.lang.String
   47  0,17% 50,92%       984   20       984    20 300000 java.util.Locale$LocaleKey
   48  0,16% 51,08%       928   11       928    11 300000 java.io.ObjectStreamField
   49  0,16% 51,24%       912    7       912     7 300000 java.util.concurrent.ConcurrentHashMap
   50  0,16% 51,40%       912   13       912    13 300000 java.util.HashMap$Node
   51  0,16% 51,56%       912    2       912     2 300000 java.lang.ref.Finalizer$FinalizerThread
   52  0,16% 51,72%       904    2       904     2 300000 java.lang.ref.Reference$ReferenceHandler
   53  0,16% 51,88%       888    6       888     6 300220 char[]
   54  0,16% 52,03%       888    6       888     6 300224 char[]
   55  0,15% 52,18%       848   11       848    11 300000 java.lang.OutOfMemoryError
   56  0,15% 52,33%       840   14       840    14 300000 java.io.ExpiringCache$Entry
   57  0,15% 52,47%       832    9       832     9 300092 java.lang.Object[]
   58  0,14% 52,62%       816    3       816     3 300000 java.util.concurrent.ConcurrentHashMap$Node[]
   59  0,14% 52,76%       816   17       816    17 300059 char[]
   60  0,14% 52,90%       816    6       816     6 300118 char[]
   61  0,14% 53,04%       784   17       784    17 300000 java.lang.Object
   62  0,14% 53,18%       784    9       784     9 300000 java.io.File
   63  0,13% 53,31%       768    4       768     4 300000 java.util.WeakHashMap$Entry[]
   64  0,13% 53,45%       768    4       768     4 300000 java.util.HashMap$Node[]
   65  0,13% 53,58%       768    7       768     7 300000 java.security.AccessControlContext
   66  0,13% 53,72%       768   16       768    16 300069 char[]
   67  0,13% 53,85%       768   16       768    16 300086 sun.misc.URLClassPath$JarLoader
   68  0,13% 53,98%       744    4       744     4 300109 byte[]
   69  0,13% 54,11%       728    6       728     6 300000 java.util.WeakHashMap$Entry
   70  0,13% 54,24%       728    6       728     6 300000 java.lang.ref.Finalizer
   71  0,13% 54,37%       720    9       720     9 300000 sun.misc.MetaIndex
   72  0,13% 54,49%       720    7       720     7 300000 java.lang.ref.ReferenceQueue
   73  0,13% 54,62%       720    7       720     7 300000 java.util.Vector
   74  0,12% 54,74%       696    4       696     4 300000 sun.nio.cs.UTF_8$Encoder
   75  0,12% 54,86%       672    4       672     4 300000 java.util.WeakHashMap
   76  0,12% 54,98%       672    4       672     4 300000 java.util.Hashtable
   77  0,12% 55,09%       656    3       656     3 300000 java.io.ExpiringCache$1
   78  0,12% 55,21%       656    5       656     5 300000 java.io.FileDescriptor
   79  0,12% 55,32%       656    9       656     9 300000 java.lang.ref.ReferenceQueue$Lock
   80  0,12% 55,44%       656    6       656     6 300000 java.io.ObjectStreamField[]
   81  0,11% 55,55%       648    6       648     6 300000 java.util.ArrayList
   82  0,11% 55,66%       624    3       624     3 300000 sun.misc.URLClassPath
   83  0,11% 55,77%       624    3       624     3 300000 java.nio.HeapByteBuffer
   84  0,11% 55,88%       624    3       624     3 300000 sun.nio.cs.StreamEncoder
   85  0,11% 55,99%       624    4       624     4 300000 java.util.Stack
   86  0,11% 56,10%       624    2       624     2 300000 sun.misc.Launcher$AppClassLoader
   87  0,11% 56,21%       624    3       624     3 300000 java.util.Properties
   88  0,11% 56,32%       624    3       624     3 300000 java.lang.ThreadGroup
   89  0,11% 56,43%       624    2       624     2 300345 java.lang.Object[][]
   90  0,11% 56,54%       616    2       616     2 300000 sun.misc.Launcher$ExtClassLoader
   91  0,11% 56,65%       608    3       608     3 300000 java.io.ExpiringCache
   92  0,11% 56,75%       608    3       608     3 300000 java.io.BufferedWriter
   93  0,11% 56,86%       608    2       608     2 300000 java.lang.ThreadLocal$ThreadLocalMap$Entry[]
   94  0,11% 56,97%       608    3       608     3 300000 java.security.ProtectionDomain
   95  0,11% 57,07%       600    4       600     4 300000 sun.misc.Signal
   96  0,11% 57,18%       600    4       600     4 300000 java.util.Collections$SynchronizedSet
   97  0,10% 57,28%       592    3       592     3 300000 java.io.PrintStream
   98  0,10% 57,39%       592    3       592     3 300000 java.io.FileOutputStream
   99  0,10% 57,49%       592    3       592     3 300000 java.io.FileInputStream
  100  0,10% 57,59%       592    3       592     3 300000 java.lang.ThreadLocal$ThreadLocalMap$Entry
  101  0,10% 57,70%       592    3       592     3 300000 java.lang.ref.ReferenceQueue$Null
  102  0,10% 57,80%       592    3       592     3 300000 java.lang.Thread[]
  103  0,10% 57,91%       592    3       592     3 300000 java.security.CodeSource
  104  0,10% 58,01%       592    3       592     3 300000 java.lang.VirtualMachineError
  105  0,10% 58,11%       584    2       584     2 300373 java.text.Format[]
  106  0,10% 58,21%       576    3       576     3 300000 java.nio.charset.CoderResult
  107  0,10% 58,31%       576    3       576     3 300000 sun.misc.NativeSignalHandler
  108  0,10% 58,42%       576    3       576     3 300000 java.io.File$PathStatus
  109  0,10% 58,52%       576    3       576     3 300000 java.io.OutputStreamWriter
  110  0,10% 58,62%       576    3       576     3 300000 java.io.BufferedOutputStream
  111  0,10% 58,72%       576    4       576     4 300000 java.nio.charset.CodingErrorAction
  112  0,10% 58,82%       576    4       576     4 300000 java.lang.ThreadLocal
  113  0,10% 58,92%       576    3       576     3 300000 java.lang.RuntimePermission
  114  0,10% 59,02%       576    2       576     2 300000 long[]
  115  0,10% 59,12%       568    2       568     2 300000 java.lang.ClassLoader$NativeLibrary
  116  0,10% 59,22%       568    2       568     2 300000 java.io.BufferedInputStream
  117  0,10% 59,32%       568    2       568     2 300000 sun.nio.cs.UTF_8$Decoder
  118  0,10% 59,42%       568    2       568     2 300000 sun.nio.cs.StandardCharsets$Cache
  119  0,10% 59,52%       568    2       568     2 300000 sun.nio.cs.StandardCharsets$Classes
  120  0,10% 59,62%       568    2       568     2 300000 sun.nio.cs.StandardCharsets$Aliases
  121  0,10% 59,72%       560    3       560     3 300000 sun.net.www.protocol.jar.Handler
  122  0,10% 59,82%       560    3       560     3 300000 java.util.HashSet
  123  0,10% 59,92%       560    3       560     3 300000 java.security.Principal[]
  124  0,10% 60,02%       560    3       560     3 300000 java.security.ProtectionDomain$Key
  125  0,10% 60,11%       560    2       560     2 300000 java.lang.StringCoding$StringEncoder
  126  0,10% 60,21%       560    2       560     2 300000 java.io.UnixFileSystem
  127  0,10% 60,31%       560    3       560     3 300000 java.nio.ByteOrder
  128  0,10% 60,41%       560    2       560     2 300000 java.util.concurrent.atomic.AtomicReferenceFieldUpdater$AtomicReferenceFieldUpdaterImpl
  129  0,10% 60,51%       560    2       560     2 300000 java.lang.StringCoding$StringDecoder
  130  0,10% 60,61%       560    2       560     2 300000 sun.nio.cs.StandardCharsets
  131  0,10% 60,70%       560    3       560     3 300000 java.lang.StackTraceElement[]
  132  0,10% 60,80%       560    2       560     2 300000 java.lang.ThreadGroup[]
  133  0,10% 60,90%       560    2       560     2 300000 java.lang.OutOfMemoryError[]
  134  0,10% 61,00%       560    2       560     2 300000 java.lang.ArithmeticException
  135  0,10% 61,10%       560    2       560     2 300000 java.lang.NullPointerException
  136  0,10% 61,20%       560    3       560     3 300000 java.lang.Boolean
  137  0,10% 61,29%       560    5       560     5 300048 char[]
  138  0,10% 61,39%       560    2       560     2 300386 java.lang.StringBuilder[]
  139  0,10% 61,49%       552    2       552     2 300000 sun.util.locale.BaseLocale$Cache
  140  0,10% 61,59%       552    2       552     2 300000 java.util.Locale$Cache
  141  0,10% 61,68%       552    2       552     2 300000 java.util.BitSet
  142  0,10% 61,78%       552    2       552     2 300000 java.util.Collections$SetFromMap
  143  0,10% 61,88%       552    2       552     2 300000 java.io.File$PathStatus[]
  144  0,10% 61,97%       552    2       552     2 300000 java.lang.ThreadLocal$ThreadLocalMap
  145  0,10% 62,07%       552    2       552     2 300000 sun.nio.cs.UTF_8
  146  0,10% 62,17%       552    2       552     2 300000 java.util.Collections$UnmodifiableRandomAccessList
  147  0,10% 62,27%       552    2       552     2 300000 java.util.Collections$EmptyMap
  148  0,10% 62,36%       552    2       552     2 300000 java.lang.reflect.ReflectPermission
  149  0,10% 62,46%       552    2       552     2 300019 java.lang.invoke.MethodHandle[]
  150  0,10% 62,56%       552    2       552     2 300024 java.lang.ClassValue$Entry[]
  151  0,10% 62,65%       552    2       552     2 300044 sun.launcher.LauncherHelper[]
  152  0,10% 62,75%       552    2       552     2 300156 java.util.Enumeration[]
  153  0,10% 62,85%       552    2       552     2 300379 java.util.Locale$Category[]
  154  0,10% 62,94%       544    2       544     2 300000 java.security.ProtectionDomain$3
  155  0,10% 63,04%       544    2       544     2 300000 java.security.ProtectionDomain$1
  156  0,10% 63,13%       544    2       544     2 300000 sun.net.www.protocol.file.Handler
  157  0,10% 63,23%       544    2       544     2 300000 java.lang.CharacterDataLatin1
  158  0,10% 63,33%       544    2       544     2 300000 java.nio.charset.CoderResult$2
  159  0,10% 63,42%       544    2       544     2 300000 java.nio.charset.CoderResult$1
  160  0,10% 63,52%       544    2       544     2 300000 java.net.URLClassLoader$7
  161  0,10% 63,61%       544    2       544     2 300000 java.util.WeakHashMap$KeySet
  162  0,10% 63,71%       544    2       544     2 300000 sun.misc.Launcher$Factory
  163  0,10% 63,80%       544    2       544     2 300000 java.lang.System$2
  164  0,10% 63,90%       544    2       544     2 300000 java.lang.Terminator$1
  165  0,10% 63,99%       544    2       544     2 300000 java.nio.Bits$1
  166  0,10% 64,09%       544    2       544     2 300000 java.io.FileDescriptor$1
  167  0,10% 64,19%       544    2       544     2 300000 java.lang.Runtime
  168  0,10% 64,28%       544    2       544     2 300000 java.util.Hashtable$EntrySet
  169  0,10% 64,38%       544    2       544     2 300000 java.lang.reflect.ReflectAccess
  170  0,10% 64,47%       544    2       544     2 300000 java.util.Collections$EmptyList
  171  0,10% 64,57%       544    2       544     2 300000 java.util.Collections$EmptySet
  172  0,10% 64,66%       544    2       544     2 300000 java.util.concurrent.atomic.AtomicInteger
  173  0,10% 64,76%       544    2       544     2 300000 java.lang.ref.Reference$Lock
  174  0,10% 64,85%       544    2       544     2 300000 sun.reflect.ReflectionFactory
  175  0,10% 64,95%       544    2       544     2 300000 java.security.cert.Certificate[]
  176  0,10% 65,05%       544    2       544     2 300000 java.lang.String$CaseInsensitiveComparator
  177  0,10% 65,14%       544    2       544     2 300000 java.lang.Throwable[]
  178  0,10% 65,24%       544    2       544     2 300000 java.lang.Class[]
  179  0,10% 65,33%       544    2       544     2 300000 sun.misc.Launcher
  180  0,10% 65,43%       544    2       544     2 300000 sun.misc.Unsafe
  181  0,09% 65,52%       528    1       528     1 300000 java.lang.SystemClassLoaderAction
  182  0,09% 65,61%       528    1       528     1 300000 sun.misc.Launcher$AppClassLoader$1
  183  0,09% 65,71%       528    1       528     1 300000 java.security.Principal
  184  0,09% 65,80%       528    1       528     1 300000 sun.misc.JavaSecurityProtectionDomainAccess
  185  0,09% 65,89%       528    1       528     1 300000 sun.misc.JavaSecurityAccess
  186  0,09% 65,98%       528    1       528     1 300000 java.net.URL[]
  187  0,09% 66,08%       528    1       528     1 300000 java.net.URLStreamHandler
  188  0,09% 66,17%       528    1       528     1 300000 java.net.Parts
  189  0,09% 66,26%       528    1       528     1 300000 java.lang.CharacterData
  190  0,09% 66,36%       528    1       528     1 300000 sun.util.locale.LocaleUtils
  191  0,09% 66,45%       528    1       528     1 300000 java.util.concurrent.ConcurrentHashMap$EntrySetView
  192  0,09% 66,54%       528    1       528     1 300000 java.util.concurrent.ConcurrentHashMap$ValuesView
  193  0,09% 66,63%       528    1       528     1 300000 java.util.concurrent.ConcurrentHashMap$KeySetView
  194  0,09% 66,73%       528    1       528     1 300000 java.util.concurrent.ConcurrentHashMap$CollectionView
  195  0,09% 66,82%       528    1       528     1 300000 java.util.concurrent.ConcurrentHashMap$CounterCell[]
  196  0,09% 66,91%       528    1       528     1 300000 java.util.concurrent.ConcurrentHashMap$CounterCell
  197  0,09% 67,01%       528    1       528     1 300000 java.util.concurrent.ConcurrentHashMap$Segment[]
  198  0,09% 67,10%       528    1       528     1 300000 java.util.concurrent.locks.ReentrantLock[]
  199  0,09% 67,19%       528    1       528     1 300000 java.util.concurrent.locks.Lock[]
  200  0,09% 67,28%       528    1       528     1 300000 java.util.concurrent.ConcurrentHashMap$Segment
  201  0,09% 67,38%       528    1       528     1 300000 java.util.concurrent.locks.ReentrantLock
  202  0,09% 67,47%       528    1       528     1 300000 java.util.concurrent.locks.Lock
  203  0,09% 67,56%       528    1       528     1 300000 java.util.concurrent.ConcurrentMap
  204  0,09% 67,65%       528    1       528     1 300000 sun.util.locale.LocaleObjectCache
  205  0,09% 67,75%       528    1       528     1 300000 sun.net.www.ParseUtil
  206  0,09% 67,84%       528    1       528     1 300000 java.io.FileInputStream$1
  207  0,09% 67,93%       528    1       528     1 300000 java.util.HashMap$TreeNode
  208  0,09% 68,03%       528    1       528     1 300000 java.lang.reflect.Array
  209  0,09% 68,12%       528    1       528     1 300000 java.nio.charset.CoderResult$Cache
  210  0,09% 68,21%       528    1       528     1 300000 java.nio.HeapCharBuffer
  211  0,09% 68,30%       528    1       528     1 300000 java.nio.CharBuffer
  212  0,09% 68,40%       528    1       528     1 300000 sun.nio.cs.StreamDecoder
  213  0,09% 68,49%       528    1       528     1 300000 java.io.FileReader
  214  0,09% 68,58%       528    1       528     1 300000 java.io.InputStreamReader
  215  0,09% 68,68%       528    1       528     1 300000 java.io.BufferedReader
  216  0,09% 68,77%       528    1       528     1 300000 java.io.Reader
  217  0,09% 68,86%       528    1       528     1 300000 java.lang.Readable
  218  0,09% 68,95%       528    1       528     1 300000 sun.misc.Launcher$ExtClassLoader$1
  219  0,09% 69,05%       528    1       528     1 300000 java.io.File[]
  220  0,09% 69,14%       528    1       528     1 300000 java.util.StringTokenizer
  221  0,09% 69,23%       528    1       528     1 300000 sun.misc.JavaNetAccess
  222  0,09% 69,32%       528    1       528     1 300000 java.lang.ClassLoader$ParallelLoaders
  223  0,09% 69,42%       528    1       528     1 300000 sun.security.util.Debug
  224  0,09% 69,51%       528    1       528     1 300000 java.net.URLStreamHandlerFactory
  225  0,09% 69,60%       528    1       528     1 300000 java.lang.Compiler$1
  226  0,09% 69,70%       528    1       528     1 300000 java.lang.Compiler
  227  0,09% 69,79%       528    1       528     1 300000 java.lang.IllegalArgumentException
  228  0,09% 69,88%       528    1       528     1 300000 sun.misc.JavaLangAccess
  229  0,09% 69,97%       528    1       528     1 300000 sun.misc.OSEnvironment
  230  0,09% 70,07%       528    1       528     1 300000 java.lang.Number[]
  231  0,09% 70,16%       528    1       528     1 300000 java.lang.Integer$IntegerCache
  232  0,09% 70,25%       528    1       528     1 300000 sun.misc.SignalHandler
  233  0,09% 70,35%       528    1       528     1 300000 java.lang.Terminator
  234  0,09% 70,44%       528    1       528     1 300000 java.lang.Enum[]
  235  0,09% 70,53%       528    1       528     1 300000 java.lang.ClassLoader$3
  236  0,09% 70,62%       528    1       528     1 300000 java.nio.file.Path
  237  0,09% 70,72%       528    1       528     1 300000 java.nio.file.Watchable
  238  0,09% 70,81%       528    1       528     1 300000 java.lang.Enum
  239  0,09% 70,90%       528    1       528     1 300000 java.util.LinkedHashMap
  240  0,09% 70,99%       528    1       528     1 300000 java.io.FileSystem
  241  0,09% 71,09%       528    1       528     1 300000 java.io.DefaultFileSystem
  242  0,09% 71,18%       528    1       528     1 300000 sun.misc.JavaNioAccess
  243  0,09% 71,27%       528    1       528     1 300000 java.nio.Bits
  244  0,09% 71,37%       528    1       528     1 300000 java.nio.ByteBuffer
  245  0,09% 71,46%       528    1       528     1 300000 java.nio.charset.CharsetEncoder
  246  0,09% 71,55%       528    1       528     1 300000 sun.nio.cs.ArrayEncoder
  247  0,09% 71,64%       528    1       528     1 300000 sun.security.action.GetPropertyAction
  248  0,09% 71,74%       528    1       528     1 300000 java.io.Writer
  249  0,09% 71,83%       528    1       528     1 300000 java.io.FilterOutputStream
  250  0,09% 71,92%       528    1       528     1 300000 sun.reflect.misc.ReflectUtil
  251  0,09% 72,02%       528    1       528     1 300000 java.util.concurrent.atomic.AtomicReferenceFieldUpdater$AtomicReferenceFieldUpdaterImpl$1
  252  0,09% 72,11%       528    1       528     1 300000 java.security.PrivilegedExceptionAction
  253  0,09% 72,20%       528    1       528     1 300000 java.util.concurrent.atomic.AtomicReferenceFieldUpdater
  254  0,09% 72,29%       528    1       528     1 300000 java.io.FilterInputStream
  255  0,09% 72,39%       528    1       528     1 300000 java.io.OutputStream
  256  0,09% 72,48%       528    1       528     1 300000 java.io.Flushable
  257  0,09% 72,57%       528    1       528     1 300000 sun.misc.SharedSecrets
  258  0,09% 72,66%       528    1       528     1 300000 sun.misc.JavaIOFileDescriptorAccess
  259  0,09% 72,76%       528    1       528     1 300000 sun.misc.Version
  260  0,09% 72,85%       528    1       528     1 300000 java.util.Hashtable$Enumerator
  261  0,09% 72,94%       528    1       528     1 300000 java.util.Iterator
  262  0,09% 73,04%       528    1       528     1 300000 java.util.Enumeration
  263  0,09% 73,13%       528    1       528     1 300000 java.util.Objects
  264  0,09% 73,22%       528    1       528     1 300000 java.util.Collections$SynchronizedCollection
  265  0,09% 73,31%       528    1       528     1 300000 java.nio.charset.CharsetDecoder
  266  0,09% 73,41%       528    1       528     1 300000 sun.nio.cs.ArrayDecoder
  267  0,09% 73,50%       528    1       528     1 300000 java.lang.ref.WeakReference[]
  268  0,09% 73,59%       528    1       528     1 300000 java.lang.ref.Reference[]
  269  0,09% 73,69%       528    1       528     1 300000 java.lang.StringCoding
  270  0,09% 73,78%       528    1       528     1 300000 sun.reflect.DelegatingConstructorAccessorImpl
  271  0,09% 73,87%       528    1       528     1 300000 sun.reflect.NativeConstructorAccessorImpl
  272  0,09% 73,96%       528    1       528     1 300000 sun.reflect.ReflectionFactory$1
  273  0,09% 74,06%       528    1       528     1 300000 java.lang.Class$1
  274  0,09% 74,15%       528    1       528     1 300000 java.lang.reflect.Constructor[]
  275  0,09% 74,24%       528    1       528     1 300000 java.lang.reflect.Executable[]
  276  0,09% 74,33%       528    1       528     1 300000 sun.nio.cs.Unicode
  277  0,09% 74,43%       528    1       528     1 300000 sun.nio.cs.HistoricallyNamedCharset
  278  0,09% 74,52%       528    1       528     1 300000 java.util.Arrays
  279  0,09% 74,61%       528    1       528     1 300000 sun.reflect.LangReflectAccess
  280  0,09% 74,71%       528    1       528     1 300000 java.lang.reflect.Modifier
  281  0,09% 74,80%       528    1       528     1 300000 java.lang.ClassValue$ClassValueMap
  282  0,09% 74,89%       528    1       528     1 300000 sun.reflect.annotation.AnnotationType
  283  0,09% 74,98%       528    1       528     1 300000 java.lang.Class$AnnotationData
  284  0,09% 75,08%       528    1       528     1 300000 sun.reflect.generics.repository.ClassRepository
  285  0,09% 75,17%       528    1       528     1 300000 sun.reflect.generics.repository.GenericDeclRepository
  286  0,09% 75,26%       528    1       528     1 300000 sun.reflect.generics.repository.AbstractRepository
  287  0,09% 75,35%       528    1       528     1 300000 java.lang.reflect.Field[]
  288  0,09% 75,45%       528    1       528     1 300000 java.lang.reflect.Member[]
  289  0,09% 75,54%       528    1       528     1 300000 java.lang.reflect.AccessibleObject[]
  290  0,09% 75,63%       528    1       528     1 300000 java.lang.Class$Atomic
  291  0,09% 75,73%       528    1       528     1 300000 java.lang.Class$ReflectionData
  292  0,09% 75,82%       528    1       528     1 300000 java.lang.Class$3
  293  0,09% 75,91%       528    1       528     1 300000 sun.reflect.Reflection
  294  0,09% 76,00%       528    1       528     1 300000 java.util.Collections$UnmodifiableList
  295  0,09% 76,10%       528    1       528     1 300000 java.util.Collections$UnmodifiableCollection
  296  0,09% 76,19%       528    1       528     1 300000 java.util.AbstractSet
  297  0,09% 76,28%       528    1       528     1 300000 java.util.Set
  298  0,09% 76,38%       528    1       528     1 300000 java.util.Collections
  299  0,09% 76,47%       528    1       528     1 300000 java.lang.NoSuchMethodError
  300  0,09% 76,56%       528    1       528     1 300000 java.lang.IncompatibleClassChangeError
  301  0,09% 76,65%       528    1       528     1 300000 sun.util.PreHashedMap
  302  0,09% 76,75%       528    1       528     1 300000 java.util.AbstractMap
  303  0,09% 76,84%       528    1       528     1 300000 java.lang.CharSequence[]
  304  0,09% 76,93%       528    1       528     1 300000 sun.nio.cs.FastCharsetProvider
  305  0,09% 77,02%       528    1       528     1 300000 java.nio.charset.spi.CharsetProvider
  306  0,09% 77,12%       528    1       528     1 300000 java.nio.charset.Charset
  307  0,09% 77,21%       528    1       528     1 300000 java.lang.Math
  308  0,09% 77,30%       528    1       528     1 300000 java.util.Map$Entry[]
  309  0,09% 77,40%       528    1       528     1 300000 java.util.Map$Entry
  310  0,09% 77,49%       528    1       528     1 300000 sun.misc.VM
  311  0,09% 77,58%       528    1       528     1 300000 java.lang.Runnable[]
  312  0,09% 77,67%       528    1       528     1 300000 java.util.AbstractList
  313  0,09% 77,77%       528    1       528     1 300000 java.util.AbstractCollection
  314  0,09% 77,86%       528    1       528     1 300000 java.util.RandomAccess
  315  0,09% 77,95%       528    1       528     1 300000 java.util.List
  316  0,09% 78,05%       528    1       528     1 300000 java.util.Collection
  317  0,09% 78,14%       528    1       528     1 300000 java.lang.Iterable
  318  0,09% 78,23%       528    1       528     1 300000 java.security.cert.Certificate
  319  0,09% 78,32%       528    1       528     1 300000 sun.reflect.ReflectionFactory$GetReflectionFactoryAction
  320  0,09% 78,42%       528    1       528     1 300000 java.security.PrivilegedAction
  321  0,09% 78,51%       528    1       528     1 300000 java.security.AccessController
  322  0,09% 78,60%       528    1       528     1 300000 java.security.BasicPermission
  323  0,09% 78,69%       528    1       528     1 300000 java.security.Permission
  324  0,09% 78,79%       528    1       528     1 300000 java.security.Guard
  325  0,09% 78,88%       528    1       528     1 300000 java.lang.Thread$UncaughtExceptionHandler[]
  326  0,09% 78,97%       528    1       528     1 300000 com.sun.demo.jvmti.hprof.Tracker
  327  0,09% 79,07%       528    1       528     1 300000 java.util.Comparator
  328  0,09% 79,16%       528    1       528     1 300000 java.lang.Comparable[]
  329  0,09% 79,25%       528    1       528     1 300000 java.lang.VirtualMachineError[]
  330  0,09% 79,34%       528    1       528     1 300000 java.lang.Error[]
  331  0,09% 79,44%       528    1       528     1 300000 java.io.Serializable[]
  332  0,09% 79,53%       528    1       528     1 300000 java.lang.reflect.GenericDeclaration[]
  333  0,09% 79,62%       528    1       528     1 300000 java.lang.reflect.AnnotatedElement[]
  334  0,09% 79,72%       528    1       528     1 300000 java.lang.reflect.Type[]
  335  0,09% 79,81%       528    1       528     1 300000 java.lang.Long
  336  0,09% 79,90%       528    1       528     1 300000 java.lang.Short
  337  0,09% 79,99%       528    1       528     1 300000 java.lang.Byte
  338  0,09% 80,09%       528    1       528     1 300000 java.lang.Double
  339  0,09% 80,18%       528    1       528     1 300000 java.lang.Float
  340  0,09% 80,27%       528    1       528     1 300000 java.lang.Number
  341  0,09% 80,36%       528    1       528     1 300000 java.lang.Character
  342  0,09% 80,46%       528    1       528     1 300000 java.nio.Buffer
  343  0,09% 80,55%       528    1       528     1 300000 java.lang.StackTraceElement
  344  0,09% 80,64%       528    1       528     1 300000 java.util.jar.Manifest
  345  0,09% 80,74%       528    1       528     1 300000 java.net.URLClassLoader
  346  0,09% 80,83%       528    1       528     1 300000 java.io.ByteArrayInputStream
  347  0,09% 80,92%       528    1       528     1 300000 java.io.InputStream
  348  0,09% 81,01%       528    1       528     1 300000 java.io.Closeable
  349  0,09% 81,11%       528    1       528     1 300000 java.lang.AutoCloseable
  350  0,09% 81,20%       528    1       528     1 300000 java.lang.StringBuilder
  351  0,09% 81,29%       528    1       528     1 300000 java.lang.StringBuffer
  352  0,09% 81,39%       528    1       528     1 300000 java.lang.AbstractStringBuilder
  353  0,09% 81,48%       528    1       528     1 300000 java.lang.Appendable
  354  0,09% 81,57%       528    1       528     1 300000 java.lang.invoke.VolatileCallSite
  355  0,09% 81,66%       528    1       528     1 300000 java.lang.invoke.MutableCallSite
  356  0,09% 81,76%       528    1       528     1 300000 java.lang.invoke.ConstantCallSite
  357  0,09% 81,85%       528    1       528     1 300000 java.lang.invoke.CallSite
  358  0,09% 81,94%       528    1       528     1 300000 java.lang.BootstrapMethodError
  359  0,09% 82,03%       528    1       528     1 300000 java.lang.invoke.MethodType
  360  0,09% 82,13%       528    1       528     1 300000 java.lang.invoke.LambdaForm
  361  0,09% 82,22%       528    1       528     1 300000 java.lang.invoke.MethodHandleNatives
  362  0,09% 82,31%       528    1       528     1 300000 java.lang.invoke.MemberName
  363  0,09% 82,41%       528    1       528     1 300000 java.lang.invoke.DirectMethodHandle
  364  0,09% 82,50%       528    1       528     1 300000 java.lang.invoke.MethodHandle
  365  0,09% 82,59%       528    1       528     1 300000 sun.reflect.CallerSensitive
  366  0,09% 82,68%       528    1       528     1 300000 java.lang.annotation.Annotation
  367  0,09% 82,78%       528    1       528     1 300000 sun.reflect.UnsafeStaticFieldAccessorImpl
  368  0,09% 82,87%       528    1       528     1 300000 sun.reflect.UnsafeFieldAccessorImpl
  369  0,09% 82,96%       528    1       528     1 300000 sun.reflect.FieldAccessorImpl
  370  0,09% 83,06%       528    1       528     1 300000 sun.reflect.FieldAccessor
  371  0,09% 83,15%       528    1       528     1 300000 sun.reflect.ConstantPool
  372  0,09% 83,24%       528    1       528     1 300000 sun.reflect.DelegatingClassLoader
  373  0,09% 83,33%       528    1       528     1 300000 sun.reflect.ConstructorAccessorImpl
  374  0,09% 83,43%       528    1       528     1 300000 sun.reflect.ConstructorAccessor
  375  0,09% 83,52%       528    1       528     1 300000 sun.reflect.MethodAccessorImpl
  376  0,09% 83,61%       528    1       528     1 300000 sun.reflect.MethodAccessor
  377  0,09% 83,70%       528    1       528     1 300000 sun.reflect.MagicAccessorImpl
  378  0,09% 83,80%       528    1       528     1 300000 java.lang.reflect.Constructor
  379  0,09% 83,89%       528    1       528     1 300000 java.lang.reflect.Method
  380  0,09% 83,98%       528    1       528     1 300000 java.lang.reflect.Executable
  381  0,09% 84,08%       528    1       528     1 300000 java.lang.reflect.Parameter
  382  0,09% 84,17%       528    1       528     1 300000 java.lang.reflect.Field
  383  0,09% 84,26%       528    1       528     1 300000 java.lang.reflect.Member
  384  0,09% 84,35%       528    1       528     1 300000 java.lang.reflect.AccessibleObject
  385  0,09% 84,45%       528    1       528     1 300000 java.util.Dictionary
  386  0,09% 84,54%       528    1       528     1 300000 java.util.Map
  387  0,09% 84,63%       528    1       528     1 300000 java.lang.Thread$UncaughtExceptionHandler
  388  0,09% 84,72%       528    1       528     1 300000 java.lang.Runnable
  389  0,09% 84,82%       528    1       528     1 300000 sun.misc.Cleaner
  390  0,09% 84,91%       528    1       528     1 300000 java.lang.ref.PhantomReference
  391  0,09% 85,00%       528    1       528     1 300000 java.lang.ref.FinalReference
  392  0,09% 85,10%       528    1       528     1 300000 java.lang.ref.WeakReference
  393  0,09% 85,19%       528    1       528     1 300000 java.lang.ref.Reference
  394  0,09% 85,28%       528    1       528     1 300000 java.lang.IllegalMonitorStateException
  395  0,09% 85,37%       528    1       528     1 300000 java.lang.StackOverflowError
  396  0,09% 85,47%       528    1       528     1 300000 java.lang.ArrayStoreException
  397  0,09% 85,56%       528    1       528     1 300000 java.lang.ClassCastException
  398  0,09% 85,65%       528    1       528     1 300000 java.lang.NoClassDefFoundError
  399  0,09% 85,75%       528    1       528     1 300000 java.lang.LinkageError
  400  0,09% 85,84%       528    1       528     1 300000 java.lang.ClassNotFoundException
  401  0,09% 85,93%       528    1       528     1 300000 java.lang.ReflectiveOperationException
  402  0,09% 86,02%       528    1       528     1 300000 java.security.SecureClassLoader
  403  0,09% 86,12%       528    1       528     1 300000 java.lang.SecurityManager
  404  0,09% 86,21%       528    1       528     1 300000 java.lang.RuntimeException
  405  0,09% 86,30%       528    1       528     1 300000 java.lang.Exception
  406  0,09% 86,39%       528    1       528     1 300000 java.lang.ThreadDeath
  407  0,09% 86,49%       528    1       528     1 300000 java.lang.Error
  408  0,09% 86,58%       528    1       528     1 300000 java.lang.Throwable
  409  0,09% 86,67%       528    1       528     1 300000 java.lang.System
  410  0,09% 86,77%       528    1       528     1 300000 java.lang.ClassLoader
  411  0,09% 86,86%       528    1       528     1 300000 java.lang.Cloneable
  412  0,09% 86,95%       528    1       528     1 300000 java.lang.reflect.Type
  413  0,09% 87,04%       528    1       528     1 300000 java.lang.reflect.GenericDeclaration
  414  0,09% 87,14%       528    1       528     1 300000 java.lang.reflect.AnnotatedElement
  415  0,09% 87,23%       528    1       528     1 300000 java.lang.CharSequence
  416  0,09% 87,32%       528    1       528     1 300000 java.lang.Comparable
  417  0,09% 87,42%       528    1       528     1 300000 java.io.Serializable
  418  0,09% 87,51%       528    1       528     1 300000 short[]
  419  0,09% 87,60%       528    1       528     1 300000 double[]
  420  0,09% 87,69%       528    1       528     1 300000 float[]
  421  0,09% 87,79%       528    1       528     1 300000 boolean[]
  422  0,09% 87,88%       528    1       528     1 300004 java.lang.invoke.MethodHandleImpl
  423  0,09% 87,97%       528    1       528     1 300007 java.lang.invoke.MethodHandleImpl$1
  424  0,09% 88,06%       528    1       528     1 300015 java.util.function.Function
  425  0,09% 88,16%       528    1       528     1 300015 java.lang.invoke.MethodHandleImpl$2
  426  0,09% 88,25%       528    1       528     1 300017 java.lang.invoke.MethodHandleImpl$3
  427  0,09% 88,34%       528    1       528     1 300022 java.lang.ClassValue
  428  0,09% 88,44%       528    1       528     1 300022 java.lang.invoke.MethodHandleImpl$4
  429  0,09% 88,53%       528    1       528     1 300023 java.lang.ClassValue$Entry
  430  0,09% 88,62%       528    1       528     1 300028 java.lang.ClassValue$Identity
  431  0,09% 88,71%       528    1       528     1 300030 java.lang.ClassValue$Version
  432  0,09% 88,81%       528    1       528     1 300034 java.lang.invoke.MemberName$Factory
  433  0,09% 88,90%       528    1       528     1 300036 java.lang.invoke.MethodHandleStatics
  434  0,09% 88,99%       528    1       528     1 300038 java.lang.invoke.MethodHandleStatics$1
  435  0,09% 89,09%       528    1       528     1 300000 sun.launcher.LauncherHelper
  436  0,09% 89,18%       528    1       528     1 300053 java.net.URLClassLoader$1
  437  0,09% 89,27%       528    1       528     1 300057 sun.net.util.URLUtil
  438  0,09% 89,36%       528    1       528     1 300062 sun.misc.URLClassPath$3
  439  0,09% 89,46%       528    1       528     1 300064 sun.misc.URLClassPath$Loader
  440  0,09% 89,55%       528    1       528     1 300064 sun.misc.URLClassPath$JarLoader
  441  0,09% 89,64%       528    1       528     1 300065 java.util.zip.ZipConstants
  442  0,09% 89,73%       528    1       528     1 300065 java.util.zip.ZipFile
  443  0,09% 89,83%       528    1       528     1 300066 sun.misc.JavaUtilZipFileAccess
  444  0,09% 89,92%       528    1       528     1 300066 java.util.zip.ZipFile$1
  445  0,09% 90,01%       528    1       528     1 300098 sun.misc.URLClassPath$FileLoader
  446  0,09% 90,11%       528    1       528     1 300133 sun.launcher.LauncherHelper$ResourceBundleHolder
  447  0,09% 90,20%       528    1       528     1 300134 java.util.ResourceBundle
  448  0,09% 90,29%       528    1       528     1 300135 java.util.ResourceBundle$1
  449  0,09% 90,38%       528    1       528     1 300140 java.util.spi.ResourceBundleControlProvider
  450  0,09% 90,48%       528    1       528     1 300141 java.util.ServiceLoader
  451  0,09% 90,57%       528    1       528     1 300144 java.util.ServiceLoader$LazyIterator
  452  0,09% 90,66%       528    1       528     1 300146 java.util.ServiceLoader$1
  453  0,09% 90,76%       528    1       528     1 300148 java.util.LinkedHashMap$LinkedEntrySet
  454  0,09% 90,85%       528    1       528     1 300150 java.util.LinkedHashMap$LinkedHashIterator
  455  0,09% 90,94%       528    1       528     1 300150 java.util.LinkedHashMap$LinkedEntryIterator
  456  0,09% 91,03%       528    1       528     1 300157 sun.misc.Launcher$BootClassPathHolder
  457  0,09% 91,13%       528    1       528     1 300158 sun.misc.Launcher$BootClassPathHolder$1
  458  0,09% 91,22%       528    1       528     1 300237 sun.misc.URLClassPath$2
  459  0,09% 91,31%       528    1       528     1 300239 java.lang.ClassLoader$2
  460  0,09% 91,40%       528    1       528     1 300241 sun.misc.URLClassPath$1
  461  0,09% 91,50%       528    1       528     1 300243 java.net.URLClassLoader$3
  462  0,09% 91,59%       528    1       528     1 300245 sun.misc.CompoundEnumeration
  463  0,09% 91,68%       528    1       528     1 300247 sun.misc.URLClassPath$JarLoader$1
  464  0,09% 91,78%       528    1       528     1 300249 sun.misc.FileURLMapper
  465  0,09% 91,87%       528    1       528     1 300252 java.io.IOException
  466  0,09% 91,96%       528    1       528     1 300252 java.io.FileNotFoundException
  467  0,09% 92,05%       528    1       528     1 300254 java.security.PrivilegedActionException
  468  0,09% 92,15%       528    1       528     1 300256 java.net.URLClassLoader$3$1
  469  0,09% 92,24%       528    1       528     1 300258 java.util.ResourceBundle$RBClassLoader
  470  0,09% 92,33%       528    1       528     1 300259 java.util.ResourceBundle$RBClassLoader$1
  471  0,09% 92,43%       528    1       528     1 300273 java.util.ResourceBundle$Control
  472  0,09% 92,52%       528    1       528     1 300275 java.util.Arrays$ArrayList
  473  0,09% 92,61%       528    1       528     1 300281 java.util.ResourceBundle$Control$CandidateListCache
  474  0,09% 92,70%       528    1       528     1 300286 java.util.ResourceBundle$CacheKey
  475  0,09% 92,80%       528    1       528     1 300288 java.util.ResourceBundle$CacheKeyReference
  476  0,09% 92,89%       528    1       528     1 300288 java.util.ResourceBundle$LoaderReference
  477  0,09% 92,98%       528    1       528     1 300290 java.util.Queue
  478  0,09% 93,07%       528    1       528     1 300290 java.util.Deque
  479  0,09% 93,17%       528    1       528     1 300290 java.util.AbstractSequentialList
  480  0,09% 93,26%       528    1       528     1 300290 java.util.LinkedList
  481  0,09% 93,35%       528    1       528     1 300298 java.util.LinkedList$Node
  482  0,09% 93,45%       528    1       528     1 300308 java.util.ListResourceBundle
  483  0,09% 93,54%       528    1       528     1 300308 sun.launcher.resources.launcher
  484  0,09% 93,63%       528    1       528     1 300316 java.util.ResourceBundle$BundleReference
  485  0,09% 93,72%       528    1       528     1 300308 sun.launcher.resources.launcher_fr
  486  0,09% 93,82%       528    1       528     1 300334 java.util.ResourceBundle$Control$1
  487  0,09% 93,91%       528    1       528     1 300336 java.net.URLClassLoader$2
  488  0,09% 94,00%       528    1       528     1 300367 java.text.Format
  489  0,09% 94,09%       528    1       528     1 300367 java.text.MessageFormat
  490  0,09% 94,19%       528    1       528     1 300376 java.util.Locale$Category
  491  0,09% 94,28%       528    1       528     1 300380 java.util.Locale$1
  492  0,09% 94,37%       528    1       528     1 300398 java.text.FieldPosition
  493  0,09% 94,47%       528    1       528     1 300400 java.util.Date
  494  0,09% 94,56%       528    1       528     1 300401 java.text.AttributedCharacterIterator$Attribute
  495  0,09% 94,65%       528    1       528     1 300401 java.text.Format$Field
  496  0,09% 94,74%       528    1       528     1 300401 java.text.MessageFormat$Field
  497  0,09% 94,84%       528    1       528     1 300412 java.lang.Shutdown
  498  0,09% 94,93%       528    1       528     1 300414 java.lang.Shutdown$Lock
  499  0,09% 95,02%       528    1       528     1 300000 java.lang.AbstractStringBuilder[]
  500  0,09% 95,12%       528    1       528     1 300000 java.lang.Appendable[]
  501  0,09% 95,21%       528    1       528     1 300000 java.lang.Cloneable[]
  502  0,09% 95,30%       512   16       512    16 300087 java.io.File
  503  0,09% 95,39%       512    8       512     8 300213 java.net.URL
  504  0,08% 95,47%       480   10       480    10 300128 char[]
  505  0,07% 95,54%       408   17       408    17 300058 java.lang.StringBuilder
  506  0,07% 95,62%       408   17       408    17 300060 java.lang.String
  507  0,07% 95,69%       408   17       408    17 300063 sun.misc.URLClassPath$3
  508  0,07% 95,75%       384   16       384    16 300068 java.lang.StringBuilder
  509  0,07% 95,82%       384   16       384    16 300078 java.lang.StringBuffer
  510  0,07% 95,89%       384   16       384    16 300081 java.lang.String
  511  0,07% 95,96%       384   16       384    16 300082 java.lang.String
  512  0,07% 96,02%       384   16       384    16 300085 java.net.Parts
  513  0,06% 96,09%       352   11       352    11 300095 java.util.HashMap$Node
  514  0,06% 96,15%       336    2       336     2 300121 char[]
  515  0,06% 96,20%       336    3       336     3 300321 char[]
  516  0,05% 96,26%       304    4       304     4 300055 char[]
  517  0,05% 96,31%       288    6       288     6 300116 char[]
  518  0,05% 96,36%       288    3       288     3 300120 char[]
  519  0,05% 96,41%       288    6       288     6 300218 char[]
  520  0,05% 96,46%       288    6       288     6 300222 char[]
  521  0,05% 96,51%       280    3       280     3 300323 char[]
  522  0,05% 96,56%       272    1       272     1 300318 java.util.concurrent.ConcurrentHashMap$Node[]
  523  0,05% 96,60%       264    3       264     3 300124 char[]
  524  0,04% 96,65%       256    8       256     8 300171 java.io.File
  525  0,04% 96,69%       256    8       256     8 300208 java.io.File
  526  0,04% 96,74%       240    3       240     3 300093 java.util.HashMap$Node[]
  527  0,04% 96,78%       240   10       240    10 300107 java.lang.String
  528  0,04% 96,82%       240    6       240     6 300112 java.util.LinkedHashMap$Entry
  529  0,04% 96,86%       240   10       240    10 300127 java.lang.StringBuilder
  530  0,04% 96,90%       240   10       240    10 300130 java.lang.String
  531  0,04% 96,95%       240    6       240     6 300196 char[]
  532  0,04% 96,99%       240    6       240     6 300255 java.security.PrivilegedActionException
  533  0,04% 97,03%       240    1       240     1 300340 char[]
  534  0,04% 97,07%       224    7       224     7 300163 java.io.File
  535  0,04% 97,11%       216    4       216     4 300003 char[]
  536  0,04% 97,15%       216    1       216     1 300178 byte[]
  537  0,04% 97,18%       216    6       216     6 300216 char[]
  538  0,04% 97,22%       200    5       200     5 300206 java.util.LinkedHashMap$Entry
  539  0,03% 97,25%       192    6       192     6 300051 java.util.concurrent.ConcurrentHashMap$Node
  540  0,03% 97,29%       192    8       192     8 300169 java.lang.String
  541  0,03% 97,32%       192    4       192     4 300191 java.nio.HeapCharBuffer
  542  0,03% 97,35%       192    8       192     8 300211 java.lang.String
  543  0,03% 97,39%       192    8       192     8 300214 java.net.Parts
  544  0,03% 97,42%       192    6       192     6 300307 java.util.ResourceBundle$LoaderReference
  545  0,03% 97,46%       192    2       192     2 300326 char[]
  546  0,03% 97,49%       168    7       168     7 300161 java.lang.String
  547  0,03% 97,51%       168    2       168     2 300393 char[]
  548  0,03% 97,54%       168    3       168     3 300000 java.util.ResourceBundle$CacheKey
  549  0,03% 97,57%       160    2       160     2 300050 java.util.concurrent.ConcurrentHashMap$Node[]
  550  0,03% 97,60%       160    4       160     4 300096 java.lang.ClassNotFoundException
  551  0,03% 97,63%       160    2       160     2 300311 java.lang.reflect.Constructor
  552  0,03% 97,66%       160    1       160     1 300410 char[]
  553  0,03% 97,68%       152    2       152     2 300122 char[]
  554  0,03% 97,71%       144    3       144     3 300073 char[]
  555  0,03% 97,73%       144    6       144     6 300115 java.lang.StringBuilder
  556  0,03% 97,76%       144    6       144     6 300117 java.lang.String
  557  0,03% 97,78%       144    1       144     1 300155 char[]
  558  0,03% 97,81%       144    1       144     1 300187 java.util.HashMap$Node[]
  559  0,03% 97,84%       144    6       144     6 300195 java.lang.String
  560  0,03% 97,86%       144    1       144     1 300203 java.util.HashMap$Node[]
  561  0,03% 97,89%       144    6       144     6 300215 java.lang.String
  562  0,03% 97,91%       144    6       144     6 300217 java.lang.StringBuilder
  563  0,03% 97,94%       144    6       144     6 300219 java.lang.String
  564  0,03% 97,96%       144    6       144     6 300221 java.lang.StringBuilder
  565  0,03% 97,99%       144    6       144     6 300223 java.lang.String
  566  0,03% 98,01%       144    6       144     6 300225 java.io.ExpiringCache$Entry
  567  0,03% 98,04%       144    1       144     1 300303 java.util.concurrent.ConcurrentHashMap$Node[]
  568  0,03% 98,06%       144    3       144     3 300317 java.util.ResourceBundle$BundleReference
  569  0,03% 98,09%       144    1       144     1 300366 java.util.HashMap$Node[]
  570  0,03% 98,11%       144    1       144     1 300395 char[]
  571  0,02% 98,14%       136    1       136     1 300165 char[]
  572  0,02% 98,16%       128    2       128     2 300114 java.net.URL
  573  0,02% 98,18%       128    2       128     2 300125 java.net.URL
  574  0,02% 98,20%       128    4       128     4 300197 java.io.File
  575  0,02% 98,23%       120    3       120     3 300041 java.lang.ref.SoftReference
  576  0,02% 98,25%       120    3       120     3 300292 sun.util.locale.BaseLocale$Key
  577  0,02% 98,27%       120    3       120     3 300293 java.lang.ref.SoftReference
  578  0,02% 98,29%       120    3       120     3 300294 java.lang.ref.SoftReference
  579  0,02% 98,31%       120    3       120     3 300295 java.lang.ref.SoftReference
  580  0,02% 98,33%       120    3       120     3 300296 java.lang.ref.SoftReference
  581  0,02% 98,35%       112    2       112     2 300310 java.lang.Class$ReflectionData
  582  0,02% 98,37%       112    1       112     1 300329 char[]
  583  0,02% 98,39%       112    1       112     1 300333 char[]
  584  0,02% 98,41%       112    1       112     1 300341 char[]
  585  0,02% 98,43%       104    1       104     1 300013 char[]
  586  0,02% 98,45%        96    4        96     4 300056 java.lang.String
  587  0,02% 98,46%        96    1        96     1 300102 char[]
  588  0,02% 98,48%        96    1        96     1 300104 char[]
  589  0,02% 98,50%        96    1        96     1 300105 char[]
  590  0,02% 98,51%        96    4        96     4 300110 java.lang.String
  591  0,02% 98,53%        96    4        96     4 300111 java.io.ExpiringCache$Entry
  592  0,02% 98,55%        96    3        96     3 300189 java.io.File
  593  0,02% 98,56%        96    4        96     4 300198 sun.misc.MetaIndex
  594  0,02% 98,58%        96    3        96     3 300251 java.io.File
  595  0,02% 98,60%        96    3        96     3 300253 java.io.FileNotFoundException
  596  0,02% 98,61%        96    3        96     3 300319 java.util.concurrent.ConcurrentHashMap$Node
  597  0,02% 98,63%        96    1        96     1 300330 char[]
  598  0,01% 98,64%        80    1        80     1 300172 java.util.HashMap$Node[]
  599  0,01% 98,66%        80    1        80     1 300235 char[]
  600  0,01% 98,67%        72    1        72     1 300042 java.lang.reflect.Field
  601  0,01% 98,68%        72    3        72     3 300072 java.lang.StringBuilder
  602  0,01% 98,70%        72    3        72     3 300074 java.lang.String
  603  0,01% 98,71%        72    3        72     3 300075 char[]
  604  0,01% 98,72%        72    3        72     3 300119 java.lang.String
  605  0,01% 98,73%        72    3        72     3 300188 java.lang.String
  606  0,01% 98,75%        72    3        72     3 300250 sun.misc.FileURLMapper
  607  0,01% 98,76%        72    1        72     1 300261 java.util.ResourceBundle$RBClassLoader
  608  0,01% 98,77%        72    3        72     3 300276 java.util.Arrays$ArrayList
  609  0,01% 98,79%        72    3        72     3 300277 java.util.Collections$UnmodifiableRandomAccessList
  610  0,01% 98,80%        72    3        72     3 300297 java.util.Locale$LocaleKey
  611  0,01% 98,81%        72    3        72     3 300320 java.lang.StringBuilder
  612  0,01% 98,82%        72    3        72     3 300322 java.lang.String
  613  0,01% 98,83%        64    4        64     4 300002 java.lang.Object
  614  0,01% 98,85%        64    4        64     4 300049 java.lang.Object
  615  0,01% 98,86%        64    4        64     4 300052 java.lang.Object
  616  0,01% 98,87%        64    2        64     2 300126 java.io.File
  617  0,01% 98,88%        64    1        64     1 300137 java.util.concurrent.ConcurrentHashMap
  618  0,01% 98,89%        64    2        64     2 300173 java.io.File
  619  0,01% 98,90%        64    4        64     4 300199 java.lang.String[]
  620  0,01% 98,91%        64    2        64     2 300228 java.util.Vector
  621  0,01% 98,92%        64    1        64     1 300270 java.util.Hashtable$Entry[]
  622  0,01% 98,94%        64    1        64     1 300285 java.util.concurrent.ConcurrentHashMap
  623  0,01% 98,95%        64    2        64     2 300324 java.util.concurrent.ConcurrentHashMap$Node
  624  0,01% 98,96%        64    1        64     1 300339 java.net.URL
  625  0,01% 98,97%        64    1        64     1 300343 java.net.URL
SITES END
